2026-08-15 20:09:38.089 ERROR [nioEventLoopGroup-3-5][:] - =====in exceptionCaught, session id = [id: 0x5e79fb76, L:/94.250.249.128:9101 - R:/85.217.149.43:44616], exceptionCaughtio.netty.handler.codec.TooLongFrameException: Adjusted frame length exceeds 16777216: 808464436 - discarded
io.netty.handler.codec.TooLongFrameException: Adjusted frame length exceeds 16777216: 808464436 - discarded
	at io.netty.handler.codec.LengthFieldBasedFrameDecoder.fail(LengthFieldBasedFrameDecoder.java:498) ~[netty-all-4.1.11.Final.jar:4.1.11.Final]
	at io.netty.handler.codec.LengthFieldBasedFrameDecoder.failIfNecessary(LengthFieldBasedFrameDecoder.java:476) ~[netty-all-4.1.11.Final.jar:4.1.11.Final]
	at io.netty.handler.codec.LengthFieldBasedFrameDecoder.decode(LengthFieldBasedFrameDecoder.java:403) ~[netty-all-4.1.11.Final.jar:4.1.11.Final]
	at io.netty.handler.codec.LengthFieldBasedFrameDecoder.decode(LengthFieldBasedFrameDecoder.java:343) ~[netty-all-4.1.11.Final.jar:4.1.11.Final]
	at io.netty.handler.codec.ByteToMessageDecoder.decodeRemovalReentryProtection(ByteToMessageDecoder.java:489) ~[netty-all-4.1.11.Final.jar:4.1.11.Final]
	at io.netty.handler.codec.ByteToMessageDecoder.callDecode(ByteToMessageDecoder.java:428) ~[netty-all-4.1.11.Final.jar:4.1.11.Final]
	at io.netty.handler.codec.ByteToMessageDecoder.channelRead(ByteToMessageDecoder.java:265) ~[netty-all-4.1.11.Final.jar:4.1.11.Final]
	at io.netty.channel.AbstractChannelHandlerContext.invokeChannelRead(AbstractChannelHandlerContext.java:362) [netty-all-4.1.11.Final.jar:4.1.11.Final]
	at io.netty.channel.AbstractChannelHandlerContext.invokeChannelRead(AbstractChannelHandlerContext.java:348) [netty-all-4.1.11.Final.jar:4.1.11.Final]
	at io.netty.channel.AbstractChannelHandlerContext.fireChannelRead(AbstractChannelHandlerContext.java:340) [netty-all-4.1.11.Final.jar:4.1.11.Final]
	at io.netty.channel.DefaultChannelPipeline$HeadContext.channelRead(DefaultChannelPipeline.java:1334) [netty-all-4.1.11.Final.jar:4.1.11.Final]
	at io.netty.channel.AbstractChannelHandlerContext.invokeChannelRead(AbstractChannelHandlerContext.java:362) [netty-all-4.1.11.Final.jar:4.1.11.Final]
	at io.netty.channel.AbstractChannelHandlerContext.invokeChannelRead(AbstractChannelHandlerContext.java:348) [netty-all-4.1.11.Final.jar:4.1.11.Final]
	at io.netty.channel.DefaultChannelPipeline.fireChannelRead(DefaultChannelPipeline.java:926) [netty-all-4.1.11.Final.jar:4.1.11.Final]
	at io.netty.channel.nio.AbstractNioByteChannel$NioByteUnsafe.read(AbstractNioByteChannel.java:134) [netty-all-4.1.11.Final.jar:4.1.11.Final]
	at io.netty.channel.nio.NioEventLoop.processSelectedKey(NioEventLoop.java:644) [netty-all-4.1.11.Final.jar:4.1.11.Final]
	at io.netty.channel.nio.NioEventLoop.processSelectedKeysOptimized(NioEventLoop.java:579) [netty-all-4.1.11.Final.jar:4.1.11.Final]
	at io.netty.channel.nio.NioEventLoop.processSelectedKeys(NioEventLoop.java:496) [netty-all-4.1.11.Final.jar:4.1.11.Final]
	at io.netty.channel.nio.NioEventLoop.run(NioEventLoop.java:458) [netty-all-4.1.11.Final.jar:4.1.11.Final]
	at io.netty.util.concurrent.SingleThreadEventExecutor$5.run(SingleThreadEventExecutor.java:858) [netty-all-4.1.11.Final.jar:4.1.11.Final]
	at io.netty.util.concurrent.DefaultThreadFactory$DefaultRunnableDecorator.run(DefaultThreadFactory.java:138) [netty-all-4.1.11.Final.jar:4.1.11.Final]
	at java.lang.Thread.run(Thread.java:750) [?:1.8.0_492]
2026-08-15 20:39:12.901 ERROR [nioEventLoopGroup-3-6][:] - =====in exceptionCaught, session id = [id: 0xe424f6d5, L:/94.250.249.128:9101 - R:/172.104.210.105:40250], exceptionCaughtjava.io.IOException: Connection reset by peer
java.io.IOException: Connection reset by peer
	at sun.nio.ch.FileDispatcherImpl.read0(Native Method) ~[?:1.8.0_492]
	at sun.nio.ch.SocketDispatcher.read(SocketDispatcher.java:39) ~[?:1.8.0_492]
	at sun.nio.ch.IOUtil.readIntoNativeBuffer(IOUtil.java:223) ~[?:1.8.0_492]
	at sun.nio.ch.IOUtil.read(IOUtil.java:192) ~[?:1.8.0_492]
	at sun.nio.ch.SocketChannelImpl.read(SocketChannelImpl.java:379) ~[?:1.8.0_492]
	at io.netty.buffer.PooledUnsafeDirectByteBuf.setBytes(PooledUnsafeDirectByteBuf.java:288) ~[netty-all-4.1.11.Final.jar:4.1.11.Final]
	at io.netty.buffer.AbstractByteBuf.writeBytes(AbstractByteBuf.java:1100) ~[netty-all-4.1.11.Final.jar:4.1.11.Final]
	at io.netty.channel.socket.nio.NioSocketChannel.doReadBytes(NioSocketChannel.java:372) ~[netty-all-4.1.11.Final.jar:4.1.11.Final]
	at io.netty.channel.nio.AbstractNioByteChannel$NioByteUnsafe.read(AbstractNioByteChannel.java:123) [netty-all-4.1.11.Final.jar:4.1.11.Final]
	at io.netty.channel.nio.NioEventLoop.processSelectedKey(NioEventLoop.java:644) [netty-all-4.1.11.Final.jar:4.1.11.Final]
	at io.netty.channel.nio.NioEventLoop.processSelectedKeysOptimized(NioEventLoop.java:579) [netty-all-4.1.11.Final.jar:4.1.11.Final]
	at io.netty.channel.nio.NioEventLoop.processSelectedKeys(NioEventLoop.java:496) [netty-all-4.1.11.Final.jar:4.1.11.Final]
	at io.netty.channel.nio.NioEventLoop.run(NioEventLoop.java:458) [netty-all-4.1.11.Final.jar:4.1.11.Final]
	at io.netty.util.concurrent.SingleThreadEventExecutor$5.run(SingleThreadEventExecutor.java:858) [netty-all-4.1.11.Final.jar:4.1.11.Final]
	at io.netty.util.concurrent.DefaultThreadFactory$DefaultRunnableDecorator.run(DefaultThreadFactory.java:138) [netty-all-4.1.11.Final.jar:4.1.11.Final]
	at java.lang.Thread.run(Thread.java:750) [?:1.8.0_492]
2026-08-15 20:39:22.861 ERROR [nioEventLoopGroup-3-7][:] - =====in exceptionCaught, session id = [id: 0x8cd185df, L:/94.250.249.128:9101 - R:/172.104.210.105:40251], exceptionCaughtio.netty.handler.codec.TooLongFrameException: Adjusted frame length exceeds 16777216: 1195725860 - discarded
io.netty.handler.codec.TooLongFrameException: Adjusted frame length exceeds 16777216: 1195725860 - discarded
	at io.netty.handler.codec.LengthFieldBasedFrameDecoder.fail(LengthFieldBasedFrameDecoder.java:498) ~[netty-all-4.1.11.Final.jar:4.1.11.Final]
	at io.netty.handler.codec.LengthFieldBasedFrameDecoder.failIfNecessary(LengthFieldBasedFrameDecoder.java:476) ~[netty-all-4.1.11.Final.jar:4.1.11.Final]
	at io.netty.handler.codec.LengthFieldBasedFrameDecoder.decode(LengthFieldBasedFrameDecoder.java:403) ~[netty-all-4.1.11.Final.jar:4.1.11.Final]
	at io.netty.handler.codec.LengthFieldBasedFrameDecoder.decode(LengthFieldBasedFrameDecoder.java:343) ~[netty-all-4.1.11.Final.jar:4.1.11.Final]
	at io.netty.handler.codec.ByteToMessageDecoder.decodeRemovalReentryProtection(ByteToMessageDecoder.java:489) ~[netty-all-4.1.11.Final.jar:4.1.11.Final]
	at io.netty.handler.codec.ByteToMessageDecoder.callDecode(ByteToMessageDecoder.java:428) ~[netty-all-4.1.11.Final.jar:4.1.11.Final]
	at io.netty.handler.codec.ByteToMessageDecoder.channelRead(ByteToMessageDecoder.java:265) ~[netty-all-4.1.11.Final.jar:4.1.11.Final]
	at io.netty.channel.AbstractChannelHandlerContext.invokeChannelRead(AbstractChannelHandlerContext.java:362) [netty-all-4.1.11.Final.jar:4.1.11.Final]
	at io.netty.channel.AbstractChannelHandlerContext.invokeChannelRead(AbstractChannelHandlerContext.java:348) [netty-all-4.1.11.Final.jar:4.1.11.Final]
	at io.netty.channel.AbstractChannelHandlerContext.fireChannelRead(AbstractChannelHandlerContext.java:340) [netty-all-4.1.11.Final.jar:4.1.11.Final]
	at io.netty.channel.DefaultChannelPipeline$HeadContext.channelRead(DefaultChannelPipeline.java:1334) [netty-all-4.1.11.Final.jar:4.1.11.Final]
	at io.netty.channel.AbstractChannelHandlerContext.invokeChannelRead(AbstractChannelHandlerContext.java:362) [netty-all-4.1.11.Final.jar:4.1.11.Final]
	at io.netty.channel.AbstractChannelHandlerContext.invokeChannelRead(AbstractChannelHandlerContext.java:348) [netty-all-4.1.11.Final.jar:4.1.11.Final]
	at io.netty.channel.DefaultChannelPipeline.fireChannelRead(DefaultChannelPipeline.java:926) [netty-all-4.1.11.Final.jar:4.1.11.Final]
	at io.netty.channel.nio.AbstractNioByteChannel$NioByteUnsafe.read(AbstractNioByteChannel.java:134) [netty-all-4.1.11.Final.jar:4.1.11.Final]
	at io.netty.channel.nio.NioEventLoop.processSelectedKey(NioEventLoop.java:644) [netty-all-4.1.11.Final.jar:4.1.11.Final]
	at io.netty.channel.nio.NioEventLoop.processSelectedKeysOptimized(NioEventLoop.java:579) [netty-all-4.1.11.Final.jar:4.1.11.Final]
	at io.netty.channel.nio.NioEventLoop.processSelectedKeys(NioEventLoop.java:496) [netty-all-4.1.11.Final.jar:4.1.11.Final]
	at io.netty.channel.nio.NioEventLoop.run(NioEventLoop.java:458) [netty-all-4.1.11.Final.jar:4.1.11.Final]
	at io.netty.util.concurrent.SingleThreadEventExecutor$5.run(SingleThreadEventExecutor.java:858) [netty-all-4.1.11.Final.jar:4.1.11.Final]
	at io.netty.util.concurrent.DefaultThreadFactory$DefaultRunnableDecorator.run(DefaultThreadFactory.java:138) [netty-all-4.1.11.Final.jar:4.1.11.Final]
	at java.lang.Thread.run(Thread.java:750) [?:1.8.0_492]
2026-08-15 20:39:40.928 ERROR [nioEventLoopGroup-3-7][:] - =====in exceptionCaught, session id = [id: 0x8cd185df, L:/94.250.249.128:9101 - R:/172.104.210.105:40251], exceptionCaughtjava.io.IOException: Connection reset by peer
java.io.IOException: Connection reset by peer
	at sun.nio.ch.FileDispatcherImpl.read0(Native Method) ~[?:1.8.0_492]
	at sun.nio.ch.SocketDispatcher.read(SocketDispatcher.java:39) ~[?:1.8.0_492]
	at sun.nio.ch.IOUtil.readIntoNativeBuffer(IOUtil.java:223) ~[?:1.8.0_492]
	at sun.nio.ch.IOUtil.read(IOUtil.java:192) ~[?:1.8.0_492]
	at sun.nio.ch.SocketChannelImpl.read(SocketChannelImpl.java:379) ~[?:1.8.0_492]
	at io.netty.buffer.PooledUnsafeDirectByteBuf.setBytes(PooledUnsafeDirectByteBuf.java:288) ~[netty-all-4.1.11.Final.jar:4.1.11.Final]
	at io.netty.buffer.AbstractByteBuf.writeBytes(AbstractByteBuf.java:1100) ~[netty-all-4.1.11.Final.jar:4.1.11.Final]
	at io.netty.channel.socket.nio.NioSocketChannel.doReadBytes(NioSocketChannel.java:372) ~[netty-all-4.1.11.Final.jar:4.1.11.Final]
	at io.netty.channel.nio.AbstractNioByteChannel$NioByteUnsafe.read(AbstractNioByteChannel.java:123) [netty-all-4.1.11.Final.jar:4.1.11.Final]
	at io.netty.channel.nio.NioEventLoop.processSelectedKey(NioEventLoop.java:644) [netty-all-4.1.11.Final.jar:4.1.11.Final]
	at io.netty.channel.nio.NioEventLoop.processSelectedKeysOptimized(NioEventLoop.java:579) [netty-all-4.1.11.Final.jar:4.1.11.Final]
	at io.netty.channel.nio.NioEventLoop.processSelectedKeys(NioEventLoop.java:496) [netty-all-4.1.11.Final.jar:4.1.11.Final]
	at io.netty.channel.nio.NioEventLoop.run(NioEventLoop.java:458) [netty-all-4.1.11.Final.jar:4.1.11.Final]
	at io.netty.util.concurrent.SingleThreadEventExecutor$5.run(SingleThreadEventExecutor.java:858) [netty-all-4.1.11.Final.jar:4.1.11.Final]
	at io.netty.util.concurrent.DefaultThreadFactory$DefaultRunnableDecorator.run(DefaultThreadFactory.java:138) [netty-all-4.1.11.Final.jar:4.1.11.Final]
	at java.lang.Thread.run(Thread.java:750) [?:1.8.0_492]
2026-08-15 20:39:47.323 ERROR [nioEventLoopGroup-3-8][:] - =====in exceptionCaught, session id = [id: 0xb8900671, L:/94.250.249.128:9101 - R:/172.104.210.105:40252], exceptionCaughtio.netty.handler.codec.TooLongFrameException: Adjusted frame length exceeds 16777216: 369295620 - discarded
io.netty.handler.codec.TooLongFrameException: Adjusted frame length exceeds 16777216: 369295620 - discarded
	at io.netty.handler.codec.LengthFieldBasedFrameDecoder.fail(LengthFieldBasedFrameDecoder.java:498) ~[netty-all-4.1.11.Final.jar:4.1.11.Final]
	at io.netty.handler.codec.LengthFieldBasedFrameDecoder.failIfNecessary(LengthFieldBasedFrameDecoder.java:476) ~[netty-all-4.1.11.Final.jar:4.1.11.Final]
	at io.netty.handler.codec.LengthFieldBasedFrameDecoder.decode(LengthFieldBasedFrameDecoder.java:403) ~[netty-all-4.1.11.Final.jar:4.1.11.Final]
	at io.netty.handler.codec.LengthFieldBasedFrameDecoder.decode(LengthFieldBasedFrameDecoder.java:343) ~[netty-all-4.1.11.Final.jar:4.1.11.Final]
	at io.netty.handler.codec.ByteToMessageDecoder.decodeRemovalReentryProtection(ByteToMessageDecoder.java:489) ~[netty-all-4.1.11.Final.jar:4.1.11.Final]
	at io.netty.handler.codec.ByteToMessageDecoder.callDecode(ByteToMessageDecoder.java:428) ~[netty-all-4.1.11.Final.jar:4.1.11.Final]
	at io.netty.handler.codec.ByteToMessageDecoder.channelRead(ByteToMessageDecoder.java:265) ~[netty-all-4.1.11.Final.jar:4.1.11.Final]
	at io.netty.channel.AbstractChannelHandlerContext.invokeChannelRead(AbstractChannelHandlerContext.java:362) [netty-all-4.1.11.Final.jar:4.1.11.Final]
	at io.netty.channel.AbstractChannelHandlerContext.invokeChannelRead(AbstractChannelHandlerContext.java:348) [netty-all-4.1.11.Final.jar:4.1.11.Final]
	at io.netty.channel.AbstractChannelHandlerContext.fireChannelRead(AbstractChannelHandlerContext.java:340) [netty-all-4.1.11.Final.jar:4.1.11.Final]
	at io.netty.channel.DefaultChannelPipeline$HeadContext.channelRead(DefaultChannelPipeline.java:1334) [netty-all-4.1.11.Final.jar:4.1.11.Final]
	at io.netty.channel.AbstractChannelHandlerContext.invokeChannelRead(AbstractChannelHandlerContext.java:362) [netty-all-4.1.11.Final.jar:4.1.11.Final]
	at io.netty.channel.AbstractChannelHandlerContext.invokeChannelRead(AbstractChannelHandlerContext.java:348) [netty-all-4.1.11.Final.jar:4.1.11.Final]
	at io.netty.channel.DefaultChannelPipeline.fireChannelRead(DefaultChannelPipeline.java:926) [netty-all-4.1.11.Final.jar:4.1.11.Final]
	at io.netty.channel.nio.AbstractNioByteChannel$NioByteUnsafe.read(AbstractNioByteChannel.java:134) [netty-all-4.1.11.Final.jar:4.1.11.Final]
	at io.netty.channel.nio.NioEventLoop.processSelectedKey(NioEventLoop.java:644) [netty-all-4.1.11.Final.jar:4.1.11.Final]
	at io.netty.channel.nio.NioEventLoop.processSelectedKeysOptimized(NioEventLoop.java:579) [netty-all-4.1.11.Final.jar:4.1.11.Final]
	at io.netty.channel.nio.NioEventLoop.processSelectedKeys(NioEventLoop.java:496) [netty-all-4.1.11.Final.jar:4.1.11.Final]
	at io.netty.channel.nio.NioEventLoop.run(NioEventLoop.java:458) [netty-all-4.1.11.Final.jar:4.1.11.Final]
	at io.netty.util.concurrent.SingleThreadEventExecutor$5.run(SingleThreadEventExecutor.java:858) [netty-all-4.1.11.Final.jar:4.1.11.Final]
	at io.netty.util.concurrent.DefaultThreadFactory$DefaultRunnableDecorator.run(DefaultThreadFactory.java:138) [netty-all-4.1.11.Final.jar:4.1.11.Final]
	at java.lang.Thread.run(Thread.java:750) [?:1.8.0_492]
2026-08-15 20:40:01.900 ERROR [nioEventLoopGroup-3-8][:] - =====in exceptionCaught, session id = [id: 0xb8900671, L:/94.250.249.128:9101 - R:/172.104.210.105:40252], exceptionCaughtjava.io.IOException: Connection reset by peer
java.io.IOException: Connection reset by peer
	at sun.nio.ch.FileDispatcherImpl.read0(Native Method) ~[?:1.8.0_492]
	at sun.nio.ch.SocketDispatcher.read(SocketDispatcher.java:39) ~[?:1.8.0_492]
	at sun.nio.ch.IOUtil.readIntoNativeBuffer(IOUtil.java:223) ~[?:1.8.0_492]
	at sun.nio.ch.IOUtil.read(IOUtil.java:192) ~[?:1.8.0_492]
	at sun.nio.ch.SocketChannelImpl.read(SocketChannelImpl.java:379) ~[?:1.8.0_492]
	at io.netty.buffer.PooledUnsafeDirectByteBuf.setBytes(PooledUnsafeDirectByteBuf.java:288) ~[netty-all-4.1.11.Final.jar:4.1.11.Final]
	at io.netty.buffer.AbstractByteBuf.writeBytes(AbstractByteBuf.java:1100) ~[netty-all-4.1.11.Final.jar:4.1.11.Final]
	at io.netty.channel.socket.nio.NioSocketChannel.doReadBytes(NioSocketChannel.java:372) ~[netty-all-4.1.11.Final.jar:4.1.11.Final]
	at io.netty.channel.nio.AbstractNioByteChannel$NioByteUnsafe.read(AbstractNioByteChannel.java:123) [netty-all-4.1.11.Final.jar:4.1.11.Final]
	at io.netty.channel.nio.NioEventLoop.processSelectedKey(NioEventLoop.java:644) [netty-all-4.1.11.Final.jar:4.1.11.Final]
	at io.netty.channel.nio.NioEventLoop.processSelectedKeysOptimized(NioEventLoop.java:579) [netty-all-4.1.11.Final.jar:4.1.11.Final]
	at io.netty.channel.nio.NioEventLoop.processSelectedKeys(NioEventLoop.java:496) [netty-all-4.1.11.Final.jar:4.1.11.Final]
	at io.netty.channel.nio.NioEventLoop.run(NioEventLoop.java:458) [netty-all-4.1.11.Final.jar:4.1.11.Final]
	at io.netty.util.concurrent.SingleThreadEventExecutor$5.run(SingleThreadEventExecutor.java:858) [netty-all-4.1.11.Final.jar:4.1.11.Final]
	at io.netty.util.concurrent.DefaultThreadFactory$DefaultRunnableDecorator.run(DefaultThreadFactory.java:138) [netty-all-4.1.11.Final.jar:4.1.11.Final]
	at java.lang.Thread.run(Thread.java:750) [?:1.8.0_492]
2026-08-15 20:40:54.444 ERROR [nioEventLoopGroup-3-2][:] - =====in exceptionCaught, session id = [id: 0xc7d1ba1b, L:/94.250.249.128:9101 - R:/172.104.210.105:40255], exceptionCaughtio.netty.handler.codec.TooLongFrameException: Adjusted frame length exceeds 16777216: 302055475 - discarded
io.netty.handler.codec.TooLongFrameException: Adjusted frame length exceeds 16777216: 302055475 - discarded
	at io.netty.handler.codec.LengthFieldBasedFrameDecoder.fail(LengthFieldBasedFrameDecoder.java:498) ~[netty-all-4.1.11.Final.jar:4.1.11.Final]
	at io.netty.handler.codec.LengthFieldBasedFrameDecoder.failIfNecessary(LengthFieldBasedFrameDecoder.java:476) ~[netty-all-4.1.11.Final.jar:4.1.11.Final]
	at io.netty.handler.codec.LengthFieldBasedFrameDecoder.decode(LengthFieldBasedFrameDecoder.java:403) ~[netty-all-4.1.11.Final.jar:4.1.11.Final]
	at io.netty.handler.codec.LengthFieldBasedFrameDecoder.decode(LengthFieldBasedFrameDecoder.java:343) ~[netty-all-4.1.11.Final.jar:4.1.11.Final]
	at io.netty.handler.codec.ByteToMessageDecoder.decodeRemovalReentryProtection(ByteToMessageDecoder.java:489) ~[netty-all-4.1.11.Final.jar:4.1.11.Final]
	at io.netty.handler.codec.ByteToMessageDecoder.callDecode(ByteToMessageDecoder.java:428) ~[netty-all-4.1.11.Final.jar:4.1.11.Final]
	at io.netty.handler.codec.ByteToMessageDecoder.channelRead(ByteToMessageDecoder.java:265) ~[netty-all-4.1.11.Final.jar:4.1.11.Final]
	at io.netty.channel.AbstractChannelHandlerContext.invokeChannelRead(AbstractChannelHandlerContext.java:362) [netty-all-4.1.11.Final.jar:4.1.11.Final]
	at io.netty.channel.AbstractChannelHandlerContext.invokeChannelRead(AbstractChannelHandlerContext.java:348) [netty-all-4.1.11.Final.jar:4.1.11.Final]
	at io.netty.channel.AbstractChannelHandlerContext.fireChannelRead(AbstractChannelHandlerContext.java:340) [netty-all-4.1.11.Final.jar:4.1.11.Final]
	at io.netty.channel.DefaultChannelPipeline$HeadContext.channelRead(DefaultChannelPipeline.java:1334) [netty-all-4.1.11.Final.jar:4.1.11.Final]
	at io.netty.channel.AbstractChannelHandlerContext.invokeChannelRead(AbstractChannelHandlerContext.java:362) [netty-all-4.1.11.Final.jar:4.1.11.Final]
	at io.netty.channel.AbstractChannelHandlerContext.invokeChannelRead(AbstractChannelHandlerContext.java:348) [netty-all-4.1.11.Final.jar:4.1.11.Final]
	at io.netty.channel.DefaultChannelPipeline.fireChannelRead(DefaultChannelPipeline.java:926) [netty-all-4.1.11.Final.jar:4.1.11.Final]
	at io.netty.channel.nio.AbstractNioByteChannel$NioByteUnsafe.read(AbstractNioByteChannel.java:134) [netty-all-4.1.11.Final.jar:4.1.11.Final]
	at io.netty.channel.nio.NioEventLoop.processSelectedKey(NioEventLoop.java:644) [netty-all-4.1.11.Final.jar:4.1.11.Final]
	at io.netty.channel.nio.NioEventLoop.processSelectedKeysOptimized(NioEventLoop.java:579) [netty-all-4.1.11.Final.jar:4.1.11.Final]
	at io.netty.channel.nio.NioEventLoop.processSelectedKeys(NioEventLoop.java:496) [netty-all-4.1.11.Final.jar:4.1.11.Final]
	at io.netty.channel.nio.NioEventLoop.run(NioEventLoop.java:458) [netty-all-4.1.11.Final.jar:4.1.11.Final]
	at io.netty.util.concurrent.SingleThreadEventExecutor$5.run(SingleThreadEventExecutor.java:858) [netty-all-4.1.11.Final.jar:4.1.11.Final]
	at io.netty.util.concurrent.DefaultThreadFactory$DefaultRunnableDecorator.run(DefaultThreadFactory.java:138) [netty-all-4.1.11.Final.jar:4.1.11.Final]
	at java.lang.Thread.run(Thread.java:750) [?:1.8.0_492]
2026-08-15 20:41:09.830 ERROR [nioEventLoopGroup-3-2][:] - =====in exceptionCaught, session id = [id: 0xc7d1ba1b, L:/94.250.249.128:9101 - R:/172.104.210.105:40255], exceptionCaughtjava.io.IOException: Connection reset by peer
java.io.IOException: Connection reset by peer
	at sun.nio.ch.FileDispatcherImpl.read0(Native Method) ~[?:1.8.0_492]
	at sun.nio.ch.SocketDispatcher.read(SocketDispatcher.java:39) ~[?:1.8.0_492]
	at sun.nio.ch.IOUtil.readIntoNativeBuffer(IOUtil.java:223) ~[?:1.8.0_492]
	at sun.nio.ch.IOUtil.read(IOUtil.java:192) ~[?:1.8.0_492]
	at sun.nio.ch.SocketChannelImpl.read(SocketChannelImpl.java:379) ~[?:1.8.0_492]
	at io.netty.buffer.PooledUnsafeDirectByteBuf.setBytes(PooledUnsafeDirectByteBuf.java:288) ~[netty-all-4.1.11.Final.jar:4.1.11.Final]
	at io.netty.buffer.AbstractByteBuf.writeBytes(AbstractByteBuf.java:1100) ~[netty-all-4.1.11.Final.jar:4.1.11.Final]
	at io.netty.channel.socket.nio.NioSocketChannel.doReadBytes(NioSocketChannel.java:372) ~[netty-all-4.1.11.Final.jar:4.1.11.Final]
	at io.netty.channel.nio.AbstractNioByteChannel$NioByteUnsafe.read(AbstractNioByteChannel.java:123) [netty-all-4.1.11.Final.jar:4.1.11.Final]
	at io.netty.channel.nio.NioEventLoop.processSelectedKey(NioEventLoop.java:644) [netty-all-4.1.11.Final.jar:4.1.11.Final]
	at io.netty.channel.nio.NioEventLoop.processSelectedKeysOptimized(NioEventLoop.java:579) [netty-all-4.1.11.Final.jar:4.1.11.Final]
	at io.netty.channel.nio.NioEventLoop.processSelectedKeys(NioEventLoop.java:496) [netty-all-4.1.11.Final.jar:4.1.11.Final]
	at io.netty.channel.nio.NioEventLoop.run(NioEventLoop.java:458) [netty-all-4.1.11.Final.jar:4.1.11.Final]
	at io.netty.util.concurrent.SingleThreadEventExecutor$5.run(SingleThreadEventExecutor.java:858) [netty-all-4.1.11.Final.jar:4.1.11.Final]
	at io.netty.util.concurrent.DefaultThreadFactory$DefaultRunnableDecorator.run(DefaultThreadFactory.java:138) [netty-all-4.1.11.Final.jar:4.1.11.Final]
	at java.lang.Thread.run(Thread.java:750) [?:1.8.0_492]
2026-08-15 20:41:30.369 ERROR [nioEventLoopGroup-3-3][:] - =====in exceptionCaught, session id = [id: 0x9adab8b4, L:/94.250.249.128:9101 - R:/172.104.210.105:40257], exceptionCaughtio.netty.handler.codec.TooLongFrameException: Adjusted frame length exceeds 16777216: 50331690 - discarded
io.netty.handler.codec.TooLongFrameException: Adjusted frame length exceeds 16777216: 50331690 - discarded
	at io.netty.handler.codec.LengthFieldBasedFrameDecoder.fail(LengthFieldBasedFrameDecoder.java:498) ~[netty-all-4.1.11.Final.jar:4.1.11.Final]
	at io.netty.handler.codec.LengthFieldBasedFrameDecoder.failIfNecessary(LengthFieldBasedFrameDecoder.java:476) ~[netty-all-4.1.11.Final.jar:4.1.11.Final]
	at io.netty.handler.codec.LengthFieldBasedFrameDecoder.decode(LengthFieldBasedFrameDecoder.java:403) ~[netty-all-4.1.11.Final.jar:4.1.11.Final]
	at io.netty.handler.codec.LengthFieldBasedFrameDecoder.decode(LengthFieldBasedFrameDecoder.java:343) ~[netty-all-4.1.11.Final.jar:4.1.11.Final]
	at io.netty.handler.codec.ByteToMessageDecoder.decodeRemovalReentryProtection(ByteToMessageDecoder.java:489) ~[netty-all-4.1.11.Final.jar:4.1.11.Final]
	at io.netty.handler.codec.ByteToMessageDecoder.callDecode(ByteToMessageDecoder.java:428) ~[netty-all-4.1.11.Final.jar:4.1.11.Final]
	at io.netty.handler.codec.ByteToMessageDecoder.channelRead(ByteToMessageDecoder.java:265) ~[netty-all-4.1.11.Final.jar:4.1.11.Final]
	at io.netty.channel.AbstractChannelHandlerContext.invokeChannelRead(AbstractChannelHandlerContext.java:362) [netty-all-4.1.11.Final.jar:4.1.11.Final]
	at io.netty.channel.AbstractChannelHandlerContext.invokeChannelRead(AbstractChannelHandlerContext.java:348) [netty-all-4.1.11.Final.jar:4.1.11.Final]
	at io.netty.channel.AbstractChannelHandlerContext.fireChannelRead(AbstractChannelHandlerContext.java:340) [netty-all-4.1.11.Final.jar:4.1.11.Final]
	at io.netty.channel.DefaultChannelPipeline$HeadContext.channelRead(DefaultChannelPipeline.java:1334) [netty-all-4.1.11.Final.jar:4.1.11.Final]
	at io.netty.channel.AbstractChannelHandlerContext.invokeChannelRead(AbstractChannelHandlerContext.java:362) [netty-all-4.1.11.Final.jar:4.1.11.Final]
	at io.netty.channel.AbstractChannelHandlerContext.invokeChannelRead(AbstractChannelHandlerContext.java:348) [netty-all-4.1.11.Final.jar:4.1.11.Final]
	at io.netty.channel.DefaultChannelPipeline.fireChannelRead(DefaultChannelPipeline.java:926) [netty-all-4.1.11.Final.jar:4.1.11.Final]
	at io.netty.channel.nio.AbstractNioByteChannel$NioByteUnsafe.read(AbstractNioByteChannel.java:134) [netty-all-4.1.11.Final.jar:4.1.11.Final]
	at io.netty.channel.nio.NioEventLoop.processSelectedKey(NioEventLoop.java:644) [netty-all-4.1.11.Final.jar:4.1.11.Final]
	at io.netty.channel.nio.NioEventLoop.processSelectedKeysOptimized(NioEventLoop.java:579) [netty-all-4.1.11.Final.jar:4.1.11.Final]
	at io.netty.channel.nio.NioEventLoop.processSelectedKeys(NioEventLoop.java:496) [netty-all-4.1.11.Final.jar:4.1.11.Final]
	at io.netty.channel.nio.NioEventLoop.run(NioEventLoop.java:458) [netty-all-4.1.11.Final.jar:4.1.11.Final]
	at io.netty.util.concurrent.SingleThreadEventExecutor$5.run(SingleThreadEventExecutor.java:858) [netty-all-4.1.11.Final.jar:4.1.11.Final]
	at io.netty.util.concurrent.DefaultThreadFactory$DefaultRunnableDecorator.run(DefaultThreadFactory.java:138) [netty-all-4.1.11.Final.jar:4.1.11.Final]
	at java.lang.Thread.run(Thread.java:750) [?:1.8.0_492]
2026-08-15 20:41:45.661 ERROR [nioEventLoopGroup-3-3][:] - =====in exceptionCaught, session id = [id: 0x9adab8b4, L:/94.250.249.128:9101 - R:/172.104.210.105:40257], exceptionCaughtjava.io.IOException: Connection reset by peer
java.io.IOException: Connection reset by peer
	at sun.nio.ch.FileDispatcherImpl.read0(Native Method) ~[?:1.8.0_492]
	at sun.nio.ch.SocketDispatcher.read(SocketDispatcher.java:39) ~[?:1.8.0_492]
	at sun.nio.ch.IOUtil.readIntoNativeBuffer(IOUtil.java:223) ~[?:1.8.0_492]
	at sun.nio.ch.IOUtil.read(IOUtil.java:192) ~[?:1.8.0_492]
	at sun.nio.ch.SocketChannelImpl.read(SocketChannelImpl.java:379) ~[?:1.8.0_492]
	at io.netty.buffer.PooledUnsafeDirectByteBuf.setBytes(PooledUnsafeDirectByteBuf.java:288) ~[netty-all-4.1.11.Final.jar:4.1.11.Final]
	at io.netty.buffer.AbstractByteBuf.writeBytes(AbstractByteBuf.java:1100) ~[netty-all-4.1.11.Final.jar:4.1.11.Final]
	at io.netty.channel.socket.nio.NioSocketChannel.doReadBytes(NioSocketChannel.java:372) ~[netty-all-4.1.11.Final.jar:4.1.11.Final]
	at io.netty.channel.nio.AbstractNioByteChannel$NioByteUnsafe.read(AbstractNioByteChannel.java:123) [netty-all-4.1.11.Final.jar:4.1.11.Final]
	at io.netty.channel.nio.NioEventLoop.processSelectedKey(NioEventLoop.java:644) [netty-all-4.1.11.Final.jar:4.1.11.Final]
	at io.netty.channel.nio.NioEventLoop.processSelectedKeysOptimized(NioEventLoop.java:579) [netty-all-4.1.11.Final.jar:4.1.11.Final]
	at io.netty.channel.nio.NioEventLoop.processSelectedKeys(NioEventLoop.java:496) [netty-all-4.1.11.Final.jar:4.1.11.Final]
	at io.netty.channel.nio.NioEventLoop.run(NioEventLoop.java:458) [netty-all-4.1.11.Final.jar:4.1.11.Final]
	at io.netty.util.concurrent.SingleThreadEventExecutor$5.run(SingleThreadEventExecutor.java:858) [netty-all-4.1.11.Final.jar:4.1.11.Final]
	at io.netty.util.concurrent.DefaultThreadFactory$DefaultRunnableDecorator.run(DefaultThreadFactory.java:138) [netty-all-4.1.11.Final.jar:4.1.11.Final]
	at java.lang.Thread.run(Thread.java:750) [?:1.8.0_492]
2026-08-15 20:42:09.972 ERROR [nioEventLoopGroup-3-4][:] - =====in exceptionCaught, session id = [id: 0x8f092146, L:/94.250.249.128:9101 - R:/172.104.210.105:40258], exceptionCaughtjava.io.IOException: Connection reset by peer
java.io.IOException: Connection reset by peer
	at sun.nio.ch.FileDispatcherImpl.read0(Native Method) ~[?:1.8.0_492]
	at sun.nio.ch.SocketDispatcher.read(SocketDispatcher.java:39) ~[?:1.8.0_492]
	at sun.nio.ch.IOUtil.readIntoNativeBuffer(IOUtil.java:223) ~[?:1.8.0_492]
	at sun.nio.ch.IOUtil.read(IOUtil.java:192) ~[?:1.8.0_492]
	at sun.nio.ch.SocketChannelImpl.read(SocketChannelImpl.java:379) ~[?:1.8.0_492]
	at io.netty.buffer.PooledUnsafeDirectByteBuf.setBytes(PooledUnsafeDirectByteBuf.java:288) ~[netty-all-4.1.11.Final.jar:4.1.11.Final]
	at io.netty.buffer.AbstractByteBuf.writeBytes(AbstractByteBuf.java:1100) ~[netty-all-4.1.11.Final.jar:4.1.11.Final]
	at io.netty.channel.socket.nio.NioSocketChannel.doReadBytes(NioSocketChannel.java:372) ~[netty-all-4.1.11.Final.jar:4.1.11.Final]
	at io.netty.channel.nio.AbstractNioByteChannel$NioByteUnsafe.read(AbstractNioByteChannel.java:123) [netty-all-4.1.11.Final.jar:4.1.11.Final]
	at io.netty.channel.nio.NioEventLoop.processSelectedKey(NioEventLoop.java:644) [netty-all-4.1.11.Final.jar:4.1.11.Final]
	at io.netty.channel.nio.NioEventLoop.processSelectedKeysOptimized(NioEventLoop.java:579) [netty-all-4.1.11.Final.jar:4.1.11.Final]
	at io.netty.channel.nio.NioEventLoop.processSelectedKeys(NioEventLoop.java:496) [netty-all-4.1.11.Final.jar:4.1.11.Final]
	at io.netty.channel.nio.NioEventLoop.run(NioEventLoop.java:458) [netty-all-4.1.11.Final.jar:4.1.11.Final]
	at io.netty.util.concurrent.SingleThreadEventExecutor$5.run(SingleThreadEventExecutor.java:858) [netty-all-4.1.11.Final.jar:4.1.11.Final]
	at io.netty.util.concurrent.DefaultThreadFactory$DefaultRunnableDecorator.run(DefaultThreadFactory.java:138) [netty-all-4.1.11.Final.jar:4.1.11.Final]
	at java.lang.Thread.run(Thread.java:750) [?:1.8.0_492]
2026-08-15 20:43:07.854 ERROR [nioEventLoopGroup-3-5][:] - =====in exceptionCaught, session id = [id: 0x2c0d337a, L:/94.250.249.128:9101 - R:/172.104.210.105:40262], exceptionCaughtio.netty.handler.codec.TooLongFrameException: Adjusted frame length exceeds 16777216: 1937006968 - discarded
io.netty.handler.codec.TooLongFrameException: Adjusted frame length exceeds 16777216: 1937006968 - discarded
	at io.netty.handler.codec.LengthFieldBasedFrameDecoder.fail(LengthFieldBasedFrameDecoder.java:498) ~[netty-all-4.1.11.Final.jar:4.1.11.Final]
	at io.netty.handler.codec.LengthFieldBasedFrameDecoder.failIfNecessary(LengthFieldBasedFrameDecoder.java:476) ~[netty-all-4.1.11.Final.jar:4.1.11.Final]
	at io.netty.handler.codec.LengthFieldBasedFrameDecoder.decode(LengthFieldBasedFrameDecoder.java:403) ~[netty-all-4.1.11.Final.jar:4.1.11.Final]
	at io.netty.handler.codec.LengthFieldBasedFrameDecoder.decode(LengthFieldBasedFrameDecoder.java:343) ~[netty-all-4.1.11.Final.jar:4.1.11.Final]
	at io.netty.handler.codec.ByteToMessageDecoder.decodeRemovalReentryProtection(ByteToMessageDecoder.java:489) ~[netty-all-4.1.11.Final.jar:4.1.11.Final]
	at io.netty.handler.codec.ByteToMessageDecoder.callDecode(ByteToMessageDecoder.java:428) ~[netty-all-4.1.11.Final.jar:4.1.11.Final]
	at io.netty.handler.codec.ByteToMessageDecoder.channelRead(ByteToMessageDecoder.java:265) ~[netty-all-4.1.11.Final.jar:4.1.11.Final]
	at io.netty.channel.AbstractChannelHandlerContext.invokeChannelRead(AbstractChannelHandlerContext.java:362) [netty-all-4.1.11.Final.jar:4.1.11.Final]
	at io.netty.channel.AbstractChannelHandlerContext.invokeChannelRead(AbstractChannelHandlerContext.java:348) [netty-all-4.1.11.Final.jar:4.1.11.Final]
	at io.netty.channel.AbstractChannelHandlerContext.fireChannelRead(AbstractChannelHandlerContext.java:340) [netty-all-4.1.11.Final.jar:4.1.11.Final]
	at io.netty.channel.DefaultChannelPipeline$HeadContext.channelRead(DefaultChannelPipeline.java:1334) [netty-all-4.1.11.Final.jar:4.1.11.Final]
	at io.netty.channel.AbstractChannelHandlerContext.invokeChannelRead(AbstractChannelHandlerContext.java:362) [netty-all-4.1.11.Final.jar:4.1.11.Final]
	at io.netty.channel.AbstractChannelHandlerContext.invokeChannelRead(AbstractChannelHandlerContext.java:348) [netty-all-4.1.11.Final.jar:4.1.11.Final]
	at io.netty.channel.DefaultChannelPipeline.fireChannelRead(DefaultChannelPipeline.java:926) [netty-all-4.1.11.Final.jar:4.1.11.Final]
	at io.netty.channel.nio.AbstractNioByteChannel$NioByteUnsafe.read(AbstractNioByteChannel.java:134) [netty-all-4.1.11.Final.jar:4.1.11.Final]
	at io.netty.channel.nio.NioEventLoop.processSelectedKey(NioEventLoop.java:644) [netty-all-4.1.11.Final.jar:4.1.11.Final]
	at io.netty.channel.nio.NioEventLoop.processSelectedKeysOptimized(NioEventLoop.java:579) [netty-all-4.1.11.Final.jar:4.1.11.Final]
	at io.netty.channel.nio.NioEventLoop.processSelectedKeys(NioEventLoop.java:496) [netty-all-4.1.11.Final.jar:4.1.11.Final]
	at io.netty.channel.nio.NioEventLoop.run(NioEventLoop.java:458) [netty-all-4.1.11.Final.jar:4.1.11.Final]
	at io.netty.util.concurrent.SingleThreadEventExecutor$5.run(SingleThreadEventExecutor.java:858) [netty-all-4.1.11.Final.jar:4.1.11.Final]
	at io.netty.util.concurrent.DefaultThreadFactory$DefaultRunnableDecorator.run(DefaultThreadFactory.java:138) [netty-all-4.1.11.Final.jar:4.1.11.Final]
	at java.lang.Thread.run(Thread.java:750) [?:1.8.0_492]
2026-08-15 20:43:21.970 ERROR [nioEventLoopGroup-3-5][:] - =====in exceptionCaught, session id = [id: 0x2c0d337a, L:/94.250.249.128:9101 - R:/172.104.210.105:40262], exceptionCaughtjava.io.IOException: Connection reset by peer
java.io.IOException: Connection reset by peer
	at sun.nio.ch.FileDispatcherImpl.read0(Native Method) ~[?:1.8.0_492]
	at sun.nio.ch.SocketDispatcher.read(SocketDispatcher.java:39) ~[?:1.8.0_492]
	at sun.nio.ch.IOUtil.readIntoNativeBuffer(IOUtil.java:223) ~[?:1.8.0_492]
	at sun.nio.ch.IOUtil.read(IOUtil.java:192) ~[?:1.8.0_492]
	at sun.nio.ch.SocketChannelImpl.read(SocketChannelImpl.java:379) ~[?:1.8.0_492]
	at io.netty.buffer.PooledUnsafeDirectByteBuf.setBytes(PooledUnsafeDirectByteBuf.java:288) ~[netty-all-4.1.11.Final.jar:4.1.11.Final]
	at io.netty.buffer.AbstractByteBuf.writeBytes(AbstractByteBuf.java:1100) ~[netty-all-4.1.11.Final.jar:4.1.11.Final]
	at io.netty.channel.socket.nio.NioSocketChannel.doReadBytes(NioSocketChannel.java:372) ~[netty-all-4.1.11.Final.jar:4.1.11.Final]
	at io.netty.channel.nio.AbstractNioByteChannel$NioByteUnsafe.read(AbstractNioByteChannel.java:123) [netty-all-4.1.11.Final.jar:4.1.11.Final]
	at io.netty.channel.nio.NioEventLoop.processSelectedKey(NioEventLoop.java:644) [netty-all-4.1.11.Final.jar:4.1.11.Final]
	at io.netty.channel.nio.NioEventLoop.processSelectedKeysOptimized(NioEventLoop.java:579) [netty-all-4.1.11.Final.jar:4.1.11.Final]
	at io.netty.channel.nio.NioEventLoop.processSelectedKeys(NioEventLoop.java:496) [netty-all-4.1.11.Final.jar:4.1.11.Final]
	at io.netty.channel.nio.NioEventLoop.run(NioEventLoop.java:458) [netty-all-4.1.11.Final.jar:4.1.11.Final]
	at io.netty.util.concurrent.SingleThreadEventExecutor$5.run(SingleThreadEventExecutor.java:858) [netty-all-4.1.11.Final.jar:4.1.11.Final]
	at io.netty.util.concurrent.DefaultThreadFactory$DefaultRunnableDecorator.run(DefaultThreadFactory.java:138) [netty-all-4.1.11.Final.jar:4.1.11.Final]
	at java.lang.Thread.run(Thread.java:750) [?:1.8.0_492]
2026-08-15 20:43:32.162 ERROR [nioEventLoopGroup-3-6][:] - =====in exceptionCaught, session id = [id: 0x69ff097f, L:/94.250.249.128:9101 - R:/172.104.210.105:40263], exceptionCaughtio.netty.handler.codec.TooLongFrameException: Adjusted frame length exceeds 16777216: 1330664525 - discarded
io.netty.handler.codec.TooLongFrameException: Adjusted frame length exceeds 16777216: 1330664525 - discarded
	at io.netty.handler.codec.LengthFieldBasedFrameDecoder.fail(LengthFieldBasedFrameDecoder.java:498) ~[netty-all-4.1.11.Final.jar:4.1.11.Final]
	at io.netty.handler.codec.LengthFieldBasedFrameDecoder.failIfNecessary(LengthFieldBasedFrameDecoder.java:476) ~[netty-all-4.1.11.Final.jar:4.1.11.Final]
	at io.netty.handler.codec.LengthFieldBasedFrameDecoder.decode(LengthFieldBasedFrameDecoder.java:403) ~[netty-all-4.1.11.Final.jar:4.1.11.Final]
	at io.netty.handler.codec.LengthFieldBasedFrameDecoder.decode(LengthFieldBasedFrameDecoder.java:343) ~[netty-all-4.1.11.Final.jar:4.1.11.Final]
	at io.netty.handler.codec.ByteToMessageDecoder.decodeRemovalReentryProtection(ByteToMessageDecoder.java:489) ~[netty-all-4.1.11.Final.jar:4.1.11.Final]
	at io.netty.handler.codec.ByteToMessageDecoder.callDecode(ByteToMessageDecoder.java:428) ~[netty-all-4.1.11.Final.jar:4.1.11.Final]
	at io.netty.handler.codec.ByteToMessageDecoder.channelRead(ByteToMessageDecoder.java:265) ~[netty-all-4.1.11.Final.jar:4.1.11.Final]
	at io.netty.channel.AbstractChannelHandlerContext.invokeChannelRead(AbstractChannelHandlerContext.java:362) [netty-all-4.1.11.Final.jar:4.1.11.Final]
	at io.netty.channel.AbstractChannelHandlerContext.invokeChannelRead(AbstractChannelHandlerContext.java:348) [netty-all-4.1.11.Final.jar:4.1.11.Final]
	at io.netty.channel.AbstractChannelHandlerContext.fireChannelRead(AbstractChannelHandlerContext.java:340) [netty-all-4.1.11.Final.jar:4.1.11.Final]
	at io.netty.channel.DefaultChannelPipeline$HeadContext.channelRead(DefaultChannelPipeline.java:1334) [netty-all-4.1.11.Final.jar:4.1.11.Final]
	at io.netty.channel.AbstractChannelHandlerContext.invokeChannelRead(AbstractChannelHandlerContext.java:362) [netty-all-4.1.11.Final.jar:4.1.11.Final]
	at io.netty.channel.AbstractChannelHandlerContext.invokeChannelRead(AbstractChannelHandlerContext.java:348) [netty-all-4.1.11.Final.jar:4.1.11.Final]
	at io.netty.channel.DefaultChannelPipeline.fireChannelRead(DefaultChannelPipeline.java:926) [netty-all-4.1.11.Final.jar:4.1.11.Final]
	at io.netty.channel.nio.AbstractNioByteChannel$NioByteUnsafe.read(AbstractNioByteChannel.java:134) [netty-all-4.1.11.Final.jar:4.1.11.Final]
	at io.netty.channel.nio.NioEventLoop.processSelectedKey(NioEventLoop.java:644) [netty-all-4.1.11.Final.jar:4.1.11.Final]
	at io.netty.channel.nio.NioEventLoop.processSelectedKeysOptimized(NioEventLoop.java:579) [netty-all-4.1.11.Final.jar:4.1.11.Final]
	at io.netty.channel.nio.NioEventLoop.processSelectedKeys(NioEventLoop.java:496) [netty-all-4.1.11.Final.jar:4.1.11.Final]
	at io.netty.channel.nio.NioEventLoop.run(NioEventLoop.java:458) [netty-all-4.1.11.Final.jar:4.1.11.Final]
	at io.netty.util.concurrent.SingleThreadEventExecutor$5.run(SingleThreadEventExecutor.java:858) [netty-all-4.1.11.Final.jar:4.1.11.Final]
	at io.netty.util.concurrent.DefaultThreadFactory$DefaultRunnableDecorator.run(DefaultThreadFactory.java:138) [netty-all-4.1.11.Final.jar:4.1.11.Final]
	at java.lang.Thread.run(Thread.java:750) [?:1.8.0_492]
2026-08-15 20:43:48.934 ERROR [nioEventLoopGroup-3-6][:] - =====in exceptionCaught, session id = [id: 0x69ff097f, L:/94.250.249.128:9101 - R:/172.104.210.105:40263], exceptionCaughtjava.io.IOException: Connection reset by peer
java.io.IOException: Connection reset by peer
	at sun.nio.ch.FileDispatcherImpl.read0(Native Method) ~[?:1.8.0_492]
	at sun.nio.ch.SocketDispatcher.read(SocketDispatcher.java:39) ~[?:1.8.0_492]
	at sun.nio.ch.IOUtil.readIntoNativeBuffer(IOUtil.java:223) ~[?:1.8.0_492]
	at sun.nio.ch.IOUtil.read(IOUtil.java:192) ~[?:1.8.0_492]
	at sun.nio.ch.SocketChannelImpl.read(SocketChannelImpl.java:379) ~[?:1.8.0_492]
	at io.netty.buffer.PooledUnsafeDirectByteBuf.setBytes(PooledUnsafeDirectByteBuf.java:288) ~[netty-all-4.1.11.Final.jar:4.1.11.Final]
	at io.netty.buffer.AbstractByteBuf.writeBytes(AbstractByteBuf.java:1100) ~[netty-all-4.1.11.Final.jar:4.1.11.Final]
	at io.netty.channel.socket.nio.NioSocketChannel.doReadBytes(NioSocketChannel.java:372) ~[netty-all-4.1.11.Final.jar:4.1.11.Final]
	at io.netty.channel.nio.AbstractNioByteChannel$NioByteUnsafe.read(AbstractNioByteChannel.java:123) [netty-all-4.1.11.Final.jar:4.1.11.Final]
	at io.netty.channel.nio.NioEventLoop.processSelectedKey(NioEventLoop.java:644) [netty-all-4.1.11.Final.jar:4.1.11.Final]
	at io.netty.channel.nio.NioEventLoop.processSelectedKeysOptimized(NioEventLoop.java:579) [netty-all-4.1.11.Final.jar:4.1.11.Final]
	at io.netty.channel.nio.NioEventLoop.processSelectedKeys(NioEventLoop.java:496) [netty-all-4.1.11.Final.jar:4.1.11.Final]
	at io.netty.channel.nio.NioEventLoop.run(NioEventLoop.java:458) [netty-all-4.1.11.Final.jar:4.1.11.Final]
	at io.netty.util.concurrent.SingleThreadEventExecutor$5.run(SingleThreadEventExecutor.java:858) [netty-all-4.1.11.Final.jar:4.1.11.Final]
	at io.netty.util.concurrent.DefaultThreadFactory$DefaultRunnableDecorator.run(DefaultThreadFactory.java:138) [netty-all-4.1.11.Final.jar:4.1.11.Final]
	at java.lang.Thread.run(Thread.java:750) [?:1.8.0_492]
2026-08-15 20:44:20.442 ERROR [nioEventLoopGroup-3-7][:] - =====in exceptionCaught, session id = [id: 0x8ed6eb14, L:/94.250.249.128:9101 - R:/172.104.210.105:40265], exceptionCaughtjava.io.IOException: Connection reset by peer
java.io.IOException: Connection reset by peer
	at sun.nio.ch.FileDispatcherImpl.read0(Native Method) ~[?:1.8.0_492]
	at sun.nio.ch.SocketDispatcher.read(SocketDispatcher.java:39) ~[?:1.8.0_492]
	at sun.nio.ch.IOUtil.readIntoNativeBuffer(IOUtil.java:223) ~[?:1.8.0_492]
	at sun.nio.ch.IOUtil.read(IOUtil.java:192) ~[?:1.8.0_492]
	at sun.nio.ch.SocketChannelImpl.read(SocketChannelImpl.java:379) ~[?:1.8.0_492]
	at io.netty.buffer.PooledUnsafeDirectByteBuf.setBytes(PooledUnsafeDirectByteBuf.java:288) ~[netty-all-4.1.11.Final.jar:4.1.11.Final]
	at io.netty.buffer.AbstractByteBuf.writeBytes(AbstractByteBuf.java:1100) ~[netty-all-4.1.11.Final.jar:4.1.11.Final]
	at io.netty.channel.socket.nio.NioSocketChannel.doReadBytes(NioSocketChannel.java:372) ~[netty-all-4.1.11.Final.jar:4.1.11.Final]
	at io.netty.channel.nio.AbstractNioByteChannel$NioByteUnsafe.read(AbstractNioByteChannel.java:123) [netty-all-4.1.11.Final.jar:4.1.11.Final]
	at io.netty.channel.nio.NioEventLoop.processSelectedKey(NioEventLoop.java:644) [netty-all-4.1.11.Final.jar:4.1.11.Final]
	at io.netty.channel.nio.NioEventLoop.processSelectedKeysOptimized(NioEventLoop.java:579) [netty-all-4.1.11.Final.jar:4.1.11.Final]
	at io.netty.channel.nio.NioEventLoop.processSelectedKeys(NioEventLoop.java:496) [netty-all-4.1.11.Final.jar:4.1.11.Final]
	at io.netty.channel.nio.NioEventLoop.run(NioEventLoop.java:458) [netty-all-4.1.11.Final.jar:4.1.11.Final]
	at io.netty.util.concurrent.SingleThreadEventExecutor$5.run(SingleThreadEventExecutor.java:858) [netty-all-4.1.11.Final.jar:4.1.11.Final]
	at io.netty.util.concurrent.DefaultThreadFactory$DefaultRunnableDecorator.run(DefaultThreadFactory.java:138) [netty-all-4.1.11.Final.jar:4.1.11.Final]
	at java.lang.Thread.run(Thread.java:750) [?:1.8.0_492]
2026-08-15 20:44:36.631 ERROR [nioEventLoopGroup-3-8][:] - =====in exceptionCaught, session id = [id: 0x124a7f6b, L:/94.250.249.128:9101 - R:/172.104.210.105:40267], exceptionCaughtio.netty.handler.codec.TooLongFrameException: Adjusted frame length exceeds 16777216: 1514602500 - discarded
io.netty.handler.codec.TooLongFrameException: Adjusted frame length exceeds 16777216: 1514602500 - discarded
	at io.netty.handler.codec.LengthFieldBasedFrameDecoder.fail(LengthFieldBasedFrameDecoder.java:498) ~[netty-all-4.1.11.Final.jar:4.1.11.Final]
	at io.netty.handler.codec.LengthFieldBasedFrameDecoder.failIfNecessary(LengthFieldBasedFrameDecoder.java:476) ~[netty-all-4.1.11.Final.jar:4.1.11.Final]
	at io.netty.handler.codec.LengthFieldBasedFrameDecoder.decode(LengthFieldBasedFrameDecoder.java:403) ~[netty-all-4.1.11.Final.jar:4.1.11.Final]
	at io.netty.handler.codec.LengthFieldBasedFrameDecoder.decode(LengthFieldBasedFrameDecoder.java:343) ~[netty-all-4.1.11.Final.jar:4.1.11.Final]
	at io.netty.handler.codec.ByteToMessageDecoder.decodeRemovalReentryProtection(ByteToMessageDecoder.java:489) ~[netty-all-4.1.11.Final.jar:4.1.11.Final]
	at io.netty.handler.codec.ByteToMessageDecoder.callDecode(ByteToMessageDecoder.java:428) ~[netty-all-4.1.11.Final.jar:4.1.11.Final]
	at io.netty.handler.codec.ByteToMessageDecoder.channelRead(ByteToMessageDecoder.java:265) ~[netty-all-4.1.11.Final.jar:4.1.11.Final]
	at io.netty.channel.AbstractChannelHandlerContext.invokeChannelRead(AbstractChannelHandlerContext.java:362) [netty-all-4.1.11.Final.jar:4.1.11.Final]
	at io.netty.channel.AbstractChannelHandlerContext.invokeChannelRead(AbstractChannelHandlerContext.java:348) [netty-all-4.1.11.Final.jar:4.1.11.Final]
	at io.netty.channel.AbstractChannelHandlerContext.fireChannelRead(AbstractChannelHandlerContext.java:340) [netty-all-4.1.11.Final.jar:4.1.11.Final]
	at io.netty.channel.DefaultChannelPipeline$HeadContext.channelRead(DefaultChannelPipeline.java:1334) [netty-all-4.1.11.Final.jar:4.1.11.Final]
	at io.netty.channel.AbstractChannelHandlerContext.invokeChannelRead(AbstractChannelHandlerContext.java:362) [netty-all-4.1.11.Final.jar:4.1.11.Final]
	at io.netty.channel.AbstractChannelHandlerContext.invokeChannelRead(AbstractChannelHandlerContext.java:348) [netty-all-4.1.11.Final.jar:4.1.11.Final]
	at io.netty.channel.DefaultChannelPipeline.fireChannelRead(DefaultChannelPipeline.java:926) [netty-all-4.1.11.Final.jar:4.1.11.Final]
	at io.netty.channel.nio.AbstractNioByteChannel$NioByteUnsafe.read(AbstractNioByteChannel.java:134) [netty-all-4.1.11.Final.jar:4.1.11.Final]
	at io.netty.channel.nio.NioEventLoop.processSelectedKey(NioEventLoop.java:644) [netty-all-4.1.11.Final.jar:4.1.11.Final]
	at io.netty.channel.nio.NioEventLoop.processSelectedKeysOptimized(NioEventLoop.java:579) [netty-all-4.1.11.Final.jar:4.1.11.Final]
	at io.netty.channel.nio.NioEventLoop.processSelectedKeys(NioEventLoop.java:496) [netty-all-4.1.11.Final.jar:4.1.11.Final]
	at io.netty.channel.nio.NioEventLoop.run(NioEventLoop.java:458) [netty-all-4.1.11.Final.jar:4.1.11.Final]
	at io.netty.util.concurrent.SingleThreadEventExecutor$5.run(SingleThreadEventExecutor.java:858) [netty-all-4.1.11.Final.jar:4.1.11.Final]
	at io.netty.util.concurrent.DefaultThreadFactory$DefaultRunnableDecorator.run(DefaultThreadFactory.java:138) [netty-all-4.1.11.Final.jar:4.1.11.Final]
	at java.lang.Thread.run(Thread.java:750) [?:1.8.0_492]
2026-08-15 20:44:50.922 ERROR [nioEventLoopGroup-3-8][:] - =====in exceptionCaught, session id = [id: 0x124a7f6b, L:/94.250.249.128:9101 - R:/172.104.210.105:40267], exceptionCaughtjava.io.IOException: Connection reset by peer
java.io.IOException: Connection reset by peer
	at sun.nio.ch.FileDispatcherImpl.read0(Native Method) ~[?:1.8.0_492]
	at sun.nio.ch.SocketDispatcher.read(SocketDispatcher.java:39) ~[?:1.8.0_492]
	at sun.nio.ch.IOUtil.readIntoNativeBuffer(IOUtil.java:223) ~[?:1.8.0_492]
	at sun.nio.ch.IOUtil.read(IOUtil.java:192) ~[?:1.8.0_492]
	at sun.nio.ch.SocketChannelImpl.read(SocketChannelImpl.java:379) ~[?:1.8.0_492]
	at io.netty.buffer.PooledUnsafeDirectByteBuf.setBytes(PooledUnsafeDirectByteBuf.java:288) ~[netty-all-4.1.11.Final.jar:4.1.11.Final]
	at io.netty.buffer.AbstractByteBuf.writeBytes(AbstractByteBuf.java:1100) ~[netty-all-4.1.11.Final.jar:4.1.11.Final]
	at io.netty.channel.socket.nio.NioSocketChannel.doReadBytes(NioSocketChannel.java:372) ~[netty-all-4.1.11.Final.jar:4.1.11.Final]
	at io.netty.channel.nio.AbstractNioByteChannel$NioByteUnsafe.read(AbstractNioByteChannel.java:123) [netty-all-4.1.11.Final.jar:4.1.11.Final]
	at io.netty.channel.nio.NioEventLoop.processSelectedKey(NioEventLoop.java:644) [netty-all-4.1.11.Final.jar:4.1.11.Final]
	at io.netty.channel.nio.NioEventLoop.processSelectedKeysOptimized(NioEventLoop.java:579) [netty-all-4.1.11.Final.jar:4.1.11.Final]
	at io.netty.channel.nio.NioEventLoop.processSelectedKeys(NioEventLoop.java:496) [netty-all-4.1.11.Final.jar:4.1.11.Final]
	at io.netty.channel.nio.NioEventLoop.run(NioEventLoop.java:458) [netty-all-4.1.11.Final.jar:4.1.11.Final]
	at io.netty.util.concurrent.SingleThreadEventExecutor$5.run(SingleThreadEventExecutor.java:858) [netty-all-4.1.11.Final.jar:4.1.11.Final]
	at io.netty.util.concurrent.DefaultThreadFactory$DefaultRunnableDecorator.run(DefaultThreadFactory.java:138) [netty-all-4.1.11.Final.jar:4.1.11.Final]
	at java.lang.Thread.run(Thread.java:750) [?:1.8.0_492]
2026-08-15 20:45:08.552 ERROR [nioEventLoopGroup-3-1][:] - =====in exceptionCaught, session id = [id: 0x009abedc, L:/94.250.249.128:9101 - R:/172.104.210.105:40269], exceptionCaughtio.netty.handler.codec.TooLongFrameException: Adjusted frame length exceeds 16777216: 50331674 - discarded
io.netty.handler.codec.TooLongFrameException: Adjusted frame length exceeds 16777216: 50331674 - discarded
	at io.netty.handler.codec.LengthFieldBasedFrameDecoder.fail(LengthFieldBasedFrameDecoder.java:498) ~[netty-all-4.1.11.Final.jar:4.1.11.Final]
	at io.netty.handler.codec.LengthFieldBasedFrameDecoder.failIfNecessary(LengthFieldBasedFrameDecoder.java:476) ~[netty-all-4.1.11.Final.jar:4.1.11.Final]
	at io.netty.handler.codec.LengthFieldBasedFrameDecoder.decode(LengthFieldBasedFrameDecoder.java:403) ~[netty-all-4.1.11.Final.jar:4.1.11.Final]
	at io.netty.handler.codec.LengthFieldBasedFrameDecoder.decode(LengthFieldBasedFrameDecoder.java:343) ~[netty-all-4.1.11.Final.jar:4.1.11.Final]
	at io.netty.handler.codec.ByteToMessageDecoder.decodeRemovalReentryProtection(ByteToMessageDecoder.java:489) ~[netty-all-4.1.11.Final.jar:4.1.11.Final]
	at io.netty.handler.codec.ByteToMessageDecoder.callDecode(ByteToMessageDecoder.java:428) ~[netty-all-4.1.11.Final.jar:4.1.11.Final]
	at io.netty.handler.codec.ByteToMessageDecoder.channelRead(ByteToMessageDecoder.java:265) ~[netty-all-4.1.11.Final.jar:4.1.11.Final]
	at io.netty.channel.AbstractChannelHandlerContext.invokeChannelRead(AbstractChannelHandlerContext.java:362) [netty-all-4.1.11.Final.jar:4.1.11.Final]
	at io.netty.channel.AbstractChannelHandlerContext.invokeChannelRead(AbstractChannelHandlerContext.java:348) [netty-all-4.1.11.Final.jar:4.1.11.Final]
	at io.netty.channel.AbstractChannelHandlerContext.fireChannelRead(AbstractChannelHandlerContext.java:340) [netty-all-4.1.11.Final.jar:4.1.11.Final]
	at io.netty.channel.DefaultChannelPipeline$HeadContext.channelRead(DefaultChannelPipeline.java:1334) [netty-all-4.1.11.Final.jar:4.1.11.Final]
	at io.netty.channel.AbstractChannelHandlerContext.invokeChannelRead(AbstractChannelHandlerContext.java:362) [netty-all-4.1.11.Final.jar:4.1.11.Final]
	at io.netty.channel.AbstractChannelHandlerContext.invokeChannelRead(AbstractChannelHandlerContext.java:348) [netty-all-4.1.11.Final.jar:4.1.11.Final]
	at io.netty.channel.DefaultChannelPipeline.fireChannelRead(DefaultChannelPipeline.java:926) [netty-all-4.1.11.Final.jar:4.1.11.Final]
	at io.netty.channel.nio.AbstractNioByteChannel$NioByteUnsafe.read(AbstractNioByteChannel.java:134) [netty-all-4.1.11.Final.jar:4.1.11.Final]
	at io.netty.channel.nio.NioEventLoop.processSelectedKey(NioEventLoop.java:644) [netty-all-4.1.11.Final.jar:4.1.11.Final]
	at io.netty.channel.nio.NioEventLoop.processSelectedKeysOptimized(NioEventLoop.java:579) [netty-all-4.1.11.Final.jar:4.1.11.Final]
	at io.netty.channel.nio.NioEventLoop.processSelectedKeys(NioEventLoop.java:496) [netty-all-4.1.11.Final.jar:4.1.11.Final]
	at io.netty.channel.nio.NioEventLoop.run(NioEventLoop.java:458) [netty-all-4.1.11.Final.jar:4.1.11.Final]
	at io.netty.util.concurrent.SingleThreadEventExecutor$5.run(SingleThreadEventExecutor.java:858) [netty-all-4.1.11.Final.jar:4.1.11.Final]
	at io.netty.util.concurrent.DefaultThreadFactory$DefaultRunnableDecorator.run(DefaultThreadFactory.java:138) [netty-all-4.1.11.Final.jar:4.1.11.Final]
	at java.lang.Thread.run(Thread.java:750) [?:1.8.0_492]
2026-08-15 20:45:22.016 ERROR [nioEventLoopGroup-3-1][:] - =====in exceptionCaught, session id = [id: 0x009abedc, L:/94.250.249.128:9101 - R:/172.104.210.105:40269], exceptionCaughtjava.io.IOException: Connection reset by peer
java.io.IOException: Connection reset by peer
	at sun.nio.ch.FileDispatcherImpl.read0(Native Method) ~[?:1.8.0_492]
	at sun.nio.ch.SocketDispatcher.read(SocketDispatcher.java:39) ~[?:1.8.0_492]
	at sun.nio.ch.IOUtil.readIntoNativeBuffer(IOUtil.java:223) ~[?:1.8.0_492]
	at sun.nio.ch.IOUtil.read(IOUtil.java:192) ~[?:1.8.0_492]
	at sun.nio.ch.SocketChannelImpl.read(SocketChannelImpl.java:379) ~[?:1.8.0_492]
	at io.netty.buffer.PooledUnsafeDirectByteBuf.setBytes(PooledUnsafeDirectByteBuf.java:288) ~[netty-all-4.1.11.Final.jar:4.1.11.Final]
	at io.netty.buffer.AbstractByteBuf.writeBytes(AbstractByteBuf.java:1100) ~[netty-all-4.1.11.Final.jar:4.1.11.Final]
	at io.netty.channel.socket.nio.NioSocketChannel.doReadBytes(NioSocketChannel.java:372) ~[netty-all-4.1.11.Final.jar:4.1.11.Final]
	at io.netty.channel.nio.AbstractNioByteChannel$NioByteUnsafe.read(AbstractNioByteChannel.java:123) [netty-all-4.1.11.Final.jar:4.1.11.Final]
	at io.netty.channel.nio.NioEventLoop.processSelectedKey(NioEventLoop.java:644) [netty-all-4.1.11.Final.jar:4.1.11.Final]
	at io.netty.channel.nio.NioEventLoop.processSelectedKeysOptimized(NioEventLoop.java:579) [netty-all-4.1.11.Final.jar:4.1.11.Final]
	at io.netty.channel.nio.NioEventLoop.processSelectedKeys(NioEventLoop.java:496) [netty-all-4.1.11.Final.jar:4.1.11.Final]
	at io.netty.channel.nio.NioEventLoop.run(NioEventLoop.java:458) [netty-all-4.1.11.Final.jar:4.1.11.Final]
	at io.netty.util.concurrent.SingleThreadEventExecutor$5.run(SingleThreadEventExecutor.java:858) [netty-all-4.1.11.Final.jar:4.1.11.Final]
	at io.netty.util.concurrent.DefaultThreadFactory$DefaultRunnableDecorator.run(DefaultThreadFactory.java:138) [netty-all-4.1.11.Final.jar:4.1.11.Final]
	at java.lang.Thread.run(Thread.java:750) [?:1.8.0_492]
2026-08-15 20:45:38.059 ERROR [nioEventLoopGroup-3-2][:] - =====in exceptionCaught, session id = [id: 0x33014864, L:/94.250.249.128:9101 - R:/172.104.210.105:40271], exceptionCaughtio.netty.handler.codec.TooLongFrameException: Adjusted frame length exceeds 16777216: 1811942148 - discarded
io.netty.handler.codec.TooLongFrameException: Adjusted frame length exceeds 16777216: 1811942148 - discarded
	at io.netty.handler.codec.LengthFieldBasedFrameDecoder.fail(LengthFieldBasedFrameDecoder.java:498) ~[netty-all-4.1.11.Final.jar:4.1.11.Final]
	at io.netty.handler.codec.LengthFieldBasedFrameDecoder.failIfNecessary(LengthFieldBasedFrameDecoder.java:476) ~[netty-all-4.1.11.Final.jar:4.1.11.Final]
	at io.netty.handler.codec.LengthFieldBasedFrameDecoder.decode(LengthFieldBasedFrameDecoder.java:403) ~[netty-all-4.1.11.Final.jar:4.1.11.Final]
	at io.netty.handler.codec.LengthFieldBasedFrameDecoder.decode(LengthFieldBasedFrameDecoder.java:343) ~[netty-all-4.1.11.Final.jar:4.1.11.Final]
	at io.netty.handler.codec.ByteToMessageDecoder.decodeRemovalReentryProtection(ByteToMessageDecoder.java:489) ~[netty-all-4.1.11.Final.jar:4.1.11.Final]
	at io.netty.handler.codec.ByteToMessageDecoder.callDecode(ByteToMessageDecoder.java:428) ~[netty-all-4.1.11.Final.jar:4.1.11.Final]
	at io.netty.handler.codec.ByteToMessageDecoder.channelRead(ByteToMessageDecoder.java:265) ~[netty-all-4.1.11.Final.jar:4.1.11.Final]
	at io.netty.channel.AbstractChannelHandlerContext.invokeChannelRead(AbstractChannelHandlerContext.java:362) [netty-all-4.1.11.Final.jar:4.1.11.Final]
	at io.netty.channel.AbstractChannelHandlerContext.invokeChannelRead(AbstractChannelHandlerContext.java:348) [netty-all-4.1.11.Final.jar:4.1.11.Final]
	at io.netty.channel.AbstractChannelHandlerContext.fireChannelRead(AbstractChannelHandlerContext.java:340) [netty-all-4.1.11.Final.jar:4.1.11.Final]
	at io.netty.channel.DefaultChannelPipeline$HeadContext.channelRead(DefaultChannelPipeline.java:1334) [netty-all-4.1.11.Final.jar:4.1.11.Final]
	at io.netty.channel.AbstractChannelHandlerContext.invokeChannelRead(AbstractChannelHandlerContext.java:362) [netty-all-4.1.11.Final.jar:4.1.11.Final]
	at io.netty.channel.AbstractChannelHandlerContext.invokeChannelRead(AbstractChannelHandlerContext.java:348) [netty-all-4.1.11.Final.jar:4.1.11.Final]
	at io.netty.channel.DefaultChannelPipeline.fireChannelRead(DefaultChannelPipeline.java:926) [netty-all-4.1.11.Final.jar:4.1.11.Final]
	at io.netty.channel.nio.AbstractNioByteChannel$NioByteUnsafe.read(AbstractNioByteChannel.java:134) [netty-all-4.1.11.Final.jar:4.1.11.Final]
	at io.netty.channel.nio.NioEventLoop.processSelectedKey(NioEventLoop.java:644) [netty-all-4.1.11.Final.jar:4.1.11.Final]
	at io.netty.channel.nio.NioEventLoop.processSelectedKeysOptimized(NioEventLoop.java:579) [netty-all-4.1.11.Final.jar:4.1.11.Final]
	at io.netty.channel.nio.NioEventLoop.processSelectedKeys(NioEventLoop.java:496) [netty-all-4.1.11.Final.jar:4.1.11.Final]
	at io.netty.channel.nio.NioEventLoop.run(NioEventLoop.java:458) [netty-all-4.1.11.Final.jar:4.1.11.Final]
	at io.netty.util.concurrent.SingleThreadEventExecutor$5.run(SingleThreadEventExecutor.java:858) [netty-all-4.1.11.Final.jar:4.1.11.Final]
	at io.netty.util.concurrent.DefaultThreadFactory$DefaultRunnableDecorator.run(DefaultThreadFactory.java:138) [netty-all-4.1.11.Final.jar:4.1.11.Final]
	at java.lang.Thread.run(Thread.java:750) [?:1.8.0_492]
2026-08-15 20:45:53.100 ERROR [nioEventLoopGroup-3-2][:] - =====in exceptionCaught, session id = [id: 0x33014864, L:/94.250.249.128:9101 - R:/172.104.210.105:40271], exceptionCaughtjava.io.IOException: Connection reset by peer
java.io.IOException: Connection reset by peer
	at sun.nio.ch.FileDispatcherImpl.read0(Native Method) ~[?:1.8.0_492]
	at sun.nio.ch.SocketDispatcher.read(SocketDispatcher.java:39) ~[?:1.8.0_492]
	at sun.nio.ch.IOUtil.readIntoNativeBuffer(IOUtil.java:223) ~[?:1.8.0_492]
	at sun.nio.ch.IOUtil.read(IOUtil.java:192) ~[?:1.8.0_492]
	at sun.nio.ch.SocketChannelImpl.read(SocketChannelImpl.java:379) ~[?:1.8.0_492]
	at io.netty.buffer.PooledUnsafeDirectByteBuf.setBytes(PooledUnsafeDirectByteBuf.java:288) ~[netty-all-4.1.11.Final.jar:4.1.11.Final]
	at io.netty.buffer.AbstractByteBuf.writeBytes(AbstractByteBuf.java:1100) ~[netty-all-4.1.11.Final.jar:4.1.11.Final]
	at io.netty.channel.socket.nio.NioSocketChannel.doReadBytes(NioSocketChannel.java:372) ~[netty-all-4.1.11.Final.jar:4.1.11.Final]
	at io.netty.channel.nio.AbstractNioByteChannel$NioByteUnsafe.read(AbstractNioByteChannel.java:123) [netty-all-4.1.11.Final.jar:4.1.11.Final]
	at io.netty.channel.nio.NioEventLoop.processSelectedKey(NioEventLoop.java:644) [netty-all-4.1.11.Final.jar:4.1.11.Final]
	at io.netty.channel.nio.NioEventLoop.processSelectedKeysOptimized(NioEventLoop.java:579) [netty-all-4.1.11.Final.jar:4.1.11.Final]
	at io.netty.channel.nio.NioEventLoop.processSelectedKeys(NioEventLoop.java:496) [netty-all-4.1.11.Final.jar:4.1.11.Final]
	at io.netty.channel.nio.NioEventLoop.run(NioEventLoop.java:458) [netty-all-4.1.11.Final.jar:4.1.11.Final]
	at io.netty.util.concurrent.SingleThreadEventExecutor$5.run(SingleThreadEventExecutor.java:858) [netty-all-4.1.11.Final.jar:4.1.11.Final]
	at io.netty.util.concurrent.DefaultThreadFactory$DefaultRunnableDecorator.run(DefaultThreadFactory.java:138) [netty-all-4.1.11.Final.jar:4.1.11.Final]
	at java.lang.Thread.run(Thread.java:750) [?:1.8.0_492]
