2026-07-27 00:35:58.127 ERROR [recvWorker-2][:] - ReqSelectCharacterHandler deal long time:361
2026-07-27 00:36:05.698 ERROR [recvWorker-3][:] - ReqLoadFinishHandler deal long time:721
2026-07-27 00:58:26.889 ERROR [nioEventLoopGroup-3-2][:] - 当前Session 发上来的数据异常！ totalCode =1936028754 != 7098
2026-07-27 00:58:26.891 ERROR [nioEventLoopGroup-3-2][:] - 当前Session 发上来的数据异常！ totalCode =2003795055 != 8243
2026-07-27 00:58:26.891 ERROR [nioEventLoopGroup-3-2][:] - 当前Session 发上来的数据异常！ totalCode =1734434939 != 6767
2026-07-27 00:58:26.892 ERROR [nioEventLoopGroup-3-2][:] - 当前Session 发上来的数据异常！ totalCode =1835626018 != 4924
2026-07-27 00:58:26.892 ERROR [nioEventLoopGroup-3-2][:] - 当前Session 发上来的数据异常！ totalCode =859375409 != 5068
2026-07-27 00:58:26.892 ERROR [nioEventLoopGroup-3-2][:] - 当前Session 发上来的数据异常！ totalCode =1147502179 != 3265
2026-07-27 00:58:26.892 ERROR [nioEventLoopGroup-3-2][:] - 当前Session 发上来的数据异常！ totalCode =674654079 != 2579
2026-07-27 00:58:26.892 ERROR [nioEventLoopGroup-3-2][:] - 当前Session 发上来的数据异常！ totalCode =1865294371 != 2100
2026-07-27 00:58:26.892 ERROR [nioEventLoopGroup-3-2][:] - 当前Session 发上来的数据异常！ totalCode =2070511469 != 591
2026-07-27 00:58:26.893 ERROR [nioEventLoopGroup-3-2][:] - =====in exceptionCaught, session id = [id: 0xa085ae73, L:/157.22.200.3:9101 ! R:/157.22.200.3:36026], exceptionCaughtio.netty.handler.codec.DecoderException: java.lang.IndexOutOfBoundsException: readerIndex(116) + length(4) exceeds writerIndex(118): PooledSlicedByteBuf(ridx: 116, widx: 118, cap: 118/118, unwrapped: PooledUnsafeDirectByteBuf(ridx: 118, widx: 118, cap: 1024))
io.netty.handler.codec.DecoderException: java.lang.IndexOutOfBoundsException: readerIndex(116) + length(4) exceeds writerIndex(118): PooledSlicedByteBuf(ridx: 116, widx: 118, cap: 118/118, unwrapped: PooledUnsafeDirectByteBuf(ridx: 118, widx: 118, cap: 1024))
	at io.netty.handler.codec.ByteToMessageDecoder.callDecode(ByteToMessageDecoder.java:459) ~[netty-all-4.1.11.Final.jar:4.1.11.Final]
	at io.netty.handler.codec.ByteToMessageDecoder.channelRead(ByteToMessageDecoder.java:265) ~[netty-all-4.1.11.Final.jar:4.1.11.Final]
	at io.netty.handler.codec.ByteToMessageCodec.channelRead(ByteToMessageCodec.java:103) ~[netty-all-4.1.11.Final.jar:4.1.11.Final]
	at io.netty.channel.AbstractChannelHandlerContext.invokeChannelRead(AbstractChannelHandlerContext.java:362) [netty-all-4.1.11.Final.jar:4.1.11.Final]
	at io.netty.channel.AbstractChannelHandlerContext.invokeChannelRead(AbstractChannelHandlerContext.java:348) [netty-all-4.1.11.Final.jar:4.1.11.Final]
	at io.netty.channel.AbstractChannelHandlerContext.fireChannelRead(AbstractChannelHandlerContext.java:340) [netty-all-4.1.11.Final.jar:4.1.11.Final]
	at io.netty.handler.timeout.IdleStateHandler.channelRead(IdleStateHandler.java:287) [netty-all-4.1.11.Final.jar:4.1.11.Final]
	at io.netty.channel.AbstractChannelHandlerContext.invokeChannelRead(AbstractChannelHandlerContext.java:362) [netty-all-4.1.11.Final.jar:4.1.11.Final]
	at io.netty.channel.AbstractChannelHandlerContext.invokeChannelRead(AbstractChannelHandlerContext.java:348) [netty-all-4.1.11.Final.jar:4.1.11.Final]
	at io.netty.channel.AbstractChannelHandlerContext.fireChannelRead(AbstractChannelHandlerContext.java:340) [netty-all-4.1.11.Final.jar:4.1.11.Final]
	at io.netty.handler.traffic.AbstractTrafficShapingHandler.channelRead(AbstractTrafficShapingHandler.java:504) [netty-all-4.1.11.Final.jar:4.1.11.Final]
	at io.netty.channel.AbstractChannelHandlerContext.invokeChannelRead(AbstractChannelHandlerContext.java:362) [netty-all-4.1.11.Final.jar:4.1.11.Final]
	at io.netty.channel.AbstractChannelHandlerContext.invokeChannelRead(AbstractChannelHandlerContext.java:348) [netty-all-4.1.11.Final.jar:4.1.11.Final]
	at io.netty.channel.AbstractChannelHandlerContext.fireChannelRead(AbstractChannelHandlerContext.java:340) [netty-all-4.1.11.Final.jar:4.1.11.Final]
	at io.netty.handler.codec.ByteToMessageDecoder.fireChannelRead(ByteToMessageDecoder.java:310) [netty-all-4.1.11.Final.jar:4.1.11.Final]
	at io.netty.handler.codec.ByteToMessageDecoder.channelRead(ByteToMessageDecoder.java:284) [netty-all-4.1.11.Final.jar:4.1.11.Final]
	at io.netty.channel.AbstractChannelHandlerContext.invokeChannelRead(AbstractChannelHandlerContext.java:362) [netty-all-4.1.11.Final.jar:4.1.11.Final]
	at io.netty.channel.AbstractChannelHandlerContext.invokeChannelRead(AbstractChannelHandlerContext.java:348) [netty-all-4.1.11.Final.jar:4.1.11.Final]
	at io.netty.channel.AbstractChannelHandlerContext.fireChannelRead(AbstractChannelHandlerContext.java:340) [netty-all-4.1.11.Final.jar:4.1.11.Final]
	at io.netty.channel.DefaultChannelPipeline$HeadContext.channelRead(DefaultChannelPipeline.java:1334) [netty-all-4.1.11.Final.jar:4.1.11.Final]
	at io.netty.channel.AbstractChannelHandlerContext.invokeChannelRead(AbstractChannelHandlerContext.java:362) [netty-all-4.1.11.Final.jar:4.1.11.Final]
	at io.netty.channel.AbstractChannelHandlerContext.invokeChannelRead(AbstractChannelHandlerContext.java:348) [netty-all-4.1.11.Final.jar:4.1.11.Final]
	at io.netty.channel.DefaultChannelPipeline.fireChannelRead(DefaultChannelPipeline.java:926) [netty-all-4.1.11.Final.jar:4.1.11.Final]
	at io.netty.channel.nio.AbstractNioByteChannel$NioByteUnsafe.read(AbstractNioByteChannel.java:134) [netty-all-4.1.11.Final.jar:4.1.11.Final]
	at io.netty.channel.nio.NioEventLoop.processSelectedKey(NioEventLoop.java:644) [netty-all-4.1.11.Final.jar:4.1.11.Final]
	at io.netty.channel.nio.NioEventLoop.processSelectedKeysOptimized(NioEventLoop.java:579) [netty-all-4.1.11.Final.jar:4.1.11.Final]
	at io.netty.channel.nio.NioEventLoop.processSelectedKeys(NioEventLoop.java:496) [netty-all-4.1.11.Final.jar:4.1.11.Final]
	at io.netty.channel.nio.NioEventLoop.run(NioEventLoop.java:458) [netty-all-4.1.11.Final.jar:4.1.11.Final]
	at io.netty.util.concurrent.SingleThreadEventExecutor$5.run(SingleThreadEventExecutor.java:858) [netty-all-4.1.11.Final.jar:4.1.11.Final]
	at io.netty.util.concurrent.DefaultThreadFactory$DefaultRunnableDecorator.run(DefaultThreadFactory.java:138) [netty-all-4.1.11.Final.jar:4.1.11.Final]
	at java.lang.Thread.run(Thread.java:750) [?:1.8.0_492]
Caused by: java.lang.IndexOutOfBoundsException: readerIndex(116) + length(4) exceeds writerIndex(118): PooledSlicedByteBuf(ridx: 116, widx: 118, cap: 118/118, unwrapped: PooledUnsafeDirectByteBuf(ridx: 118, widx: 118, cap: 1024))
	at io.netty.buffer.AbstractByteBuf.checkReadableBytes0(AbstractByteBuf.java:1396) ~[netty-all-4.1.11.Final.jar:4.1.11.Final]
	at io.netty.buffer.AbstractByteBuf.readInt(AbstractByteBuf.java:766) ~[netty-all-4.1.11.Final.jar:4.1.11.Final]
	at game.core.net.codec.ClientMessageCodeC.decode(ClientMessageCodeC.java:111) ~[GameCore.jar:?]
	at io.netty.handler.codec.ByteToMessageCodec$1.decode(ByteToMessageCodec.java:42) ~[netty-all-4.1.11.Final.jar:4.1.11.Final]
	at io.netty.handler.codec.ByteToMessageDecoder.decodeRemovalReentryProtection(ByteToMessageDecoder.java:489) ~[netty-all-4.1.11.Final.jar:4.1.11.Final]
	at io.netty.handler.codec.ByteToMessageDecoder.callDecode(ByteToMessageDecoder.java:428) ~[netty-all-4.1.11.Final.jar:4.1.11.Final]
	... 30 more
2026-07-27 00:58:26.894 ERROR [nioEventLoopGroup-3-2][:] - =====in exceptionCaught, session id = [id: 0xa085ae73, L:/157.22.200.3:9101 ! R:/157.22.200.3:36026], exceptionCaughtio.netty.handler.codec.DecoderException: java.lang.IndexOutOfBoundsException: readerIndex(116) + length(4) exceeds writerIndex(118): PooledSlicedByteBuf(ridx: 116, widx: 118, cap: 118/118, unwrapped: PooledUnsafeDirectByteBuf(ridx: 118, widx: 118, cap: 1024))
io.netty.handler.codec.DecoderException: java.lang.IndexOutOfBoundsException: readerIndex(116) + length(4) exceeds writerIndex(118): PooledSlicedByteBuf(ridx: 116, widx: 118, cap: 118/118, unwrapped: PooledUnsafeDirectByteBuf(ridx: 118, widx: 118, cap: 1024))
	at io.netty.handler.codec.ByteToMessageDecoder.callDecode(ByteToMessageDecoder.java:459) ~[netty-all-4.1.11.Final.jar:4.1.11.Final]
	at io.netty.handler.codec.ByteToMessageDecoder.channelInputClosed(ByteToMessageDecoder.java:392) ~[netty-all-4.1.11.Final.jar:4.1.11.Final]
	at io.netty.handler.codec.ByteToMessageDecoder.channelInputClosed(ByteToMessageDecoder.java:359) ~[netty-all-4.1.11.Final.jar:4.1.11.Final]
	at io.netty.handler.codec.ByteToMessageDecoder.channelInactive(ByteToMessageDecoder.java:342) ~[netty-all-4.1.11.Final.jar:4.1.11.Final]
	at io.netty.handler.codec.ByteToMessageCodec.channelInactive(ByteToMessageCodec.java:118) ~[netty-all-4.1.11.Final.jar:4.1.11.Final]
	at io.netty.channel.AbstractChannelHandlerContext.invokeChannelInactive(AbstractChannelHandlerContext.java:245) [netty-all-4.1.11.Final.jar:4.1.11.Final]
	at io.netty.channel.AbstractChannelHandlerContext.invokeChannelInactive(AbstractChannelHandlerContext.java:231) [netty-all-4.1.11.Final.jar:4.1.11.Final]
	at io.netty.channel.AbstractChannelHandlerContext.fireChannelInactive(AbstractChannelHandlerContext.java:224) [netty-all-4.1.11.Final.jar:4.1.11.Final]
	at io.netty.channel.ChannelInboundHandlerAdapter.channelInactive(ChannelInboundHandlerAdapter.java:75) [netty-all-4.1.11.Final.jar:4.1.11.Final]
	at io.netty.handler.timeout.IdleStateHandler.channelInactive(IdleStateHandler.java:278) [netty-all-4.1.11.Final.jar:4.1.11.Final]
	at io.netty.channel.AbstractChannelHandlerContext.invokeChannelInactive(AbstractChannelHandlerContext.java:245) [netty-all-4.1.11.Final.jar:4.1.11.Final]
	at io.netty.channel.AbstractChannelHandlerContext.invokeChannelInactive(AbstractChannelHandlerContext.java:231) [netty-all-4.1.11.Final.jar:4.1.11.Final]
	at io.netty.channel.AbstractChannelHandlerContext.fireChannelInactive(AbstractChannelHandlerContext.java:224) [netty-all-4.1.11.Final.jar:4.1.11.Final]
	at io.netty.channel.ChannelInboundHandlerAdapter.channelInactive(ChannelInboundHandlerAdapter.java:75) [netty-all-4.1.11.Final.jar:4.1.11.Final]
	at io.netty.channel.AbstractChannelHandlerContext.invokeChannelInactive(AbstractChannelHandlerContext.java:245) [netty-all-4.1.11.Final.jar:4.1.11.Final]
	at io.netty.channel.AbstractChannelHandlerContext.invokeChannelInactive(AbstractChannelHandlerContext.java:231) [netty-all-4.1.11.Final.jar:4.1.11.Final]
	at io.netty.channel.AbstractChannelHandlerContext.fireChannelInactive(AbstractChannelHandlerContext.java:224) [netty-all-4.1.11.Final.jar:4.1.11.Final]
	at io.netty.handler.codec.ByteToMessageDecoder.channelInputClosed(ByteToMessageDecoder.java:377) [netty-all-4.1.11.Final.jar:4.1.11.Final]
	at io.netty.handler.codec.ByteToMessageDecoder.channelInactive(ByteToMessageDecoder.java:342) [netty-all-4.1.11.Final.jar:4.1.11.Final]
	at io.netty.channel.AbstractChannelHandlerContext.invokeChannelInactive(AbstractChannelHandlerContext.java:245) [netty-all-4.1.11.Final.jar:4.1.11.Final]
	at io.netty.channel.AbstractChannelHandlerContext.invokeChannelInactive(AbstractChannelHandlerContext.java:231) [netty-all-4.1.11.Final.jar:4.1.11.Final]
	at io.netty.channel.AbstractChannelHandlerContext.fireChannelInactive(AbstractChannelHandlerContext.java:224) [netty-all-4.1.11.Final.jar:4.1.11.Final]
	at io.netty.channel.DefaultChannelPipeline$HeadContext.channelInactive(DefaultChannelPipeline.java:1329) [netty-all-4.1.11.Final.jar:4.1.11.Final]
	at io.netty.channel.AbstractChannelHandlerContext.invokeChannelInactive(AbstractChannelHandlerContext.java:245) [netty-all-4.1.11.Final.jar:4.1.11.Final]
	at io.netty.channel.AbstractChannelHandlerContext.invokeChannelInactive(AbstractChannelHandlerContext.java:231) [netty-all-4.1.11.Final.jar:4.1.11.Final]
	at io.netty.channel.DefaultChannelPipeline.fireChannelInactive(DefaultChannelPipeline.java:908) [netty-all-4.1.11.Final.jar:4.1.11.Final]
	at io.netty.channel.AbstractChannel$AbstractUnsafe$7.run(AbstractChannel.java:744) [netty-all-4.1.11.Final.jar:4.1.11.Final]
	at io.netty.util.concurrent.AbstractEventExecutor.safeExecute(AbstractEventExecutor.java:163) [netty-all-4.1.11.Final.jar:4.1.11.Final]
	at io.netty.util.concurrent.SingleThreadEventExecutor.runAllTasks(SingleThreadEventExecutor.java:403) [netty-all-4.1.11.Final.jar:4.1.11.Final]
	at io.netty.channel.nio.NioEventLoop.run(NioEventLoop.java:462) [netty-all-4.1.11.Final.jar:4.1.11.Final]
	at io.netty.util.concurrent.SingleThreadEventExecutor$5.run(SingleThreadEventExecutor.java:858) [netty-all-4.1.11.Final.jar:4.1.11.Final]
	at io.netty.util.concurrent.DefaultThreadFactory$DefaultRunnableDecorator.run(DefaultThreadFactory.java:138) [netty-all-4.1.11.Final.jar:4.1.11.Final]
	at java.lang.Thread.run(Thread.java:750) [?:1.8.0_492]
Caused by: java.lang.IndexOutOfBoundsException: readerIndex(116) + length(4) exceeds writerIndex(118): PooledSlicedByteBuf(ridx: 116, widx: 118, cap: 118/118, unwrapped: PooledUnsafeDirectByteBuf(ridx: 118, widx: 118, cap: 1024))
	at io.netty.buffer.AbstractByteBuf.checkReadableBytes0(AbstractByteBuf.java:1396) ~[netty-all-4.1.11.Final.jar:4.1.11.Final]
	at io.netty.buffer.AbstractByteBuf.readInt(AbstractByteBuf.java:766) ~[netty-all-4.1.11.Final.jar:4.1.11.Final]
	at game.core.net.codec.ClientMessageCodeC.decode(ClientMessageCodeC.java:97) ~[GameCore.jar:?]
	at io.netty.handler.codec.ByteToMessageCodec$1.decode(ByteToMessageCodec.java:42) ~[netty-all-4.1.11.Final.jar:4.1.11.Final]
	at io.netty.handler.codec.ByteToMessageDecoder.decodeRemovalReentryProtection(ByteToMessageDecoder.java:489) ~[netty-all-4.1.11.Final.jar:4.1.11.Final]
	at io.netty.handler.codec.ByteToMessageDecoder.callDecode(ByteToMessageDecoder.java:428) ~[netty-all-4.1.11.Final.jar:4.1.11.Final]
	... 32 more
