2026-08-17 21:50:01.606 INFO [Thread-1][ScriptAbstractManager.java:420] - Build scriptLoader classpath: [/home/Game-Server/PublicServer/publicserver/PublicServer.jar:/home/Game-Server/PublicServer/publicserver/bin/:/home/Game-Server/PublicServer/publicserver/lib/slf4j-log4j12-1.7.6.jar:/home/Game-Server/PublicServer/publicserver/lib/disruptor-3.3.6.jar:/home/Game-Server/PublicServer/publicserver/lib/jackson-annotations-2.11.1.jar:/home/Game-Server/PublicServer/publicserver/lib/slf4j-api-1.7.6.jar:/home/Game-Server/PublicServer/publicserver/lib/netty-all-4.1.11.Final-sources.jar:/home/Game-Server/PublicServer/publicserver/lib/jackson-databind-2.11.1.jar:/home/Game-Server/PublicServer/publicserver/lib/log4j-api-2.17.0.jar:/home/Game-Server/PublicServer/publicserver/lib/GameCore.jar:/home/Game-Server/PublicServer/publicserver/lib/log4j-core-2.17.0.jar:/home/Game-Server/PublicServer/publicserver/lib/mybatis-3.2.5.jar:/home/Game-Server/PublicServer/publicserver/lib/httpcore-nio-4.4.5.jar:/home/Game-Server/PublicServer/publicserver/lib/netty-all-4.1.11.Final.jar:/home/Game-Server/PublicServer/publicserver/lib/httpasyncclient-4.1.2.jar:/home/Game-Server/PublicServer/publicserver/lib/httpclient-4.5.8.jar:/home/Game-Server/PublicServer/publicserver/lib/PushJavaSDK.jar:/home/Game-Server/PublicServer/publicserver/lib/httpcore-4.4.4.jar:/home/Game-Server/PublicServer/publicserver/lib/commons-lang-2.5.jar:/home/Game-Server/PublicServer/publicserver/lib/GameCfg.jar:/home/Game-Server/PublicServer/publicserver/lib/druid-1.0.15.jar:/home/Game-Server/PublicServer/publicserver/lib/mysql-connector-java-8.0.27.jar:/home/Game-Server/PublicServer/publicserver/lib/jackson-core-2.11.1.jar:/home/Game-Server/PublicServer/publicserver/lib/log4j-1.2.17.jar:/home/Game-Server/PublicServer/publicserver/lib/commons-codec-1.9.jar:/home/Game-Server/PublicServer/publicserver/lib/protobuf-java-2.5.0.jar:/home/Game-Server/PublicServer/publicserver/lib/commons-logging-1.0.4.jar:bin]
2026-08-17 21:50:03.062 INFO [Thread-1][ScriptAbstractManager.java:400] - Скрипт ID: 114, имя: common.activity.ActivityRankScript
2026-08-17 21:50:03.063 INFO [Thread-1][ScriptAbstractManager.java:400] - Скрипт ID: 124, имя: common.bravepeak.BravePeakManagerScript
2026-08-17 21:50:03.068 INFO [Thread-1][ScriptAbstractManager.java:400] - Скрипт ID: 130, имя: common.couplefight.CouplefightScript
2026-08-17 21:50:03.069 INFO [Thread-1][ScriptAbstractManager.java:400] - Скрипт ID: 129, имя: common.crosshorseboss.CrossHorseBossScript
2026-08-17 21:50:03.070 INFO [Thread-1][ScriptAbstractManager.java:400] - Скрипт ID: 128, имя: common.crossrank.CrossRankScript
2026-08-17 21:50:03.070 INFO [Thread-1][ScriptAbstractManager.java:400] - Скрипт ID: 118, имя: common.dailyactive.DailyActiveScript
2026-08-17 21:50:03.072 INFO [Thread-1][ScriptAbstractManager.java:400] - Скрипт ID: 122, имя: common.eightdiagrams.EightDiagramsScript
2026-08-17 21:50:03.073 INFO [Thread-1][ScriptAbstractManager.java:400] - Скрипт ID: 105, имя: common.fightroom.FightManagerScript
2026-08-17 21:50:03.075 INFO [Thread-1][ScriptAbstractManager.java:400] - Скрипт ID: 123, имя: common.fud.AlienScript
2026-08-17 21:50:03.076 INFO [Thread-1][ScriptAbstractManager.java:400] - Скрипт ID: 111, имя: common.fud.DevilFudScript
2026-08-17 21:50:03.080 INFO [Thread-1][ScriptAbstractManager.java:400] - Скрипт ID: 112, имя: common.fud.FudScript
2026-08-17 21:50:03.081 INFO [Thread-1][ScriptAbstractManager.java:400] - Скрипт ID: 102, имя: common.gameserver.GSManagerScript
2026-08-17 21:50:03.082 INFO [Thread-1][ScriptAbstractManager.java:400] - Скрипт ID: 121, имя: common.goddevilwar.GodDevilWarScript
2026-08-17 21:50:03.089 INFO [Thread-1][ScriptAbstractManager.java:400] - Скрипт ID: 103, имя: common.http.HttpBackScript
2026-08-17 21:50:03.090 INFO [Thread-1][ScriptAbstractManager.java:400] - Скрипт ID: 120, имя: common.ninedaysfocused.NineDaysFocusedScript
2026-08-17 21:50:03.092 INFO [Thread-1][ScriptAbstractManager.java:400] - Скрипт ID: 113, имя: common.peak.PeakScript
2026-08-17 21:50:03.093 INFO [Thread-1][ScriptAbstractManager.java:400] - Скрипт ID: 126, имя: common.questionnaire.QuestionaireScript
2026-08-17 21:50:03.093 INFO [Thread-1][ScriptAbstractManager.java:400] - Скрипт ID: 50, имя: common.server.ErrorLogReport
2026-08-17 21:50:03.094 INFO [Thread-1][ScriptAbstractManager.java:400] - Скрипт ID: 108, имя: common.server.GMScript
2026-08-17 21:50:03.095 INFO [Thread-1][ScriptAbstractManager.java:400] - Скрипт ID: 101, имя: common.server.ServerStart
2026-08-17 21:50:03.096 INFO [Thread-1][ScriptAbstractManager.java:400] - Скрипт ID: 117, имя: common.servermatch.ServerMatchManagerScript
2026-08-17 21:50:03.097 INFO [Thread-1][ScriptAbstractManager.java:400] - Скрипт ID: 115, имя: common.soulanimalforest.SoulAnimalForestManagerScript
2026-08-17 21:50:03.098 INFO [Thread-1][ScriptAbstractManager.java:400] - Скрипт ID: 127, имя: common.universewar.UniverseWarScript
2026-08-17 21:50:03.100 INFO [Thread-1][ScriptAbstractManager.java:400] - Скрипт ID: 125, имя: common.worldBonfire.WorldBonfireScript
2026-08-17 21:50:03.101 INFO [Thread-1][ScriptAbstractManager.java:400] - Скрипт ID: 119, имя: common.worldanswer.WorldAnswerScript
2026-08-17 21:50:03.102 INFO [Thread-1][ScriptAbstractManager.java:400] - Скрипт ID: 110, имя: common.zone.ZoneDealHandlerScript
2026-08-17 21:50:03.103 INFO [Thread-1][ScriptAbstractManager.java:400] - Скрипт ID: 106, имя: common.zone.ZoneManagerScript
2026-08-17 21:50:03.114 INFO [Thread-1][LogService.java:87] - Инициализация сервиса базы данных логов
2026-08-17 21:50:03.145 INFO [Thread-1][LogService.java:120] - Запуск пула соединений с базой данных логов завершён: jdbc:mysql://127.0.0.1:3306/tzj_public_log?autoReconnect=true&useUnicode=true&characterEncoding=utf8&nullCatalogMeansCurrent=true
2026-08-17 21:50:04.440 INFO [Thread-1][LogService.java:173] - Проверка таблицы: fightroomcreatelog202608
2026-08-17 21:50:04.494 INFO [Thread-1][LogService.java:272] - Проверка таблицы fightroomcreatelog202608 завершена
2026-08-17 21:50:04.495 INFO [Thread-1][LogService.java:173] - Проверка таблицы: questionnairelog2026
2026-08-17 21:50:04.519 INFO [Thread-1][LogService.java:272] - Проверка таблицы questionnairelog2026 завершена
2026-08-17 21:50:04.519 INFO [Thread-1][LogService.java:125] - Запуск пула потоков для логов завершён
2026-08-17 21:50:04.519 INFO [Thread-1][LogService.java:129] - Инициализация сервиса базы данных логов завершена
2026-08-17 21:50:04.533 INFO [Thread-1][QuestionnaireManager.java:87] - 开始时间：1590958800000
2026-08-17 21:50:04.533 INFO [Thread-1][QuestionnaireManager.java:88] - 结束时间：1593550799000
2026-08-17 21:50:05.894 INFO [Thread-1][ServerParamUtil.java:217] - Параметры сервера успешно загружены!
2026-08-17 21:50:05.896 INFO [Thread-1][ServerMatchManager.java:178] - Начальное время: 2026-08-18 00:00:00 — расчётное время: 2026-08-18 00:00:00
2026-08-17 21:50:05.898 INFO [Thread-1][ServerMatchManager.java:178] - Начальное время: 2026-08-18 00:00:00 — расчётное время: 2026-08-18 00:00:00
2026-08-17 21:50:05.910 INFO [Thread-1][ServerMatchManagerScript.java:251] - markServer bigGroupId-- 1  state-- 8 groupID-- 30001  serverId1001-- openDay-- 1194  firstConnect-- 1782934435779 newinfo-- {1=2, 2=10001, 4=20001, 8=30001} 
2026-08-17 21:50:05.912 INFO [Thread-1][ServerMatchManagerScript.java:251] - markServer bigGroupId-- 1  state-- 1 groupID-- 2  serverId1001-- openDay-- 1194  firstConnect-- 1782934435779 newinfo-- {1=2, 2=10001, 4=20001, 8=30001} 
2026-08-17 21:50:05.913 INFO [Thread-1][ServerMatchManagerScript.java:251] - markServer bigGroupId-- 1  state-- 2 groupID-- 10001  serverId1001-- openDay-- 1194  firstConnect-- 1782934435779 newinfo-- {1=2, 2=10001, 4=20001, 8=30001} 
2026-08-17 21:50:05.914 INFO [Thread-1][ServerMatchManagerScript.java:251] - markServer bigGroupId-- 1  state-- 4 groupID-- 20001  serverId1001-- openDay-- 1194  firstConnect-- 1782934435779 newinfo-- {1=2, 2=10001, 4=20001, 8=30001} 
2026-08-17 21:50:05.949 INFO [Thread-1][CrossRankManager.java:90] - 跨服世界等级 timer 初始化成功
2026-08-17 21:50:05.997 INFO [Thread-1][FudScript.java:606] - 加载福地分组数据 len=0
2026-08-17 21:50:06.011 INFO [Thread-1][FudScript.java:614] - 加载福地玩家数据 len=0
2026-08-17 21:50:06.092 INFO [Thread-1][PeakScript.java:690] - 加载巅峰竞技场数据 len=0 rank=0
2026-08-17 21:50:06.107 INFO [Thread-1][MainServer.java:237] - Public сервер успешно запущен!
2026-08-17 21:50:06.528 INFO [nioEventLoopGroup-4-1][SocketServer.java:61] - HTTP порт  успешно запущен на порту 9201!
2026-08-17 21:50:06.528 INFO [nioEventLoopGroup-2-1][SocketServer.java:61] - publicserver успешно запущен на порту 9200!
2026-08-17 21:50:07.507 INFO [nioEventLoopGroup-3-1][InnerMsgAdapter.java:105] - Игровой сервер впервые регистрируется: InnerMsgAdapter#0 :[id: 0x1960d886, L:/94.250.249.128:9200 - R:/94.250.249.128:47618]
2026-08-17 21:50:07.509 INFO [nioEventLoopGroup-3-1][InnerMsgAdapter.java:155] - Первичная регистрация подключения выполнена успешно!
2026-08-17 21:50:07.517 INFO [nioEventLoopGroup-3-1][InnerMsgAdapter.java:93] - Игровой сервер начал подключение: InnerMsgAdapter#0 :[id: 0x1960d886, L:/94.250.249.128:9200 - R:/94.250.249.128:47618] — порядковый номер подключения: 1
2026-08-17 21:50:07.715 ERROR [Thread-6][GameServerManager.java:213] - Нет активных подключений к боевым серверам =========================
2026-08-17 21:50:07.721 INFO [Thread-6][GSManagerScript.java:509] - 注册 社交服务器 server=com.game.gameserver.structs.ServerInfo@135397e8｝
2026-08-17 21:51:00.098 INFO [Public service][DailyActiveScript.java:217] - 日常活动id=2【掌门传道】开始阶段
2026-08-17 21:51:00.098 INFO [Public service][DailyActiveScript.java:217] - 日常活动id=14【神兽首领】开始阶段
2026-08-17 21:51:00.099 INFO [Public service][DailyActiveScript.java:217] - 日常活动id=113【诸界远征】开始阶段
2026-08-17 21:51:00.100 INFO [Public service][FudScript.java:985] - 跨服福地活动开启
2026-08-17 21:51:00.100 INFO [Public service][FudScript.java:777] - 跨服福地分配福地 !!!!Day=2026-08-17 21:51:00
2026-08-17 21:51:00.108 INFO [Public service][FudScript.java:939] - 分配出生福地 group=FudGroup{groupId=30001, stage=8, openDay=1194, worldLevel=79, servers=[1001]} camp=FudCamp{camp=1, serverList=[1001]} city=FudCity{cityId=801, state=2, camp=1}
2026-08-17 21:51:00.110 INFO [Public service][FudScript.java:939] - 分配出生福地 group=FudGroup{groupId=20001, stage=4, openDay=0, worldLevel=0, servers=[1001]} camp=FudCamp{camp=1, serverList=[1001]} city=FudCity{cityId=401, state=2, camp=1}
2026-08-17 21:51:00.110 INFO [Public service][FudScript.java:939] - 分配出生福地 group=FudGroup{groupId=10001, stage=2, openDay=0, worldLevel=0, servers=[1001]} camp=FudCamp{camp=1, serverList=[1001]} city=FudCity{cityId=201, state=2, camp=1}
2026-08-17 21:51:00.112 INFO [Public service][FudScript.java:817] - 分配组成功 group=FudGroup{groupId=30001, stage=8, openDay=1194, worldLevel=79, servers=[1001]}
2026-08-17 21:51:00.113 INFO [Public service][FudScript.java:817] - 分配组成功 group=FudGroup{groupId=20001, stage=4, openDay=0, worldLevel=0, servers=[1001]}
2026-08-17 21:51:00.113 INFO [Public service][FudScript.java:817] - 分配组成功 group=FudGroup{groupId=10001, stage=2, openDay=0, worldLevel=0, servers=[1001]}
2026-08-17 21:51:00.114 INFO [Public service][QuestionaireScript.java:59] - 有奖问答结束
2026-08-17 21:51:06.002 INFO [Public service][CrossRankScript.java:261] - 开始计算跨服世界等级
2026-08-17 21:52:44.882 INFO [nioEventLoopGroup-3-2][InnerMsgAdapter.java:105] - Игровой сервер впервые регистрируется: InnerMsgAdapter#0 :[id: 0x4a21bfc6, L:/94.250.249.128:9200 - R:/94.250.249.128:41742]
2026-08-17 21:52:44.882 INFO [nioEventLoopGroup-3-2][InnerMsgAdapter.java:155] - Первичная регистрация подключения выполнена успешно!
2026-08-17 21:52:44.883 INFO [nioEventLoopGroup-3-2][InnerMsgAdapter.java:93] - Игровой сервер начал подключение: InnerMsgAdapter#0 :[id: 0x4a21bfc6, L:/94.250.249.128:9200 - R:/94.250.249.128:41742] — порядковый номер подключения: 2
2026-08-17 21:52:50.093 INFO [Thread-7][GameServerManager.java:90] - cn _ 1001 — ID зарегистрированного игрового сервера: 1001, ip: 94.250.249.128
2026-08-17 21:52:50.096 INFO [Thread-7][ServerMatchManagerScript.java:251] - markServer bigGroupId-- 1  state-- 8 groupID-- 30001  serverId1001-- openDay-- 1194  firstConnect-- 1782934435779 newinfo-- {1=2, 2=10001, 4=20001, 8=30001} 
2026-08-17 21:52:50.098 INFO [Thread-7][ServerMatchManagerScript.java:251] - markServer bigGroupId-- 1  state-- 1 groupID-- 2  serverId1001-- openDay-- 1194  firstConnect-- 1782934435779 newinfo-- {1=2, 2=10001, 4=20001, 8=30001} 
2026-08-17 21:52:50.098 INFO [Thread-7][ServerMatchManagerScript.java:251] - markServer bigGroupId-- 1  state-- 2 groupID-- 10001  serverId1001-- openDay-- 1194  firstConnect-- 1782934435779 newinfo-- {1=2, 2=10001, 4=20001, 8=30001} 
2026-08-17 21:52:50.099 INFO [Thread-7][ServerMatchManagerScript.java:251] - markServer bigGroupId-- 1  state-- 4 groupID-- 20001  serverId1001-- openDay-- 1194  firstConnect-- 1782934435779 newinfo-- {1=2, 2=10001, 4=20001, 8=30001} 
2026-08-17 21:52:50.113 ERROR [Thread-7][CrossRankScript.java:240] - allCrosRankMap  size  == 0
2026-08-17 21:52:50.266 INFO [Thread-7][GSManagerScript.java:252] - [id: 0x4a21bfc6, L:/94.250.249.128:9200 - R:/94.250.249.128:41742] 注册来的信息是：sinfo {
  serverId: 1001
  serverIP: "94.250.249.128"
  serverPort: 9101
  serverType: 1
  platformMark: "cn"
  version: "20170615"
  serverOpentime: "2023-05-12 00:00:00"
  serverWorldlv: 79
}
combinedIds: 1001

