2026-08-17 19:02:06.792 ERROR [Thread-5][SocketServer.java:80] - publicserver освобождение порта!
2026-08-17 19:02:06.807 INFO [nioEventLoopGroup-3-1][InnerMsgAdapter.java:118] - Игровой сервер отключился: InnerMsgAdapter#0 :[id: 0x4cf16503, L:/94.250.249.128:9200 ! R:/94.250.249.128:60318]
2026-08-17 19:02:06.807 INFO [nioEventLoopGroup-3-1][InnerMsgAdapter.java:155] - channelInactive: подключение удалено!
2026-08-17 19:02:06.807 INFO [nioEventLoopGroup-3-1][InnerMsgAdapter.java:132] - Игровой сервер вышел из регистрации: InnerMsgAdapter#0 :[id: 0x4cf16503, L:/94.250.249.128:9200 ! R:/94.250.249.128:60318]
2026-08-17 19:02:11.286 ERROR [Thread-2][HttpUtils.java:90] - 异常http://94.250.249.128:8080/APIServer/error/addlog
java.net.ConnectException: Connection refused (Connection refused)
	at java.net.PlainSocketImpl.socketConnect(Native Method) ~[?:1.8.0_492]
	at java.net.AbstractPlainSocketImpl.doConnect(AbstractPlainSocketImpl.java:350) ~[?:1.8.0_492]
	at java.net.AbstractPlainSocketImpl.connectToAddress(AbstractPlainSocketImpl.java:206) ~[?:1.8.0_492]
	at java.net.AbstractPlainSocketImpl.connect(AbstractPlainSocketImpl.java:188) ~[?:1.8.0_492]
	at java.net.SocksSocketImpl.connect(SocksSocketImpl.java:392) ~[?:1.8.0_492]
	at java.net.Socket.connect(Socket.java:607) ~[?:1.8.0_492]
	at sun.net.NetworkClient.doConnect(NetworkClient.java:175) ~[?:1.8.0_492]
	at sun.net.www.http.HttpClient.openServer(HttpClient.java:465) ~[?:1.8.0_492]
	at sun.net.www.http.HttpClient.openServer(HttpClient.java:560) ~[?:1.8.0_492]
	at sun.net.www.http.HttpClient.<init>(HttpClient.java:246) ~[?:1.8.0_492]
	at sun.net.www.http.HttpClient.New(HttpClient.java:341) ~[?:1.8.0_492]
	at sun.net.www.http.HttpClient.New(HttpClient.java:359) ~[?:1.8.0_492]
	at sun.net.www.protocol.http.HttpURLConnection.getNewHttpClient(HttpURLConnection.java:1245) ~[?:1.8.0_492]
	at sun.net.www.protocol.http.HttpURLConnection.plainConnect0(HttpURLConnection.java:1179) ~[?:1.8.0_492]
	at sun.net.www.protocol.http.HttpURLConnection.plainConnect(HttpURLConnection.java:1073) ~[?:1.8.0_492]
	at sun.net.www.protocol.http.HttpURLConnection.connect(HttpURLConnection.java:1007) ~[?:1.8.0_492]
	at sun.net.www.protocol.http.HttpURLConnection.getOutputStream0(HttpURLConnection.java:1359) ~[?:1.8.0_492]
	at sun.net.www.protocol.http.HttpURLConnection.getOutputStream(HttpURLConnection.java:1334) ~[?:1.8.0_492]
	at game.core.util.HttpUtils.sendPost(HttpUtils.java:66) [GameCore.jar:?]
	at game.core.util.HttpUtils.sendPost(HttpUtils.java:36) [GameCore.jar:?]
	at common.server.ErrorLogReport.sendLog(ErrorLogReport.java:154) [PublicServer.jar:?]
	at common.server.ErrorLogReport.addlog(ErrorLogReport.java:54) [PublicServer.jar:?]
	at com.game.server.errorlog.ErrorLogThread.run(ErrorLogThread.java:72) [PublicServer.jar:?]
2026-08-17 19:02:11.289 ERROR [Thread-2][HttpUtils.java:93] - java.net.ConnectException: Connection refused (Connection refused)
java.net.ConnectException: Connection refused (Connection refused)
	at java.net.PlainSocketImpl.socketConnect(Native Method) ~[?:1.8.0_492]
	at java.net.AbstractPlainSocketImpl.doConnect(AbstractPlainSocketImpl.java:350) ~[?:1.8.0_492]
	at java.net.AbstractPlainSocketImpl.connectToAddress(AbstractPlainSocketImpl.java:206) ~[?:1.8.0_492]
	at java.net.AbstractPlainSocketImpl.connect(AbstractPlainSocketImpl.java:188) ~[?:1.8.0_492]
	at java.net.SocksSocketImpl.connect(SocksSocketImpl.java:392) ~[?:1.8.0_492]
	at java.net.Socket.connect(Socket.java:607) ~[?:1.8.0_492]
	at sun.net.NetworkClient.doConnect(NetworkClient.java:175) ~[?:1.8.0_492]
	at sun.net.www.http.HttpClient.openServer(HttpClient.java:465) ~[?:1.8.0_492]
	at sun.net.www.http.HttpClient.openServer(HttpClient.java:560) ~[?:1.8.0_492]
	at sun.net.www.http.HttpClient.<init>(HttpClient.java:246) ~[?:1.8.0_492]
	at sun.net.www.http.HttpClient.New(HttpClient.java:341) ~[?:1.8.0_492]
	at sun.net.www.http.HttpClient.New(HttpClient.java:359) ~[?:1.8.0_492]
	at sun.net.www.protocol.http.HttpURLConnection.getNewHttpClient(HttpURLConnection.java:1245) ~[?:1.8.0_492]
	at sun.net.www.protocol.http.HttpURLConnection.plainConnect0(HttpURLConnection.java:1179) ~[?:1.8.0_492]
	at sun.net.www.protocol.http.HttpURLConnection.plainConnect(HttpURLConnection.java:1073) ~[?:1.8.0_492]
	at sun.net.www.protocol.http.HttpURLConnection.connect(HttpURLConnection.java:1007) ~[?:1.8.0_492]
	at sun.net.www.protocol.http.HttpURLConnection.getOutputStream0(HttpURLConnection.java:1359) ~[?:1.8.0_492]
	at sun.net.www.protocol.http.HttpURLConnection.getOutputStream(HttpURLConnection.java:1334) ~[?:1.8.0_492]
	at game.core.util.HttpUtils.sendPost(HttpUtils.java:66) [GameCore.jar:?]
	at game.core.util.HttpUtils.sendPost(HttpUtils.java:36) [GameCore.jar:?]
	at common.server.ErrorLogReport.sendLog(ErrorLogReport.java:154) [PublicServer.jar:?]
	at common.server.ErrorLogReport.addlog(ErrorLogReport.java:54) [PublicServer.jar:?]
	at com.game.server.errorlog.ErrorLogThread.run(ErrorLogThread.java:72) [PublicServer.jar:?]
2026-08-17 19:02:11.290 ERROR [Thread-2][HttpUtils.java:112] - java.net.ConnectException: Connection refused (Connection refused)
java.net.ConnectException: Connection refused (Connection refused)
	at java.net.PlainSocketImpl.socketConnect(Native Method) ~[?:1.8.0_492]
	at java.net.AbstractPlainSocketImpl.doConnect(AbstractPlainSocketImpl.java:350) ~[?:1.8.0_492]
	at java.net.AbstractPlainSocketImpl.connectToAddress(AbstractPlainSocketImpl.java:206) ~[?:1.8.0_492]
	at java.net.AbstractPlainSocketImpl.connect(AbstractPlainSocketImpl.java:188) ~[?:1.8.0_492]
	at java.net.SocksSocketImpl.connect(SocksSocketImpl.java:392) ~[?:1.8.0_492]
	at java.net.Socket.connect(Socket.java:607) ~[?:1.8.0_492]
	at sun.net.NetworkClient.doConnect(NetworkClient.java:175) ~[?:1.8.0_492]
	at sun.net.www.http.HttpClient.openServer(HttpClient.java:465) ~[?:1.8.0_492]
	at sun.net.www.http.HttpClient.openServer(HttpClient.java:560) ~[?:1.8.0_492]
	at sun.net.www.http.HttpClient.<init>(HttpClient.java:246) ~[?:1.8.0_492]
	at sun.net.www.http.HttpClient.New(HttpClient.java:341) ~[?:1.8.0_492]
	at sun.net.www.http.HttpClient.New(HttpClient.java:359) ~[?:1.8.0_492]
	at sun.net.www.protocol.http.HttpURLConnection.getNewHttpClient(HttpURLConnection.java:1245) ~[?:1.8.0_492]
	at sun.net.www.protocol.http.HttpURLConnection.plainConnect0(HttpURLConnection.java:1179) ~[?:1.8.0_492]
	at sun.net.www.protocol.http.HttpURLConnection.plainConnect(HttpURLConnection.java:1073) ~[?:1.8.0_492]
	at sun.net.www.protocol.http.HttpURLConnection.connect(HttpURLConnection.java:1007) ~[?:1.8.0_492]
	at sun.net.www.protocol.http.HttpURLConnection.getInputStream0(HttpURLConnection.java:1589) ~[?:1.8.0_492]
	at sun.net.www.protocol.http.HttpURLConnection.getInputStream(HttpURLConnection.java:1517) ~[?:1.8.0_492]
	at game.core.util.HttpUtils.sendPost(HttpUtils.java:104) [GameCore.jar:?]
	at game.core.util.HttpUtils.sendPost(HttpUtils.java:36) [GameCore.jar:?]
	at common.server.ErrorLogReport.sendLog(ErrorLogReport.java:154) [PublicServer.jar:?]
	at common.server.ErrorLogReport.addlog(ErrorLogReport.java:54) [PublicServer.jar:?]
	at com.game.server.errorlog.ErrorLogThread.run(ErrorLogThread.java:72) [PublicServer.jar:?]
2026-08-17 19:02:15.182 ERROR [Thread-2][HttpUtils.java:90] - 异常http://94.250.249.128:8080/APIServer/error/addlog
java.net.ConnectException: Network is unreachable (connect failed)
	at java.net.PlainSocketImpl.socketConnect(Native Method) ~[?:1.8.0_492]
	at java.net.AbstractPlainSocketImpl.doConnect(AbstractPlainSocketImpl.java:350) ~[?:1.8.0_492]
	at java.net.AbstractPlainSocketImpl.connectToAddress(AbstractPlainSocketImpl.java:206) ~[?:1.8.0_492]
	at java.net.AbstractPlainSocketImpl.connect(AbstractPlainSocketImpl.java:188) ~[?:1.8.0_492]
	at java.net.SocksSocketImpl.connect(SocksSocketImpl.java:392) ~[?:1.8.0_492]
	at java.net.Socket.connect(Socket.java:607) ~[?:1.8.0_492]
	at sun.net.NetworkClient.doConnect(NetworkClient.java:175) ~[?:1.8.0_492]
	at sun.net.www.http.HttpClient.openServer(HttpClient.java:465) ~[?:1.8.0_492]
	at sun.net.www.http.HttpClient.openServer(HttpClient.java:560) ~[?:1.8.0_492]
	at sun.net.www.http.HttpClient.<init>(HttpClient.java:246) ~[?:1.8.0_492]
	at sun.net.www.http.HttpClient.New(HttpClient.java:341) ~[?:1.8.0_492]
	at sun.net.www.http.HttpClient.New(HttpClient.java:359) ~[?:1.8.0_492]
	at sun.net.www.protocol.http.HttpURLConnection.getNewHttpClient(HttpURLConnection.java:1245) ~[?:1.8.0_492]
	at sun.net.www.protocol.http.HttpURLConnection.plainConnect0(HttpURLConnection.java:1179) ~[?:1.8.0_492]
	at sun.net.www.protocol.http.HttpURLConnection.plainConnect(HttpURLConnection.java:1073) ~[?:1.8.0_492]
	at sun.net.www.protocol.http.HttpURLConnection.connect(HttpURLConnection.java:1007) ~[?:1.8.0_492]
	at sun.net.www.protocol.http.HttpURLConnection.getOutputStream0(HttpURLConnection.java:1359) ~[?:1.8.0_492]
	at sun.net.www.protocol.http.HttpURLConnection.getOutputStream(HttpURLConnection.java:1334) ~[?:1.8.0_492]
	at game.core.util.HttpUtils.sendPost(HttpUtils.java:66) [GameCore.jar:?]
	at game.core.util.HttpUtils.sendPost(HttpUtils.java:36) [GameCore.jar:?]
	at common.server.ErrorLogReport.sendLog(ErrorLogReport.java:154) [PublicServer.jar:?]
	at common.server.ErrorLogReport.addlog(ErrorLogReport.java:54) [PublicServer.jar:?]
	at com.game.server.errorlog.ErrorLogThread.run(ErrorLogThread.java:72) [PublicServer.jar:?]
2026-08-17 19:02:15.182 ERROR [Thread-2][HttpUtils.java:93] - java.net.ConnectException: Network is unreachable (connect failed)
java.net.ConnectException: Network is unreachable (connect failed)
	at java.net.PlainSocketImpl.socketConnect(Native Method) ~[?:1.8.0_492]
	at java.net.AbstractPlainSocketImpl.doConnect(AbstractPlainSocketImpl.java:350) ~[?:1.8.0_492]
	at java.net.AbstractPlainSocketImpl.connectToAddress(AbstractPlainSocketImpl.java:206) ~[?:1.8.0_492]
	at java.net.AbstractPlainSocketImpl.connect(AbstractPlainSocketImpl.java:188) ~[?:1.8.0_492]
	at java.net.SocksSocketImpl.connect(SocksSocketImpl.java:392) ~[?:1.8.0_492]
	at java.net.Socket.connect(Socket.java:607) ~[?:1.8.0_492]
	at sun.net.NetworkClient.doConnect(NetworkClient.java:175) ~[?:1.8.0_492]
	at sun.net.www.http.HttpClient.openServer(HttpClient.java:465) ~[?:1.8.0_492]
	at sun.net.www.http.HttpClient.openServer(HttpClient.java:560) ~[?:1.8.0_492]
	at sun.net.www.http.HttpClient.<init>(HttpClient.java:246) ~[?:1.8.0_492]
	at sun.net.www.http.HttpClient.New(HttpClient.java:341) ~[?:1.8.0_492]
	at sun.net.www.http.HttpClient.New(HttpClient.java:359) ~[?:1.8.0_492]
	at sun.net.www.protocol.http.HttpURLConnection.getNewHttpClient(HttpURLConnection.java:1245) ~[?:1.8.0_492]
	at sun.net.www.protocol.http.HttpURLConnection.plainConnect0(HttpURLConnection.java:1179) ~[?:1.8.0_492]
	at sun.net.www.protocol.http.HttpURLConnection.plainConnect(HttpURLConnection.java:1073) ~[?:1.8.0_492]
	at sun.net.www.protocol.http.HttpURLConnection.connect(HttpURLConnection.java:1007) ~[?:1.8.0_492]
	at sun.net.www.protocol.http.HttpURLConnection.getOutputStream0(HttpURLConnection.java:1359) ~[?:1.8.0_492]
	at sun.net.www.protocol.http.HttpURLConnection.getOutputStream(HttpURLConnection.java:1334) ~[?:1.8.0_492]
	at game.core.util.HttpUtils.sendPost(HttpUtils.java:66) [GameCore.jar:?]
	at game.core.util.HttpUtils.sendPost(HttpUtils.java:36) [GameCore.jar:?]
	at common.server.ErrorLogReport.sendLog(ErrorLogReport.java:154) [PublicServer.jar:?]
	at common.server.ErrorLogReport.addlog(ErrorLogReport.java:54) [PublicServer.jar:?]
	at com.game.server.errorlog.ErrorLogThread.run(ErrorLogThread.java:72) [PublicServer.jar:?]
2026-08-17 19:02:15.184 ERROR [Thread-2][HttpUtils.java:112] - java.net.ConnectException: Network is unreachable (connect failed)
java.net.ConnectException: Network is unreachable (connect failed)
	at java.net.PlainSocketImpl.socketConnect(Native Method) ~[?:1.8.0_492]
	at java.net.AbstractPlainSocketImpl.doConnect(AbstractPlainSocketImpl.java:350) ~[?:1.8.0_492]
	at java.net.AbstractPlainSocketImpl.connectToAddress(AbstractPlainSocketImpl.java:206) ~[?:1.8.0_492]
	at java.net.AbstractPlainSocketImpl.connect(AbstractPlainSocketImpl.java:188) ~[?:1.8.0_492]
	at java.net.SocksSocketImpl.connect(SocksSocketImpl.java:392) ~[?:1.8.0_492]
	at java.net.Socket.connect(Socket.java:607) ~[?:1.8.0_492]
	at sun.net.NetworkClient.doConnect(NetworkClient.java:175) ~[?:1.8.0_492]
	at sun.net.www.http.HttpClient.openServer(HttpClient.java:465) ~[?:1.8.0_492]
	at sun.net.www.http.HttpClient.openServer(HttpClient.java:560) ~[?:1.8.0_492]
	at sun.net.www.http.HttpClient.<init>(HttpClient.java:246) ~[?:1.8.0_492]
	at sun.net.www.http.HttpClient.New(HttpClient.java:341) ~[?:1.8.0_492]
	at sun.net.www.http.HttpClient.New(HttpClient.java:359) ~[?:1.8.0_492]
	at sun.net.www.protocol.http.HttpURLConnection.getNewHttpClient(HttpURLConnection.java:1245) ~[?:1.8.0_492]
	at sun.net.www.protocol.http.HttpURLConnection.plainConnect0(HttpURLConnection.java:1179) ~[?:1.8.0_492]
	at sun.net.www.protocol.http.HttpURLConnection.plainConnect(HttpURLConnection.java:1073) ~[?:1.8.0_492]
	at sun.net.www.protocol.http.HttpURLConnection.connect(HttpURLConnection.java:1007) ~[?:1.8.0_492]
	at sun.net.www.protocol.http.HttpURLConnection.getInputStream0(HttpURLConnection.java:1589) ~[?:1.8.0_492]
	at sun.net.www.protocol.http.HttpURLConnection.getInputStream(HttpURLConnection.java:1517) ~[?:1.8.0_492]
	at game.core.util.HttpUtils.sendPost(HttpUtils.java:104) [GameCore.jar:?]
	at game.core.util.HttpUtils.sendPost(HttpUtils.java:36) [GameCore.jar:?]
	at common.server.ErrorLogReport.sendLog(ErrorLogReport.java:154) [PublicServer.jar:?]
	at common.server.ErrorLogReport.addlog(ErrorLogReport.java:54) [PublicServer.jar:?]
	at com.game.server.errorlog.ErrorLogThread.run(ErrorLogThread.java:72) [PublicServer.jar:?]
2026-08-17 19:02:19.190 ERROR [Thread-2][HttpUtils.java:90] - 异常http://94.250.249.128:8080/APIServer/error/addlog
java.net.ConnectException: Network is unreachable (connect failed)
	at java.net.PlainSocketImpl.socketConnect(Native Method) ~[?:1.8.0_492]
	at java.net.AbstractPlainSocketImpl.doConnect(AbstractPlainSocketImpl.java:350) ~[?:1.8.0_492]
	at java.net.AbstractPlainSocketImpl.connectToAddress(AbstractPlainSocketImpl.java:206) ~[?:1.8.0_492]
	at java.net.AbstractPlainSocketImpl.connect(AbstractPlainSocketImpl.java:188) ~[?:1.8.0_492]
	at java.net.SocksSocketImpl.connect(SocksSocketImpl.java:392) ~[?:1.8.0_492]
	at java.net.Socket.connect(Socket.java:607) ~[?:1.8.0_492]
	at sun.net.NetworkClient.doConnect(NetworkClient.java:175) ~[?:1.8.0_492]
	at sun.net.www.http.HttpClient.openServer(HttpClient.java:465) ~[?:1.8.0_492]
	at sun.net.www.http.HttpClient.openServer(HttpClient.java:560) ~[?:1.8.0_492]
	at sun.net.www.http.HttpClient.<init>(HttpClient.java:246) ~[?:1.8.0_492]
	at sun.net.www.http.HttpClient.New(HttpClient.java:341) ~[?:1.8.0_492]
	at sun.net.www.http.HttpClient.New(HttpClient.java:359) ~[?:1.8.0_492]
	at sun.net.www.protocol.http.HttpURLConnection.getNewHttpClient(HttpURLConnection.java:1245) ~[?:1.8.0_492]
	at sun.net.www.protocol.http.HttpURLConnection.plainConnect0(HttpURLConnection.java:1179) ~[?:1.8.0_492]
	at sun.net.www.protocol.http.HttpURLConnection.plainConnect(HttpURLConnection.java:1073) ~[?:1.8.0_492]
	at sun.net.www.protocol.http.HttpURLConnection.connect(HttpURLConnection.java:1007) ~[?:1.8.0_492]
	at sun.net.www.protocol.http.HttpURLConnection.getOutputStream0(HttpURLConnection.java:1359) ~[?:1.8.0_492]
	at sun.net.www.protocol.http.HttpURLConnection.getOutputStream(HttpURLConnection.java:1334) ~[?:1.8.0_492]
	at game.core.util.HttpUtils.sendPost(HttpUtils.java:66) [GameCore.jar:?]
	at game.core.util.HttpUtils.sendPost(HttpUtils.java:36) [GameCore.jar:?]
	at common.server.ErrorLogReport.sendLog(ErrorLogReport.java:154) [PublicServer.jar:?]
	at common.server.ErrorLogReport.addlog(ErrorLogReport.java:54) [PublicServer.jar:?]
	at com.game.server.errorlog.ErrorLogThread.run(ErrorLogThread.java:72) [PublicServer.jar:?]
2026-08-17 19:02:19.191 ERROR [Thread-2][HttpUtils.java:93] - java.net.ConnectException: Network is unreachable (connect failed)
java.net.ConnectException: Network is unreachable (connect failed)
	at java.net.PlainSocketImpl.socketConnect(Native Method) ~[?:1.8.0_492]
	at java.net.AbstractPlainSocketImpl.doConnect(AbstractPlainSocketImpl.java:350) ~[?:1.8.0_492]
	at java.net.AbstractPlainSocketImpl.connectToAddress(AbstractPlainSocketImpl.java:206) ~[?:1.8.0_492]
	at java.net.AbstractPlainSocketImpl.connect(AbstractPlainSocketImpl.java:188) ~[?:1.8.0_492]
	at java.net.SocksSocketImpl.connect(SocksSocketImpl.java:392) ~[?:1.8.0_492]
	at java.net.Socket.connect(Socket.java:607) ~[?:1.8.0_492]
	at sun.net.NetworkClient.doConnect(NetworkClient.java:175) ~[?:1.8.0_492]
	at sun.net.www.http.HttpClient.openServer(HttpClient.java:465) ~[?:1.8.0_492]
	at sun.net.www.http.HttpClient.openServer(HttpClient.java:560) ~[?:1.8.0_492]
	at sun.net.www.http.HttpClient.<init>(HttpClient.java:246) ~[?:1.8.0_492]
	at sun.net.www.http.HttpClient.New(HttpClient.java:341) ~[?:1.8.0_492]
	at sun.net.www.http.HttpClient.New(HttpClient.java:359) ~[?:1.8.0_492]
	at sun.net.www.protocol.http.HttpURLConnection.getNewHttpClient(HttpURLConnection.java:1245) ~[?:1.8.0_492]
	at sun.net.www.protocol.http.HttpURLConnection.plainConnect0(HttpURLConnection.java:1179) ~[?:1.8.0_492]
	at sun.net.www.protocol.http.HttpURLConnection.plainConnect(HttpURLConnection.java:1073) ~[?:1.8.0_492]
	at sun.net.www.protocol.http.HttpURLConnection.connect(HttpURLConnection.java:1007) ~[?:1.8.0_492]
	at sun.net.www.protocol.http.HttpURLConnection.getOutputStream0(HttpURLConnection.java:1359) ~[?:1.8.0_492]
	at sun.net.www.protocol.http.HttpURLConnection.getOutputStream(HttpURLConnection.java:1334) ~[?:1.8.0_492]
	at game.core.util.HttpUtils.sendPost(HttpUtils.java:66) [GameCore.jar:?]
	at game.core.util.HttpUtils.sendPost(HttpUtils.java:36) [GameCore.jar:?]
	at common.server.ErrorLogReport.sendLog(ErrorLogReport.java:154) [PublicServer.jar:?]
	at common.server.ErrorLogReport.addlog(ErrorLogReport.java:54) [PublicServer.jar:?]
	at com.game.server.errorlog.ErrorLogThread.run(ErrorLogThread.java:72) [PublicServer.jar:?]
2026-08-17 19:02:19.194 ERROR [Thread-2][HttpUtils.java:112] - java.net.ConnectException: Network is unreachable (connect failed)
java.net.ConnectException: Network is unreachable (connect failed)
	at java.net.PlainSocketImpl.socketConnect(Native Method) ~[?:1.8.0_492]
	at java.net.AbstractPlainSocketImpl.doConnect(AbstractPlainSocketImpl.java:350) ~[?:1.8.0_492]
	at java.net.AbstractPlainSocketImpl.connectToAddress(AbstractPlainSocketImpl.java:206) ~[?:1.8.0_492]
	at java.net.AbstractPlainSocketImpl.connect(AbstractPlainSocketImpl.java:188) ~[?:1.8.0_492]
	at java.net.SocksSocketImpl.connect(SocksSocketImpl.java:392) ~[?:1.8.0_492]
	at java.net.Socket.connect(Socket.java:607) ~[?:1.8.0_492]
	at sun.net.NetworkClient.doConnect(NetworkClient.java:175) ~[?:1.8.0_492]
	at sun.net.www.http.HttpClient.openServer(HttpClient.java:465) ~[?:1.8.0_492]
	at sun.net.www.http.HttpClient.openServer(HttpClient.java:560) ~[?:1.8.0_492]
	at sun.net.www.http.HttpClient.<init>(HttpClient.java:246) ~[?:1.8.0_492]
	at sun.net.www.http.HttpClient.New(HttpClient.java:341) ~[?:1.8.0_492]
	at sun.net.www.http.HttpClient.New(HttpClient.java:359) ~[?:1.8.0_492]
	at sun.net.www.protocol.http.HttpURLConnection.getNewHttpClient(HttpURLConnection.java:1245) ~[?:1.8.0_492]
	at sun.net.www.protocol.http.HttpURLConnection.plainConnect0(HttpURLConnection.java:1179) ~[?:1.8.0_492]
	at sun.net.www.protocol.http.HttpURLConnection.plainConnect(HttpURLConnection.java:1073) ~[?:1.8.0_492]
	at sun.net.www.protocol.http.HttpURLConnection.connect(HttpURLConnection.java:1007) ~[?:1.8.0_492]
	at sun.net.www.protocol.http.HttpURLConnection.getInputStream0(HttpURLConnection.java:1589) ~[?:1.8.0_492]
	at sun.net.www.protocol.http.HttpURLConnection.getInputStream(HttpURLConnection.java:1517) ~[?:1.8.0_492]
	at game.core.util.HttpUtils.sendPost(HttpUtils.java:104) [GameCore.jar:?]
	at game.core.util.HttpUtils.sendPost(HttpUtils.java:36) [GameCore.jar:?]
	at common.server.ErrorLogReport.sendLog(ErrorLogReport.java:154) [PublicServer.jar:?]
	at common.server.ErrorLogReport.addlog(ErrorLogReport.java:54) [PublicServer.jar:?]
	at com.game.server.errorlog.ErrorLogThread.run(ErrorLogThread.java:72) [PublicServer.jar:?]
2026-08-17 19:02:23.201 ERROR [Thread-2][HttpUtils.java:90] - 异常http://94.250.249.128:8080/APIServer/error/addlog
java.net.ConnectException: Network is unreachable (connect failed)
	at java.net.PlainSocketImpl.socketConnect(Native Method) ~[?:1.8.0_492]
	at java.net.AbstractPlainSocketImpl.doConnect(AbstractPlainSocketImpl.java:350) ~[?:1.8.0_492]
	at java.net.AbstractPlainSocketImpl.connectToAddress(AbstractPlainSocketImpl.java:206) ~[?:1.8.0_492]
	at java.net.AbstractPlainSocketImpl.connect(AbstractPlainSocketImpl.java:188) ~[?:1.8.0_492]
	at java.net.SocksSocketImpl.connect(SocksSocketImpl.java:392) ~[?:1.8.0_492]
	at java.net.Socket.connect(Socket.java:607) ~[?:1.8.0_492]
	at sun.net.NetworkClient.doConnect(NetworkClient.java:175) ~[?:1.8.0_492]
	at sun.net.www.http.HttpClient.openServer(HttpClient.java:465) ~[?:1.8.0_492]
	at sun.net.www.http.HttpClient.openServer(HttpClient.java:560) ~[?:1.8.0_492]
	at sun.net.www.http.HttpClient.<init>(HttpClient.java:246) ~[?:1.8.0_492]
	at sun.net.www.http.HttpClient.New(HttpClient.java:341) ~[?:1.8.0_492]
	at sun.net.www.http.HttpClient.New(HttpClient.java:359) ~[?:1.8.0_492]
	at sun.net.www.protocol.http.HttpURLConnection.getNewHttpClient(HttpURLConnection.java:1245) ~[?:1.8.0_492]
	at sun.net.www.protocol.http.HttpURLConnection.plainConnect0(HttpURLConnection.java:1179) ~[?:1.8.0_492]
	at sun.net.www.protocol.http.HttpURLConnection.plainConnect(HttpURLConnection.java:1073) ~[?:1.8.0_492]
	at sun.net.www.protocol.http.HttpURLConnection.connect(HttpURLConnection.java:1007) ~[?:1.8.0_492]
	at sun.net.www.protocol.http.HttpURLConnection.getOutputStream0(HttpURLConnection.java:1359) ~[?:1.8.0_492]
	at sun.net.www.protocol.http.HttpURLConnection.getOutputStream(HttpURLConnection.java:1334) ~[?:1.8.0_492]
	at game.core.util.HttpUtils.sendPost(HttpUtils.java:66) [GameCore.jar:?]
	at game.core.util.HttpUtils.sendPost(HttpUtils.java:36) [GameCore.jar:?]
	at common.server.ErrorLogReport.sendLog(ErrorLogReport.java:154) [PublicServer.jar:?]
	at common.server.ErrorLogReport.addlog(ErrorLogReport.java:54) [PublicServer.jar:?]
	at com.game.server.errorlog.ErrorLogThread.run(ErrorLogThread.java:72) [PublicServer.jar:?]
2026-08-17 19:02:23.202 ERROR [Thread-2][HttpUtils.java:93] - java.net.ConnectException: Network is unreachable (connect failed)
java.net.ConnectException: Network is unreachable (connect failed)
	at java.net.PlainSocketImpl.socketConnect(Native Method) ~[?:1.8.0_492]
	at java.net.AbstractPlainSocketImpl.doConnect(AbstractPlainSocketImpl.java:350) ~[?:1.8.0_492]
	at java.net.AbstractPlainSocketImpl.connectToAddress(AbstractPlainSocketImpl.java:206) ~[?:1.8.0_492]
	at java.net.AbstractPlainSocketImpl.connect(AbstractPlainSocketImpl.java:188) ~[?:1.8.0_492]
	at java.net.SocksSocketImpl.connect(SocksSocketImpl.java:392) ~[?:1.8.0_492]
	at java.net.Socket.connect(Socket.java:607) ~[?:1.8.0_492]
	at sun.net.NetworkClient.doConnect(NetworkClient.java:175) ~[?:1.8.0_492]
	at sun.net.www.http.HttpClient.openServer(HttpClient.java:465) ~[?:1.8.0_492]
	at sun.net.www.http.HttpClient.openServer(HttpClient.java:560) ~[?:1.8.0_492]
	at sun.net.www.http.HttpClient.<init>(HttpClient.java:246) ~[?:1.8.0_492]
	at sun.net.www.http.HttpClient.New(HttpClient.java:341) ~[?:1.8.0_492]
	at sun.net.www.http.HttpClient.New(HttpClient.java:359) ~[?:1.8.0_492]
	at sun.net.www.protocol.http.HttpURLConnection.getNewHttpClient(HttpURLConnection.java:1245) ~[?:1.8.0_492]
	at sun.net.www.protocol.http.HttpURLConnection.plainConnect0(HttpURLConnection.java:1179) ~[?:1.8.0_492]
	at sun.net.www.protocol.http.HttpURLConnection.plainConnect(HttpURLConnection.java:1073) ~[?:1.8.0_492]
	at sun.net.www.protocol.http.HttpURLConnection.connect(HttpURLConnection.java:1007) ~[?:1.8.0_492]
	at sun.net.www.protocol.http.HttpURLConnection.getOutputStream0(HttpURLConnection.java:1359) ~[?:1.8.0_492]
	at sun.net.www.protocol.http.HttpURLConnection.getOutputStream(HttpURLConnection.java:1334) ~[?:1.8.0_492]
	at game.core.util.HttpUtils.sendPost(HttpUtils.java:66) [GameCore.jar:?]
	at game.core.util.HttpUtils.sendPost(HttpUtils.java:36) [GameCore.jar:?]
	at common.server.ErrorLogReport.sendLog(ErrorLogReport.java:154) [PublicServer.jar:?]
	at common.server.ErrorLogReport.addlog(ErrorLogReport.java:54) [PublicServer.jar:?]
	at com.game.server.errorlog.ErrorLogThread.run(ErrorLogThread.java:72) [PublicServer.jar:?]
2026-08-17 19:02:23.202 ERROR [Thread-2][HttpUtils.java:112] - java.net.ConnectException: Network is unreachable (connect failed)
java.net.ConnectException: Network is unreachable (connect failed)
	at java.net.PlainSocketImpl.socketConnect(Native Method) ~[?:1.8.0_492]
	at java.net.AbstractPlainSocketImpl.doConnect(AbstractPlainSocketImpl.java:350) ~[?:1.8.0_492]
	at java.net.AbstractPlainSocketImpl.connectToAddress(AbstractPlainSocketImpl.java:206) ~[?:1.8.0_492]
	at java.net.AbstractPlainSocketImpl.connect(AbstractPlainSocketImpl.java:188) ~[?:1.8.0_492]
	at java.net.SocksSocketImpl.connect(SocksSocketImpl.java:392) ~[?:1.8.0_492]
	at java.net.Socket.connect(Socket.java:607) ~[?:1.8.0_492]
	at sun.net.NetworkClient.doConnect(NetworkClient.java:175) ~[?:1.8.0_492]
	at sun.net.www.http.HttpClient.openServer(HttpClient.java:465) ~[?:1.8.0_492]
	at sun.net.www.http.HttpClient.openServer(HttpClient.java:560) ~[?:1.8.0_492]
	at sun.net.www.http.HttpClient.<init>(HttpClient.java:246) ~[?:1.8.0_492]
	at sun.net.www.http.HttpClient.New(HttpClient.java:341) ~[?:1.8.0_492]
	at sun.net.www.http.HttpClient.New(HttpClient.java:359) ~[?:1.8.0_492]
	at sun.net.www.protocol.http.HttpURLConnection.getNewHttpClient(HttpURLConnection.java:1245) ~[?:1.8.0_492]
	at sun.net.www.protocol.http.HttpURLConnection.plainConnect0(HttpURLConnection.java:1179) ~[?:1.8.0_492]
	at sun.net.www.protocol.http.HttpURLConnection.plainConnect(HttpURLConnection.java:1073) ~[?:1.8.0_492]
	at sun.net.www.protocol.http.HttpURLConnection.connect(HttpURLConnection.java:1007) ~[?:1.8.0_492]
	at sun.net.www.protocol.http.HttpURLConnection.getInputStream0(HttpURLConnection.java:1589) ~[?:1.8.0_492]
	at sun.net.www.protocol.http.HttpURLConnection.getInputStream(HttpURLConnection.java:1517) ~[?:1.8.0_492]
	at game.core.util.HttpUtils.sendPost(HttpUtils.java:104) [GameCore.jar:?]
	at game.core.util.HttpUtils.sendPost(HttpUtils.java:36) [GameCore.jar:?]
	at common.server.ErrorLogReport.sendLog(ErrorLogReport.java:154) [PublicServer.jar:?]
	at common.server.ErrorLogReport.addlog(ErrorLogReport.java:54) [PublicServer.jar:?]
	at com.game.server.errorlog.ErrorLogThread.run(ErrorLogThread.java:72) [PublicServer.jar:?]
2026-08-17 19:02:27.215 ERROR [Thread-2][HttpUtils.java:90] - 异常http://94.250.249.128:8080/APIServer/error/addlog
java.net.ConnectException: Network is unreachable (connect failed)
	at java.net.PlainSocketImpl.socketConnect(Native Method) ~[?:1.8.0_492]
	at java.net.AbstractPlainSocketImpl.doConnect(AbstractPlainSocketImpl.java:350) ~[?:1.8.0_492]
	at java.net.AbstractPlainSocketImpl.connectToAddress(AbstractPlainSocketImpl.java:206) ~[?:1.8.0_492]
	at java.net.AbstractPlainSocketImpl.connect(AbstractPlainSocketImpl.java:188) ~[?:1.8.0_492]
	at java.net.SocksSocketImpl.connect(SocksSocketImpl.java:392) ~[?:1.8.0_492]
	at java.net.Socket.connect(Socket.java:607) ~[?:1.8.0_492]
	at sun.net.NetworkClient.doConnect(NetworkClient.java:175) ~[?:1.8.0_492]
	at sun.net.www.http.HttpClient.openServer(HttpClient.java:465) ~[?:1.8.0_492]
	at sun.net.www.http.HttpClient.openServer(HttpClient.java:560) ~[?:1.8.0_492]
	at sun.net.www.http.HttpClient.<init>(HttpClient.java:246) ~[?:1.8.0_492]
	at sun.net.www.http.HttpClient.New(HttpClient.java:341) ~[?:1.8.0_492]
	at sun.net.www.http.HttpClient.New(HttpClient.java:359) ~[?:1.8.0_492]
	at sun.net.www.protocol.http.HttpURLConnection.getNewHttpClient(HttpURLConnection.java:1245) ~[?:1.8.0_492]
	at sun.net.www.protocol.http.HttpURLConnection.plainConnect0(HttpURLConnection.java:1179) ~[?:1.8.0_492]
	at sun.net.www.protocol.http.HttpURLConnection.plainConnect(HttpURLConnection.java:1073) ~[?:1.8.0_492]
	at sun.net.www.protocol.http.HttpURLConnection.connect(HttpURLConnection.java:1007) ~[?:1.8.0_492]
	at sun.net.www.protocol.http.HttpURLConnection.getOutputStream0(HttpURLConnection.java:1359) ~[?:1.8.0_492]
	at sun.net.www.protocol.http.HttpURLConnection.getOutputStream(HttpURLConnection.java:1334) ~[?:1.8.0_492]
	at game.core.util.HttpUtils.sendPost(HttpUtils.java:66) [GameCore.jar:?]
	at game.core.util.HttpUtils.sendPost(HttpUtils.java:36) [GameCore.jar:?]
	at common.server.ErrorLogReport.sendLog(ErrorLogReport.java:154) [PublicServer.jar:?]
	at common.server.ErrorLogReport.addlog(ErrorLogReport.java:54) [PublicServer.jar:?]
	at com.game.server.errorlog.ErrorLogThread.run(ErrorLogThread.java:72) [PublicServer.jar:?]
2026-08-17 19:02:27.215 ERROR [Thread-2][HttpUtils.java:93] - java.net.ConnectException: Network is unreachable (connect failed)
java.net.ConnectException: Network is unreachable (connect failed)
	at java.net.PlainSocketImpl.socketConnect(Native Method) ~[?:1.8.0_492]
	at java.net.AbstractPlainSocketImpl.doConnect(AbstractPlainSocketImpl.java:350) ~[?:1.8.0_492]
	at java.net.AbstractPlainSocketImpl.connectToAddress(AbstractPlainSocketImpl.java:206) ~[?:1.8.0_492]
	at java.net.AbstractPlainSocketImpl.connect(AbstractPlainSocketImpl.java:188) ~[?:1.8.0_492]
	at java.net.SocksSocketImpl.connect(SocksSocketImpl.java:392) ~[?:1.8.0_492]
	at java.net.Socket.connect(Socket.java:607) ~[?:1.8.0_492]
	at sun.net.NetworkClient.doConnect(NetworkClient.java:175) ~[?:1.8.0_492]
	at sun.net.www.http.HttpClient.openServer(HttpClient.java:465) ~[?:1.8.0_492]
	at sun.net.www.http.HttpClient.openServer(HttpClient.java:560) ~[?:1.8.0_492]
	at sun.net.www.http.HttpClient.<init>(HttpClient.java:246) ~[?:1.8.0_492]
	at sun.net.www.http.HttpClient.New(HttpClient.java:341) ~[?:1.8.0_492]
	at sun.net.www.http.HttpClient.New(HttpClient.java:359) ~[?:1.8.0_492]
	at sun.net.www.protocol.http.HttpURLConnection.getNewHttpClient(HttpURLConnection.java:1245) ~[?:1.8.0_492]
	at sun.net.www.protocol.http.HttpURLConnection.plainConnect0(HttpURLConnection.java:1179) ~[?:1.8.0_492]
	at sun.net.www.protocol.http.HttpURLConnection.plainConnect(HttpURLConnection.java:1073) ~[?:1.8.0_492]
	at sun.net.www.protocol.http.HttpURLConnection.connect(HttpURLConnection.java:1007) ~[?:1.8.0_492]
	at sun.net.www.protocol.http.HttpURLConnection.getOutputStream0(HttpURLConnection.java:1359) ~[?:1.8.0_492]
	at sun.net.www.protocol.http.HttpURLConnection.getOutputStream(HttpURLConnection.java:1334) ~[?:1.8.0_492]
	at game.core.util.HttpUtils.sendPost(HttpUtils.java:66) [GameCore.jar:?]
	at game.core.util.HttpUtils.sendPost(HttpUtils.java:36) [GameCore.jar:?]
	at common.server.ErrorLogReport.sendLog(ErrorLogReport.java:154) [PublicServer.jar:?]
	at common.server.ErrorLogReport.addlog(ErrorLogReport.java:54) [PublicServer.jar:?]
	at com.game.server.errorlog.ErrorLogThread.run(ErrorLogThread.java:72) [PublicServer.jar:?]
2026-08-17 19:02:27.220 ERROR [Thread-2][HttpUtils.java:112] - java.net.ConnectException: Network is unreachable (connect failed)
java.net.ConnectException: Network is unreachable (connect failed)
	at java.net.PlainSocketImpl.socketConnect(Native Method) ~[?:1.8.0_492]
	at java.net.AbstractPlainSocketImpl.doConnect(AbstractPlainSocketImpl.java:350) ~[?:1.8.0_492]
	at java.net.AbstractPlainSocketImpl.connectToAddress(AbstractPlainSocketImpl.java:206) ~[?:1.8.0_492]
	at java.net.AbstractPlainSocketImpl.connect(AbstractPlainSocketImpl.java:188) ~[?:1.8.0_492]
	at java.net.SocksSocketImpl.connect(SocksSocketImpl.java:392) ~[?:1.8.0_492]
	at java.net.Socket.connect(Socket.java:607) ~[?:1.8.0_492]
	at sun.net.NetworkClient.doConnect(NetworkClient.java:175) ~[?:1.8.0_492]
	at sun.net.www.http.HttpClient.openServer(HttpClient.java:465) ~[?:1.8.0_492]
	at sun.net.www.http.HttpClient.openServer(HttpClient.java:560) ~[?:1.8.0_492]
	at sun.net.www.http.HttpClient.<init>(HttpClient.java:246) ~[?:1.8.0_492]
	at sun.net.www.http.HttpClient.New(HttpClient.java:341) ~[?:1.8.0_492]
	at sun.net.www.http.HttpClient.New(HttpClient.java:359) ~[?:1.8.0_492]
	at sun.net.www.protocol.http.HttpURLConnection.getNewHttpClient(HttpURLConnection.java:1245) ~[?:1.8.0_492]
	at sun.net.www.protocol.http.HttpURLConnection.plainConnect0(HttpURLConnection.java:1179) ~[?:1.8.0_492]
	at sun.net.www.protocol.http.HttpURLConnection.plainConnect(HttpURLConnection.java:1073) ~[?:1.8.0_492]
	at sun.net.www.protocol.http.HttpURLConnection.connect(HttpURLConnection.java:1007) ~[?:1.8.0_492]
	at sun.net.www.protocol.http.HttpURLConnection.getInputStream0(HttpURLConnection.java:1589) ~[?:1.8.0_492]
	at sun.net.www.protocol.http.HttpURLConnection.getInputStream(HttpURLConnection.java:1517) ~[?:1.8.0_492]
	at game.core.util.HttpUtils.sendPost(HttpUtils.java:104) [GameCore.jar:?]
	at game.core.util.HttpUtils.sendPost(HttpUtils.java:36) [GameCore.jar:?]
	at common.server.ErrorLogReport.sendLog(ErrorLogReport.java:154) [PublicServer.jar:?]
	at common.server.ErrorLogReport.addlog(ErrorLogReport.java:54) [PublicServer.jar:?]
	at com.game.server.errorlog.ErrorLogThread.run(ErrorLogThread.java:72) [PublicServer.jar:?]
