2026-08-20 07:50:01.844 ERROR [nioEventLoopGroup-5-8][HttpBackScript.java:109] - unknown getRequestPath: [/]
2026-08-20 07:50:01.845 ERROR [nioEventLoopGroup-5-8][SendBackFuture.java:23] - back http result success!
2026-08-20 07:50:07.242 ERROR [nioEventLoopGroup-5-2][HttpBackScript.java:109] - unknown getRequestPath: [/bad-request]
2026-08-20 07:50:07.243 ERROR [nioEventLoopGroup-5-2][SendBackFuture.java:23] - back http result success!
2026-08-20 07:50:07.490 ERROR [nioEventLoopGroup-5-3][HttpBackScript.java:109] - unknown getRequestPath: [/bad-request]
2026-08-20 07:50:07.490 ERROR [nioEventLoopGroup-5-3][SendBackFuture.java:23] - back http result success!
2026-08-20 07:50:07.737 ERROR [nioEventLoopGroup-5-4][HttpBackScript.java:109] - unknown getRequestPath: [/bad-request]
2026-08-20 07:50:07.737 ERROR [nioEventLoopGroup-5-4][SendBackFuture.java:23] - back http result success!
2026-08-20 07:50:08.345 ERROR [nioEventLoopGroup-5-5][HttpBackScript.java:109] - unknown getRequestPath: [/cgi-bin/authLogin.cgi]
2026-08-20 07:50:08.346 ERROR [nioEventLoopGroup-5-5][SendBackFuture.java:23] - back http result success!
2026-08-20 07:50:08.350 ERROR [nioEventLoopGroup-5-6][HttpBackScript.java:109] - unknown getRequestPath: [/v2/_catalog]
2026-08-20 07:50:08.351 ERROR [nioEventLoopGroup-5-6][SendBackFuture.java:23] - back http result success!
2026-08-20 07:50:08.358 ERROR [nioEventLoopGroup-5-7][HttpBackScript.java:109] - unknown getRequestPath: [/bad-request]
2026-08-20 07:50:08.358 ERROR [nioEventLoopGroup-5-7][SendBackFuture.java:23] - back http result success!
2026-08-20 07:50:08.362 ERROR [nioEventLoopGroup-5-8][HttpBackScript.java:109] - unknown getRequestPath: [/query]
2026-08-20 07:50:08.362 ERROR [nioEventLoopGroup-5-1][HttpBackScript.java:109] - unknown getRequestPath: [/]
2026-08-20 07:50:08.362 ERROR [nioEventLoopGroup-5-8][SendBackFuture.java:23] - back http result success!
2026-08-20 07:50:08.363 ERROR [nioEventLoopGroup-5-1][SendBackFuture.java:23] - back http result success!
2026-08-20 07:50:08.364 ERROR [nioEventLoopGroup-5-2][HttpBackScript.java:109] - unknown getRequestPath: [/solr/admin/info/system]
2026-08-20 07:50:08.364 ERROR [nioEventLoopGroup-5-2][SendBackFuture.java:23] - back http result success!
2026-08-20 07:50:08.583 ERROR [nioEventLoopGroup-5-3][HttpBackScript.java:109] - unknown getRequestPath: [/bad-request]
2026-08-20 07:50:08.584 ERROR [nioEventLoopGroup-5-3][SendBackFuture.java:23] - back http result success!
2026-08-20 07:50:08.614 ERROR [nioEventLoopGroup-5-4][HttpBackScript.java:109] - unknown getRequestPath: [/solr/admin/cores]
2026-08-20 07:50:08.614 ERROR [nioEventLoopGroup-5-4][SendBackFuture.java:23] - back http result success!
2026-08-20 07:50:08.850 ERROR [nioEventLoopGroup-5-5][HttpBackScript.java:109] - unknown getRequestPath: [/]
2026-08-20 07:50:08.850 ERROR [nioEventLoopGroup-5-5][SendBackFuture.java:23] - back http result success!
2026-08-20 07:50:09.089 ERROR [nioEventLoopGroup-5-6][HttpBackScript.java:109] - unknown getRequestPath: [/bad-request]
2026-08-20 07:50:09.090 ERROR [nioEventLoopGroup-5-6][SendBackFuture.java:23] - back http result success!
2026-08-20 07:50:09.924 ERROR [nioEventLoopGroup-5-7][HttpBackScript.java:109] - unknown getRequestPath: [/bad-request]
2026-08-20 07:50:09.924 ERROR [nioEventLoopGroup-5-7][SendBackFuture.java:23] - back http result success!
2026-08-20 07:51:06.047 INFO [Public service][CrossRankScript.java:261] - 开始计算跨服世界等级
2026-08-20 07:51:06.048 ERROR [Public service][CrossRankScript.java:240] - allCrosRankMap  size  == 0
