2026-08-21 05:03:21.868 ERROR [nioEventLoopGroup-5-5][HttpBackScript.java:109] - unknown getRequestPath: [/bad-request]
2026-08-21 05:03:21.868 ERROR [nioEventLoopGroup-5-5][SendBackFuture.java:23] - back http result success!
2026-08-21 05:03:24.217 ERROR [nioEventLoopGroup-5-6][HttpBackScript.java:109] - unknown getRequestPath: [/.well-known/security.txt]
2026-08-21 05:03:24.217 ERROR [nioEventLoopGroup-5-6][SendBackFuture.java:23] - back http result success!
2026-08-21 05:03:27.725 ERROR [nioEventLoopGroup-5-7][HttpBackScript.java:109] - unknown getRequestPath: [/favicon.ico]
2026-08-21 05:03:27.725 ERROR [nioEventLoopGroup-5-7][SendBackFuture.java:23] - back http result success!
2026-08-21 05:03:33.888 ERROR [nioEventLoopGroup-5-8][HttpBackScript.java:109] - unknown getRequestPath: [/bad-request]
2026-08-21 05:03:33.889 ERROR [nioEventLoopGroup-5-8][SendBackFuture.java:23] - back http result success!
2026-08-21 05:03:36.895 ERROR [nioEventLoopGroup-5-1][HttpBackScript.java:109] - unknown getRequestPath: [/ym25rcsliwu7jn14y]
2026-08-21 05:03:36.896 ERROR [nioEventLoopGroup-5-1][SendBackFuture.java:23] - back http result success!
2026-08-21 05:03:36.980 ERROR [nioEventLoopGroup-5-2][HttpBackScript.java:109] - unknown getRequestPath: [/bad-request]
2026-08-21 05:03:36.981 ERROR [nioEventLoopGroup-5-2][SendBackFuture.java:23] - back http result success!
2026-08-21 05:03:40.889 ERROR [nioEventLoopGroup-5-3][HttpBackScript.java:109] - unknown getRequestPath: [/favicon.ico]
2026-08-21 05:03:40.889 ERROR [nioEventLoopGroup-5-3][SendBackFuture.java:23] - back http result success!
2026-08-21 05:03:41.369 ERROR [nioEventLoopGroup-5-4][HttpBackScript.java:109] - unknown getRequestPath: [/]
2026-08-21 05:03:41.369 ERROR [nioEventLoopGroup-5-4][SendBackFuture.java:23] - back http result success!
2026-08-21 05:03:45.835 ERROR [nioEventLoopGroup-5-5][HttpBackScript.java:109] - unknown getRequestPath: [*]
2026-08-21 05:03:45.836 ERROR [nioEventLoopGroup-5-5][SendBackFuture.java:23] - back http result success!
2026-08-21 05:03:45.836 ERROR [nioEventLoopGroup-5-5][HttpBackScript.java:109] - unknown getRequestPath: [/bad-request]
2026-08-21 05:03:45.836 ERROR [nioEventLoopGroup-5-5][SendBackFuture.java:23] - back http result success!
2026-08-21 05:04:28.656 ERROR [nioEventLoopGroup-5-7][HttpBackScript.java:109] - unknown getRequestPath: [/bad-request]
2026-08-21 05:04:28.656 ERROR [nioEventLoopGroup-5-7][SendBackFuture.java:23] - back http result success!
2026-08-21 05:04:31.183 ERROR [nioEventLoopGroup-5-8][HttpBackScript.java:109] - unknown getRequestPath: [/login]
2026-08-21 05:04:31.183 ERROR [nioEventLoopGroup-5-8][SendBackFuture.java:23] - back http result success!
2026-08-21 05:04:41.231 ERROR [nioEventLoopGroup-5-2][HttpBackScript.java:109] - unknown getRequestPath: [/bad-request]
2026-08-21 05:04:41.232 ERROR [nioEventLoopGroup-5-2][SendBackFuture.java:23] - back http result success!
2026-08-21 05:04:45.655 ERROR [nioEventLoopGroup-5-3][HttpBackScript.java:109] - unknown getRequestPath: [/b59tq7dvoo]
2026-08-21 05:04:45.655 ERROR [nioEventLoopGroup-5-3][SendBackFuture.java:23] - back http result success!
2026-08-21 05:04:48.504 ERROR [nioEventLoopGroup-5-4][HttpBackScript.java:109] - unknown getRequestPath: [/favicon.ico]
2026-08-21 05:04:48.505 ERROR [nioEventLoopGroup-5-4][SendBackFuture.java:23] - back http result success!
2026-08-21 05:16:14.397 ERROR [nioEventLoopGroup-5-5][HttpBackScript.java:109] - unknown getRequestPath: [/bad-request]
2026-08-21 05:16:14.398 ERROR [nioEventLoopGroup-5-5][SendBackFuture.java:23] - back http result success!
2026-08-21 05:16:29.414 ERROR [nioEventLoopGroup-5-6][HttpBackScript.java:109] - unknown getRequestPath: [/login]
2026-08-21 05:16:29.414 ERROR [nioEventLoopGroup-5-6][SendBackFuture.java:23] - back http result success!
2026-08-21 05:16:31.885 ERROR [nioEventLoopGroup-5-7][HttpBackScript.java:109] - unknown getRequestPath: [/favicon.ico]
2026-08-21 05:16:31.886 ERROR [nioEventLoopGroup-5-7][SendBackFuture.java:23] - back http result success!
2026-08-21 05:16:34.774 ERROR [nioEventLoopGroup-5-8][HttpBackScript.java:109] - unknown getRequestPath: [/bad-request]
2026-08-21 05:16:34.774 ERROR [nioEventLoopGroup-5-8][SendBackFuture.java:23] - back http result success!
2026-08-21 05:16:36.441 ERROR [nioEventLoopGroup-5-1][HttpBackScript.java:109] - unknown getRequestPath: [/pg15hm37tni6v]
2026-08-21 05:16:36.441 ERROR [nioEventLoopGroup-5-1][SendBackFuture.java:23] - back http result success!
2026-08-21 05:16:38.215 ERROR [nioEventLoopGroup-5-2][HttpBackScript.java:109] - unknown getRequestPath: [/favicon.ico]
2026-08-21 05:16:38.215 ERROR [nioEventLoopGroup-5-2][SendBackFuture.java:23] - back http result success!
2026-08-21 05:51:06.046 INFO [Public service][CrossRankScript.java:261] - 开始计算跨服世界等级
2026-08-21 05:51:06.046 ERROR [Public service][CrossRankScript.java:240] - allCrosRankMap  size  == 0
