2026-08-15 20:00:00.021 INFO [Public service][DailyActiveScript.java:217] - 日常活动id=111【仙盟首领】开始阶段
2026-08-15 20:10:00.024 INFO [Public service][DailyActiveScript.java:263] - 日常活动id=111【仙盟首领】关闭阶段
2026-08-15 20:10:00.425 INFO [CouplefightManager][CouplefightScript.java:315] - 仙侣对决状态刷新1-3-2
2026-08-15 20:10:00.426 INFO [pool-4-thread-1][CouplefightScript.java:997] - 仙侣对决 预选赛准备
2026-08-15 20:10:01.427 INFO [CouplefightManager][CouplefightScript.java:315] - 仙侣对决状态刷新2-3-3
2026-08-15 20:10:01.428 INFO [pool-4-thread-1][CouplefightScript.java:989] - 仙侣对决 预选赛开始
2026-08-15 20:32:53.427 INFO [Public service][CrossRankScript.java:261] - 开始计算跨服世界等级
2026-08-15 20:32:53.428 ERROR [Public service][CrossRankScript.java:240] - allCrosRankMap  size  == 0
2026-08-15 20:35:00.483 INFO [CouplefightManager][CouplefightScript.java:315] - 仙侣对决状态刷新3-4-4
2026-08-15 20:35:00.483 INFO [pool-4-thread-1][CouplefightScript.java:904] - 仙侣对决 预选赛结束
2026-08-15 20:35:00.483 INFO [pool-4-thread-1][CouplefightScript.java:934] - 仙侣对决 小组赛准备
2026-08-15 20:35:00.483 INFO [pool-4-thread-1][CouplefightScript.java:982] - 仙侣对决 小组赛准备完毕
2026-08-15 20:40:00.507 INFO [CouplefightManager][CouplefightScript.java:315] - 仙侣对决状态刷新4-5-5
2026-08-15 20:40:00.507 INFO [pool-4-thread-1][CouplefightScript.java:630] - 仙侣对决 小组赛战斗开始
2026-08-15 20:40:01.508 INFO [CouplefightManager][CouplefightScript.java:646] - 仙侣对决 小组赛新轮次开始
2026-08-15 20:41:29.456 ERROR [nioEventLoopGroup-5-7][HttpBackScript.java:109] - unknown getRequestPath: [/bad-request]
2026-08-15 20:41:29.456 ERROR [nioEventLoopGroup-5-7][SendBackFuture.java:23] - back http result success!
2026-08-15 20:42:00.486 INFO [CouplefightManager][CouplefightScript.java:646] - 仙侣对决 小组赛新轮次开始
2026-08-15 20:42:14.562 ERROR [nioEventLoopGroup-5-8][HttpBackScript.java:109] - unknown getRequestPath: [/]
2026-08-15 20:42:14.563 ERROR [nioEventLoopGroup-5-8][SendBackFuture.java:23] - back http result success!
2026-08-15 20:44:00.439 INFO [CouplefightManager][CouplefightScript.java:646] - 仙侣对决 小组赛新轮次开始
2026-08-15 20:46:00.491 INFO [CouplefightManager][CouplefightScript.java:646] - 仙侣对决 小组赛新轮次开始
2026-08-15 20:48:00.425 INFO [CouplefightManager][CouplefightScript.java:646] - 仙侣对决 小组赛新轮次开始
2026-08-15 20:50:00.463 INFO [CouplefightManager][CouplefightScript.java:646] - 仙侣对决 小组赛新轮次开始
2026-08-15 20:52:00.511 INFO [CouplefightManager][CouplefightScript.java:646] - 仙侣对决 小组赛新轮次开始
2026-08-15 20:54:00.437 INFO [CouplefightManager][CouplefightScript.java:646] - 仙侣对决 小组赛新轮次开始
2026-08-15 20:55:00.098 INFO [Public service][DailyActiveScript.java:182] - 日常活动id=106【八极阵图】准备阶段 stage=1
2026-08-15 20:56:00.476 INFO [CouplefightManager][CouplefightScript.java:646] - 仙侣对决 小组赛新轮次开始
2026-08-15 20:58:00.417 INFO [CouplefightManager][CouplefightScript.java:315] - 仙侣对决状态刷新5-6-6
2026-08-15 20:58:00.417 INFO [pool-4-thread-1][CouplefightScript.java:500] - 仙侣对决 冠军赛准备
