2026-08-13 22:14:27.609 INFO [Thread-1][ScriptAbstractManager.java:420] - Build scriptLoader classpath: [/home/Game-Server/PublicServer/publicserver/PublicServer.jar:bin]
2026-08-13 22:14:28.626 INFO [Thread-1][ScriptAbstractManager.java:400] - Скрипт ID: 114, имя: common.activity.ActivityRankScript
2026-08-13 22:14:28.627 INFO [Thread-1][ScriptAbstractManager.java:400] - Скрипт ID: 124, имя: common.bravepeak.BravePeakManagerScript
2026-08-13 22:14:28.634 INFO [Thread-1][ScriptAbstractManager.java:400] - Скрипт ID: 130, имя: common.couplefight.CouplefightScript
2026-08-13 22:14:28.635 INFO [Thread-1][ScriptAbstractManager.java:400] - Скрипт ID: 129, имя: common.crosshorseboss.CrossHorseBossScript
2026-08-13 22:14:28.637 INFO [Thread-1][ScriptAbstractManager.java:400] - Скрипт ID: 128, имя: common.crossrank.CrossRankScript
2026-08-13 22:14:28.638 INFO [Thread-1][ScriptAbstractManager.java:400] - Скрипт ID: 118, имя: common.dailyactive.DailyActiveScript
2026-08-13 22:14:28.642 INFO [Thread-1][ScriptAbstractManager.java:400] - Скрипт ID: 122, имя: common.eightdiagrams.EightDiagramsScript
2026-08-13 22:14:28.644 INFO [Thread-1][ScriptAbstractManager.java:400] - Скрипт ID: 105, имя: common.fightroom.FightManagerScript
2026-08-13 22:14:28.646 INFO [Thread-1][ScriptAbstractManager.java:400] - Скрипт ID: 123, имя: common.fud.AlienScript
2026-08-13 22:14:28.646 INFO [Thread-1][ScriptAbstractManager.java:400] - Скрипт ID: 111, имя: common.fud.DevilFudScript
2026-08-13 22:14:28.651 INFO [Thread-1][ScriptAbstractManager.java:400] - Скрипт ID: 112, имя: common.fud.FudScript
2026-08-13 22:14:28.652 INFO [Thread-1][ScriptAbstractManager.java:400] - Скрипт ID: 102, имя: common.gameserver.GSManagerScript
2026-08-13 22:14:28.653 INFO [Thread-1][ScriptAbstractManager.java:400] - Скрипт ID: 121, имя: common.goddevilwar.GodDevilWarScript
2026-08-13 22:14:28.658 INFO [Thread-1][ScriptAbstractManager.java:400] - Скрипт ID: 103, имя: common.http.HttpBackScript
2026-08-13 22:14:28.660 INFO [Thread-1][ScriptAbstractManager.java:400] - Скрипт ID: 120, имя: common.ninedaysfocused.NineDaysFocusedScript
2026-08-13 22:14:28.664 INFO [Thread-1][ScriptAbstractManager.java:400] - Скрипт ID: 113, имя: common.peak.PeakScript
2026-08-13 22:14:28.665 INFO [Thread-1][ScriptAbstractManager.java:400] - Скрипт ID: 126, имя: common.questionnaire.QuestionaireScript
2026-08-13 22:14:28.666 INFO [Thread-1][ScriptAbstractManager.java:400] - Скрипт ID: 50, имя: common.server.ErrorLogReport
2026-08-13 22:14:28.667 INFO [Thread-1][ScriptAbstractManager.java:400] - Скрипт ID: 108, имя: common.server.GMScript
2026-08-13 22:14:28.667 INFO [Thread-1][ScriptAbstractManager.java:400] - Скрипт ID: 101, имя: common.server.ServerStart
2026-08-13 22:14:28.669 INFO [Thread-1][ScriptAbstractManager.java:400] - Скрипт ID: 117, имя: common.servermatch.ServerMatchManagerScript
2026-08-13 22:14:28.672 INFO [Thread-1][ScriptAbstractManager.java:400] - Скрипт ID: 115, имя: common.soulanimalforest.SoulAnimalForestManagerScript
2026-08-13 22:14:28.673 INFO [Thread-1][ScriptAbstractManager.java:400] - Скрипт ID: 127, имя: common.universewar.UniverseWarScript
2026-08-13 22:14:28.676 INFO [Thread-1][ScriptAbstractManager.java:400] - Скрипт ID: 125, имя: common.worldBonfire.WorldBonfireScript
2026-08-13 22:14:28.678 INFO [Thread-1][ScriptAbstractManager.java:400] - Скрипт ID: 119, имя: common.worldanswer.WorldAnswerScript
2026-08-13 22:14:28.679 INFO [Thread-1][ScriptAbstractManager.java:400] - Скрипт ID: 110, имя: common.zone.ZoneDealHandlerScript
2026-08-13 22:14:28.681 INFO [Thread-1][ScriptAbstractManager.java:400] - Скрипт ID: 106, имя: common.zone.ZoneManagerScript
2026-08-13 22:14:28.691 INFO [Thread-1][LogService.java:87] - Инициализация сервиса базы данных логов
2026-08-13 22:14:28.740 INFO [Thread-1][LogService.java:120] - Запуск пула соединений с базой данных логов завершён: jdbc:mysql://127.0.0.1:3306/tzj_public_log?autoReconnect=true&useUnicode=true&characterEncoding=utf8&nullCatalogMeansCurrent=true
2026-08-13 22:14:29.833 INFO [Thread-1][LogService.java:173] - Проверка таблицы: fightroomcreatelog202608
2026-08-13 22:14:29.855 INFO [Thread-1][LogService.java:272] - Проверка таблицы fightroomcreatelog202608 завершена
2026-08-13 22:14:29.856 INFO [Thread-1][LogService.java:173] - Проверка таблицы: questionnairelog2026
2026-08-13 22:14:29.873 INFO [Thread-1][LogService.java:272] - Проверка таблицы questionnairelog2026 завершена
2026-08-13 22:14:29.873 INFO [Thread-1][LogService.java:125] - Запуск пула потоков для логов завершён
2026-08-13 22:14:29.873 INFO [Thread-1][LogService.java:129] - Инициализация сервиса базы данных логов завершена
2026-08-13 22:14:29.880 INFO [Thread-1][QuestionnaireManager.java:87] - 开始时间：1590958800000
2026-08-13 22:14:29.880 INFO [Thread-1][QuestionnaireManager.java:88] - 结束时间：1593550799000
2026-08-13 22:14:30.748 INFO [Thread-1][ServerParamUtil.java:217] - Параметры сервера успешно загружены!
2026-08-13 22:14:30.749 INFO [Thread-1][ServerMatchManager.java:178] - Начальное время: 2026-08-14 00:00:00 — расчётное время: 2026-08-14 00:00:00
2026-08-13 22:14:30.750 INFO [Thread-1][ServerMatchManager.java:178] - Начальное время: 2026-08-14 00:00:00 — расчётное время: 2026-08-14 00:00:00
2026-08-13 22:14:30.755 INFO [Thread-1][ServerMatchManagerScript.java:251] - markServer bigGroupId-- 1  state-- 8 groupID-- 30001  serverId1001-- openDay-- 1190  firstConnect-- 1782934435779 newinfo-- {1=2, 2=10001, 4=20001, 8=30001} 
2026-08-13 22:14:30.756 INFO [Thread-1][ServerMatchManagerScript.java:251] - markServer bigGroupId-- 1  state-- 1 groupID-- 2  serverId1001-- openDay-- 1190  firstConnect-- 1782934435779 newinfo-- {1=2, 2=10001, 4=20001, 8=30001} 
2026-08-13 22:14:30.757 INFO [Thread-1][ServerMatchManagerScript.java:251] - markServer bigGroupId-- 1  state-- 2 groupID-- 10001  serverId1001-- openDay-- 1190  firstConnect-- 1782934435779 newinfo-- {1=2, 2=10001, 4=20001, 8=30001} 
2026-08-13 22:14:30.758 INFO [Thread-1][ServerMatchManagerScript.java:251] - markServer bigGroupId-- 1  state-- 4 groupID-- 20001  serverId1001-- openDay-- 1190  firstConnect-- 1782934435779 newinfo-- {1=2, 2=10001, 4=20001, 8=30001} 
2026-08-13 22:14:30.769 INFO [Thread-1][CrossRankManager.java:90] - 跨服世界等级 timer 初始化成功
2026-08-13 22:14:30.778 INFO [Thread-1][FudScript.java:606] - 加载福地分组数据 len=0
2026-08-13 22:14:30.783 INFO [Thread-1][FudScript.java:614] - 加载福地玩家数据 len=0
2026-08-13 22:14:30.826 INFO [Thread-1][PeakScript.java:690] - 加载巅峰竞技场数据 len=0 rank=0
2026-08-13 22:14:30.834 INFO [Thread-1][MainServer.java:237] - Public сервер успешно запущен!
2026-08-13 22:14:30.918 INFO [Public service][PeakScript.java:746] - 【巅峰竞技场】 场次奖励结算。。。Time=2026-08-13 22:14:30
2026-08-13 22:14:30.924 INFO [Public service][PeakScript.java:754] - 【巅峰竞技场】 赛季结算。。。Time=2026-08-13 22:14:30
2026-08-13 22:14:30.996 INFO [Public service][PeakScript.java:868] - 【巅峰竞技场】 赛季结算完毕。。。
2026-08-13 22:14:31.123 INFO [nioEventLoopGroup-2-1][SocketServer.java:61] - publicserver успешно запущен на порту 9200!
2026-08-13 22:14:31.123 INFO [nioEventLoopGroup-4-1][SocketServer.java:61] - HTTP порт  успешно запущен на порту 9201!
2026-08-13 22:14:34.486 INFO [nioEventLoopGroup-3-1][InnerMsgAdapter.java:105] - Игровой сервер впервые регистрируется: InnerMsgAdapter#0 :[id: 0x5a4804a3, L:/94.250.249.128:9200 - R:/94.250.249.128:56210]
2026-08-13 22:14:34.487 INFO [nioEventLoopGroup-3-1][InnerMsgAdapter.java:155] - Первичная регистрация подключения выполнена успешно!
2026-08-13 22:14:34.488 INFO [nioEventLoopGroup-3-1][InnerMsgAdapter.java:93] - Игровой сервер начал подключение: InnerMsgAdapter#0 :[id: 0x5a4804a3, L:/94.250.249.128:9200 - R:/94.250.249.128:56210] — порядковый номер подключения: 1
2026-08-13 22:14:34.558 INFO [Thread-6][GameServerManager.java:90] - cn _ 1001 — ID зарегистрированного игрового сервера: 1001, ip: 94.250.249.128
2026-08-13 22:14:34.559 INFO [Thread-6][ServerMatchManagerScript.java:251] - markServer bigGroupId-- 1  state-- 8 groupID-- 30001  serverId1001-- openDay-- 1190  firstConnect-- 1782934435779 newinfo-- {1=2, 2=10001, 4=20001, 8=30001} 
2026-08-13 22:14:34.559 INFO [Thread-6][ServerMatchManagerScript.java:251] - markServer bigGroupId-- 1  state-- 1 groupID-- 2  serverId1001-- openDay-- 1190  firstConnect-- 1782934435779 newinfo-- {1=2, 2=10001, 4=20001, 8=30001} 
2026-08-13 22:14:34.560 INFO [Thread-6][ServerMatchManagerScript.java:251] - markServer bigGroupId-- 1  state-- 2 groupID-- 10001  serverId1001-- openDay-- 1190  firstConnect-- 1782934435779 newinfo-- {1=2, 2=10001, 4=20001, 8=30001} 
2026-08-13 22:14:34.561 INFO [Thread-6][ServerMatchManagerScript.java:251] - markServer bigGroupId-- 1  state-- 4 groupID-- 20001  serverId1001-- openDay-- 1190  firstConnect-- 1782934435779 newinfo-- {1=2, 2=10001, 4=20001, 8=30001} 
2026-08-13 22:14:34.570 ERROR [Thread-6][CrossRankScript.java:240] - allCrosRankMap  size  == 0
2026-08-13 22:14:34.708 INFO [Thread-6][GSManagerScript.java:252] - [id: 0x5a4804a3, L:/94.250.249.128:9200 - R:/94.250.249.128:56210] 注册来的信息是：sinfo {
  serverId: 1001
  serverIP: "94.250.249.128"
  serverPort: 9101
  serverType: 1
  platformMark: "cn"
  version: "20170615"
  serverOpentime: "2023-05-12 00:00:00"
  serverWorldlv: 79
}
combinedIds: 1001

2026-08-13 22:15:00.108 INFO [Public service][DailyActiveScript.java:217] - 日常活动id=2【掌门传道】开始阶段
2026-08-13 22:15:00.109 INFO [Public service][DailyActiveScript.java:217] - 日常活动id=14【神兽首领】开始阶段
2026-08-13 22:15:00.110 INFO [Public service][DailyActiveScript.java:217] - 日常活动id=113【诸界远征】开始阶段
2026-08-13 22:15:00.110 INFO [Public service][FudScript.java:985] - 跨服福地活动开启
2026-08-13 22:15:00.110 INFO [Public service][FudScript.java:777] - 跨服福地分配福地 !!!!Day=2026-08-13 22:15:00
2026-08-13 22:15:00.120 INFO [Public service][FudScript.java:939] - 分配出生福地 group=FudGroup{groupId=30001, stage=8, openDay=1190, worldLevel=79, servers=[1001]} camp=FudCamp{camp=1, serverList=[1001]} city=FudCity{cityId=801, state=2, camp=1}
2026-08-13 22:15:00.122 INFO [Public service][FudScript.java:939] - 分配出生福地 group=FudGroup{groupId=20001, stage=4, openDay=0, worldLevel=0, servers=[1001]} camp=FudCamp{camp=1, serverList=[1001]} city=FudCity{cityId=401, state=2, camp=1}
2026-08-13 22:15:00.123 INFO [Public service][FudScript.java:939] - 分配出生福地 group=FudGroup{groupId=10001, stage=2, openDay=0, worldLevel=0, servers=[1001]} camp=FudCamp{camp=1, serverList=[1001]} city=FudCity{cityId=201, state=2, camp=1}
2026-08-13 22:15:00.124 INFO [Public service][FudScript.java:817] - 分配组成功 group=FudGroup{groupId=30001, stage=8, openDay=1190, worldLevel=79, servers=[1001]}
2026-08-13 22:15:00.126 INFO [Public service][FudScript.java:817] - 分配组成功 group=FudGroup{groupId=20001, stage=4, openDay=0, worldLevel=0, servers=[1001]}
2026-08-13 22:15:00.126 INFO [Public service][FudScript.java:817] - 分配组成功 group=FudGroup{groupId=10001, stage=2, openDay=0, worldLevel=0, servers=[1001]}
2026-08-13 22:15:00.127 INFO [Public service][QuestionaireScript.java:59] - 有奖问答结束
2026-08-13 22:15:00.202 INFO [Public service][FudScript.java:1064] - 刷新玩家福地积分！！！！！
2026-08-13 22:15:30.841 INFO [Public service][CrossRankScript.java:261] - 开始计算跨服世界等级
2026-08-13 22:15:30.842 ERROR [Public service][CrossRankScript.java:240] - allCrosRankMap  size  == 0
