2026-07-26 20:15:27.601 INFO [Thread-1][ScriptAbstractManager.java:420] - Build scriptLoader classpath: [/home/Game-Server/PublicServer/publicserver/PublicServer.jar:bin]
2026-07-26 20:15:28.113 INFO [Thread-1][ScriptAbstractManager.java:400] - 脚本id：114 脚本名：common.activity.ActivityRankScript
2026-07-26 20:15:28.113 INFO [Thread-1][ScriptAbstractManager.java:400] - 脚本id：124 脚本名：common.bravepeak.BravePeakManagerScript
2026-07-26 20:15:28.117 INFO [Thread-1][ScriptAbstractManager.java:400] - 脚本id：130 脚本名：common.couplefight.CouplefightScript
2026-07-26 20:15:28.118 INFO [Thread-1][ScriptAbstractManager.java:400] - 脚本id：129 脚本名：common.crosshorseboss.CrossHorseBossScript
2026-07-26 20:15:28.118 INFO [Thread-1][ScriptAbstractManager.java:400] - 脚本id：128 脚本名：common.crossrank.CrossRankScript
2026-07-26 20:15:28.119 INFO [Thread-1][ScriptAbstractManager.java:400] - 脚本id：118 脚本名：common.dailyactive.DailyActiveScript
2026-07-26 20:15:28.120 INFO [Thread-1][ScriptAbstractManager.java:400] - 脚本id：122 脚本名：common.eightdiagrams.EightDiagramsScript
2026-07-26 20:15:28.121 INFO [Thread-1][ScriptAbstractManager.java:400] - 脚本id：105 脚本名：common.fightroom.FightManagerScript
2026-07-26 20:15:28.122 INFO [Thread-1][ScriptAbstractManager.java:400] - 脚本id：123 脚本名：common.fud.AlienScript
2026-07-26 20:15:28.123 INFO [Thread-1][ScriptAbstractManager.java:400] - 脚本id：111 脚本名：common.fud.DevilFudScript
2026-07-26 20:15:28.126 INFO [Thread-1][ScriptAbstractManager.java:400] - 脚本id：112 脚本名：common.fud.FudScript
2026-07-26 20:15:28.127 INFO [Thread-1][ScriptAbstractManager.java:400] - 脚本id：102 脚本名：common.gameserver.GSManagerScript
2026-07-26 20:15:28.128 INFO [Thread-1][ScriptAbstractManager.java:400] - 脚本id：121 脚本名：common.goddevilwar.GodDevilWarScript
2026-07-26 20:15:28.133 INFO [Thread-1][ScriptAbstractManager.java:400] - 脚本id：103 脚本名：common.http.HttpBackScript
2026-07-26 20:15:28.133 INFO [Thread-1][ScriptAbstractManager.java:400] - 脚本id：120 脚本名：common.ninedaysfocused.NineDaysFocusedScript
2026-07-26 20:15:28.135 INFO [Thread-1][ScriptAbstractManager.java:400] - 脚本id：113 脚本名：common.peak.PeakScript
2026-07-26 20:15:28.135 INFO [Thread-1][ScriptAbstractManager.java:400] - 脚本id：126 脚本名：common.questionnaire.QuestionaireScript
2026-07-26 20:15:28.136 INFO [Thread-1][ScriptAbstractManager.java:400] - 脚本id：50 脚本名：common.server.ErrorLogReport
2026-07-26 20:15:28.137 INFO [Thread-1][ScriptAbstractManager.java:400] - 脚本id：108 脚本名：common.server.GMScript
2026-07-26 20:15:28.137 INFO [Thread-1][ScriptAbstractManager.java:400] - 脚本id：101 脚本名：common.server.ServerStart
2026-07-26 20:15:28.138 INFO [Thread-1][ScriptAbstractManager.java:400] - 脚本id：117 脚本名：common.servermatch.ServerMatchManagerScript
2026-07-26 20:15:28.139 INFO [Thread-1][ScriptAbstractManager.java:400] - 脚本id：115 脚本名：common.soulanimalforest.SoulAnimalForestManagerScript
2026-07-26 20:15:28.140 INFO [Thread-1][ScriptAbstractManager.java:400] - 脚本id：127 脚本名：common.universewar.UniverseWarScript
2026-07-26 20:15:28.141 INFO [Thread-1][ScriptAbstractManager.java:400] - 脚本id：125 脚本名：common.worldBonfire.WorldBonfireScript
2026-07-26 20:15:28.142 INFO [Thread-1][ScriptAbstractManager.java:400] - 脚本id：119 脚本名：common.worldanswer.WorldAnswerScript
2026-07-26 20:15:28.142 INFO [Thread-1][ScriptAbstractManager.java:400] - 脚本id：110 脚本名：common.zone.ZoneDealHandlerScript
2026-07-26 20:15:28.143 INFO [Thread-1][ScriptAbstractManager.java:400] - 脚本id：106 脚本名：common.zone.ZoneManagerScript
2026-07-26 20:15:28.149 INFO [Thread-1][LogService.java:87] - 初始化日志数据库服务
2026-07-26 20:15:28.177 INFO [Thread-1][LogService.java:120] - 启动日志数据库连接池完毕jdbc:mysql://127.0.0.1:3306/tzj_public_log?autoReconnect=true&useUnicode=true&characterEncoding=utf8&nullCatalogMeansCurrent=true
2026-07-26 20:17:28.441 ERROR [Thread-1][LogService.java:280] - com.alibaba.druid.pool.GetConnectionTimeoutException: wait millis 60000, active 0, maxActive 30
com.alibaba.druid.pool.GetConnectionTimeoutException: wait millis 60000, active 0, maxActive 30
	at com.alibaba.druid.pool.DruidDataSource.getConnectionInternal(DruidDataSource.java:1137) ~[druid-1.0.15.jar:1.0.15]
	at com.alibaba.druid.pool.DruidDataSource.getConnectionDirect(DruidDataSource.java:960) ~[druid-1.0.15.jar:1.0.15]
	at com.alibaba.druid.pool.DruidDataSource.getConnection(DruidDataSource.java:940) ~[druid-1.0.15.jar:1.0.15]
	at com.alibaba.druid.pool.DruidDataSource.getConnection(DruidDataSource.java:930) ~[druid-1.0.15.jar:1.0.15]
	at game.core.dblog.LogService.checkTable(LogService.java:139) [GameCore.jar:?]
	at game.core.dblog.LogService.<init>(LogService.java:122) [GameCore.jar:?]
	at game.core.dblog.LogService.<init>(LogService.java:47) [GameCore.jar:?]
	at game.core.dblog.LogService$Singleton.<init>(LogService.java:61) [GameCore.jar:?]
	at game.core.dblog.LogService$Singleton.<clinit>(LogService.java:56) [GameCore.jar:?]
	at game.core.dblog.LogService.getInstance(LogService.java:73) [GameCore.jar:?]
	at com.game.server.MainServer.init(MainServer.java:208) [PublicServer.jar:?]
	at game.core.net.server.BaseServer.run(BaseServer.java:44) [GameCore.jar:?]
	at com.game.server.MainServer.run(MainServer.java:249) [PublicServer.jar:?]
	at java.lang.Thread.run(Thread.java:750) [?:1.8.0_492]
Caused by: java.sql.SQLNonTransientConnectionException: Could not create connection to database server. Attempted reconnect 3 times. Giving up.
	at com.mysql.cj.jdbc.exceptions.SQLError.createSQLException(SQLError.java:110) ~[mysql-connector-java-8.0.27.jar:8.0.27]
	at com.mysql.cj.jdbc.exceptions.SQLError.createSQLException(SQLError.java:97) ~[mysql-connector-java-8.0.27.jar:8.0.27]
	at com.mysql.cj.jdbc.exceptions.SQLError.createSQLException(SQLError.java:89) ~[mysql-connector-java-8.0.27.jar:8.0.27]
	at com.mysql.cj.jdbc.exceptions.SQLError.createSQLException(SQLError.java:63) ~[mysql-connector-java-8.0.27.jar:8.0.27]
	at com.mysql.cj.jdbc.exceptions.SQLError.createSQLException(SQLError.java:73) ~[mysql-connector-java-8.0.27.jar:8.0.27]
	at com.mysql.cj.jdbc.ConnectionImpl.connectWithRetries(ConnectionImpl.java:898) ~[mysql-connector-java-8.0.27.jar:8.0.27]
	at com.mysql.cj.jdbc.ConnectionImpl.createNewIO(ConnectionImpl.java:823) ~[mysql-connector-java-8.0.27.jar:8.0.27]
	at com.mysql.cj.jdbc.ConnectionImpl.<init>(ConnectionImpl.java:448) ~[mysql-connector-java-8.0.27.jar:8.0.27]
	at com.mysql.cj.jdbc.ConnectionImpl.getInstance(ConnectionImpl.java:241) ~[mysql-connector-java-8.0.27.jar:8.0.27]
	at com.mysql.cj.jdbc.NonRegisteringDriver.connect(NonRegisteringDriver.java:198) ~[mysql-connector-java-8.0.27.jar:8.0.27]
	at com.alibaba.druid.pool.DruidAbstractDataSource.createPhysicalConnection(DruidAbstractDataSource.java:1375) ~[druid-1.0.15.jar:1.0.15]
	at com.alibaba.druid.pool.DruidAbstractDataSource.createPhysicalConnection(DruidAbstractDataSource.java:1431) ~[druid-1.0.15.jar:1.0.15]
	at com.alibaba.druid.pool.DruidDataSource$CreateConnectionThread.run(DruidDataSource.java:1888) ~[druid-1.0.15.jar:1.0.15]
Caused by: com.mysql.cj.exceptions.CJException: Unknown database 'tzj_public_log'
	at sun.reflect.GeneratedConstructorAccessor14.newInstance(Unknown Source) ~[?:?]
	at sun.reflect.DelegatingConstructorAccessorImpl.newInstance(DelegatingConstructorAccessorImpl.java:45) ~[?:1.8.0_492]
	at java.lang.reflect.Constructor.newInstance(Constructor.java:423) ~[?:1.8.0_492]
	at com.mysql.cj.exceptions.ExceptionFactory.createException(ExceptionFactory.java:61) ~[mysql-connector-java-8.0.27.jar:8.0.27]
	at com.mysql.cj.exceptions.ExceptionFactory.createException(ExceptionFactory.java:105) ~[mysql-connector-java-8.0.27.jar:8.0.27]
	at com.mysql.cj.exceptions.ExceptionFactory.createException(ExceptionFactory.java:151) ~[mysql-connector-java-8.0.27.jar:8.0.27]
	at com.mysql.cj.exceptions.ExceptionFactory.createException(ExceptionFactory.java:129) ~[mysql-connector-java-8.0.27.jar:8.0.27]
	at com.mysql.cj.protocol.a.NativeProtocol.checkErrorMessage(NativeProtocol.java:787) ~[mysql-connector-java-8.0.27.jar:8.0.27]
	at com.mysql.cj.protocol.a.NativeProtocol.checkErrorMessage(NativeProtocol.java:709) ~[mysql-connector-java-8.0.27.jar:8.0.27]
	at com.mysql.cj.protocol.a.NativeProtocol.checkErrorMessage(NativeProtocol.java:677) ~[mysql-connector-java-8.0.27.jar:8.0.27]
	at com.mysql.cj.protocol.a.NativeProtocol.checkErrorMessage(NativeProtocol.java:137) ~[mysql-connector-java-8.0.27.jar:8.0.27]
	at com.mysql.cj.protocol.a.NativeAuthenticationProvider.proceedHandshakeWithPluggableAuthentication(NativeAuthenticationProvider.java:468) ~[mysql-connector-java-8.0.27.jar:8.0.27]
	at com.mysql.cj.protocol.a.NativeAuthenticationProvider.connect(NativeAuthenticationProvider.java:210) ~[mysql-connector-java-8.0.27.jar:8.0.27]
	at com.mysql.cj.protocol.a.NativeProtocol.connect(NativeProtocol.java:1369) ~[mysql-connector-java-8.0.27.jar:8.0.27]
	at com.mysql.cj.NativeSession.connect(NativeSession.java:133) ~[mysql-connector-java-8.0.27.jar:8.0.27]
	at com.mysql.cj.jdbc.ConnectionImpl.connectWithRetries(ConnectionImpl.java:842) ~[mysql-connector-java-8.0.27.jar:8.0.27]
	at com.mysql.cj.jdbc.ConnectionImpl.createNewIO(ConnectionImpl.java:823) ~[mysql-connector-java-8.0.27.jar:8.0.27]
	at com.mysql.cj.jdbc.ConnectionImpl.<init>(ConnectionImpl.java:448) ~[mysql-connector-java-8.0.27.jar:8.0.27]
	at com.mysql.cj.jdbc.ConnectionImpl.getInstance(ConnectionImpl.java:241) ~[mysql-connector-java-8.0.27.jar:8.0.27]
	at com.mysql.cj.jdbc.NonRegisteringDriver.connect(NonRegisteringDriver.java:198) ~[mysql-connector-java-8.0.27.jar:8.0.27]
	at com.alibaba.druid.pool.DruidAbstractDataSource.createPhysicalConnection(DruidAbstractDataSource.java:1375) ~[druid-1.0.15.jar:1.0.15]
	at com.alibaba.druid.pool.DruidAbstractDataSource.createPhysicalConnection(DruidAbstractDataSource.java:1431) ~[druid-1.0.15.jar:1.0.15]
	at com.alibaba.druid.pool.DruidDataSource$CreateConnectionThread.run(DruidDataSource.java:1888) ~[druid-1.0.15.jar:1.0.15]
2026-07-26 20:17:28.452 INFO [Thread-1][LogService.java:125] - 启动日志线程池完毕
2026-07-26 20:17:28.452 INFO [Thread-1][LogService.java:129] - 初始化日志数据库服务结束
2026-07-26 20:17:28.459 INFO [Thread-1][QuestionnaireManager.java:87] - 开始时间：1590958800000
2026-07-26 20:17:28.459 INFO [Thread-1][QuestionnaireManager.java:88] - 结束时间：1593550799000
2026-07-26 20:17:29.300 INFO [Thread-1][ServerParamUtil.java:217] - 服务器参数加载成功！
2026-07-26 20:17:29.302 INFO [Thread-1][ServerMatchManager.java:178] - 初始的时间=2026-07-27 00:00:00 计算的时间=2026-07-27 00:00:00
2026-07-26 20:17:29.303 INFO [Thread-1][ServerMatchManager.java:178] - 初始的时间=2026-07-27 00:00:00 计算的时间=2026-07-27 00:00:00
2026-07-26 20:17:29.308 INFO [Thread-1][ServerMatchManagerScript.java:251] - markServer bigGroupId-- 1  state-- 8 groupID-- 30001  serverId1001-- openDay-- 1172  firstConnect-- 1782934435779 newinfo-- {1=2, 2=10001, 4=20001, 8=30001} 
2026-07-26 20:17:29.310 INFO [Thread-1][ServerMatchManagerScript.java:251] - markServer bigGroupId-- 1  state-- 1 groupID-- 2  serverId1001-- openDay-- 1172  firstConnect-- 1782934435779 newinfo-- {1=2, 2=10001, 4=20001, 8=30001} 
2026-07-26 20:17:29.310 INFO [Thread-1][ServerMatchManagerScript.java:251] - markServer bigGroupId-- 1  state-- 2 groupID-- 10001  serverId1001-- openDay-- 1172  firstConnect-- 1782934435779 newinfo-- {1=2, 2=10001, 4=20001, 8=30001} 
2026-07-26 20:17:29.310 INFO [Thread-1][ServerMatchManagerScript.java:251] - markServer bigGroupId-- 1  state-- 4 groupID-- 20001  serverId1001-- openDay-- 1172  firstConnect-- 1782934435779 newinfo-- {1=2, 2=10001, 4=20001, 8=30001} 
2026-07-26 20:17:29.320 INFO [Thread-1][CrossRankManager.java:90] - 跨服世界等级 timer 初始化成功
2026-07-26 20:17:29.330 INFO [Thread-1][FudScript.java:606] - 加载福地分组数据 len=0
2026-07-26 20:17:29.333 INFO [Thread-1][FudScript.java:614] - 加载福地玩家数据 len=0
2026-07-26 20:17:29.368 INFO [Thread-1][PeakScript.java:690] - 加载巅峰竞技场数据 len=0 rank=0
2026-07-26 20:17:29.373 INFO [Thread-1][MainServer.java:237] - 公共服开始启动了！
2026-07-26 20:17:29.446 INFO [public服务][PeakScript.java:746] - 【巅峰竞技场】 场次奖励结算。。。Time=2026-07-26 20:17:29
2026-07-26 20:17:30.432 INFO [nioEventLoopGroup-4-1][SocketServer.java:61] - 登录HTTP服务监听9201成功！
2026-07-26 20:17:30.432 INFO [nioEventLoopGroup-2-1][SocketServer.java:61] - publicserver监听9200成功！
2026-07-26 20:17:32.957 INFO [nioEventLoopGroup-3-1][InnerMsgAdapter.java:105] - 游戏服首次来注册InnerMsgAdapter#0 :[id: 0x047cef73, L:/157.22.200.3:9200 - R:/157.22.200.3:39980]
2026-07-26 20:17:32.957 INFO [nioEventLoopGroup-3-1][InnerMsgAdapter.java:155] - 首次连接注册成功！
2026-07-26 20:17:32.958 INFO [nioEventLoopGroup-3-1][InnerMsgAdapter.java:93] - 游戏服开始连接InnerMsgAdapter#0 :[id: 0x047cef73, L:/157.22.200.3:9200 - R:/157.22.200.3:39980] 连接的序号是：1
2026-07-26 20:17:34.068 INFO [Thread-6][GameServerManager.java:90] - cn _ 1001 注册的游戏服ID： 1001 ip:157.22.200.3
2026-07-26 20:17:34.070 INFO [Thread-6][ServerMatchManagerScript.java:251] - markServer bigGroupId-- 1  state-- 8 groupID-- 30001  serverId1001-- openDay-- 1172  firstConnect-- 1782934435779 newinfo-- {1=2, 2=10001, 4=20001, 8=30001} 
2026-07-26 20:17:34.071 INFO [Thread-6][ServerMatchManagerScript.java:251] - markServer bigGroupId-- 1  state-- 1 groupID-- 2  serverId1001-- openDay-- 1172  firstConnect-- 1782934435779 newinfo-- {1=2, 2=10001, 4=20001, 8=30001} 
2026-07-26 20:17:34.073 INFO [Thread-6][ServerMatchManagerScript.java:251] - markServer bigGroupId-- 1  state-- 2 groupID-- 10001  serverId1001-- openDay-- 1172  firstConnect-- 1782934435779 newinfo-- {1=2, 2=10001, 4=20001, 8=30001} 
2026-07-26 20:17:34.074 INFO [Thread-6][ServerMatchManagerScript.java:251] - markServer bigGroupId-- 1  state-- 4 groupID-- 20001  serverId1001-- openDay-- 1172  firstConnect-- 1782934435779 newinfo-- {1=2, 2=10001, 4=20001, 8=30001} 
2026-07-26 20:17:34.087 ERROR [Thread-6][CrossRankScript.java:240] - allCrosRankMap  size  == 0
2026-07-26 20:17:34.198 INFO [Thread-6][GSManagerScript.java:252] - [id: 0x047cef73, L:/157.22.200.3:9200 - R:/157.22.200.3:39980] 注册来的信息是：sinfo {
  serverId: 1001
  serverIP: "157.22.200.3"
  serverPort: 9101
  serverType: 1
  platformMark: "cn"
  version: "20170615"
  serverOpentime: "2023-05-12 00:00:00"
  serverWorldlv: 79
}
combinedIds: 1001

2026-07-26 20:18:00.081 INFO [public服务][DailyActiveScript.java:217] - 日常活动id=2【掌门传道】开始阶段
2026-07-26 20:18:00.081 INFO [public服务][DailyActiveScript.java:217] - 日常活动id=14【神兽首领】开始阶段
2026-07-26 20:18:00.083 INFO [public服务][DailyActiveScript.java:217] - 日常活动id=113【诸界远征】开始阶段
2026-07-26 20:18:00.083 INFO [public服务][FudScript.java:985] - 跨服福地活动开启
2026-07-26 20:18:00.084 INFO [public服务][FudScript.java:777] - 跨服福地分配福地 !!!!Day=2026-07-26 20:18:00
2026-07-26 20:18:00.093 INFO [public服务][FudScript.java:939] - 分配出生福地 group=FudGroup{groupId=30001, stage=8, openDay=1172, worldLevel=79, servers=[1001]} camp=FudCamp{camp=1, serverList=[1001]} city=FudCity{cityId=801, state=2, camp=1}
2026-07-26 20:18:00.095 INFO [public服务][FudScript.java:939] - 分配出生福地 group=FudGroup{groupId=20001, stage=4, openDay=0, worldLevel=0, servers=[1001]} camp=FudCamp{camp=1, serverList=[1001]} city=FudCity{cityId=401, state=2, camp=1}
2026-07-26 20:18:00.095 INFO [public服务][FudScript.java:939] - 分配出生福地 group=FudGroup{groupId=10001, stage=2, openDay=0, worldLevel=0, servers=[1001]} camp=FudCamp{camp=1, serverList=[1001]} city=FudCity{cityId=201, state=2, camp=1}
2026-07-26 20:18:00.097 INFO [public服务][FudScript.java:817] - 分配组成功 group=FudGroup{groupId=30001, stage=8, openDay=1172, worldLevel=79, servers=[1001]}
2026-07-26 20:18:00.097 INFO [public服务][FudScript.java:817] - 分配组成功 group=FudGroup{groupId=20001, stage=4, openDay=0, worldLevel=0, servers=[1001]}
2026-07-26 20:18:00.098 INFO [public服务][FudScript.java:817] - 分配组成功 group=FudGroup{groupId=10001, stage=2, openDay=0, worldLevel=0, servers=[1001]}
2026-07-26 20:18:00.099 INFO [public服务][DailyActiveScript.java:217] - 日常活动id=115【仙侣对决】开始阶段
2026-07-26 20:18:00.099 INFO [public服务][CouplefightScript.java:1368] - 开始仙侣对决
2026-07-26 20:18:00.099 INFO [public服务][QuestionaireScript.java:59] - 有奖问答结束
2026-07-26 20:18:29.413 INFO [public服务][CrossRankScript.java:261] - 开始计算跨服世界等级
2026-07-26 20:18:29.414 ERROR [public服务][CrossRankScript.java:240] - allCrosRankMap  size  == 0
2026-07-26 20:20:00.531 INFO [CouplefightManager][CouplefightScript.java:315] - 仙侣对决状态刷新0-8-1
2026-07-26 20:20:00.536 INFO [pool-4-thread-1][CouplefightScript.java:1098] - 仙侣对决 开启报名
2026-07-26 20:20:00.536 INFO [pool-4-thread-1][CouplefightScript.java:399] - 仙侣对决 清除所有数据
2026-07-26 20:20:01.535 INFO [CouplefightManager][CouplefightScript.java:315] - 仙侣对决状态刷新1-8-2
2026-07-26 20:20:01.537 INFO [pool-4-thread-1][CouplefightScript.java:997] - 仙侣对决 预选赛准备
2026-07-26 20:20:02.536 INFO [CouplefightManager][CouplefightScript.java:315] - 仙侣对决状态刷新2-8-3
2026-07-26 20:20:02.614 INFO [pool-4-thread-1][CouplefightScript.java:989] - 仙侣对决 预选赛开始
2026-07-26 20:20:03.538 INFO [CouplefightManager][CouplefightScript.java:315] - 仙侣对决状态刷新3-8-4
2026-07-26 20:20:03.538 INFO [pool-4-thread-1][CouplefightScript.java:904] - 仙侣对决 预选赛结束
2026-07-26 20:20:03.539 INFO [pool-4-thread-1][CouplefightScript.java:934] - 仙侣对决 小组赛准备
2026-07-26 20:20:03.540 INFO [pool-4-thread-1][CouplefightScript.java:982] - 仙侣对决 小组赛准备完毕
2026-07-26 20:20:04.541 INFO [CouplefightManager][CouplefightScript.java:315] - 仙侣对决状态刷新4-8-5
2026-07-26 20:20:04.541 INFO [pool-4-thread-1][CouplefightScript.java:630] - 仙侣对决 小组赛战斗开始
2026-07-26 20:20:05.541 INFO [CouplefightManager][CouplefightScript.java:315] - 仙侣对决状态刷新5-8-6
2026-07-26 20:20:05.541 INFO [pool-4-thread-1][CouplefightScript.java:500] - 仙侣对决 冠军赛准备
2026-07-26 20:20:05.542 WARN [pool-4-thread-1][CouplefightScript.java:512] - 仙侣对决 小组赛强制结算 serverGroup:30001 group:1
2026-07-26 20:20:05.547 WARN [pool-4-thread-1][CouplefightScript.java:512] - 仙侣对决 小组赛强制结算 serverGroup:30001 group:2
2026-07-26 20:20:05.547 WARN [pool-4-thread-1][CouplefightScript.java:512] - 仙侣对决 小组赛强制结算 serverGroup:30001 group:3
2026-07-26 20:20:05.548 WARN [pool-4-thread-1][CouplefightScript.java:512] - 仙侣对决 小组赛强制结算 serverGroup:30001 group:4
2026-07-26 20:20:05.548 WARN [pool-4-thread-1][CouplefightScript.java:512] - 仙侣对决 小组赛强制结算 serverGroup:30001 group:5
2026-07-26 20:20:05.548 WARN [pool-4-thread-1][CouplefightScript.java:512] - 仙侣对决 小组赛强制结算 serverGroup:30001 group:6
2026-07-26 20:20:05.548 WARN [pool-4-thread-1][CouplefightScript.java:512] - 仙侣对决 小组赛强制结算 serverGroup:30001 group:7
2026-07-26 20:20:05.548 WARN [pool-4-thread-1][CouplefightScript.java:512] - 仙侣对决 小组赛强制结算 serverGroup:30001 group:8
2026-07-26 20:20:06.541 INFO [CouplefightManager][CouplefightScript.java:315] - 仙侣对决状态刷新6-8-7
2026-07-26 20:20:06.542 INFO [pool-4-thread-1][CouplefightScript.java:476] - 仙侣对决 地榜赛准备
2026-07-26 20:20:07.543 INFO [CouplefightManager][CouplefightScript.java:315] - 仙侣对决状态刷新7-8-8
2026-07-26 20:20:07.543 INFO [pool-4-thread-1][CouplefightScript.java:433] - 仙侣对决 地榜赛开始
2026-07-26 20:20:08.545 INFO [CouplefightManager][CouplefightScript.java:2668] - 仙侣对决 冠军赛新轮次开始
2026-07-26 20:20:08.545 INFO [CouplefightManager][CouplefightScript.java:464] - 仙侣对决冠军赛地榜 第1轮 开始
2026-07-26 20:20:08.545 INFO [CouplefightManager][CouplefightScript.java:1753] - 仙侣对决 冠军赛战斗，跨服组：30001，第1轮，战斗id:101,win:null
2026-07-26 20:20:08.546 INFO [CouplefightManager][CouplefightScript.java:1753] - 仙侣对决 冠军赛战斗，跨服组：30001，第1轮，战斗id:102,win:null
2026-07-26 20:20:08.546 INFO [CouplefightManager][CouplefightScript.java:1753] - 仙侣对决 冠军赛战斗，跨服组：30001，第1轮，战斗id:103,win:null
2026-07-26 20:20:08.546 INFO [CouplefightManager][CouplefightScript.java:1753] - 仙侣对决 冠军赛战斗，跨服组：30001，第1轮，战斗id:104,win:null
2026-07-26 20:20:08.546 INFO [CouplefightManager][CouplefightScript.java:1753] - 仙侣对决 冠军赛战斗，跨服组：30001，第1轮，战斗id:105,win:null
2026-07-26 20:20:08.546 INFO [CouplefightManager][CouplefightScript.java:1753] - 仙侣对决 冠军赛战斗，跨服组：30001，第1轮，战斗id:106,win:null
2026-07-26 20:20:08.546 INFO [CouplefightManager][CouplefightScript.java:1753] - 仙侣对决 冠军赛战斗，跨服组：30001，第1轮，战斗id:107,win:null
2026-07-26 20:20:08.546 INFO [CouplefightManager][CouplefightScript.java:1753] - 仙侣对决 冠军赛战斗，跨服组：30001，第1轮，战斗id:108,win:null
2026-07-26 20:20:08.546 INFO [CouplefightManager][CouplefightScript.java:1770] - 跨服组30001,仙侣对决地榜赛第1轮结束
2026-07-26 20:21:14.757 INFO [nioEventLoopGroup-3-2][InnerMsgAdapter.java:105] - 游戏服首次来注册InnerMsgAdapter#0 :[id: 0x24b766d5, L:/157.22.200.3:9200 - R:/157.22.200.3:37752]
2026-07-26 20:21:14.758 INFO [nioEventLoopGroup-3-2][InnerMsgAdapter.java:155] - 首次连接注册成功！
2026-07-26 20:21:14.758 INFO [nioEventLoopGroup-3-2][InnerMsgAdapter.java:93] - 游戏服开始连接InnerMsgAdapter#0 :[id: 0x24b766d5, L:/157.22.200.3:9200 - R:/157.22.200.3:37752] 连接的序号是：2
2026-07-26 20:21:14.845 ERROR [Thread-7][GameServerManager.java:213] - 还没有战斗服连接进哦=========================
2026-07-26 20:21:14.845 INFO [Thread-7][GSManagerScript.java:509] - 注册 社交服务器 server=com.game.gameserver.structs.ServerInfo@1b3b920a｝
2026-07-26 20:25:00.513 INFO [CouplefightManager][CouplefightScript.java:2668] - 仙侣对决 冠军赛新轮次开始
2026-07-26 20:25:00.513 INFO [CouplefightManager][CouplefightScript.java:464] - 仙侣对决冠军赛地榜 第2轮 开始
2026-07-26 20:25:00.513 INFO [CouplefightManager][CouplefightScript.java:1753] - 仙侣对决 冠军赛战斗，跨服组：30001，第2轮，战斗id:201,win:null
2026-07-26 20:25:00.513 INFO [CouplefightManager][CouplefightScript.java:1753] - 仙侣对决 冠军赛战斗，跨服组：30001，第2轮，战斗id:202,win:null
2026-07-26 20:25:00.513 INFO [CouplefightManager][CouplefightScript.java:1753] - 仙侣对决 冠军赛战斗，跨服组：30001，第2轮，战斗id:203,win:null
2026-07-26 20:25:00.513 INFO [CouplefightManager][CouplefightScript.java:1753] - 仙侣对决 冠军赛战斗，跨服组：30001，第2轮，战斗id:204,win:null
2026-07-26 20:25:00.513 INFO [CouplefightManager][CouplefightScript.java:1770] - 跨服组30001,仙侣对决地榜赛第2轮结束
2026-07-26 20:30:00.478 INFO [CouplefightManager][CouplefightScript.java:2668] - 仙侣对决 冠军赛新轮次开始
2026-07-26 20:30:00.478 INFO [CouplefightManager][CouplefightScript.java:464] - 仙侣对决冠军赛地榜 第3轮 开始
2026-07-26 20:30:00.478 INFO [CouplefightManager][CouplefightScript.java:1753] - 仙侣对决 冠军赛战斗，跨服组：30001，第3轮，战斗id:301,win:null
2026-07-26 20:30:00.478 INFO [CouplefightManager][CouplefightScript.java:1753] - 仙侣对决 冠军赛战斗，跨服组：30001，第3轮，战斗id:302,win:null
2026-07-26 20:30:00.478 INFO [CouplefightManager][CouplefightScript.java:1770] - 跨服组30001,仙侣对决地榜赛第3轮结束
2026-07-26 20:32:00.498 INFO [CouplefightManager][CouplefightScript.java:315] - 仙侣对决状态刷新8-9-9
2026-07-26 20:32:00.500 INFO [pool-4-thread-1][CouplefightScript.java:488] - 仙侣对决 天榜赛准备
2026-07-26 20:40:00.548 INFO [CouplefightManager][CouplefightScript.java:315] - 仙侣对决状态刷新9-10-10
2026-07-26 20:40:00.549 INFO [pool-4-thread-1][CouplefightScript.java:441] - 仙侣对决 天榜赛开始
2026-07-26 20:40:01.553 INFO [CouplefightManager][CouplefightScript.java:2668] - 仙侣对决 冠军赛新轮次开始
2026-07-26 20:40:01.554 INFO [CouplefightManager][CouplefightScript.java:464] - 仙侣对决冠军赛天榜 第1轮 开始
2026-07-26 20:40:01.555 INFO [CouplefightManager][CouplefightScript.java:1753] - 仙侣对决 冠军赛战斗，跨服组：30001，第1轮，战斗id:101,win:null
2026-07-26 20:40:01.555 INFO [CouplefightManager][CouplefightScript.java:1753] - 仙侣对决 冠军赛战斗，跨服组：30001，第1轮，战斗id:102,win:null
2026-07-26 20:40:01.555 INFO [CouplefightManager][CouplefightScript.java:1753] - 仙侣对决 冠军赛战斗，跨服组：30001，第1轮，战斗id:103,win:null
2026-07-26 20:40:01.555 INFO [CouplefightManager][CouplefightScript.java:1753] - 仙侣对决 冠军赛战斗，跨服组：30001，第1轮，战斗id:104,win:null
2026-07-26 20:40:01.555 INFO [CouplefightManager][CouplefightScript.java:1753] - 仙侣对决 冠军赛战斗，跨服组：30001，第1轮，战斗id:105,win:null
2026-07-26 20:40:01.556 INFO [CouplefightManager][CouplefightScript.java:1753] - 仙侣对决 冠军赛战斗，跨服组：30001，第1轮，战斗id:106,win:null
2026-07-26 20:40:01.556 INFO [CouplefightManager][CouplefightScript.java:1753] - 仙侣对决 冠军赛战斗，跨服组：30001，第1轮，战斗id:107,win:null
2026-07-26 20:40:01.556 INFO [CouplefightManager][CouplefightScript.java:1753] - 仙侣对决 冠军赛战斗，跨服组：30001，第1轮，战斗id:108,win:null
2026-07-26 20:40:01.556 INFO [CouplefightManager][CouplefightScript.java:1770] - 跨服组30001,仙侣对决天榜赛第1轮结束
2026-07-26 20:45:00.524 INFO [CouplefightManager][CouplefightScript.java:2668] - 仙侣对决 冠军赛新轮次开始
2026-07-26 20:45:00.524 INFO [CouplefightManager][CouplefightScript.java:464] - 仙侣对决冠军赛天榜 第2轮 开始
2026-07-26 20:45:00.524 INFO [CouplefightManager][CouplefightScript.java:1753] - 仙侣对决 冠军赛战斗，跨服组：30001，第2轮，战斗id:201,win:null
2026-07-26 20:45:00.524 INFO [CouplefightManager][CouplefightScript.java:1753] - 仙侣对决 冠军赛战斗，跨服组：30001，第2轮，战斗id:202,win:null
2026-07-26 20:45:00.524 INFO [CouplefightManager][CouplefightScript.java:1753] - 仙侣对决 冠军赛战斗，跨服组：30001，第2轮，战斗id:203,win:null
2026-07-26 20:45:00.525 INFO [CouplefightManager][CouplefightScript.java:1753] - 仙侣对决 冠军赛战斗，跨服组：30001，第2轮，战斗id:204,win:null
2026-07-26 20:45:00.525 INFO [CouplefightManager][CouplefightScript.java:1770] - 跨服组30001,仙侣对决天榜赛第2轮结束
2026-07-26 20:50:00.488 INFO [CouplefightManager][CouplefightScript.java:2668] - 仙侣对决 冠军赛新轮次开始
2026-07-26 20:50:00.488 INFO [CouplefightManager][CouplefightScript.java:464] - 仙侣对决冠军赛天榜 第3轮 开始
2026-07-26 20:50:00.488 INFO [CouplefightManager][CouplefightScript.java:1753] - 仙侣对决 冠军赛战斗，跨服组：30001，第3轮，战斗id:301,win:null
2026-07-26 20:50:00.489 INFO [CouplefightManager][CouplefightScript.java:1753] - 仙侣对决 冠军赛战斗，跨服组：30001，第3轮，战斗id:302,win:null
2026-07-26 20:50:00.489 INFO [CouplefightManager][CouplefightScript.java:1770] - 跨服组30001,仙侣对决天榜赛第3轮结束
2026-07-26 20:55:00.549 INFO [CouplefightManager][CouplefightScript.java:2668] - 仙侣对决 冠军赛新轮次开始
2026-07-26 20:55:00.549 INFO [CouplefightManager][CouplefightScript.java:464] - 仙侣对决冠军赛天榜 第4轮 开始
2026-07-26 20:55:00.549 INFO [CouplefightManager][CouplefightScript.java:1753] - 仙侣对决 冠军赛战斗，跨服组：30001，第4轮，战斗id:401,win:null
2026-07-26 20:55:00.549 INFO [CouplefightManager][CouplefightScript.java:1770] - 跨服组30001,仙侣对决天榜赛第4轮结束
2026-07-26 20:55:00.550 INFO [CouplefightManager][CouplefightScript.java:1874] - 仙侣对决 冠军赛 天榜结束 group:30001 发送奖励
2026-07-26 20:57:00.480 INFO [CouplefightManager][CouplefightScript.java:315] - 仙侣对决状态刷新10-11-11
2026-07-26 20:57:00.481 INFO [pool-4-thread-1][CouplefightScript.java:409] - 仙侣对决结束 等待关闭
