2026-08-16 21:00:18.759 ERROR [public-Timer-Timer][TimerThread.java:78] - Затраченное время на таймерные события: 14, количество: 9
2026-08-16 21:21:56.785 ERROR [Thread-11][CouplefightScript.java:2169] - 仙侣对决异常 type:5 rid:281873304391993039 params:[]
java.lang.NullPointerException: null
	at common.couplefight.CouplefightScript.sendPromotionInfo(CouplefightScript.java:2193) ~[PublicServer.jar:?]
	at common.couplefight.CouplefightScript.reqInfo(CouplefightScript.java:2131) [PublicServer.jar:?]
	at com.game.couplefight.handler.G2PReqCouplefightInfoHandler.action(G2PReqCouplefightInfoHandler.java:32) [PublicServer.jar:?]
	at com.game.couplefight.handler.G2PReqCouplefightInfoHandler.action(G2PReqCouplefightInfoHandler.java:20) [PublicServer.jar:?]
	at game.core.message.RMessage.action(RMessage.java:127) [GameCore.jar:?]
	at com.game.server.filter.RMessageWorkHandler.onEvent(RMessageWorkHandler.java:41) [PublicServer.jar:?]
	at com.game.server.filter.RMessageWorkHandler.onEvent(RMessageWorkHandler.java:21) [PublicServer.jar:?]
	at com.lmax.disruptor.WorkProcessor.run(WorkProcessor.java:143) [disruptor-3.3.6.jar:?]
	at java.lang.Thread.run(Thread.java:750) [?:1.8.0_492]
2026-08-16 21:21:56.787 ERROR [Thread-10][CouplefightScript.java:2169] - 仙侣对决异常 type:1 rid:281873304391993039 params:[]
java.lang.NullPointerException: null
	at common.couplefight.CouplefightScript.sendTrialsInfo(CouplefightScript.java:2736) ~[PublicServer.jar:?]
	at common.couplefight.CouplefightScript.reqInfo(CouplefightScript.java:2119) [PublicServer.jar:?]
	at com.game.couplefight.handler.G2PReqCouplefightInfoHandler.action(G2PReqCouplefightInfoHandler.java:32) [PublicServer.jar:?]
	at com.game.couplefight.handler.G2PReqCouplefightInfoHandler.action(G2PReqCouplefightInfoHandler.java:20) [PublicServer.jar:?]
	at game.core.message.RMessage.action(RMessage.java:127) [GameCore.jar:?]
	at com.game.server.filter.RMessageWorkHandler.onEvent(RMessageWorkHandler.java:41) [PublicServer.jar:?]
	at com.game.server.filter.RMessageWorkHandler.onEvent(RMessageWorkHandler.java:21) [PublicServer.jar:?]
	at com.lmax.disruptor.WorkProcessor.run(WorkProcessor.java:143) [disruptor-3.3.6.jar:?]
	at java.lang.Thread.run(Thread.java:750) [?:1.8.0_492]
2026-08-16 21:32:53.413 INFO [Public service][CrossRankScript.java:261] - 开始计算跨服世界等级
2026-08-16 21:32:53.413 ERROR [Public service][CrossRankScript.java:240] - allCrosRankMap  size  == 0
2026-08-16 21:38:37.221 ERROR [Thread-7][CouplefightScript.java:2169] - 仙侣对决异常 type:1 rid:281873304391993039 params:[]
java.lang.NullPointerException: null
	at common.couplefight.CouplefightScript.sendTrialsInfo(CouplefightScript.java:2736) ~[PublicServer.jar:?]
	at common.couplefight.CouplefightScript.reqInfo(CouplefightScript.java:2119) [PublicServer.jar:?]
	at com.game.couplefight.handler.G2PReqCouplefightInfoHandler.action(G2PReqCouplefightInfoHandler.java:32) [PublicServer.jar:?]
	at com.game.couplefight.handler.G2PReqCouplefightInfoHandler.action(G2PReqCouplefightInfoHandler.java:20) [PublicServer.jar:?]
	at game.core.message.RMessage.action(RMessage.java:127) [GameCore.jar:?]
	at com.game.server.filter.RMessageWorkHandler.onEvent(RMessageWorkHandler.java:41) [PublicServer.jar:?]
	at com.game.server.filter.RMessageWorkHandler.onEvent(RMessageWorkHandler.java:21) [PublicServer.jar:?]
	at com.lmax.disruptor.WorkProcessor.run(WorkProcessor.java:143) [disruptor-3.3.6.jar:?]
	at java.lang.Thread.run(Thread.java:750) [?:1.8.0_492]
2026-08-16 21:38:37.221 ERROR [Thread-12][CouplefightScript.java:2169] - 仙侣对决异常 type:5 rid:281873304391993039 params:[]
java.lang.NullPointerException: null
	at common.couplefight.CouplefightScript.sendPromotionInfo(CouplefightScript.java:2193) ~[PublicServer.jar:?]
	at common.couplefight.CouplefightScript.reqInfo(CouplefightScript.java:2131) [PublicServer.jar:?]
	at com.game.couplefight.handler.G2PReqCouplefightInfoHandler.action(G2PReqCouplefightInfoHandler.java:32) [PublicServer.jar:?]
	at com.game.couplefight.handler.G2PReqCouplefightInfoHandler.action(G2PReqCouplefightInfoHandler.java:20) [PublicServer.jar:?]
	at game.core.message.RMessage.action(RMessage.java:127) [GameCore.jar:?]
	at com.game.server.filter.RMessageWorkHandler.onEvent(RMessageWorkHandler.java:41) [PublicServer.jar:?]
	at com.game.server.filter.RMessageWorkHandler.onEvent(RMessageWorkHandler.java:21) [PublicServer.jar:?]
	at com.lmax.disruptor.WorkProcessor.run(WorkProcessor.java:143) [disruptor-3.3.6.jar:?]
	at java.lang.Thread.run(Thread.java:750) [?:1.8.0_492]
2026-08-16 21:41:48.766 ERROR [Thread-8][CouplefightScript.java:2169] - 仙侣对决异常 type:5 rid:281873304391993039 params:[]
java.lang.NullPointerException: null
	at common.couplefight.CouplefightScript.sendPromotionInfo(CouplefightScript.java:2193) ~[PublicServer.jar:?]
	at common.couplefight.CouplefightScript.reqInfo(CouplefightScript.java:2131) [PublicServer.jar:?]
	at com.game.couplefight.handler.G2PReqCouplefightInfoHandler.action(G2PReqCouplefightInfoHandler.java:32) [PublicServer.jar:?]
	at com.game.couplefight.handler.G2PReqCouplefightInfoHandler.action(G2PReqCouplefightInfoHandler.java:20) [PublicServer.jar:?]
	at game.core.message.RMessage.action(RMessage.java:127) [GameCore.jar:?]
	at com.game.server.filter.RMessageWorkHandler.onEvent(RMessageWorkHandler.java:41) [PublicServer.jar:?]
	at com.game.server.filter.RMessageWorkHandler.onEvent(RMessageWorkHandler.java:21) [PublicServer.jar:?]
	at com.lmax.disruptor.WorkProcessor.run(WorkProcessor.java:143) [disruptor-3.3.6.jar:?]
	at java.lang.Thread.run(Thread.java:750) [?:1.8.0_492]
2026-08-16 21:41:48.768 ERROR [Thread-11][CouplefightScript.java:2169] - 仙侣对决异常 type:1 rid:281873304391993039 params:[]
java.lang.NullPointerException: null
	at common.couplefight.CouplefightScript.sendTrialsInfo(CouplefightScript.java:2736) ~[PublicServer.jar:?]
	at common.couplefight.CouplefightScript.reqInfo(CouplefightScript.java:2119) [PublicServer.jar:?]
	at com.game.couplefight.handler.G2PReqCouplefightInfoHandler.action(G2PReqCouplefightInfoHandler.java:32) [PublicServer.jar:?]
	at com.game.couplefight.handler.G2PReqCouplefightInfoHandler.action(G2PReqCouplefightInfoHandler.java:20) [PublicServer.jar:?]
	at game.core.message.RMessage.action(RMessage.java:127) [GameCore.jar:?]
	at com.game.server.filter.RMessageWorkHandler.onEvent(RMessageWorkHandler.java:41) [PublicServer.jar:?]
	at com.game.server.filter.RMessageWorkHandler.onEvent(RMessageWorkHandler.java:21) [PublicServer.jar:?]
	at com.lmax.disruptor.WorkProcessor.run(WorkProcessor.java:143) [disruptor-3.3.6.jar:?]
	at java.lang.Thread.run(Thread.java:750) [?:1.8.0_492]
2026-08-16 21:49:35.930 ERROR [Thread-6][CouplefightScript.java:2169] - 仙侣对决异常 type:5 rid:281873304391993039 params:[]
java.lang.NullPointerException: null
	at common.couplefight.CouplefightScript.sendPromotionInfo(CouplefightScript.java:2193) ~[PublicServer.jar:?]
	at common.couplefight.CouplefightScript.reqInfo(CouplefightScript.java:2131) [PublicServer.jar:?]
	at com.game.couplefight.handler.G2PReqCouplefightInfoHandler.action(G2PReqCouplefightInfoHandler.java:32) [PublicServer.jar:?]
	at com.game.couplefight.handler.G2PReqCouplefightInfoHandler.action(G2PReqCouplefightInfoHandler.java:20) [PublicServer.jar:?]
	at game.core.message.RMessage.action(RMessage.java:127) [GameCore.jar:?]
	at com.game.server.filter.RMessageWorkHandler.onEvent(RMessageWorkHandler.java:41) [PublicServer.jar:?]
	at com.game.server.filter.RMessageWorkHandler.onEvent(RMessageWorkHandler.java:21) [PublicServer.jar:?]
	at com.lmax.disruptor.WorkProcessor.run(WorkProcessor.java:143) [disruptor-3.3.6.jar:?]
	at java.lang.Thread.run(Thread.java:750) [?:1.8.0_492]
2026-08-16 21:49:35.930 ERROR [Thread-13][CouplefightScript.java:2169] - 仙侣对决异常 type:1 rid:281873304391993039 params:[]
java.lang.NullPointerException: null
	at common.couplefight.CouplefightScript.sendTrialsInfo(CouplefightScript.java:2736) ~[PublicServer.jar:?]
	at common.couplefight.CouplefightScript.reqInfo(CouplefightScript.java:2119) [PublicServer.jar:?]
	at com.game.couplefight.handler.G2PReqCouplefightInfoHandler.action(G2PReqCouplefightInfoHandler.java:32) [PublicServer.jar:?]
	at com.game.couplefight.handler.G2PReqCouplefightInfoHandler.action(G2PReqCouplefightInfoHandler.java:20) [PublicServer.jar:?]
	at game.core.message.RMessage.action(RMessage.java:127) [GameCore.jar:?]
	at com.game.server.filter.RMessageWorkHandler.onEvent(RMessageWorkHandler.java:41) [PublicServer.jar:?]
	at com.game.server.filter.RMessageWorkHandler.onEvent(RMessageWorkHandler.java:21) [PublicServer.jar:?]
	at com.lmax.disruptor.WorkProcessor.run(WorkProcessor.java:143) [disruptor-3.3.6.jar:?]
	at java.lang.Thread.run(Thread.java:750) [?:1.8.0_492]
