2026-08-19 23:28:01.600 ERROR [recvWorker-15][:] - context=script/config/Cfg_Equip_Collection_star_Load.java: 0  ,call bycom.data.ConfigBase.binaryGetValue(ConfigBase.java:126)
2026-08-19 23:28:01.601 ERROR [recvWorker-15][:] - context=script/config/Cfg_Equip_suit_Load.java: 0  ,call bycom.data.ConfigBase.binaryGetValue(ConfigBase.java:126)
2026-08-19 23:28:01.601 ERROR [recvWorker-15][:] - context=script/config/Cfg_Equip_suit_Load.java: 0  ,call bycom.data.ConfigBase.binaryGetValue(ConfigBase.java:126)
2026-08-19 23:28:01.645 ERROR [recvWorker-15][:] - context=script/config/Cfg_Guild_battle_boss_Load.java: 410  ,call bycom.data.ConfigBase.binaryGetValue(ConfigBase.java:126)
2026-08-19 23:28:01.658 ERROR [recvWorker-15][:] - context=script/config/Cfg_Daily_Load.java: 0  ,call bycom.data.ConfigBase.binaryGetValue(ConfigBase.java:126)
2026-08-19 23:28:01.664 ERROR [recvWorker-15][:] - context=script/config/Cfg_Buff_Load.java: 0  ,call bycom.data.ConfigBase.binaryGetValue(ConfigBase.java:126)
2026-08-19 23:28:01.664 ERROR [recvWorker-15][:] - context=script/config/Cfg_Buff_Load.java: 0  ,call bycom.data.ConfigBase.binaryGetValue(ConfigBase.java:126)
2026-08-19 23:28:01.668 ERROR [recvWorker-15][:] - context=script/config/Cfg_Equip_Collection_star_Load.java: 0  ,call bycom.data.ConfigBase.binaryGetValue(ConfigBase.java:126)
2026-08-19 23:28:01.669 ERROR [recvWorker-15][:] - context=script/config/Cfg_Equip_suit_Load.java: 0  ,call bycom.data.ConfigBase.binaryGetValue(ConfigBase.java:126)
2026-08-19 23:28:01.669 ERROR [recvWorker-15][:] - context=script/config/Cfg_Equip_suit_Load.java: 0  ,call bycom.data.ConfigBase.binaryGetValue(ConfigBase.java:126)
2026-08-19 23:28:01.670 ERROR [recvWorker-15][:] - context=script/config/Cfg_Task_gender_Load.java: 0  ,call bycom.data.ConfigBase.binaryGetValue(ConfigBase.java:126)
2026-08-19 23:28:01.670 ERROR [recvWorker-15][:] - context=script/config/Cfg_Task_gender_Load.java: 1  ,call bycom.data.ConfigBase.binaryGetValue(ConfigBase.java:126)
2026-08-19 23:28:01.672 ERROR [recvWorker-15][:] - context=script/config/Cfg_Changejob_Load.java: 0  ,call bycom.data.ConfigBase.binaryGetValue(ConfigBase.java:126)
2026-08-19 23:28:01.672 ERROR [recvWorker-15][:] - context=script/config/Cfg_State_xisui_acupoint_Load.java: 0  ,call bycom.data.ConfigBase.binaryGetValue(ConfigBase.java:126)
2026-08-19 23:28:01.674 ERROR [recvWorker-15][:] - context=script/config/Cfg_Fashion_Load.java: 210000100  ,call bycom.data.ConfigBase.binaryGetValue(ConfigBase.java:126)
2026-08-19 23:28:01.674 ERROR [recvWorker-15][:] - context=script/config/Cfg_Fashion_Load.java: 110000108  ,call bycom.data.ConfigBase.binaryGetValue(ConfigBase.java:126)
2026-08-19 23:28:01.674 ERROR [recvWorker-15][:] - context=script/config/Cfg_Fashion_Load.java: 510000001  ,call bycom.data.ConfigBase.binaryGetValue(ConfigBase.java:126)
2026-08-19 23:28:01.674 ERROR [recvWorker-15][:] - context=script/config/Cfg_Fashion_Load.java: 616100010  ,call bycom.data.ConfigBase.binaryGetValue(ConfigBase.java:126)
2026-08-19 23:28:01.674 ERROR [recvWorker-15][:] - context=script/config/Cfg_Fashion_Load.java: 410040100  ,call bycom.data.ConfigBase.binaryGetValue(ConfigBase.java:126)
2026-08-19 23:28:01.674 ERROR [recvWorker-15][:] - context=script/config/Cfg_Fashion_Load.java: 410040200  ,call bycom.data.ConfigBase.binaryGetValue(ConfigBase.java:126)
2026-08-19 23:28:01.674 ERROR [recvWorker-15][:] - context=script/config/Cfg_Fashion_Load.java: 616100001  ,call bycom.data.ConfigBase.binaryGetValue(ConfigBase.java:126)
2026-08-19 23:28:01.692 ERROR [recvWorker-15][:] - context=script/config/Cfg_Today_function_recharge_Load.java: 0  ,call bycom.data.ConfigBase.binaryGetValue(ConfigBase.java:126)
2026-08-19 23:37:24.270 ERROR [recvWorker-18][:] - context=script/config/Cfg_Equip_Collection_star_Load.java: 0  ,call bycom.data.ConfigBase.binaryGetValue(ConfigBase.java:126)
2026-08-19 23:37:24.274 ERROR [recvWorker-18][:] - context=script/config/Cfg_Equip_suit_Load.java: 0  ,call bycom.data.ConfigBase.binaryGetValue(ConfigBase.java:126)
2026-08-19 23:37:24.274 ERROR [recvWorker-18][:] - context=script/config/Cfg_Equip_suit_Load.java: 0  ,call bycom.data.ConfigBase.binaryGetValue(ConfigBase.java:126)
2026-08-19 23:37:24.293 ERROR [recvWorker-18][:] - context=script/config/Cfg_Guild_battle_boss_Load.java: 410  ,call bycom.data.ConfigBase.binaryGetValue(ConfigBase.java:126)
2026-08-19 23:37:24.298 ERROR [recvWorker-18][:] - context=script/config/Cfg_Daily_Load.java: 0  ,call bycom.data.ConfigBase.binaryGetValue(ConfigBase.java:126)
2026-08-19 23:37:24.301 ERROR [recvWorker-18][:] - context=script/config/Cfg_Buff_Load.java: 0  ,call bycom.data.ConfigBase.binaryGetValue(ConfigBase.java:126)
2026-08-19 23:37:24.301 ERROR [recvWorker-18][:] - context=script/config/Cfg_Buff_Load.java: 0  ,call bycom.data.ConfigBase.binaryGetValue(ConfigBase.java:126)
2026-08-19 23:37:24.308 ERROR [recvWorker-18][:] - context=script/config/Cfg_Equip_Collection_star_Load.java: 0  ,call bycom.data.ConfigBase.binaryGetValue(ConfigBase.java:126)
2026-08-19 23:37:24.309 ERROR [recvWorker-18][:] - context=script/config/Cfg_Equip_suit_Load.java: 0  ,call bycom.data.ConfigBase.binaryGetValue(ConfigBase.java:126)
2026-08-19 23:37:24.309 ERROR [recvWorker-18][:] - context=script/config/Cfg_Equip_suit_Load.java: 0  ,call bycom.data.ConfigBase.binaryGetValue(ConfigBase.java:126)
2026-08-19 23:37:24.310 ERROR [recvWorker-18][:] - context=script/config/Cfg_Task_gender_Load.java: 0  ,call bycom.data.ConfigBase.binaryGetValue(ConfigBase.java:126)
2026-08-19 23:37:24.310 ERROR [recvWorker-18][:] - context=script/config/Cfg_Task_gender_Load.java: 1  ,call bycom.data.ConfigBase.binaryGetValue(ConfigBase.java:126)
2026-08-19 23:37:24.311 ERROR [recvWorker-18][:] - context=script/config/Cfg_Changejob_Load.java: 0  ,call bycom.data.ConfigBase.binaryGetValue(ConfigBase.java:126)
2026-08-19 23:37:24.311 ERROR [recvWorker-18][:] - context=script/config/Cfg_State_xisui_acupoint_Load.java: 0  ,call bycom.data.ConfigBase.binaryGetValue(ConfigBase.java:126)
2026-08-19 23:37:24.312 ERROR [recvWorker-18][:] - context=script/config/Cfg_Fashion_Load.java: 210000100  ,call bycom.data.ConfigBase.binaryGetValue(ConfigBase.java:126)
2026-08-19 23:37:24.312 ERROR [recvWorker-18][:] - context=script/config/Cfg_Fashion_Load.java: 110000108  ,call bycom.data.ConfigBase.binaryGetValue(ConfigBase.java:126)
2026-08-19 23:37:24.312 ERROR [recvWorker-18][:] - context=script/config/Cfg_Fashion_Load.java: 510000001  ,call bycom.data.ConfigBase.binaryGetValue(ConfigBase.java:126)
2026-08-19 23:37:24.313 ERROR [recvWorker-18][:] - context=script/config/Cfg_Fashion_Load.java: 616100010  ,call bycom.data.ConfigBase.binaryGetValue(ConfigBase.java:126)
2026-08-19 23:37:24.313 ERROR [recvWorker-18][:] - context=script/config/Cfg_Fashion_Load.java: 410040100  ,call bycom.data.ConfigBase.binaryGetValue(ConfigBase.java:126)
2026-08-19 23:37:24.313 ERROR [recvWorker-18][:] - context=script/config/Cfg_Fashion_Load.java: 410040200  ,call bycom.data.ConfigBase.binaryGetValue(ConfigBase.java:126)
2026-08-19 23:37:24.313 ERROR [recvWorker-18][:] - context=script/config/Cfg_Fashion_Load.java: 616100001  ,call bycom.data.ConfigBase.binaryGetValue(ConfigBase.java:126)
2026-08-19 23:37:24.326 ERROR [recvWorker-18][:] - context=script/config/Cfg_Today_function_recharge_Load.java: 0  ,call bycom.data.ConfigBase.binaryGetValue(ConfigBase.java:126)
2026-08-19 23:42:46.977 ERROR [recvWorker-21][:] - context=script/config/Cfg_Equip_Collection_star_Load.java: 0  ,call bycom.data.ConfigBase.binaryGetValue(ConfigBase.java:126)
2026-08-19 23:42:46.978 ERROR [recvWorker-21][:] - context=script/config/Cfg_Equip_suit_Load.java: 0  ,call bycom.data.ConfigBase.binaryGetValue(ConfigBase.java:126)
2026-08-19 23:42:46.978 ERROR [recvWorker-21][:] - context=script/config/Cfg_Equip_suit_Load.java: 0  ,call bycom.data.ConfigBase.binaryGetValue(ConfigBase.java:126)
2026-08-19 23:42:46.989 ERROR [recvWorker-21][:] - context=script/config/Cfg_Guild_battle_boss_Load.java: 410  ,call bycom.data.ConfigBase.binaryGetValue(ConfigBase.java:126)
2026-08-19 23:42:46.992 ERROR [recvWorker-21][:] - context=script/config/Cfg_Daily_Load.java: 0  ,call bycom.data.ConfigBase.binaryGetValue(ConfigBase.java:126)
2026-08-19 23:42:46.996 ERROR [recvWorker-21][:] - context=script/config/Cfg_Buff_Load.java: 0  ,call bycom.data.ConfigBase.binaryGetValue(ConfigBase.java:126)
2026-08-19 23:42:46.996 ERROR [recvWorker-21][:] - context=script/config/Cfg_Buff_Load.java: 0  ,call bycom.data.ConfigBase.binaryGetValue(ConfigBase.java:126)
2026-08-19 23:42:46.999 ERROR [recvWorker-21][:] - context=script/config/Cfg_Equip_Collection_star_Load.java: 0  ,call bycom.data.ConfigBase.binaryGetValue(ConfigBase.java:126)
2026-08-19 23:42:47.000 ERROR [recvWorker-21][:] - context=script/config/Cfg_Equip_suit_Load.java: 0  ,call bycom.data.ConfigBase.binaryGetValue(ConfigBase.java:126)
2026-08-19 23:42:47.000 ERROR [recvWorker-21][:] - context=script/config/Cfg_Equip_suit_Load.java: 0  ,call bycom.data.ConfigBase.binaryGetValue(ConfigBase.java:126)
2026-08-19 23:42:47.000 ERROR [recvWorker-21][:] - context=script/config/Cfg_Task_gender_Load.java: 0  ,call bycom.data.ConfigBase.binaryGetValue(ConfigBase.java:126)
2026-08-19 23:42:47.000 ERROR [recvWorker-21][:] - context=script/config/Cfg_Task_gender_Load.java: 1  ,call bycom.data.ConfigBase.binaryGetValue(ConfigBase.java:126)
2026-08-19 23:42:47.001 ERROR [recvWorker-21][:] - context=script/config/Cfg_Changejob_Load.java: 0  ,call bycom.data.ConfigBase.binaryGetValue(ConfigBase.java:126)
2026-08-19 23:42:47.001 ERROR [recvWorker-21][:] - context=script/config/Cfg_State_xisui_acupoint_Load.java: 0  ,call bycom.data.ConfigBase.binaryGetValue(ConfigBase.java:126)
2026-08-19 23:42:47.002 ERROR [recvWorker-21][:] - context=script/config/Cfg_Fashion_Load.java: 210000100  ,call bycom.data.ConfigBase.binaryGetValue(ConfigBase.java:126)
2026-08-19 23:42:47.002 ERROR [recvWorker-21][:] - context=script/config/Cfg_Fashion_Load.java: 110000108  ,call bycom.data.ConfigBase.binaryGetValue(ConfigBase.java:126)
2026-08-19 23:42:47.002 ERROR [recvWorker-21][:] - context=script/config/Cfg_Fashion_Load.java: 510000001  ,call bycom.data.ConfigBase.binaryGetValue(ConfigBase.java:126)
2026-08-19 23:42:47.002 ERROR [recvWorker-21][:] - context=script/config/Cfg_Fashion_Load.java: 616100010  ,call bycom.data.ConfigBase.binaryGetValue(ConfigBase.java:126)
2026-08-19 23:42:47.003 ERROR [recvWorker-21][:] - context=script/config/Cfg_Fashion_Load.java: 410040100  ,call bycom.data.ConfigBase.binaryGetValue(ConfigBase.java:126)
2026-08-19 23:42:47.003 ERROR [recvWorker-21][:] - context=script/config/Cfg_Fashion_Load.java: 410040200  ,call bycom.data.ConfigBase.binaryGetValue(ConfigBase.java:126)
2026-08-19 23:42:47.003 ERROR [recvWorker-21][:] - context=script/config/Cfg_Fashion_Load.java: 616100001  ,call bycom.data.ConfigBase.binaryGetValue(ConfigBase.java:126)
2026-08-19 23:42:47.017 ERROR [recvWorker-21][:] - context=script/config/Cfg_Today_function_recharge_Load.java: 0  ,call bycom.data.ConfigBase.binaryGetValue(ConfigBase.java:126)
2026-08-19 23:46:35.204 ERROR [recvWorker-24][:] - context=script/config/Cfg_Equip_Collection_star_Load.java: 0  ,call bycom.data.ConfigBase.binaryGetValue(ConfigBase.java:126)
2026-08-19 23:46:35.205 ERROR [recvWorker-24][:] - context=script/config/Cfg_Equip_suit_Load.java: 0  ,call bycom.data.ConfigBase.binaryGetValue(ConfigBase.java:126)
2026-08-19 23:46:35.205 ERROR [recvWorker-24][:] - context=script/config/Cfg_Equip_suit_Load.java: 0  ,call bycom.data.ConfigBase.binaryGetValue(ConfigBase.java:126)
2026-08-19 23:46:35.222 ERROR [recvWorker-24][:] - context=script/config/Cfg_Guild_battle_boss_Load.java: 410  ,call bycom.data.ConfigBase.binaryGetValue(ConfigBase.java:126)
2026-08-19 23:46:35.225 ERROR [recvWorker-24][:] - context=script/config/Cfg_Daily_Load.java: 0  ,call bycom.data.ConfigBase.binaryGetValue(ConfigBase.java:126)
2026-08-19 23:46:35.228 ERROR [recvWorker-24][:] - context=script/config/Cfg_Buff_Load.java: 0  ,call bycom.data.ConfigBase.binaryGetValue(ConfigBase.java:126)
2026-08-19 23:46:35.228 ERROR [recvWorker-24][:] - context=script/config/Cfg_Buff_Load.java: 0  ,call bycom.data.ConfigBase.binaryGetValue(ConfigBase.java:126)
2026-08-19 23:46:35.232 ERROR [recvWorker-24][:] - context=script/config/Cfg_Equip_Collection_star_Load.java: 0  ,call bycom.data.ConfigBase.binaryGetValue(ConfigBase.java:126)
2026-08-19 23:46:35.233 ERROR [recvWorker-24][:] - context=script/config/Cfg_Equip_suit_Load.java: 0  ,call bycom.data.ConfigBase.binaryGetValue(ConfigBase.java:126)
2026-08-19 23:46:35.233 ERROR [recvWorker-24][:] - context=script/config/Cfg_Equip_suit_Load.java: 0  ,call bycom.data.ConfigBase.binaryGetValue(ConfigBase.java:126)
2026-08-19 23:46:35.234 ERROR [recvWorker-24][:] - context=script/config/Cfg_Task_gender_Load.java: 0  ,call bycom.data.ConfigBase.binaryGetValue(ConfigBase.java:126)
2026-08-19 23:46:35.235 ERROR [recvWorker-24][:] - context=script/config/Cfg_Task_gender_Load.java: 1  ,call bycom.data.ConfigBase.binaryGetValue(ConfigBase.java:126)
2026-08-19 23:46:35.236 ERROR [recvWorker-24][:] - context=script/config/Cfg_Changejob_Load.java: 0  ,call bycom.data.ConfigBase.binaryGetValue(ConfigBase.java:126)
2026-08-19 23:46:35.236 ERROR [recvWorker-24][:] - context=script/config/Cfg_State_xisui_acupoint_Load.java: 0  ,call bycom.data.ConfigBase.binaryGetValue(ConfigBase.java:126)
2026-08-19 23:46:35.237 ERROR [recvWorker-24][:] - context=script/config/Cfg_Fashion_Load.java: 210000100  ,call bycom.data.ConfigBase.binaryGetValue(ConfigBase.java:126)
2026-08-19 23:46:35.237 ERROR [recvWorker-24][:] - context=script/config/Cfg_Fashion_Load.java: 110000108  ,call bycom.data.ConfigBase.binaryGetValue(ConfigBase.java:126)
2026-08-19 23:46:35.237 ERROR [recvWorker-24][:] - context=script/config/Cfg_Fashion_Load.java: 510000001  ,call bycom.data.ConfigBase.binaryGetValue(ConfigBase.java:126)
2026-08-19 23:46:35.237 ERROR [recvWorker-24][:] - context=script/config/Cfg_Fashion_Load.java: 616100010  ,call bycom.data.ConfigBase.binaryGetValue(ConfigBase.java:126)
2026-08-19 23:46:35.238 ERROR [recvWorker-24][:] - context=script/config/Cfg_Fashion_Load.java: 410040100  ,call bycom.data.ConfigBase.binaryGetValue(ConfigBase.java:126)
2026-08-19 23:46:35.238 ERROR [recvWorker-24][:] - context=script/config/Cfg_Fashion_Load.java: 410040200  ,call bycom.data.ConfigBase.binaryGetValue(ConfigBase.java:126)
2026-08-19 23:46:35.238 ERROR [recvWorker-24][:] - context=script/config/Cfg_Fashion_Load.java: 616100001  ,call bycom.data.ConfigBase.binaryGetValue(ConfigBase.java:126)
2026-08-19 23:46:35.247 ERROR [recvWorker-24][:] - context=script/config/Cfg_Today_function_recharge_Load.java: 0  ,call bycom.data.ConfigBase.binaryGetValue(ConfigBase.java:126)
