2026-08-15 18:35:25.289 ERROR [recvWorker-3][:] - context=script/config/Cfg_Guild_battle_boss_Load.java: 410  ,call bycom.data.ConfigBase.binaryGetValue(ConfigBase.java:126)
2026-08-15 18:35:25.452 ERROR [recvWorker-3][:] - context=script/config/Cfg_Daily_Load.java: 0  ,call bycom.data.ConfigBase.binaryGetValue(ConfigBase.java:126)
2026-08-15 18:35:25.518 ERROR [recvWorker-3][:] - context=script/config/Cfg_Buff_Load.java: 0  ,call bycom.data.ConfigBase.binaryGetValue(ConfigBase.java:126)
2026-08-15 18:35:25.519 ERROR [recvWorker-3][:] - context=script/config/Cfg_Buff_Load.java: 0  ,call bycom.data.ConfigBase.binaryGetValue(ConfigBase.java:126)
2026-08-15 18:35:25.713 ERROR [recvWorker-3][:] - context=script/config/Cfg_Equip_Collection_star_Load.java: 0  ,call bycom.data.ConfigBase.binaryGetValue(ConfigBase.java:126)
2026-08-15 18:35:25.715 ERROR [recvWorker-3][:] - context=script/config/Cfg_Equip_suit_Load.java: 0  ,call bycom.data.ConfigBase.binaryGetValue(ConfigBase.java:126)
2026-08-15 18:35:25.715 ERROR [recvWorker-3][:] - context=script/config/Cfg_Equip_suit_Load.java: 0  ,call bycom.data.ConfigBase.binaryGetValue(ConfigBase.java:126)
2026-08-15 18:35:25.716 ERROR [recvWorker-3][:] - context=script/config/Cfg_Task_gender_Load.java: 0  ,call bycom.data.ConfigBase.binaryGetValue(ConfigBase.java:126)
2026-08-15 18:35:25.716 ERROR [recvWorker-3][:] - context=script/config/Cfg_Task_gender_Load.java: 1  ,call bycom.data.ConfigBase.binaryGetValue(ConfigBase.java:126)
2026-08-15 18:35:25.725 ERROR [recvWorker-3][:] - context=script/config/Cfg_Changejob_Load.java: 0  ,call bycom.data.ConfigBase.binaryGetValue(ConfigBase.java:126)
2026-08-15 18:35:25.725 ERROR [recvWorker-3][:] - context=script/config/Cfg_State_xisui_acupoint_Load.java: 0  ,call bycom.data.ConfigBase.binaryGetValue(ConfigBase.java:126)
2026-08-15 18:35:25.733 ERROR [recvWorker-3][:] - context=script/config/Cfg_Fashion_Load.java: 210000100  ,call bycom.data.ConfigBase.binaryGetValue(ConfigBase.java:126)
2026-08-15 18:35:25.733 ERROR [recvWorker-3][:] - context=script/config/Cfg_Fashion_Load.java: 110000108  ,call bycom.data.ConfigBase.binaryGetValue(ConfigBase.java:126)
2026-08-15 18:35:25.801 ERROR [recvWorker-3][:] - context=script/config/Cfg_Today_function_recharge_Load.java: 0  ,call bycom.data.ConfigBase.binaryGetValue(ConfigBase.java:126)
2026-08-15 18:36:24.409 ERROR [city_7][:] - context=script/config/Cfg_Clone_level_Load.java: 10370300  ,call bycom.data.ConfigBase.binaryGetValue(ConfigBase.java:126)
2026-08-15 18:36:24.412 ERROR [city_7][:] - context=script/config/Cfg_Clone_level_Load.java: 10370300  ,call bycom.data.ConfigBase.binaryGetValue(ConfigBase.java:126)
2026-08-15 18:36:26.988 ERROR [zone_1][:] - context=script/config/Cfg_UrlMarquee_Load.java: 3276  ,call bycom.data.ConfigBase.binaryGetValue(ConfigBase.java:126)
2026-08-15 18:36:30.587 ERROR [zone_1][:] - context=script/config/Cfg_Clone_level_Load.java: 10370300  ,call bycom.data.ConfigBase.binaryGetValue(ConfigBase.java:126)
2026-08-15 18:36:33.390 ERROR [city_7][:] - context=script/config/Cfg_Task_gender_Load.java: 0  ,call bycom.data.ConfigBase.binaryGetValue(ConfigBase.java:126)
2026-08-15 18:36:33.390 ERROR [city_7][:] - context=script/config/Cfg_Task_gender_Load.java: 1  ,call bycom.data.ConfigBase.binaryGetValue(ConfigBase.java:126)
2026-08-15 18:36:34.418 ERROR [city_7][:] - context=script/config/Cfg_Equip_suit_Load.java: 0  ,call bycom.data.ConfigBase.binaryGetValue(ConfigBase.java:126)
2026-08-15 18:36:34.418 ERROR [city_7][:] - context=script/config/Cfg_Equip_suit_Load.java: 0  ,call bycom.data.ConfigBase.binaryGetValue(ConfigBase.java:126)
2026-08-15 18:36:45.246 ERROR [city_7][:] - context=script/config/Cfg_Task_gender_Load.java: 0  ,call bycom.data.ConfigBase.binaryGetValue(ConfigBase.java:126)
2026-08-15 18:36:45.247 ERROR [city_7][:] - context=script/config/Cfg_Task_gender_Load.java: 1  ,call bycom.data.ConfigBase.binaryGetValue(ConfigBase.java:126)
2026-08-15 18:36:47.609 ERROR [city_7][:] - context=script/config/Cfg_Clone_level_Load.java: 10370600  ,call bycom.data.ConfigBase.binaryGetValue(ConfigBase.java:126)
2026-08-15 18:36:47.609 ERROR [city_7][:] - context=script/config/Cfg_Clone_level_Load.java: 10370600  ,call bycom.data.ConfigBase.binaryGetValue(ConfigBase.java:126)
2026-08-15 18:36:55.439 ERROR [zone_2][:] - context=script/config/Cfg_UrlMarquee_Load.java: 3276  ,call bycom.data.ConfigBase.binaryGetValue(ConfigBase.java:126)
2026-08-15 18:36:59.072 ERROR [zone_2][:] - context=script/config/Cfg_Clone_level_Load.java: 10370600  ,call bycom.data.ConfigBase.binaryGetValue(ConfigBase.java:126)
2026-08-15 18:37:00.258 ERROR [city_7][:] - context=script/config/Cfg_Task_gender_Load.java: 0  ,call bycom.data.ConfigBase.binaryGetValue(ConfigBase.java:126)
2026-08-15 18:37:00.259 ERROR [city_7][:] - context=script/config/Cfg_Task_gender_Load.java: 1  ,call bycom.data.ConfigBase.binaryGetValue(ConfigBase.java:126)
2026-08-15 18:37:00.746 ERROR [city_7][:] - context=script/config/Cfg_Equip_suit_Load.java: 0  ,call bycom.data.ConfigBase.binaryGetValue(ConfigBase.java:126)
2026-08-15 18:37:00.747 ERROR [city_7][:] - context=script/config/Cfg_Equip_suit_Load.java: 0  ,call bycom.data.ConfigBase.binaryGetValue(ConfigBase.java:126)
2026-08-15 18:37:07.432 ERROR [city_7][:] - context=script/config/Cfg_Task_gender_Load.java: 0  ,call bycom.data.ConfigBase.binaryGetValue(ConfigBase.java:126)
2026-08-15 18:37:07.432 ERROR [city_7][:] - context=script/config/Cfg_Task_gender_Load.java: 1  ,call bycom.data.ConfigBase.binaryGetValue(ConfigBase.java:126)
2026-08-15 18:38:52.539 ERROR [city_7][:] - context=script/config/Cfg_Clone_level_Load.java: 1900200  ,call bycom.data.ConfigBase.binaryGetValue(ConfigBase.java:126)
2026-08-15 18:38:52.540 ERROR [city_7][:] - context=script/config/Cfg_Clone_level_Load.java: 1900200  ,call bycom.data.ConfigBase.binaryGetValue(ConfigBase.java:126)
2026-08-15 18:39:24.399 ERROR [zone_2][:] - context=script/config/Cfg_UrlMarquee_Load.java: 3276  ,call bycom.data.ConfigBase.binaryGetValue(ConfigBase.java:126)
2026-08-15 18:39:24.402 ERROR [zone_2][:] - context=script/config/Cfg_Clone_level_Load.java: 1900200  ,call bycom.data.ConfigBase.binaryGetValue(ConfigBase.java:126)
2026-08-15 18:39:29.971 ERROR [zone_2][:] - context=script/config/Cfg_Equip_suit_Load.java: 0  ,call bycom.data.ConfigBase.binaryGetValue(ConfigBase.java:126)
2026-08-15 18:39:29.971 ERROR [zone_2][:] - context=script/config/Cfg_Equip_suit_Load.java: 0  ,call bycom.data.ConfigBase.binaryGetValue(ConfigBase.java:126)
2026-08-15 18:39:31.573 ERROR [city_7][:] - context=script/config/Cfg_Task_gender_Load.java: 0  ,call bycom.data.ConfigBase.binaryGetValue(ConfigBase.java:126)
2026-08-15 18:39:31.573 ERROR [city_7][:] - context=script/config/Cfg_Task_gender_Load.java: 1  ,call bycom.data.ConfigBase.binaryGetValue(ConfigBase.java:126)
2026-08-15 18:39:46.942 ERROR [city_7][:] - context=script/config/Cfg_Task_gender_Load.java: 0  ,call bycom.data.ConfigBase.binaryGetValue(ConfigBase.java:126)
2026-08-15 18:39:46.942 ERROR [city_7][:] - context=script/config/Cfg_Task_gender_Load.java: 1  ,call bycom.data.ConfigBase.binaryGetValue(ConfigBase.java:126)
2026-08-15 18:39:53.860 ERROR [city_7][:] - context=script/config/Cfg_Clone_level_Load.java: 10370700  ,call bycom.data.ConfigBase.binaryGetValue(ConfigBase.java:126)
2026-08-15 18:39:53.861 ERROR [city_7][:] - context=script/config/Cfg_Clone_level_Load.java: 10370700  ,call bycom.data.ConfigBase.binaryGetValue(ConfigBase.java:126)
2026-08-15 18:39:57.331 ERROR [zone_2][:] - context=script/config/Cfg_UrlMarquee_Load.java: 3276  ,call bycom.data.ConfigBase.binaryGetValue(ConfigBase.java:126)
2026-08-15 18:39:59.550 ERROR [zone_2][:] - context=script/config/Cfg_Clone_level_Load.java: 10370700  ,call bycom.data.ConfigBase.binaryGetValue(ConfigBase.java:126)
2026-08-15 18:40:00.821 ERROR [city_7][:] - context=script/config/Cfg_Task_gender_Load.java: 0  ,call bycom.data.ConfigBase.binaryGetValue(ConfigBase.java:126)
2026-08-15 18:40:00.821 ERROR [city_7][:] - context=script/config/Cfg_Task_gender_Load.java: 1  ,call bycom.data.ConfigBase.binaryGetValue(ConfigBase.java:126)
2026-08-15 18:40:02.590 ERROR [city_7][:] - context=script/config/Cfg_Equip_suit_Load.java: 0  ,call bycom.data.ConfigBase.binaryGetValue(ConfigBase.java:126)
2026-08-15 18:40:02.590 ERROR [city_7][:] - context=script/config/Cfg_Equip_suit_Load.java: 0  ,call bycom.data.ConfigBase.binaryGetValue(ConfigBase.java:126)
2026-08-15 18:40:33.514 ERROR [city_7][:] - context=script/config/Cfg_Task_gender_Load.java: 0  ,call bycom.data.ConfigBase.binaryGetValue(ConfigBase.java:126)
2026-08-15 18:40:33.514 ERROR [city_7][:] - context=script/config/Cfg_Task_gender_Load.java: 1  ,call bycom.data.ConfigBase.binaryGetValue(ConfigBase.java:126)
2026-08-15 18:40:52.362 ERROR [city_7][:] - context=script/config/Cfg_Clone_level_Load.java: 3200100  ,call bycom.data.ConfigBase.binaryGetValue(ConfigBase.java:126)
2026-08-15 18:40:52.362 ERROR [city_7][:] - context=script/config/Cfg_Clone_level_Load.java: 3200100  ,call bycom.data.ConfigBase.binaryGetValue(ConfigBase.java:126)
2026-08-15 18:41:26.638 ERROR [zone_2][:] - context=script/config/Cfg_UrlMarquee_Load.java: 3276  ,call bycom.data.ConfigBase.binaryGetValue(ConfigBase.java:126)
2026-08-15 18:41:26.639 ERROR [zone_2][:] - context=script/config/Cfg_Bossnew_drop_Load.java: 0  ,call bycom.data.ConfigBase.binaryGetValue(ConfigBase.java:126)
2026-08-15 18:41:27.234 ERROR [zone_2][:] - context=script/config/Cfg_Task_gender_Load.java: 0  ,call bycom.data.ConfigBase.binaryGetValue(ConfigBase.java:126)
2026-08-15 18:41:27.235 ERROR [zone_2][:] - context=script/config/Cfg_Task_gender_Load.java: 1  ,call bycom.data.ConfigBase.binaryGetValue(ConfigBase.java:126)
2026-08-15 18:41:27.243 ERROR [mapThread][:] - context=script/config/Cfg_Clone_level_Load.java: 3200100  ,call bycom.data.ConfigBase.binaryGetValue(ConfigBase.java:126)
2026-08-15 18:41:34.691 ERROR [city_7][:] - context=script/config/Cfg_Equip_suit_Load.java: 0  ,call bycom.data.ConfigBase.binaryGetValue(ConfigBase.java:126)
2026-08-15 18:41:34.692 ERROR [city_7][:] - context=script/config/Cfg_Equip_suit_Load.java: 0  ,call bycom.data.ConfigBase.binaryGetValue(ConfigBase.java:126)
2026-08-15 18:41:49.421 ERROR [city_7][:] - context=script/config/Cfg_Task_gender_Load.java: 0  ,call bycom.data.ConfigBase.binaryGetValue(ConfigBase.java:126)
2026-08-15 18:41:49.421 ERROR [city_7][:] - context=script/config/Cfg_Task_gender_Load.java: 1  ,call bycom.data.ConfigBase.binaryGetValue(ConfigBase.java:126)
2026-08-15 18:41:58.854 ERROR [city_7][:] - context=script/config/Cfg_Clone_level_Load.java: 10370100  ,call bycom.data.ConfigBase.binaryGetValue(ConfigBase.java:126)
2026-08-15 18:41:58.855 ERROR [city_7][:] - context=script/config/Cfg_Clone_level_Load.java: 10370100  ,call bycom.data.ConfigBase.binaryGetValue(ConfigBase.java:126)
2026-08-15 18:42:14.065 ERROR [zone_2][:] - context=script/config/Cfg_UrlMarquee_Load.java: 3276  ,call bycom.data.ConfigBase.binaryGetValue(ConfigBase.java:126)
2026-08-15 18:42:14.071 ERROR [zone_2][:] - context=script/config/Cfg_Clone_level_Load.java: 10370100  ,call bycom.data.ConfigBase.binaryGetValue(ConfigBase.java:126)
2026-08-15 18:42:15.329 ERROR [city_7][:] - context=script/config/Cfg_Task_gender_Load.java: 0  ,call bycom.data.ConfigBase.binaryGetValue(ConfigBase.java:126)
2026-08-15 18:42:15.330 ERROR [city_7][:] - context=script/config/Cfg_Task_gender_Load.java: 1  ,call bycom.data.ConfigBase.binaryGetValue(ConfigBase.java:126)
2026-08-15 18:42:19.431 ERROR [city_7][:] - context=script/config/Cfg_Equip_suit_Load.java: 0  ,call bycom.data.ConfigBase.binaryGetValue(ConfigBase.java:126)
2026-08-15 18:42:19.431 ERROR [city_7][:] - context=script/config/Cfg_Equip_suit_Load.java: 0  ,call bycom.data.ConfigBase.binaryGetValue(ConfigBase.java:126)
2026-08-15 18:42:32.984 ERROR [city_7][:] - context=script/config/Cfg_HuaxingHorse_Load.java: 40100  ,call bycom.data.ConfigBase.binaryGetValue(ConfigBase.java:126)
2026-08-15 18:42:33.033 ERROR [city_7][:] - context=script/config/Cfg_Task_gender_Load.java: 0  ,call bycom.data.ConfigBase.binaryGetValue(ConfigBase.java:126)
2026-08-15 18:42:33.033 ERROR [city_7][:] - context=script/config/Cfg_Task_gender_Load.java: 1  ,call bycom.data.ConfigBase.binaryGetValue(ConfigBase.java:126)
2026-08-15 18:43:03.994 ERROR [city_7][:] - context=script/config/Cfg_State_Load.java: 102  ,call bycom.data.ConfigBase.binaryGetValue(ConfigBase.java:126)
2026-08-15 18:43:04.004 ERROR [city_7][:] - context=script/config/Cfg_Task_gender_Load.java: 0  ,call bycom.data.ConfigBase.binaryGetValue(ConfigBase.java:126)
2026-08-15 18:43:04.004 ERROR [city_7][:] - context=script/config/Cfg_Task_gender_Load.java: 1  ,call bycom.data.ConfigBase.binaryGetValue(ConfigBase.java:126)
2026-08-15 18:43:23.705 ERROR [city_7][:] - context=script/config/Cfg_Clone_level_Load.java: 40000100  ,call bycom.data.ConfigBase.binaryGetValue(ConfigBase.java:126)
2026-08-15 18:43:23.706 ERROR [city_7][:] - context=script/config/Cfg_Clone_level_Load.java: 40000100  ,call bycom.data.ConfigBase.binaryGetValue(ConfigBase.java:126)
2026-08-15 18:43:56.915 ERROR [RechargeManager][:] - context=script/config/Cfg_New_sever_rank_Load.java: 3  ,call bycom.data.ConfigBase.binaryGetValue(ConfigBase.java:126)
2026-08-15 18:43:56.931 ERROR [RechargeManager][:] - context=script/config/Cfg_Buff_Load.java: 0  ,call bycom.data.ConfigBase.binaryGetValue(ConfigBase.java:126)
2026-08-15 18:43:56.931 ERROR [RechargeManager][:] - context=script/config/Cfg_Buff_Load.java: 0  ,call bycom.data.ConfigBase.binaryGetValue(ConfigBase.java:126)
2026-08-15 18:43:56.938 ERROR [RechargeManager][:] - context=script/config/Cfg_Buff_Load.java: 0  ,call bycom.data.ConfigBase.binaryGetValue(ConfigBase.java:126)
2026-08-15 18:43:56.938 ERROR [RechargeManager][:] - context=script/config/Cfg_Buff_Load.java: 0  ,call bycom.data.ConfigBase.binaryGetValue(ConfigBase.java:126)
2026-08-15 18:43:56.945 ERROR [RechargeManager][:] - context=script/config/Cfg_Buff_Load.java: 0  ,call bycom.data.ConfigBase.binaryGetValue(ConfigBase.java:126)
2026-08-15 18:43:56.945 ERROR [RechargeManager][:] - context=script/config/Cfg_Buff_Load.java: 0  ,call bycom.data.ConfigBase.binaryGetValue(ConfigBase.java:126)
2026-08-15 18:43:56.946 ERROR [RechargeManager][:] - context=script/config/Cfg_Buff_Load.java: 0  ,call bycom.data.ConfigBase.binaryGetValue(ConfigBase.java:126)
2026-08-15 18:43:56.946 ERROR [RechargeManager][:] - context=script/config/Cfg_Buff_Load.java: 0  ,call bycom.data.ConfigBase.binaryGetValue(ConfigBase.java:126)
2026-08-15 18:43:56.949 ERROR [RechargeManager][:] - context=script/config/Cfg_Buff_Load.java: 0  ,call bycom.data.ConfigBase.binaryGetValue(ConfigBase.java:126)
2026-08-15 18:43:56.949 ERROR [RechargeManager][:] - context=script/config/Cfg_Buff_Load.java: 0  ,call bycom.data.ConfigBase.binaryGetValue(ConfigBase.java:126)
2026-08-15 18:44:06.364 ERROR [zone_2][:] - context=script/config/Cfg_Clone_level_Load.java: 40000100  ,call bycom.data.ConfigBase.binaryGetValue(ConfigBase.java:126)
2026-08-15 18:44:06.644 ERROR [zone_2][:] - context=script/config/Cfg_Task_gender_Load.java: 0  ,call bycom.data.ConfigBase.binaryGetValue(ConfigBase.java:126)
2026-08-15 18:44:06.644 ERROR [zone_2][:] - context=script/config/Cfg_Task_gender_Load.java: 1  ,call bycom.data.ConfigBase.binaryGetValue(ConfigBase.java:126)
2026-08-15 18:44:29.331 ERROR [city_7][:] - context=script/config/Cfg_Task_gender_Load.java: 0  ,call bycom.data.ConfigBase.binaryGetValue(ConfigBase.java:126)
2026-08-15 18:44:29.331 ERROR [city_7][:] - context=script/config/Cfg_Task_gender_Load.java: 1  ,call bycom.data.ConfigBase.binaryGetValue(ConfigBase.java:126)
2026-08-15 18:45:39.034 ERROR [city_7][:] - context=script/config/Cfg_Fashion_Load.java: 210000100  ,call bycom.data.ConfigBase.binaryGetValue(ConfigBase.java:126)
2026-08-15 18:45:39.034 ERROR [city_7][:] - context=script/config/Cfg_Fashion_Load.java: 110000108  ,call bycom.data.ConfigBase.binaryGetValue(ConfigBase.java:126)
2026-08-15 18:45:39.034 ERROR [city_7][:] - context=script/config/Cfg_Fashion_Load.java: 410040100  ,call bycom.data.ConfigBase.binaryGetValue(ConfigBase.java:126)
2026-08-15 18:46:16.513 ERROR [city_7][:] - context=script/config/Cfg_Equip_suit_Load.java: 0  ,call bycom.data.ConfigBase.binaryGetValue(ConfigBase.java:126)
2026-08-15 18:46:16.513 ERROR [city_7][:] - context=script/config/Cfg_Equip_suit_Load.java: 0  ,call bycom.data.ConfigBase.binaryGetValue(ConfigBase.java:126)
2026-08-15 18:46:17.152 ERROR [city_7][:] - context=script/config/Cfg_HuaxingWeapon_Load.java: 57  ,call bycom.data.ConfigBase.binaryGetValue(ConfigBase.java:126)
2026-08-15 18:46:17.153 ERROR [city_7][:] - context=script/config/Cfg_Fashion_total_Load.java: 210000057  ,call bycom.data.ConfigBase.binaryGetValue(ConfigBase.java:126)
2026-08-15 18:46:17.155 ERROR [city_7][:] - context=script/config/Cfg_Fashion_Load.java: 210000100  ,call bycom.data.ConfigBase.binaryGetValue(ConfigBase.java:126)
2026-08-15 18:46:17.155 ERROR [city_7][:] - context=script/config/Cfg_Fashion_Load.java: 110000108  ,call bycom.data.ConfigBase.binaryGetValue(ConfigBase.java:126)
2026-08-15 18:46:17.155 ERROR [city_7][:] - context=script/config/Cfg_Fashion_Load.java: 410040100  ,call bycom.data.ConfigBase.binaryGetValue(ConfigBase.java:126)
2026-08-15 18:46:17.155 ERROR [city_7][:] - context=script/config/Cfg_Fashion_Load.java: 410040200  ,call bycom.data.ConfigBase.binaryGetValue(ConfigBase.java:126)
2026-08-15 18:46:57.836 ERROR [RechargeManager][:] - context=script/config/Cfg_New_sever_rank_Load.java: 3  ,call bycom.data.ConfigBase.binaryGetValue(ConfigBase.java:126)
2026-08-15 18:46:57.837 ERROR [RechargeManager][:] - context=script/config/Cfg_Buff_Load.java: 0  ,call bycom.data.ConfigBase.binaryGetValue(ConfigBase.java:126)
2026-08-15 18:46:57.837 ERROR [RechargeManager][:] - context=script/config/Cfg_Buff_Load.java: 0  ,call bycom.data.ConfigBase.binaryGetValue(ConfigBase.java:126)
2026-08-15 18:46:57.838 ERROR [RechargeManager][:] - context=script/config/Cfg_Buff_Load.java: 0  ,call bycom.data.ConfigBase.binaryGetValue(ConfigBase.java:126)
2026-08-15 18:46:57.839 ERROR [RechargeManager][:] - context=script/config/Cfg_Buff_Load.java: 0  ,call bycom.data.ConfigBase.binaryGetValue(ConfigBase.java:126)
2026-08-15 18:46:57.847 ERROR [RechargeManager][:] - context=script/config/Cfg_Buff_Load.java: 0  ,call bycom.data.ConfigBase.binaryGetValue(ConfigBase.java:126)
2026-08-15 18:46:57.847 ERROR [RechargeManager][:] - context=script/config/Cfg_Buff_Load.java: 0  ,call bycom.data.ConfigBase.binaryGetValue(ConfigBase.java:126)
2026-08-15 18:46:57.848 ERROR [RechargeManager][:] - context=script/config/Cfg_Buff_Load.java: 0  ,call bycom.data.ConfigBase.binaryGetValue(ConfigBase.java:126)
2026-08-15 18:46:57.849 ERROR [RechargeManager][:] - context=script/config/Cfg_Buff_Load.java: 0  ,call bycom.data.ConfigBase.binaryGetValue(ConfigBase.java:126)
2026-08-15 18:48:15.017 ERROR [city_7][:] - context=script/config/Cfg_Task_gender_Load.java: 0  ,call bycom.data.ConfigBase.binaryGetValue(ConfigBase.java:126)
2026-08-15 18:48:15.017 ERROR [city_7][:] - context=script/config/Cfg_Task_gender_Load.java: 1  ,call bycom.data.ConfigBase.binaryGetValue(ConfigBase.java:126)
2026-08-15 18:48:24.501 ERROR [city_7][:] - context=script/config/Cfg_Clone_level_Load.java: 3000101  ,call bycom.data.ConfigBase.binaryGetValue(ConfigBase.java:126)
2026-08-15 18:48:24.501 ERROR [city_7][:] - context=script/config/Cfg_Clone_level_Load.java: 3000101  ,call bycom.data.ConfigBase.binaryGetValue(ConfigBase.java:126)
2026-08-15 18:48:48.626 ERROR [zone_2][:] - context=script/config/Cfg_UrlMarquee_Load.java: 3276  ,call bycom.data.ConfigBase.binaryGetValue(ConfigBase.java:126)
2026-08-15 18:48:48.626 ERROR [zone_2][:] - context=script/config/Cfg_UrlMarquee_Load.java: 3276  ,call bycom.data.ConfigBase.binaryGetValue(ConfigBase.java:126)
2026-08-15 18:48:48.627 ERROR [zone_2][:] - context=script/config/Cfg_UrlMarquee_Load.java: 3276  ,call bycom.data.ConfigBase.binaryGetValue(ConfigBase.java:126)
2026-08-15 18:48:48.627 ERROR [zone_2][:] - context=script/config/Cfg_UrlMarquee_Load.java: 3276  ,call bycom.data.ConfigBase.binaryGetValue(ConfigBase.java:126)
2026-08-15 18:48:48.627 ERROR [zone_2][:] - context=script/config/Cfg_UrlMarquee_Load.java: 3276  ,call bycom.data.ConfigBase.binaryGetValue(ConfigBase.java:126)
2026-08-15 18:48:48.627 ERROR [zone_2][:] - context=script/config/Cfg_UrlMarquee_Load.java: 3276  ,call bycom.data.ConfigBase.binaryGetValue(ConfigBase.java:126)
2026-08-15 18:48:48.627 ERROR [zone_2][:] - context=script/config/Cfg_UrlMarquee_Load.java: 3276  ,call bycom.data.ConfigBase.binaryGetValue(ConfigBase.java:126)
2026-08-15 18:48:48.630 ERROR [zone_2][:] - context=script/config/Cfg_Bossnew_drop_Load.java: 0  ,call bycom.data.ConfigBase.binaryGetValue(ConfigBase.java:126)
2026-08-15 18:48:48.646 ERROR [zone_2][:] - context=script/config/Cfg_Clone_level_Load.java: 3000101  ,call bycom.data.ConfigBase.binaryGetValue(ConfigBase.java:126)
2026-08-15 18:48:49.663 ERROR [zone_2][:] - context=script/config/Cfg_Equip_Collection_star_Load.java: 0  ,call bycom.data.ConfigBase.binaryGetValue(ConfigBase.java:126)
2026-08-15 18:48:49.663 ERROR [zone_2][:] - context=script/config/Cfg_Equip_suit_Load.java: 0  ,call bycom.data.ConfigBase.binaryGetValue(ConfigBase.java:126)
2026-08-15 18:48:49.663 ERROR [zone_2][:] - context=script/config/Cfg_Equip_suit_Load.java: 0  ,call bycom.data.ConfigBase.binaryGetValue(ConfigBase.java:126)
2026-08-15 18:48:49.700 ERROR [zone_2][:] - context=script/config/Cfg_Task_gender_Load.java: 0  ,call bycom.data.ConfigBase.binaryGetValue(ConfigBase.java:126)
2026-08-15 18:48:49.701 ERROR [zone_2][:] - context=script/config/Cfg_Task_gender_Load.java: 1  ,call bycom.data.ConfigBase.binaryGetValue(ConfigBase.java:126)
2026-08-15 18:49:09.006 ERROR [city_7][:] - context=script/config/Cfg_Task_gender_Load.java: 0  ,call bycom.data.ConfigBase.binaryGetValue(ConfigBase.java:126)
2026-08-15 18:49:09.007 ERROR [city_7][:] - context=script/config/Cfg_Task_gender_Load.java: 1  ,call bycom.data.ConfigBase.binaryGetValue(ConfigBase.java:126)
2026-08-15 18:49:09.685 ERROR [city_7][:] - context=script/config/Cfg_Equip_suit_Load.java: 0  ,call bycom.data.ConfigBase.binaryGetValue(ConfigBase.java:126)
2026-08-15 18:49:09.685 ERROR [city_7][:] - context=script/config/Cfg_Equip_suit_Load.java: 0  ,call bycom.data.ConfigBase.binaryGetValue(ConfigBase.java:126)
2026-08-15 18:49:15.540 ERROR [city_7][:] - context=script/config/Cfg_Equip_suit_Load.java: 0  ,call bycom.data.ConfigBase.binaryGetValue(ConfigBase.java:126)
2026-08-15 18:49:15.540 ERROR [city_7][:] - context=script/config/Cfg_Equip_suit_Load.java: 0  ,call bycom.data.ConfigBase.binaryGetValue(ConfigBase.java:126)
2026-08-15 18:49:19.853 ERROR [city_7][:] - context=script/config/Cfg_Equip_suit_Load.java: 0  ,call bycom.data.ConfigBase.binaryGetValue(ConfigBase.java:126)
2026-08-15 18:49:19.853 ERROR [city_7][:] - context=script/config/Cfg_Equip_suit_Load.java: 0  ,call bycom.data.ConfigBase.binaryGetValue(ConfigBase.java:126)
2026-08-15 18:49:23.680 ERROR [city_7][:] - context=script/config/Cfg_Equip_suit_Load.java: 0  ,call bycom.data.ConfigBase.binaryGetValue(ConfigBase.java:126)
2026-08-15 18:49:23.681 ERROR [city_7][:] - context=script/config/Cfg_Equip_suit_Load.java: 0  ,call bycom.data.ConfigBase.binaryGetValue(ConfigBase.java:126)
2026-08-15 18:50:05.737 ERROR [RechargeManager][:] - context=script/config/Cfg_New_sever_rank_Load.java: 3  ,call bycom.data.ConfigBase.binaryGetValue(ConfigBase.java:126)
2026-08-15 18:50:36.080 ERROR [RechargeManager][:] - context=script/config/Cfg_New_sever_rank_Load.java: 3  ,call bycom.data.ConfigBase.binaryGetValue(ConfigBase.java:126)
2026-08-15 18:50:36.081 ERROR [RechargeManager][:] - context=script/config/Cfg_Buff_Load.java: 0  ,call bycom.data.ConfigBase.binaryGetValue(ConfigBase.java:126)
2026-08-15 18:50:36.081 ERROR [RechargeManager][:] - context=script/config/Cfg_Buff_Load.java: 0  ,call bycom.data.ConfigBase.binaryGetValue(ConfigBase.java:126)
2026-08-15 18:50:36.082 ERROR [RechargeManager][:] - context=script/config/Cfg_Buff_Load.java: 0  ,call bycom.data.ConfigBase.binaryGetValue(ConfigBase.java:126)
2026-08-15 18:50:36.082 ERROR [RechargeManager][:] - context=script/config/Cfg_Buff_Load.java: 0  ,call bycom.data.ConfigBase.binaryGetValue(ConfigBase.java:126)
2026-08-15 18:50:36.082 ERROR [RechargeManager][:] - context=script/config/Cfg_Buff_Load.java: 0  ,call bycom.data.ConfigBase.binaryGetValue(ConfigBase.java:126)
2026-08-15 18:50:36.082 ERROR [RechargeManager][:] - context=script/config/Cfg_Buff_Load.java: 0  ,call bycom.data.ConfigBase.binaryGetValue(ConfigBase.java:126)
