2026-08-20 00:10:19.789 ERROR [recvWorker-27][:] - context=script/config/Cfg_Equip_Collection_star_Load.java: 0  ,call bycom.data.ConfigBase.binaryGetValue(ConfigBase.java:126)
2026-08-20 00:10:19.790 ERROR [recvWorker-27][:] - context=script/config/Cfg_Equip_suit_Load.java: 0  ,call bycom.data.ConfigBase.binaryGetValue(ConfigBase.java:126)
2026-08-20 00:10:19.790 ERROR [recvWorker-27][:] - context=script/config/Cfg_Equip_suit_Load.java: 0  ,call bycom.data.ConfigBase.binaryGetValue(ConfigBase.java:126)
2026-08-20 00:10:19.799 ERROR [recvWorker-27][:] - context=script/config/Cfg_Guild_battle_boss_Load.java: 410  ,call bycom.data.ConfigBase.binaryGetValue(ConfigBase.java:126)
2026-08-20 00:10:19.808 ERROR [recvWorker-27][:] - context=script/config/Cfg_Daily_Load.java: 0  ,call bycom.data.ConfigBase.binaryGetValue(ConfigBase.java:126)
2026-08-20 00:10:19.811 ERROR [recvWorker-27][:] - context=script/config/Cfg_Buff_Load.java: 0  ,call bycom.data.ConfigBase.binaryGetValue(ConfigBase.java:126)
2026-08-20 00:10:19.811 ERROR [recvWorker-27][:] - context=script/config/Cfg_Buff_Load.java: 0  ,call bycom.data.ConfigBase.binaryGetValue(ConfigBase.java:126)
2026-08-20 00:10:19.813 ERROR [recvWorker-27][:] - context=script/config/Cfg_Equip_Collection_star_Load.java: 0  ,call bycom.data.ConfigBase.binaryGetValue(ConfigBase.java:126)
2026-08-20 00:10:19.813 ERROR [recvWorker-27][:] - context=script/config/Cfg_Equip_suit_Load.java: 0  ,call bycom.data.ConfigBase.binaryGetValue(ConfigBase.java:126)
2026-08-20 00:10:19.814 ERROR [recvWorker-27][:] - context=script/config/Cfg_Equip_suit_Load.java: 0  ,call bycom.data.ConfigBase.binaryGetValue(ConfigBase.java:126)
2026-08-20 00:10:19.814 ERROR [recvWorker-27][:] - context=script/config/Cfg_Task_gender_Load.java: 0  ,call bycom.data.ConfigBase.binaryGetValue(ConfigBase.java:126)
2026-08-20 00:10:19.814 ERROR [recvWorker-27][:] - context=script/config/Cfg_Task_gender_Load.java: 1  ,call bycom.data.ConfigBase.binaryGetValue(ConfigBase.java:126)
2026-08-20 00:10:19.814 ERROR [recvWorker-27][:] - context=script/config/Cfg_Changejob_Load.java: 0  ,call bycom.data.ConfigBase.binaryGetValue(ConfigBase.java:126)
2026-08-20 00:10:19.815 ERROR [recvWorker-27][:] - context=script/config/Cfg_State_xisui_acupoint_Load.java: 0  ,call bycom.data.ConfigBase.binaryGetValue(ConfigBase.java:126)
2026-08-20 00:10:19.816 ERROR [recvWorker-27][:] - context=script/config/Cfg_Fashion_Load.java: 210000100  ,call bycom.data.ConfigBase.binaryGetValue(ConfigBase.java:126)
2026-08-20 00:10:19.816 ERROR [recvWorker-27][:] - context=script/config/Cfg_Fashion_Load.java: 110000108  ,call bycom.data.ConfigBase.binaryGetValue(ConfigBase.java:126)
2026-08-20 00:10:19.816 ERROR [recvWorker-27][:] - context=script/config/Cfg_Fashion_Load.java: 510000001  ,call bycom.data.ConfigBase.binaryGetValue(ConfigBase.java:126)
2026-08-20 00:10:19.816 ERROR [recvWorker-27][:] - context=script/config/Cfg_Fashion_Load.java: 616100010  ,call bycom.data.ConfigBase.binaryGetValue(ConfigBase.java:126)
2026-08-20 00:10:19.816 ERROR [recvWorker-27][:] - context=script/config/Cfg_Fashion_Load.java: 410040100  ,call bycom.data.ConfigBase.binaryGetValue(ConfigBase.java:126)
2026-08-20 00:10:19.816 ERROR [recvWorker-27][:] - context=script/config/Cfg_Fashion_Load.java: 410040200  ,call bycom.data.ConfigBase.binaryGetValue(ConfigBase.java:126)
2026-08-20 00:10:19.816 ERROR [recvWorker-27][:] - context=script/config/Cfg_Fashion_Load.java: 616100001  ,call bycom.data.ConfigBase.binaryGetValue(ConfigBase.java:126)
2026-08-20 00:10:19.824 ERROR [recvWorker-27][:] - context=script/config/Cfg_Today_function_recharge_Load.java: 0  ,call bycom.data.ConfigBase.binaryGetValue(ConfigBase.java:126)
