2026-07-27 00:36:05.269 ERROR [recvWorker-3][:] - context=script/config/Cfg_Guild_battle_boss_Load.java: 410  ,call bycom.data.ConfigBase.binaryGetValue(ConfigBase.java:126)
2026-07-27 00:36:05.385 ERROR [recvWorker-3][:] - context=script/config/Cfg_Daily_Load.java: 0  ,call bycom.data.ConfigBase.binaryGetValue(ConfigBase.java:126)
2026-07-27 00:36:05.439 ERROR [recvWorker-3][:] - context=script/config/Cfg_Buff_Load.java: 0  ,call bycom.data.ConfigBase.binaryGetValue(ConfigBase.java:126)
2026-07-27 00:36:05.440 ERROR [recvWorker-3][:] - context=script/config/Cfg_Buff_Load.java: 0  ,call bycom.data.ConfigBase.binaryGetValue(ConfigBase.java:126)
2026-07-27 00:36:05.551 ERROR [recvWorker-3][:] - context=script/config/Cfg_Equip_Collection_star_Load.java: 0  ,call bycom.data.ConfigBase.binaryGetValue(ConfigBase.java:126)
2026-07-27 00:36:05.554 ERROR [recvWorker-3][:] - context=script/config/Cfg_Equip_suit_Load.java: 0  ,call bycom.data.ConfigBase.binaryGetValue(ConfigBase.java:126)
2026-07-27 00:36:05.554 ERROR [recvWorker-3][:] - context=script/config/Cfg_Equip_suit_Load.java: 0  ,call bycom.data.ConfigBase.binaryGetValue(ConfigBase.java:126)
2026-07-27 00:36:05.554 ERROR [recvWorker-3][:] - context=script/config/Cfg_Task_gender_Load.java: 0  ,call bycom.data.ConfigBase.binaryGetValue(ConfigBase.java:126)
2026-07-27 00:36:05.555 ERROR [recvWorker-3][:] - context=script/config/Cfg_Task_gender_Load.java: 1  ,call bycom.data.ConfigBase.binaryGetValue(ConfigBase.java:126)
2026-07-27 00:36:05.563 ERROR [recvWorker-3][:] - context=script/config/Cfg_Changejob_Load.java: 0  ,call bycom.data.ConfigBase.binaryGetValue(ConfigBase.java:126)
2026-07-27 00:36:05.563 ERROR [recvWorker-3][:] - context=script/config/Cfg_State_xisui_acupoint_Load.java: 0  ,call bycom.data.ConfigBase.binaryGetValue(ConfigBase.java:126)
2026-07-27 00:36:05.570 ERROR [recvWorker-3][:] - context=script/config/Cfg_Fashion_Load.java: 210000100  ,call bycom.data.ConfigBase.binaryGetValue(ConfigBase.java:126)
2026-07-27 00:36:05.571 ERROR [recvWorker-3][:] - context=script/config/Cfg_Fashion_Load.java: 110000108  ,call bycom.data.ConfigBase.binaryGetValue(ConfigBase.java:126)
2026-07-27 00:36:05.634 ERROR [recvWorker-3][:] - context=script/config/Cfg_Today_function_recharge_Load.java: 0  ,call bycom.data.ConfigBase.binaryGetValue(ConfigBase.java:126)
2026-07-27 00:36:46.833 ERROR [city_7][:] - context=script/config/Cfg_Clone_level_Load.java: 10370300  ,call bycom.data.ConfigBase.binaryGetValue(ConfigBase.java:126)
2026-07-27 00:36:46.834 ERROR [city_7][:] - context=script/config/Cfg_Clone_level_Load.java: 10370300  ,call bycom.data.ConfigBase.binaryGetValue(ConfigBase.java:126)
2026-07-27 00:36:49.164 ERROR [zone_1][:] - context=script/config/Cfg_UrlMarquee_Load.java: 3276  ,call bycom.data.ConfigBase.binaryGetValue(ConfigBase.java:126)
2026-07-27 00:36:50.669 ERROR [zone_1][:] - context=script/config/Cfg_Clone_level_Load.java: 10370300  ,call bycom.data.ConfigBase.binaryGetValue(ConfigBase.java:126)
2026-07-27 00:36:51.567 ERROR [city_7][:] - context=script/config/Cfg_Task_gender_Load.java: 0  ,call bycom.data.ConfigBase.binaryGetValue(ConfigBase.java:126)
2026-07-27 00:36:51.567 ERROR [city_7][:] - context=script/config/Cfg_Task_gender_Load.java: 1  ,call bycom.data.ConfigBase.binaryGetValue(ConfigBase.java:126)
2026-07-27 00:36:53.031 ERROR [city_7][:] - context=script/config/Cfg_Equip_suit_Load.java: 0  ,call bycom.data.ConfigBase.binaryGetValue(ConfigBase.java:126)
2026-07-27 00:36:53.032 ERROR [city_7][:] - context=script/config/Cfg_Equip_suit_Load.java: 0  ,call bycom.data.ConfigBase.binaryGetValue(ConfigBase.java:126)
2026-07-27 00:38:04.551 ERROR [city_7][:] - context=script/config/Cfg_Task_gender_Load.java: 0  ,call bycom.data.ConfigBase.binaryGetValue(ConfigBase.java:126)
2026-07-27 00:38:04.552 ERROR [city_7][:] - context=script/config/Cfg_Task_gender_Load.java: 1  ,call bycom.data.ConfigBase.binaryGetValue(ConfigBase.java:126)
2026-07-27 00:38:06.063 ERROR [city_7][:] - context=script/config/Cfg_Clone_level_Load.java: 10370600  ,call bycom.data.ConfigBase.binaryGetValue(ConfigBase.java:126)
2026-07-27 00:38:06.064 ERROR [city_7][:] - context=script/config/Cfg_Clone_level_Load.java: 10370600  ,call bycom.data.ConfigBase.binaryGetValue(ConfigBase.java:126)
2026-07-27 00:38:15.766 ERROR [zone_2][:] - context=script/config/Cfg_UrlMarquee_Load.java: 3276  ,call bycom.data.ConfigBase.binaryGetValue(ConfigBase.java:126)
2026-07-27 00:38:15.768 ERROR [zone_2][:] - context=script/config/Cfg_Clone_level_Load.java: 10370600  ,call bycom.data.ConfigBase.binaryGetValue(ConfigBase.java:126)
2026-07-27 00:38:16.681 ERROR [city_7][:] - context=script/config/Cfg_Task_gender_Load.java: 0  ,call bycom.data.ConfigBase.binaryGetValue(ConfigBase.java:126)
2026-07-27 00:38:16.681 ERROR [city_7][:] - context=script/config/Cfg_Task_gender_Load.java: 1  ,call bycom.data.ConfigBase.binaryGetValue(ConfigBase.java:126)
2026-07-27 00:38:20.870 ERROR [city_7][:] - context=script/config/Cfg_Equip_suit_Load.java: 0  ,call bycom.data.ConfigBase.binaryGetValue(ConfigBase.java:126)
2026-07-27 00:38:20.870 ERROR [city_7][:] - context=script/config/Cfg_Equip_suit_Load.java: 0  ,call bycom.data.ConfigBase.binaryGetValue(ConfigBase.java:126)
2026-07-27 00:38:22.646 ERROR [city_7][:] - context=script/config/Cfg_Task_gender_Load.java: 0  ,call bycom.data.ConfigBase.binaryGetValue(ConfigBase.java:126)
2026-07-27 00:38:22.646 ERROR [city_7][:] - context=script/config/Cfg_Task_gender_Load.java: 1  ,call bycom.data.ConfigBase.binaryGetValue(ConfigBase.java:126)
2026-07-27 00:38:29.009 ERROR [city_7][:] - context=script/config/Cfg_Clone_level_Load.java: 1900200  ,call bycom.data.ConfigBase.binaryGetValue(ConfigBase.java:126)
2026-07-27 00:38:29.010 ERROR [city_7][:] - context=script/config/Cfg_Clone_level_Load.java: 1900200  ,call bycom.data.ConfigBase.binaryGetValue(ConfigBase.java:126)
2026-07-27 00:38:58.610 ERROR [zone_2][:] - context=script/config/Cfg_UrlMarquee_Load.java: 3276  ,call bycom.data.ConfigBase.binaryGetValue(ConfigBase.java:126)
2026-07-27 00:38:58.614 ERROR [zone_2][:] - context=script/config/Cfg_Clone_level_Load.java: 1900200  ,call bycom.data.ConfigBase.binaryGetValue(ConfigBase.java:126)
2026-07-27 00:39:03.821 ERROR [zone_2][:] - context=script/config/Cfg_Equip_suit_Load.java: 0  ,call bycom.data.ConfigBase.binaryGetValue(ConfigBase.java:126)
2026-07-27 00:39:03.821 ERROR [zone_2][:] - context=script/config/Cfg_Equip_suit_Load.java: 0  ,call bycom.data.ConfigBase.binaryGetValue(ConfigBase.java:126)
2026-07-27 00:39:04.892 ERROR [city_7][:] - context=script/config/Cfg_Task_gender_Load.java: 0  ,call bycom.data.ConfigBase.binaryGetValue(ConfigBase.java:126)
2026-07-27 00:39:04.893 ERROR [city_7][:] - context=script/config/Cfg_Task_gender_Load.java: 1  ,call bycom.data.ConfigBase.binaryGetValue(ConfigBase.java:126)
2026-07-27 00:39:19.714 ERROR [city_7][:] - context=script/config/Cfg_Task_gender_Load.java: 0  ,call bycom.data.ConfigBase.binaryGetValue(ConfigBase.java:126)
2026-07-27 00:39:19.714 ERROR [city_7][:] - context=script/config/Cfg_Task_gender_Load.java: 1  ,call bycom.data.ConfigBase.binaryGetValue(ConfigBase.java:126)
2026-07-27 00:39:26.630 ERROR [city_7][:] - context=script/config/Cfg_Clone_level_Load.java: 10370700  ,call bycom.data.ConfigBase.binaryGetValue(ConfigBase.java:126)
2026-07-27 00:39:26.631 ERROR [city_7][:] - context=script/config/Cfg_Clone_level_Load.java: 10370700  ,call bycom.data.ConfigBase.binaryGetValue(ConfigBase.java:126)
2026-07-27 00:39:29.541 ERROR [zone_1][:] - context=script/config/Cfg_UrlMarquee_Load.java: 3276  ,call bycom.data.ConfigBase.binaryGetValue(ConfigBase.java:126)
2026-07-27 00:39:30.240 ERROR [zone_1][:] - context=script/config/Cfg_Clone_level_Load.java: 10370700  ,call bycom.data.ConfigBase.binaryGetValue(ConfigBase.java:126)
2026-07-27 00:39:31.058 ERROR [city_7][:] - context=script/config/Cfg_Task_gender_Load.java: 0  ,call bycom.data.ConfigBase.binaryGetValue(ConfigBase.java:126)
2026-07-27 00:39:31.058 ERROR [city_7][:] - context=script/config/Cfg_Task_gender_Load.java: 1  ,call bycom.data.ConfigBase.binaryGetValue(ConfigBase.java:126)
2026-07-27 00:39:34.741 ERROR [city_7][:] - context=script/config/Cfg_Equip_suit_Load.java: 0  ,call bycom.data.ConfigBase.binaryGetValue(ConfigBase.java:126)
2026-07-27 00:39:34.741 ERROR [city_7][:] - context=script/config/Cfg_Equip_suit_Load.java: 0  ,call bycom.data.ConfigBase.binaryGetValue(ConfigBase.java:126)
2026-07-27 00:39:44.905 ERROR [city_7][:] - context=script/config/Cfg_Task_gender_Load.java: 0  ,call bycom.data.ConfigBase.binaryGetValue(ConfigBase.java:126)
2026-07-27 00:39:44.905 ERROR [city_7][:] - context=script/config/Cfg_Task_gender_Load.java: 1  ,call bycom.data.ConfigBase.binaryGetValue(ConfigBase.java:126)
2026-07-27 00:40:02.930 ERROR [city_7][:] - context=script/config/Cfg_Clone_level_Load.java: 3200100  ,call bycom.data.ConfigBase.binaryGetValue(ConfigBase.java:126)
2026-07-27 00:40:02.930 ERROR [city_7][:] - context=script/config/Cfg_Clone_level_Load.java: 3200100  ,call bycom.data.ConfigBase.binaryGetValue(ConfigBase.java:126)
2026-07-27 00:40:34.818 ERROR [zone_2][:] - context=script/config/Cfg_UrlMarquee_Load.java: 3276  ,call bycom.data.ConfigBase.binaryGetValue(ConfigBase.java:126)
2026-07-27 00:40:34.820 ERROR [zone_2][:] - context=script/config/Cfg_Bossnew_drop_Load.java: 0  ,call bycom.data.ConfigBase.binaryGetValue(ConfigBase.java:126)
2026-07-27 00:40:34.996 ERROR [zone_2][:] - context=script/config/Cfg_Task_gender_Load.java: 0  ,call bycom.data.ConfigBase.binaryGetValue(ConfigBase.java:126)
2026-07-27 00:40:34.996 ERROR [zone_2][:] - context=script/config/Cfg_Task_gender_Load.java: 1  ,call bycom.data.ConfigBase.binaryGetValue(ConfigBase.java:126)
2026-07-27 00:40:35.005 ERROR [mapThread][:] - context=script/config/Cfg_Clone_level_Load.java: 3200100  ,call bycom.data.ConfigBase.binaryGetValue(ConfigBase.java:126)
2026-07-27 00:40:42.159 ERROR [city_7][:] - context=script/config/Cfg_Equip_suit_Load.java: 0  ,call bycom.data.ConfigBase.binaryGetValue(ConfigBase.java:126)
2026-07-27 00:40:42.159 ERROR [city_7][:] - context=script/config/Cfg_Equip_suit_Load.java: 0  ,call bycom.data.ConfigBase.binaryGetValue(ConfigBase.java:126)
2026-07-27 00:40:52.054 ERROR [city_7][:] - context=script/config/Cfg_Task_gender_Load.java: 0  ,call bycom.data.ConfigBase.binaryGetValue(ConfigBase.java:126)
2026-07-27 00:40:52.054 ERROR [city_7][:] - context=script/config/Cfg_Task_gender_Load.java: 1  ,call bycom.data.ConfigBase.binaryGetValue(ConfigBase.java:126)
2026-07-27 00:41:00.859 ERROR [city_7][:] - context=script/config/Cfg_Clone_level_Load.java: 10370100  ,call bycom.data.ConfigBase.binaryGetValue(ConfigBase.java:126)
2026-07-27 00:41:00.859 ERROR [city_7][:] - context=script/config/Cfg_Clone_level_Load.java: 10370100  ,call bycom.data.ConfigBase.binaryGetValue(ConfigBase.java:126)
2026-07-27 00:41:15.357 ERROR [zone_2][:] - context=script/config/Cfg_UrlMarquee_Load.java: 3276  ,call bycom.data.ConfigBase.binaryGetValue(ConfigBase.java:126)
2026-07-27 00:41:15.360 ERROR [zone_2][:] - context=script/config/Cfg_Clone_level_Load.java: 10370100  ,call bycom.data.ConfigBase.binaryGetValue(ConfigBase.java:126)
2026-07-27 00:41:16.194 ERROR [city_7][:] - context=script/config/Cfg_Task_gender_Load.java: 0  ,call bycom.data.ConfigBase.binaryGetValue(ConfigBase.java:126)
2026-07-27 00:41:16.194 ERROR [city_7][:] - context=script/config/Cfg_Task_gender_Load.java: 1  ,call bycom.data.ConfigBase.binaryGetValue(ConfigBase.java:126)
2026-07-27 00:41:20.593 ERROR [city_7][:] - context=script/config/Cfg_Equip_suit_Load.java: 0  ,call bycom.data.ConfigBase.binaryGetValue(ConfigBase.java:126)
2026-07-27 00:41:20.593 ERROR [city_7][:] - context=script/config/Cfg_Equip_suit_Load.java: 0  ,call bycom.data.ConfigBase.binaryGetValue(ConfigBase.java:126)
2026-07-27 00:41:33.460 ERROR [city_7][:] - context=script/config/Cfg_HuaxingHorse_Load.java: 40100  ,call bycom.data.ConfigBase.binaryGetValue(ConfigBase.java:126)
2026-07-27 00:41:33.502 ERROR [city_7][:] - context=script/config/Cfg_Task_gender_Load.java: 0  ,call bycom.data.ConfigBase.binaryGetValue(ConfigBase.java:126)
2026-07-27 00:41:33.503 ERROR [city_7][:] - context=script/config/Cfg_Task_gender_Load.java: 1  ,call bycom.data.ConfigBase.binaryGetValue(ConfigBase.java:126)
2026-07-27 00:42:03.464 ERROR [city_7][:] - context=script/config/Cfg_State_Load.java: 102  ,call bycom.data.ConfigBase.binaryGetValue(ConfigBase.java:126)
2026-07-27 00:42:03.475 ERROR [city_7][:] - context=script/config/Cfg_Task_gender_Load.java: 0  ,call bycom.data.ConfigBase.binaryGetValue(ConfigBase.java:126)
2026-07-27 00:42:03.475 ERROR [city_7][:] - context=script/config/Cfg_Task_gender_Load.java: 1  ,call bycom.data.ConfigBase.binaryGetValue(ConfigBase.java:126)
2026-07-27 00:42:22.226 ERROR [city_7][:] - context=script/config/Cfg_Clone_level_Load.java: 40000100  ,call bycom.data.ConfigBase.binaryGetValue(ConfigBase.java:126)
2026-07-27 00:42:22.226 ERROR [city_7][:] - context=script/config/Cfg_Clone_level_Load.java: 40000100  ,call bycom.data.ConfigBase.binaryGetValue(ConfigBase.java:126)
2026-07-27 00:43:00.793 ERROR [zone_1][:] - context=script/config/Cfg_Clone_level_Load.java: 40000100  ,call bycom.data.ConfigBase.binaryGetValue(ConfigBase.java:126)
2026-07-27 00:43:00.920 ERROR [zone_1][:] - context=script/config/Cfg_Task_gender_Load.java: 0  ,call bycom.data.ConfigBase.binaryGetValue(ConfigBase.java:126)
2026-07-27 00:43:00.920 ERROR [zone_1][:] - context=script/config/Cfg_Task_gender_Load.java: 1  ,call bycom.data.ConfigBase.binaryGetValue(ConfigBase.java:126)
2026-07-27 00:43:49.954 ERROR [city_7][:] - context=script/config/Cfg_Task_gender_Load.java: 0  ,call bycom.data.ConfigBase.binaryGetValue(ConfigBase.java:126)
2026-07-27 00:43:49.954 ERROR [city_7][:] - context=script/config/Cfg_Task_gender_Load.java: 1  ,call bycom.data.ConfigBase.binaryGetValue(ConfigBase.java:126)
2026-07-27 00:44:25.550 ERROR [city_7][:] - context=script/config/Cfg_Task_gender_Load.java: 0  ,call bycom.data.ConfigBase.binaryGetValue(ConfigBase.java:126)
2026-07-27 00:44:25.550 ERROR [city_7][:] - context=script/config/Cfg_Task_gender_Load.java: 1  ,call bycom.data.ConfigBase.binaryGetValue(ConfigBase.java:126)
2026-07-27 00:44:36.115 ERROR [city_7][:] - context=script/config/Cfg_Clone_level_Load.java: 3000101  ,call bycom.data.ConfigBase.binaryGetValue(ConfigBase.java:126)
2026-07-27 00:44:36.116 ERROR [city_7][:] - context=script/config/Cfg_Clone_level_Load.java: 3000101  ,call bycom.data.ConfigBase.binaryGetValue(ConfigBase.java:126)
2026-07-27 00:45:10.826 ERROR [zone_1][:] - context=script/config/Cfg_UrlMarquee_Load.java: 3276  ,call bycom.data.ConfigBase.binaryGetValue(ConfigBase.java:126)
2026-07-27 00:45:10.827 ERROR [zone_1][:] - context=script/config/Cfg_UrlMarquee_Load.java: 3276  ,call bycom.data.ConfigBase.binaryGetValue(ConfigBase.java:126)
2026-07-27 00:45:10.827 ERROR [zone_1][:] - context=script/config/Cfg_UrlMarquee_Load.java: 3276  ,call bycom.data.ConfigBase.binaryGetValue(ConfigBase.java:126)
2026-07-27 00:45:10.827 ERROR [zone_1][:] - context=script/config/Cfg_UrlMarquee_Load.java: 3276  ,call bycom.data.ConfigBase.binaryGetValue(ConfigBase.java:126)
2026-07-27 00:45:10.827 ERROR [zone_1][:] - context=script/config/Cfg_UrlMarquee_Load.java: 3276  ,call bycom.data.ConfigBase.binaryGetValue(ConfigBase.java:126)
2026-07-27 00:45:10.827 ERROR [zone_1][:] - context=script/config/Cfg_UrlMarquee_Load.java: 3276  ,call bycom.data.ConfigBase.binaryGetValue(ConfigBase.java:126)
2026-07-27 00:45:10.827 ERROR [zone_1][:] - context=script/config/Cfg_UrlMarquee_Load.java: 3276  ,call bycom.data.ConfigBase.binaryGetValue(ConfigBase.java:126)
2026-07-27 00:45:10.831 ERROR [zone_1][:] - context=script/config/Cfg_Bossnew_drop_Load.java: 0  ,call bycom.data.ConfigBase.binaryGetValue(ConfigBase.java:126)
2026-07-27 00:45:10.860 ERROR [zone_1][:] - context=script/config/Cfg_Clone_level_Load.java: 3000101  ,call bycom.data.ConfigBase.binaryGetValue(ConfigBase.java:126)
2026-07-27 00:45:11.367 ERROR [zone_1][:] - context=script/config/Cfg_Equip_Collection_star_Load.java: 0  ,call bycom.data.ConfigBase.binaryGetValue(ConfigBase.java:126)
2026-07-27 00:45:11.367 ERROR [zone_1][:] - context=script/config/Cfg_Equip_suit_Load.java: 0  ,call bycom.data.ConfigBase.binaryGetValue(ConfigBase.java:126)
2026-07-27 00:45:11.367 ERROR [zone_1][:] - context=script/config/Cfg_Equip_suit_Load.java: 0  ,call bycom.data.ConfigBase.binaryGetValue(ConfigBase.java:126)
2026-07-27 00:45:11.383 ERROR [zone_1][:] - context=script/config/Cfg_Task_gender_Load.java: 0  ,call bycom.data.ConfigBase.binaryGetValue(ConfigBase.java:126)
2026-07-27 00:45:11.383 ERROR [zone_1][:] - context=script/config/Cfg_Task_gender_Load.java: 1  ,call bycom.data.ConfigBase.binaryGetValue(ConfigBase.java:126)
2026-07-27 00:45:37.647 ERROR [city_7][:] - context=script/config/Cfg_Equip_suit_Load.java: 0  ,call bycom.data.ConfigBase.binaryGetValue(ConfigBase.java:126)
2026-07-27 00:45:37.647 ERROR [city_7][:] - context=script/config/Cfg_Equip_suit_Load.java: 0  ,call bycom.data.ConfigBase.binaryGetValue(ConfigBase.java:126)
2026-07-27 00:45:43.619 ERROR [city_7][:] - context=script/config/Cfg_Equip_suit_Load.java: 0  ,call bycom.data.ConfigBase.binaryGetValue(ConfigBase.java:126)
2026-07-27 00:45:43.620 ERROR [city_7][:] - context=script/config/Cfg_Equip_suit_Load.java: 0  ,call bycom.data.ConfigBase.binaryGetValue(ConfigBase.java:126)
2026-07-27 00:45:49.636 ERROR [city_7][:] - context=script/config/Cfg_Equip_suit_Load.java: 0  ,call bycom.data.ConfigBase.binaryGetValue(ConfigBase.java:126)
2026-07-27 00:45:49.636 ERROR [city_7][:] - context=script/config/Cfg_Equip_suit_Load.java: 0  ,call bycom.data.ConfigBase.binaryGetValue(ConfigBase.java:126)
2026-07-27 00:45:53.015 ERROR [city_7][:] - context=script/config/Cfg_Task_gender_Load.java: 0  ,call bycom.data.ConfigBase.binaryGetValue(ConfigBase.java:126)
2026-07-27 00:45:53.015 ERROR [city_7][:] - context=script/config/Cfg_Task_gender_Load.java: 1  ,call bycom.data.ConfigBase.binaryGetValue(ConfigBase.java:126)
2026-07-27 00:45:55.806 ERROR [city_7][:] - context=script/config/Cfg_Equip_suit_Load.java: 0  ,call bycom.data.ConfigBase.binaryGetValue(ConfigBase.java:126)
2026-07-27 00:45:55.806 ERROR [city_7][:] - context=script/config/Cfg_Equip_suit_Load.java: 0  ,call bycom.data.ConfigBase.binaryGetValue(ConfigBase.java:126)
2026-07-27 00:46:01.754 ERROR [city_7][:] - context=script/config/Cfg_Equip_suit_Load.java: 0  ,call bycom.data.ConfigBase.binaryGetValue(ConfigBase.java:126)
2026-07-27 00:46:01.754 ERROR [city_7][:] - context=script/config/Cfg_Equip_suit_Load.java: 0  ,call bycom.data.ConfigBase.binaryGetValue(ConfigBase.java:126)
2026-07-27 00:46:08.303 ERROR [city_7][:] - context=script/config/Cfg_Equip_suit_Load.java: 0  ,call bycom.data.ConfigBase.binaryGetValue(ConfigBase.java:126)
2026-07-27 00:46:08.303 ERROR [city_7][:] - context=script/config/Cfg_Equip_suit_Load.java: 0  ,call bycom.data.ConfigBase.binaryGetValue(ConfigBase.java:126)
2026-07-27 00:46:08.393 ERROR [city_7][:] - context=script/config/Cfg_Task_gender_Load.java: 0  ,call bycom.data.ConfigBase.binaryGetValue(ConfigBase.java:126)
2026-07-27 00:46:08.393 ERROR [city_7][:] - context=script/config/Cfg_Task_gender_Load.java: 1  ,call bycom.data.ConfigBase.binaryGetValue(ConfigBase.java:126)
2026-07-27 00:46:15.213 ERROR [city_7][:] - context=script/config/Cfg_Clone_level_Load.java: 10370400  ,call bycom.data.ConfigBase.binaryGetValue(ConfigBase.java:126)
2026-07-27 00:46:15.214 ERROR [city_7][:] - context=script/config/Cfg_Clone_level_Load.java: 10370400  ,call bycom.data.ConfigBase.binaryGetValue(ConfigBase.java:126)
2026-07-27 00:46:20.420 ERROR [zone_2][:] - context=script/config/Cfg_UrlMarquee_Load.java: 3276  ,call bycom.data.ConfigBase.binaryGetValue(ConfigBase.java:126)
2026-07-27 00:46:20.420 ERROR [zone_2][:] - context=script/config/Cfg_UrlMarquee_Load.java: 3276  ,call bycom.data.ConfigBase.binaryGetValue(ConfigBase.java:126)
2026-07-27 00:46:20.424 ERROR [zone_2][:] - context=script/config/Cfg_Clone_level_Load.java: 10370400  ,call bycom.data.ConfigBase.binaryGetValue(ConfigBase.java:126)
2026-07-27 00:46:21.404 ERROR [city_7][:] - context=script/config/Cfg_Task_gender_Load.java: 0  ,call bycom.data.ConfigBase.binaryGetValue(ConfigBase.java:126)
2026-07-27 00:46:21.404 ERROR [city_7][:] - context=script/config/Cfg_Task_gender_Load.java: 1  ,call bycom.data.ConfigBase.binaryGetValue(ConfigBase.java:126)
2026-07-27 00:46:22.521 ERROR [city_7][:] - context=script/config/Cfg_Equip_suit_Load.java: 0  ,call bycom.data.ConfigBase.binaryGetValue(ConfigBase.java:126)
2026-07-27 00:46:22.522 ERROR [city_7][:] - context=script/config/Cfg_Equip_suit_Load.java: 0  ,call bycom.data.ConfigBase.binaryGetValue(ConfigBase.java:126)
2026-07-27 00:46:23.915 ERROR [city_7][:] - context=script/config/Cfg_Equip_suit_Load.java: 0  ,call bycom.data.ConfigBase.binaryGetValue(ConfigBase.java:126)
2026-07-27 00:46:23.915 ERROR [city_7][:] - context=script/config/Cfg_Equip_suit_Load.java: 0  ,call bycom.data.ConfigBase.binaryGetValue(ConfigBase.java:126)
2026-07-27 00:46:27.463 ERROR [city_7][:] - context=script/config/Cfg_Task_gender_Load.java: 0  ,call bycom.data.ConfigBase.binaryGetValue(ConfigBase.java:126)
2026-07-27 00:46:27.463 ERROR [city_7][:] - context=script/config/Cfg_Task_gender_Load.java: 1  ,call bycom.data.ConfigBase.binaryGetValue(ConfigBase.java:126)
2026-07-27 00:46:43.204 ERROR [city_7][:] - context=script/config/Cfg_Task_gender_Load.java: 0  ,call bycom.data.ConfigBase.binaryGetValue(ConfigBase.java:126)
2026-07-27 00:46:43.204 ERROR [city_7][:] - context=script/config/Cfg_Task_gender_Load.java: 1  ,call bycom.data.ConfigBase.binaryGetValue(ConfigBase.java:126)
2026-07-27 00:46:43.934 ERROR [city_7][:] - context=script/config/Cfg_Clone_level_Load.java: 10370500  ,call bycom.data.ConfigBase.binaryGetValue(ConfigBase.java:126)
2026-07-27 00:46:43.935 ERROR [city_7][:] - context=script/config/Cfg_Clone_level_Load.java: 10370500  ,call bycom.data.ConfigBase.binaryGetValue(ConfigBase.java:126)
2026-07-27 00:46:48.752 ERROR [zone_2][:] - context=script/config/Cfg_UrlMarquee_Load.java: 3276  ,call bycom.data.ConfigBase.binaryGetValue(ConfigBase.java:126)
2026-07-27 00:46:48.752 ERROR [zone_2][:] - context=script/config/Cfg_UrlMarquee_Load.java: 3276  ,call bycom.data.ConfigBase.binaryGetValue(ConfigBase.java:126)
2026-07-27 00:46:48.758 ERROR [zone_2][:] - context=script/config/Cfg_Clone_level_Load.java: 10370500  ,call bycom.data.ConfigBase.binaryGetValue(ConfigBase.java:126)
2026-07-27 00:46:49.659 ERROR [city_7][:] - context=script/config/Cfg_Task_gender_Load.java: 0  ,call bycom.data.ConfigBase.binaryGetValue(ConfigBase.java:126)
2026-07-27 00:46:49.659 ERROR [city_7][:] - context=script/config/Cfg_Task_gender_Load.java: 1  ,call bycom.data.ConfigBase.binaryGetValue(ConfigBase.java:126)
2026-07-27 00:46:53.926 ERROR [city_7][:] - context=script/config/Cfg_Equip_suit_Load.java: 0  ,call bycom.data.ConfigBase.binaryGetValue(ConfigBase.java:126)
2026-07-27 00:46:53.926 ERROR [city_7][:] - context=script/config/Cfg_Equip_suit_Load.java: 0  ,call bycom.data.ConfigBase.binaryGetValue(ConfigBase.java:126)
2026-07-27 00:47:03.608 ERROR [city_7][:] - context=script/config/Cfg_Task_gender_Load.java: 0  ,call bycom.data.ConfigBase.binaryGetValue(ConfigBase.java:126)
2026-07-27 00:47:03.608 ERROR [city_7][:] - context=script/config/Cfg_Task_gender_Load.java: 1  ,call bycom.data.ConfigBase.binaryGetValue(ConfigBase.java:126)
2026-07-27 00:47:17.451 ERROR [city_7][:] - context=script/config/Cfg_Task_gender_Load.java: 0  ,call bycom.data.ConfigBase.binaryGetValue(ConfigBase.java:126)
2026-07-27 00:47:17.451 ERROR [city_7][:] - context=script/config/Cfg_Task_gender_Load.java: 1  ,call bycom.data.ConfigBase.binaryGetValue(ConfigBase.java:126)
2026-07-27 00:47:35.547 ERROR [city_8][:] - context=script/config/Cfg_Task_gender_Load.java: 0  ,call bycom.data.ConfigBase.binaryGetValue(ConfigBase.java:126)
2026-07-27 00:47:35.548 ERROR [city_8][:] - context=script/config/Cfg_Task_gender_Load.java: 1  ,call bycom.data.ConfigBase.binaryGetValue(ConfigBase.java:126)
2026-07-27 00:47:53.158 ERROR [city_8][:] - context=script/config/Cfg_Clone_level_Load.java: 10023100  ,call bycom.data.ConfigBase.binaryGetValue(ConfigBase.java:126)
2026-07-27 00:47:53.158 ERROR [city_8][:] - context=script/config/Cfg_Clone_level_Load.java: 10023100  ,call bycom.data.ConfigBase.binaryGetValue(ConfigBase.java:126)
2026-07-27 00:47:58.229 ERROR [zone_1][:] - context=script/config/Cfg_UrlMarquee_Load.java: 3276  ,call bycom.data.ConfigBase.binaryGetValue(ConfigBase.java:126)
2026-07-27 00:47:58.530 ERROR [zone_1][:] - context=script/config/Cfg_Clone_level_Load.java: 10023100  ,call bycom.data.ConfigBase.binaryGetValue(ConfigBase.java:126)
2026-07-27 00:47:59.690 ERROR [city_8][:] - context=script/config/Cfg_Task_gender_Load.java: 0  ,call bycom.data.ConfigBase.binaryGetValue(ConfigBase.java:126)
2026-07-27 00:47:59.690 ERROR [city_8][:] - context=script/config/Cfg_Task_gender_Load.java: 1  ,call bycom.data.ConfigBase.binaryGetValue(ConfigBase.java:126)
2026-07-27 00:48:04.248 ERROR [city_8][:] - context=script/config/Cfg_Equip_suit_Load.java: 0  ,call bycom.data.ConfigBase.binaryGetValue(ConfigBase.java:126)
2026-07-27 00:48:04.248 ERROR [city_8][:] - context=script/config/Cfg_Equip_suit_Load.java: 0  ,call bycom.data.ConfigBase.binaryGetValue(ConfigBase.java:126)
2026-07-27 00:48:16.720 ERROR [city_8][:] - context=script/config/Cfg_Task_gender_Load.java: 0  ,call bycom.data.ConfigBase.binaryGetValue(ConfigBase.java:126)
2026-07-27 00:48:16.720 ERROR [city_8][:] - context=script/config/Cfg_Task_gender_Load.java: 1  ,call bycom.data.ConfigBase.binaryGetValue(ConfigBase.java:126)
2026-07-27 00:48:51.000 ERROR [city_8][:] - context=script/config/Cfg_Task_gender_Load.java: 0  ,call bycom.data.ConfigBase.binaryGetValue(ConfigBase.java:126)
2026-07-27 00:48:51.000 ERROR [city_8][:] - context=script/config/Cfg_Task_gender_Load.java: 1  ,call bycom.data.ConfigBase.binaryGetValue(ConfigBase.java:126)
2026-07-27 00:48:52.764 ERROR [city_8][:] - context=script/config/Cfg_Clone_level_Load.java: 10023300  ,call bycom.data.ConfigBase.binaryGetValue(ConfigBase.java:126)
2026-07-27 00:48:52.765 ERROR [city_8][:] - context=script/config/Cfg_Clone_level_Load.java: 10023300  ,call bycom.data.ConfigBase.binaryGetValue(ConfigBase.java:126)
2026-07-27 00:49:03.197 ERROR [zone_2][:] - context=script/config/Cfg_UrlMarquee_Load.java: 3276  ,call bycom.data.ConfigBase.binaryGetValue(ConfigBase.java:126)
2026-07-27 00:49:03.205 ERROR [zone_2][:] - context=script/config/Cfg_Clone_level_Load.java: 10023300  ,call bycom.data.ConfigBase.binaryGetValue(ConfigBase.java:126)
2026-07-27 00:49:04.378 ERROR [city_8][:] - context=script/config/Cfg_Task_gender_Load.java: 0  ,call bycom.data.ConfigBase.binaryGetValue(ConfigBase.java:126)
2026-07-27 00:49:04.378 ERROR [city_8][:] - context=script/config/Cfg_Task_gender_Load.java: 1  ,call bycom.data.ConfigBase.binaryGetValue(ConfigBase.java:126)
2026-07-27 00:49:08.727 ERROR [city_8][:] - context=script/config/Cfg_Equip_suit_Load.java: 0  ,call bycom.data.ConfigBase.binaryGetValue(ConfigBase.java:126)
2026-07-27 00:49:08.727 ERROR [city_8][:] - context=script/config/Cfg_Equip_suit_Load.java: 0  ,call bycom.data.ConfigBase.binaryGetValue(ConfigBase.java:126)
2026-07-27 00:49:22.099 ERROR [city_8][:] - context=script/config/Cfg_Task_gender_Load.java: 0  ,call bycom.data.ConfigBase.binaryGetValue(ConfigBase.java:126)
2026-07-27 00:49:22.099 ERROR [city_8][:] - context=script/config/Cfg_Task_gender_Load.java: 1  ,call bycom.data.ConfigBase.binaryGetValue(ConfigBase.java:126)
2026-07-27 00:49:26.480 ERROR [city_8][:] - context=script/config/Cfg_Task_gender_Load.java: 0  ,call bycom.data.ConfigBase.binaryGetValue(ConfigBase.java:126)
2026-07-27 00:49:26.480 ERROR [city_8][:] - context=script/config/Cfg_Task_gender_Load.java: 1  ,call bycom.data.ConfigBase.binaryGetValue(ConfigBase.java:126)
2026-07-27 00:49:27.077 ERROR [city_8][:] - context=script/config/Cfg_Clone_level_Load.java: 10024100  ,call bycom.data.ConfigBase.binaryGetValue(ConfigBase.java:126)
2026-07-27 00:49:27.078 ERROR [city_8][:] - context=script/config/Cfg_Clone_level_Load.java: 10024100  ,call bycom.data.ConfigBase.binaryGetValue(ConfigBase.java:126)
2026-07-27 00:49:35.339 ERROR [zone_2][:] - context=script/config/Cfg_UrlMarquee_Load.java: 3276  ,call bycom.data.ConfigBase.binaryGetValue(ConfigBase.java:126)
2026-07-27 00:49:40.541 ERROR [zone_2][:] - context=script/config/Cfg_Equip_suit_Load.java: 0  ,call bycom.data.ConfigBase.binaryGetValue(ConfigBase.java:126)
2026-07-27 00:49:40.541 ERROR [zone_2][:] - context=script/config/Cfg_Equip_suit_Load.java: 0  ,call bycom.data.ConfigBase.binaryGetValue(ConfigBase.java:126)
2026-07-27 00:49:44.661 ERROR [zone_2][:] - context=script/config/Cfg_Clone_level_Load.java: 10024100  ,call bycom.data.ConfigBase.binaryGetValue(ConfigBase.java:126)
2026-07-27 00:49:45.626 ERROR [city_8][:] - context=script/config/Cfg_Task_gender_Load.java: 0  ,call bycom.data.ConfigBase.binaryGetValue(ConfigBase.java:126)
2026-07-27 00:49:45.626 ERROR [city_8][:] - context=script/config/Cfg_Task_gender_Load.java: 1  ,call bycom.data.ConfigBase.binaryGetValue(ConfigBase.java:126)
2026-07-27 00:49:53.617 ERROR [city_8][:] - context=script/config/Cfg_Task_gender_Load.java: 0  ,call bycom.data.ConfigBase.binaryGetValue(ConfigBase.java:126)
2026-07-27 00:49:53.617 ERROR [city_8][:] - context=script/config/Cfg_Task_gender_Load.java: 1  ,call bycom.data.ConfigBase.binaryGetValue(ConfigBase.java:126)
2026-07-27 00:50:28.060 ERROR [FriendAndRankListProcessor][:] - context=script/config/Cfg_Pet_Load.java: 0  ,call bycom.data.ConfigBase.binaryGetValue(ConfigBase.java:126)
2026-07-27 00:50:43.581 ERROR [city_7][:] - context=script/config/Cfg_Equip_suit_Load.java: 0  ,call bycom.data.ConfigBase.binaryGetValue(ConfigBase.java:126)
2026-07-27 00:50:43.581 ERROR [city_7][:] - context=script/config/Cfg_Equip_suit_Load.java: 0  ,call bycom.data.ConfigBase.binaryGetValue(ConfigBase.java:126)
2026-07-27 00:51:07.225 ERROR [FriendAndRankListProcessor][:] - context=script/config/Cfg_Pet_Load.java: 0  ,call bycom.data.ConfigBase.binaryGetValue(ConfigBase.java:126)
2026-07-27 00:51:10.627 ERROR [FriendAndRankListProcessor][:] - context=script/config/Cfg_Pet_Load.java: 0  ,call bycom.data.ConfigBase.binaryGetValue(ConfigBase.java:126)
2026-07-27 00:51:11.237 ERROR [FriendAndRankListProcessor][:] - context=script/config/Cfg_Pet_Load.java: 0  ,call bycom.data.ConfigBase.binaryGetValue(ConfigBase.java:126)
2026-07-27 00:51:14.313 ERROR [FriendAndRankListProcessor][:] - context=script/config/Cfg_Pet_Load.java: 0  ,call bycom.data.ConfigBase.binaryGetValue(ConfigBase.java:126)
2026-07-27 00:52:22.601 ERROR [city_7][:] - context=script/config/Cfg_Task_gender_Load.java: 0  ,call bycom.data.ConfigBase.binaryGetValue(ConfigBase.java:126)
2026-07-27 00:52:22.601 ERROR [city_7][:] - context=script/config/Cfg_Task_gender_Load.java: 1  ,call bycom.data.ConfigBase.binaryGetValue(ConfigBase.java:126)
2026-07-27 00:52:46.865 ERROR [city_7][:] - context=script/config/Cfg_Clone_level_Load.java: 40000200  ,call bycom.data.ConfigBase.binaryGetValue(ConfigBase.java:126)
2026-07-27 00:52:46.865 ERROR [city_7][:] - context=script/config/Cfg_Clone_level_Load.java: 40000200  ,call bycom.data.ConfigBase.binaryGetValue(ConfigBase.java:126)
2026-07-27 00:53:06.312 ERROR [zone_1][:] - context=script/config/Cfg_Clone_level_Load.java: 40000200  ,call bycom.data.ConfigBase.binaryGetValue(ConfigBase.java:126)
2026-07-27 00:53:06.461 ERROR [zone_1][:] - context=script/config/Cfg_Task_gender_Load.java: 0  ,call bycom.data.ConfigBase.binaryGetValue(ConfigBase.java:126)
2026-07-27 00:53:06.461 ERROR [zone_1][:] - context=script/config/Cfg_Task_gender_Load.java: 1  ,call bycom.data.ConfigBase.binaryGetValue(ConfigBase.java:126)
2026-07-27 00:53:42.937 ERROR [city_7][:] - context=script/config/Cfg_Task_gender_Load.java: 0  ,call bycom.data.ConfigBase.binaryGetValue(ConfigBase.java:126)
2026-07-27 00:53:42.938 ERROR [city_7][:] - context=script/config/Cfg_Task_gender_Load.java: 1  ,call bycom.data.ConfigBase.binaryGetValue(ConfigBase.java:126)
2026-07-27 00:53:59.706 ERROR [city_7][:] - context=script/config/Cfg_Clone_level_Load.java: 3000102  ,call bycom.data.ConfigBase.binaryGetValue(ConfigBase.java:126)
2026-07-27 00:53:59.706 ERROR [city_7][:] - context=script/config/Cfg_Clone_level_Load.java: 3000101  ,call bycom.data.ConfigBase.binaryGetValue(ConfigBase.java:126)
2026-07-27 00:54:39.510 ERROR [zone_2][:] - context=script/config/Cfg_UrlMarquee_Load.java: 3276  ,call bycom.data.ConfigBase.binaryGetValue(ConfigBase.java:126)
2026-07-27 00:54:39.510 ERROR [zone_2][:] - context=script/config/Cfg_UrlMarquee_Load.java: 3276  ,call bycom.data.ConfigBase.binaryGetValue(ConfigBase.java:126)
2026-07-27 00:54:39.510 ERROR [zone_2][:] - context=script/config/Cfg_UrlMarquee_Load.java: 3276  ,call bycom.data.ConfigBase.binaryGetValue(ConfigBase.java:126)
2026-07-27 00:54:39.510 ERROR [zone_2][:] - context=script/config/Cfg_UrlMarquee_Load.java: 3276  ,call bycom.data.ConfigBase.binaryGetValue(ConfigBase.java:126)
2026-07-27 00:54:39.510 ERROR [zone_2][:] - context=script/config/Cfg_UrlMarquee_Load.java: 3276  ,call bycom.data.ConfigBase.binaryGetValue(ConfigBase.java:126)
2026-07-27 00:54:39.510 ERROR [zone_2][:] - context=script/config/Cfg_UrlMarquee_Load.java: 3276  ,call bycom.data.ConfigBase.binaryGetValue(ConfigBase.java:126)
2026-07-27 00:54:39.511 ERROR [zone_2][:] - context=script/config/Cfg_UrlMarquee_Load.java: 3276  ,call bycom.data.ConfigBase.binaryGetValue(ConfigBase.java:126)
2026-07-27 00:54:39.516 ERROR [zone_2][:] - context=script/config/Cfg_Bossnew_drop_Load.java: 0  ,call bycom.data.ConfigBase.binaryGetValue(ConfigBase.java:126)
2026-07-27 00:54:39.518 ERROR [zone_2][:] - context=script/config/Cfg_Clone_level_Load.java: 3000101  ,call bycom.data.ConfigBase.binaryGetValue(ConfigBase.java:126)
2026-07-27 00:54:39.878 ERROR [zone_2][:] - context=script/config/Cfg_Task_gender_Load.java: 0  ,call bycom.data.ConfigBase.binaryGetValue(ConfigBase.java:126)
2026-07-27 00:54:39.878 ERROR [zone_2][:] - context=script/config/Cfg_Task_gender_Load.java: 1  ,call bycom.data.ConfigBase.binaryGetValue(ConfigBase.java:126)
2026-07-27 00:54:58.178 ERROR [city_7][:] - context=script/config/Cfg_Equip_suit_Load.java: 0  ,call bycom.data.ConfigBase.binaryGetValue(ConfigBase.java:126)
2026-07-27 00:54:58.178 ERROR [city_7][:] - context=script/config/Cfg_Equip_suit_Load.java: 0  ,call bycom.data.ConfigBase.binaryGetValue(ConfigBase.java:126)
2026-07-27 00:54:59.357 ERROR [city_7][:] - context=script/config/Cfg_Task_gender_Load.java: 0  ,call bycom.data.ConfigBase.binaryGetValue(ConfigBase.java:126)
2026-07-27 00:54:59.357 ERROR [city_7][:] - context=script/config/Cfg_Task_gender_Load.java: 1  ,call bycom.data.ConfigBase.binaryGetValue(ConfigBase.java:126)
2026-07-27 00:55:00.059 ERROR [city_7][:] - context=script/config/Cfg_Equip_suit_Load.java: 0  ,call bycom.data.ConfigBase.binaryGetValue(ConfigBase.java:126)
2026-07-27 00:55:00.059 ERROR [city_7][:] - context=script/config/Cfg_Equip_suit_Load.java: 0  ,call bycom.data.ConfigBase.binaryGetValue(ConfigBase.java:126)
2026-07-27 00:55:03.074 ERROR [city_7][:] - context=script/config/Cfg_Equip_suit_Load.java: 0  ,call bycom.data.ConfigBase.binaryGetValue(ConfigBase.java:126)
2026-07-27 00:55:03.078 ERROR [city_7][:] - context=script/config/Cfg_Equip_suit_Load.java: 0  ,call bycom.data.ConfigBase.binaryGetValue(ConfigBase.java:126)
2026-07-27 00:55:04.943 ERROR [city_7][:] - context=script/config/Cfg_Equip_suit_Load.java: 0  ,call bycom.data.ConfigBase.binaryGetValue(ConfigBase.java:126)
2026-07-27 00:55:04.945 ERROR [city_7][:] - context=script/config/Cfg_Equip_suit_Load.java: 0  ,call bycom.data.ConfigBase.binaryGetValue(ConfigBase.java:126)
2026-07-27 00:55:07.036 ERROR [city_7][:] - context=script/config/Cfg_Equip_suit_Load.java: 0  ,call bycom.data.ConfigBase.binaryGetValue(ConfigBase.java:126)
2026-07-27 00:55:07.036 ERROR [city_7][:] - context=script/config/Cfg_Equip_suit_Load.java: 0  ,call bycom.data.ConfigBase.binaryGetValue(ConfigBase.java:126)
2026-07-27 00:55:10.509 ERROR [city_7][:] - context=script/config/Cfg_Equip_suit_Load.java: 0  ,call bycom.data.ConfigBase.binaryGetValue(ConfigBase.java:126)
2026-07-27 00:55:10.509 ERROR [city_7][:] - context=script/config/Cfg_Equip_suit_Load.java: 0  ,call bycom.data.ConfigBase.binaryGetValue(ConfigBase.java:126)
2026-07-27 00:56:22.235 ERROR [city_7][:] - context=script/config/Cfg_Task_gender_Load.java: 0  ,call bycom.data.ConfigBase.binaryGetValue(ConfigBase.java:126)
2026-07-27 00:56:22.236 ERROR [city_7][:] - context=script/config/Cfg_Task_gender_Load.java: 1  ,call bycom.data.ConfigBase.binaryGetValue(ConfigBase.java:126)
2026-07-27 00:57:08.270 ERROR [city_8][:] - context=script/config/Cfg_Task_gender_Load.java: 0  ,call bycom.data.ConfigBase.binaryGetValue(ConfigBase.java:126)
2026-07-27 00:57:08.270 ERROR [city_8][:] - context=script/config/Cfg_Task_gender_Load.java: 1  ,call bycom.data.ConfigBase.binaryGetValue(ConfigBase.java:126)
2026-07-27 00:58:28.104 ERROR [city_8][:] - context=script/config/Cfg_Clone_level_Load.java: 10103100  ,call bycom.data.ConfigBase.binaryGetValue(ConfigBase.java:126)
2026-07-27 00:58:28.105 ERROR [city_8][:] - context=script/config/Cfg_Clone_level_Load.java: 10103100  ,call bycom.data.ConfigBase.binaryGetValue(ConfigBase.java:126)
2026-07-27 00:58:38.070 ERROR [zone_1][:] - context=script/config/Cfg_UrlMarquee_Load.java: 3276  ,call bycom.data.ConfigBase.binaryGetValue(ConfigBase.java:126)
2026-07-27 00:58:38.070 ERROR [zone_1][:] - context=script/config/Cfg_UrlMarquee_Load.java: 3276  ,call bycom.data.ConfigBase.binaryGetValue(ConfigBase.java:126)
2026-07-27 00:58:38.073 ERROR [zone_1][:] - context=script/config/Cfg_Clone_level_Load.java: 10103100  ,call bycom.data.ConfigBase.binaryGetValue(ConfigBase.java:126)
2026-07-27 00:58:38.804 ERROR [city_8][:] - context=script/config/Cfg_Task_gender_Load.java: 0  ,call bycom.data.ConfigBase.binaryGetValue(ConfigBase.java:126)
2026-07-27 00:58:38.804 ERROR [city_8][:] - context=script/config/Cfg_Task_gender_Load.java: 1  ,call bycom.data.ConfigBase.binaryGetValue(ConfigBase.java:126)
2026-07-27 00:58:40.761 ERROR [city_8][:] - context=script/config/Cfg_Task_gender_Load.java: 0  ,call bycom.data.ConfigBase.binaryGetValue(ConfigBase.java:126)
2026-07-27 00:58:40.761 ERROR [city_8][:] - context=script/config/Cfg_Task_gender_Load.java: 1  ,call bycom.data.ConfigBase.binaryGetValue(ConfigBase.java:126)
2026-07-27 00:58:42.666 ERROR [city_8][:] - context=script/config/Cfg_Task_gender_Load.java: 0  ,call bycom.data.ConfigBase.binaryGetValue(ConfigBase.java:126)
2026-07-27 00:58:42.666 ERROR [city_8][:] - context=script/config/Cfg_Task_gender_Load.java: 1  ,call bycom.data.ConfigBase.binaryGetValue(ConfigBase.java:126)
2026-07-27 00:58:46.794 ERROR [city_8][:] - context=script/config/Cfg_Task_gender_Load.java: 0  ,call bycom.data.ConfigBase.binaryGetValue(ConfigBase.java:126)
2026-07-27 00:58:46.794 ERROR [city_8][:] - context=script/config/Cfg_Task_gender_Load.java: 1  ,call bycom.data.ConfigBase.binaryGetValue(ConfigBase.java:126)
2026-07-27 00:58:53.962 ERROR [city_8][:] - context=script/config/Cfg_Clone_level_Load.java: 10103200  ,call bycom.data.ConfigBase.binaryGetValue(ConfigBase.java:126)
2026-07-27 00:58:53.963 ERROR [city_8][:] - context=script/config/Cfg_Clone_level_Load.java: 10103200  ,call bycom.data.ConfigBase.binaryGetValue(ConfigBase.java:126)
2026-07-27 00:59:01.591 ERROR [zone_2][:] - context=script/config/Cfg_UrlMarquee_Load.java: 3276  ,call bycom.data.ConfigBase.binaryGetValue(ConfigBase.java:126)
2026-07-27 00:59:03.594 ERROR [zone_2][:] - context=script/config/Cfg_Clone_level_Load.java: 10103200  ,call bycom.data.ConfigBase.binaryGetValue(ConfigBase.java:126)
2026-07-27 00:59:04.397 ERROR [city_8][:] - context=script/config/Cfg_Task_gender_Load.java: 0  ,call bycom.data.ConfigBase.binaryGetValue(ConfigBase.java:126)
2026-07-27 00:59:04.397 ERROR [city_8][:] - context=script/config/Cfg_Task_gender_Load.java: 1  ,call bycom.data.ConfigBase.binaryGetValue(ConfigBase.java:126)
2026-07-27 00:59:06.634 ERROR [city_8][:] - context=script/config/Cfg_Task_gender_Load.java: 0  ,call bycom.data.ConfigBase.binaryGetValue(ConfigBase.java:126)
2026-07-27 00:59:06.634 ERROR [city_8][:] - context=script/config/Cfg_Task_gender_Load.java: 1  ,call bycom.data.ConfigBase.binaryGetValue(ConfigBase.java:126)
2026-07-27 00:59:06.973 ERROR [city_8][:] - context=script/config/Cfg_Equip_suit_Load.java: 0  ,call bycom.data.ConfigBase.binaryGetValue(ConfigBase.java:126)
2026-07-27 00:59:06.973 ERROR [city_8][:] - context=script/config/Cfg_Equip_suit_Load.java: 0  ,call bycom.data.ConfigBase.binaryGetValue(ConfigBase.java:126)
2026-07-27 00:59:28.067 ERROR [city_8][:] - context=script/config/Cfg_Task_gender_Load.java: 0  ,call bycom.data.ConfigBase.binaryGetValue(ConfigBase.java:126)
2026-07-27 00:59:28.067 ERROR [city_8][:] - context=script/config/Cfg_Task_gender_Load.java: 1  ,call bycom.data.ConfigBase.binaryGetValue(ConfigBase.java:126)
2026-07-27 00:59:29.894 ERROR [city_8][:] - context=script/config/Cfg_Clone_level_Load.java: 10320100  ,call bycom.data.ConfigBase.binaryGetValue(ConfigBase.java:126)
2026-07-27 00:59:29.894 ERROR [city_8][:] - context=script/config/Cfg_Clone_level_Load.java: 10320100  ,call bycom.data.ConfigBase.binaryGetValue(ConfigBase.java:126)
2026-07-27 00:59:41.036 ERROR [zone_2][:] - context=script/config/Cfg_UrlMarquee_Load.java: 3276  ,call bycom.data.ConfigBase.binaryGetValue(ConfigBase.java:126)
2026-07-27 00:59:41.038 ERROR [zone_2][:] - context=script/config/Cfg_Clone_level_Load.java: 10320100  ,call bycom.data.ConfigBase.binaryGetValue(ConfigBase.java:126)
2026-07-27 00:59:41.927 ERROR [city_8][:] - context=script/config/Cfg_Task_gender_Load.java: 0  ,call bycom.data.ConfigBase.binaryGetValue(ConfigBase.java:126)
2026-07-27 00:59:41.927 ERROR [city_8][:] - context=script/config/Cfg_Task_gender_Load.java: 1  ,call bycom.data.ConfigBase.binaryGetValue(ConfigBase.java:126)
