2026-08-19 21:01:40.658 ERROR [recvWorker-3][:] - context=script/config/Cfg_Equip_Collection_star_Load.java: 0  ,call bycom.data.ConfigBase.binaryGetValue(ConfigBase.java:126)
2026-08-19 21:01:40.660 ERROR [recvWorker-3][:] - context=script/config/Cfg_Equip_suit_Load.java: 0  ,call bycom.data.ConfigBase.binaryGetValue(ConfigBase.java:126)
2026-08-19 21:01:40.660 ERROR [recvWorker-3][:] - context=script/config/Cfg_Equip_suit_Load.java: 0  ,call bycom.data.ConfigBase.binaryGetValue(ConfigBase.java:126)
2026-08-19 21:01:40.968 ERROR [recvWorker-3][:] - context=script/config/Cfg_Guild_battle_boss_Load.java: 410  ,call bycom.data.ConfigBase.binaryGetValue(ConfigBase.java:126)
2026-08-19 21:01:41.355 ERROR [recvWorker-3][:] - context=script/config/Cfg_Daily_Load.java: 0  ,call bycom.data.ConfigBase.binaryGetValue(ConfigBase.java:126)
2026-08-19 21:01:41.603 ERROR [recvWorker-3][:] - context=script/config/Cfg_Buff_Load.java: 0  ,call bycom.data.ConfigBase.binaryGetValue(ConfigBase.java:126)
2026-08-19 21:01:41.603 ERROR [recvWorker-3][:] - context=script/config/Cfg_Buff_Load.java: 0  ,call bycom.data.ConfigBase.binaryGetValue(ConfigBase.java:126)
2026-08-19 21:01:41.817 ERROR [recvWorker-3][:] - context=script/config/Cfg_Equip_Collection_star_Load.java: 0  ,call bycom.data.ConfigBase.binaryGetValue(ConfigBase.java:126)
2026-08-19 21:01:41.820 ERROR [recvWorker-3][:] - context=script/config/Cfg_Equip_suit_Load.java: 0  ,call bycom.data.ConfigBase.binaryGetValue(ConfigBase.java:126)
2026-08-19 21:01:41.821 ERROR [recvWorker-3][:] - context=script/config/Cfg_Equip_suit_Load.java: 0  ,call bycom.data.ConfigBase.binaryGetValue(ConfigBase.java:126)
2026-08-19 21:01:41.829 ERROR [recvWorker-3][:] - context=script/config/Cfg_Task_gender_Load.java: 0  ,call bycom.data.ConfigBase.binaryGetValue(ConfigBase.java:126)
2026-08-19 21:01:41.829 ERROR [recvWorker-3][:] - context=script/config/Cfg_Task_gender_Load.java: 1  ,call bycom.data.ConfigBase.binaryGetValue(ConfigBase.java:126)
2026-08-19 21:01:41.842 ERROR [recvWorker-3][:] - context=script/config/Cfg_Changejob_Load.java: 0  ,call bycom.data.ConfigBase.binaryGetValue(ConfigBase.java:126)
2026-08-19 21:01:41.843 ERROR [recvWorker-3][:] - context=script/config/Cfg_State_xisui_acupoint_Load.java: 0  ,call bycom.data.ConfigBase.binaryGetValue(ConfigBase.java:126)
2026-08-19 21:01:41.856 ERROR [recvWorker-3][:] - context=script/config/Cfg_Fashion_Load.java: 210000100  ,call bycom.data.ConfigBase.binaryGetValue(ConfigBase.java:126)
2026-08-19 21:01:41.856 ERROR [recvWorker-3][:] - context=script/config/Cfg_Fashion_Load.java: 110000108  ,call bycom.data.ConfigBase.binaryGetValue(ConfigBase.java:126)
2026-08-19 21:01:41.857 ERROR [recvWorker-3][:] - context=script/config/Cfg_Fashion_Load.java: 510000001  ,call bycom.data.ConfigBase.binaryGetValue(ConfigBase.java:126)
2026-08-19 21:01:41.857 ERROR [recvWorker-3][:] - context=script/config/Cfg_Fashion_Load.java: 616100010  ,call bycom.data.ConfigBase.binaryGetValue(ConfigBase.java:126)
2026-08-19 21:01:41.857 ERROR [recvWorker-3][:] - context=script/config/Cfg_Fashion_Load.java: 410040100  ,call bycom.data.ConfigBase.binaryGetValue(ConfigBase.java:126)
2026-08-19 21:01:41.857 ERROR [recvWorker-3][:] - context=script/config/Cfg_Fashion_Load.java: 410040200  ,call bycom.data.ConfigBase.binaryGetValue(ConfigBase.java:126)
2026-08-19 21:01:41.857 ERROR [recvWorker-3][:] - context=script/config/Cfg_Fashion_Load.java: 616100001  ,call bycom.data.ConfigBase.binaryGetValue(ConfigBase.java:126)
2026-08-19 21:01:41.958 ERROR [recvWorker-3][:] - context=script/config/Cfg_Today_function_recharge_Load.java: 0  ,call bycom.data.ConfigBase.binaryGetValue(ConfigBase.java:126)
2026-08-19 21:48:05.242 ERROR [recvWorker-6][:] - context=script/config/Cfg_Equip_Collection_star_Load.java: 0  ,call bycom.data.ConfigBase.binaryGetValue(ConfigBase.java:126)
2026-08-19 21:48:05.243 ERROR [recvWorker-6][:] - context=script/config/Cfg_Equip_suit_Load.java: 0  ,call bycom.data.ConfigBase.binaryGetValue(ConfigBase.java:126)
2026-08-19 21:48:05.243 ERROR [recvWorker-6][:] - context=script/config/Cfg_Equip_suit_Load.java: 0  ,call bycom.data.ConfigBase.binaryGetValue(ConfigBase.java:126)
2026-08-19 21:48:05.274 ERROR [recvWorker-6][:] - context=script/config/Cfg_Guild_battle_boss_Load.java: 410  ,call bycom.data.ConfigBase.binaryGetValue(ConfigBase.java:126)
2026-08-19 21:48:05.285 ERROR [recvWorker-6][:] - context=script/config/Cfg_Daily_Load.java: 0  ,call bycom.data.ConfigBase.binaryGetValue(ConfigBase.java:126)
2026-08-19 21:48:05.293 ERROR [recvWorker-6][:] - context=script/config/Cfg_Buff_Load.java: 0  ,call bycom.data.ConfigBase.binaryGetValue(ConfigBase.java:126)
2026-08-19 21:48:05.293 ERROR [recvWorker-6][:] - context=script/config/Cfg_Buff_Load.java: 0  ,call bycom.data.ConfigBase.binaryGetValue(ConfigBase.java:126)
2026-08-19 21:48:05.298 ERROR [recvWorker-6][:] - context=script/config/Cfg_Equip_Collection_star_Load.java: 0  ,call bycom.data.ConfigBase.binaryGetValue(ConfigBase.java:126)
2026-08-19 21:48:05.300 ERROR [recvWorker-6][:] - context=script/config/Cfg_Equip_suit_Load.java: 0  ,call bycom.data.ConfigBase.binaryGetValue(ConfigBase.java:126)
2026-08-19 21:48:05.300 ERROR [recvWorker-6][:] - context=script/config/Cfg_Equip_suit_Load.java: 0  ,call bycom.data.ConfigBase.binaryGetValue(ConfigBase.java:126)
2026-08-19 21:48:05.301 ERROR [recvWorker-6][:] - context=script/config/Cfg_Task_gender_Load.java: 0  ,call bycom.data.ConfigBase.binaryGetValue(ConfigBase.java:126)
2026-08-19 21:48:05.301 ERROR [recvWorker-6][:] - context=script/config/Cfg_Task_gender_Load.java: 1  ,call bycom.data.ConfigBase.binaryGetValue(ConfigBase.java:126)
2026-08-19 21:48:05.302 ERROR [recvWorker-6][:] - context=script/config/Cfg_Changejob_Load.java: 0  ,call bycom.data.ConfigBase.binaryGetValue(ConfigBase.java:126)
2026-08-19 21:48:05.302 ERROR [recvWorker-6][:] - context=script/config/Cfg_State_xisui_acupoint_Load.java: 0  ,call bycom.data.ConfigBase.binaryGetValue(ConfigBase.java:126)
2026-08-19 21:48:05.305 ERROR [recvWorker-6][:] - context=script/config/Cfg_Fashion_Load.java: 210000100  ,call bycom.data.ConfigBase.binaryGetValue(ConfigBase.java:126)
2026-08-19 21:48:05.305 ERROR [recvWorker-6][:] - context=script/config/Cfg_Fashion_Load.java: 110000108  ,call bycom.data.ConfigBase.binaryGetValue(ConfigBase.java:126)
2026-08-19 21:48:05.305 ERROR [recvWorker-6][:] - context=script/config/Cfg_Fashion_Load.java: 510000001  ,call bycom.data.ConfigBase.binaryGetValue(ConfigBase.java:126)
2026-08-19 21:48:05.306 ERROR [recvWorker-6][:] - context=script/config/Cfg_Fashion_Load.java: 616100010  ,call bycom.data.ConfigBase.binaryGetValue(ConfigBase.java:126)
2026-08-19 21:48:05.306 ERROR [recvWorker-6][:] - context=script/config/Cfg_Fashion_Load.java: 410040100  ,call bycom.data.ConfigBase.binaryGetValue(ConfigBase.java:126)
2026-08-19 21:48:05.306 ERROR [recvWorker-6][:] - context=script/config/Cfg_Fashion_Load.java: 410040200  ,call bycom.data.ConfigBase.binaryGetValue(ConfigBase.java:126)
2026-08-19 21:48:05.306 ERROR [recvWorker-6][:] - context=script/config/Cfg_Fashion_Load.java: 616100001  ,call bycom.data.ConfigBase.binaryGetValue(ConfigBase.java:126)
2026-08-19 21:48:05.366 ERROR [recvWorker-6][:] - context=script/config/Cfg_Today_function_recharge_Load.java: 0  ,call bycom.data.ConfigBase.binaryGetValue(ConfigBase.java:126)
