2026-08-19 22:10:11.615 ERROR [recvWorker-9][:] - context=script/config/Cfg_Equip_Collection_star_Load.java: 0  ,call bycom.data.ConfigBase.binaryGetValue(ConfigBase.java:126)
2026-08-19 22:10:11.617 ERROR [recvWorker-9][:] - context=script/config/Cfg_Equip_suit_Load.java: 0  ,call bycom.data.ConfigBase.binaryGetValue(ConfigBase.java:126)
2026-08-19 22:10:11.617 ERROR [recvWorker-9][:] - context=script/config/Cfg_Equip_suit_Load.java: 0  ,call bycom.data.ConfigBase.binaryGetValue(ConfigBase.java:126)
2026-08-19 22:10:11.642 ERROR [recvWorker-9][:] - context=script/config/Cfg_Guild_battle_boss_Load.java: 410  ,call bycom.data.ConfigBase.binaryGetValue(ConfigBase.java:126)
2026-08-19 22:10:11.649 ERROR [recvWorker-9][:] - context=script/config/Cfg_Daily_Load.java: 0  ,call bycom.data.ConfigBase.binaryGetValue(ConfigBase.java:126)
2026-08-19 22:10:11.655 ERROR [recvWorker-9][:] - context=script/config/Cfg_Buff_Load.java: 0  ,call bycom.data.ConfigBase.binaryGetValue(ConfigBase.java:126)
2026-08-19 22:10:11.656 ERROR [recvWorker-9][:] - context=script/config/Cfg_Buff_Load.java: 0  ,call bycom.data.ConfigBase.binaryGetValue(ConfigBase.java:126)
2026-08-19 22:10:11.659 ERROR [recvWorker-9][:] - context=script/config/Cfg_Equip_Collection_star_Load.java: 0  ,call bycom.data.ConfigBase.binaryGetValue(ConfigBase.java:126)
2026-08-19 22:10:11.661 ERROR [recvWorker-9][:] - context=script/config/Cfg_Equip_suit_Load.java: 0  ,call bycom.data.ConfigBase.binaryGetValue(ConfigBase.java:126)
2026-08-19 22:10:11.661 ERROR [recvWorker-9][:] - context=script/config/Cfg_Equip_suit_Load.java: 0  ,call bycom.data.ConfigBase.binaryGetValue(ConfigBase.java:126)
2026-08-19 22:10:11.662 ERROR [recvWorker-9][:] - context=script/config/Cfg_Task_gender_Load.java: 0  ,call bycom.data.ConfigBase.binaryGetValue(ConfigBase.java:126)
2026-08-19 22:10:11.662 ERROR [recvWorker-9][:] - context=script/config/Cfg_Task_gender_Load.java: 1  ,call bycom.data.ConfigBase.binaryGetValue(ConfigBase.java:126)
2026-08-19 22:10:11.663 ERROR [recvWorker-9][:] - context=script/config/Cfg_Changejob_Load.java: 0  ,call bycom.data.ConfigBase.binaryGetValue(ConfigBase.java:126)
2026-08-19 22:10:11.663 ERROR [recvWorker-9][:] - context=script/config/Cfg_State_xisui_acupoint_Load.java: 0  ,call bycom.data.ConfigBase.binaryGetValue(ConfigBase.java:126)
2026-08-19 22:10:11.669 ERROR [recvWorker-9][:] - context=script/config/Cfg_Fashion_Load.java: 210000100  ,call bycom.data.ConfigBase.binaryGetValue(ConfigBase.java:126)
2026-08-19 22:10:11.669 ERROR [recvWorker-9][:] - context=script/config/Cfg_Fashion_Load.java: 110000108  ,call bycom.data.ConfigBase.binaryGetValue(ConfigBase.java:126)
2026-08-19 22:10:11.670 ERROR [recvWorker-9][:] - context=script/config/Cfg_Fashion_Load.java: 510000001  ,call bycom.data.ConfigBase.binaryGetValue(ConfigBase.java:126)
2026-08-19 22:10:11.670 ERROR [recvWorker-9][:] - context=script/config/Cfg_Fashion_Load.java: 616100010  ,call bycom.data.ConfigBase.binaryGetValue(ConfigBase.java:126)
2026-08-19 22:10:11.670 ERROR [recvWorker-9][:] - context=script/config/Cfg_Fashion_Load.java: 410040100  ,call bycom.data.ConfigBase.binaryGetValue(ConfigBase.java:126)
2026-08-19 22:10:11.670 ERROR [recvWorker-9][:] - context=script/config/Cfg_Fashion_Load.java: 410040200  ,call bycom.data.ConfigBase.binaryGetValue(ConfigBase.java:126)
2026-08-19 22:10:11.670 ERROR [recvWorker-9][:] - context=script/config/Cfg_Fashion_Load.java: 616100001  ,call bycom.data.ConfigBase.binaryGetValue(ConfigBase.java:126)
2026-08-19 22:10:11.698 ERROR [recvWorker-9][:] - context=script/config/Cfg_Today_function_recharge_Load.java: 0  ,call bycom.data.ConfigBase.binaryGetValue(ConfigBase.java:126)
2026-08-19 22:54:52.218 ERROR [recvWorker-12][:] - context=script/config/Cfg_Equip_Collection_star_Load.java: 0  ,call bycom.data.ConfigBase.binaryGetValue(ConfigBase.java:126)
2026-08-19 22:54:52.219 ERROR [recvWorker-12][:] - context=script/config/Cfg_Equip_suit_Load.java: 0  ,call bycom.data.ConfigBase.binaryGetValue(ConfigBase.java:126)
2026-08-19 22:54:52.219 ERROR [recvWorker-12][:] - context=script/config/Cfg_Equip_suit_Load.java: 0  ,call bycom.data.ConfigBase.binaryGetValue(ConfigBase.java:126)
2026-08-19 22:54:52.244 ERROR [recvWorker-12][:] - context=script/config/Cfg_Guild_battle_boss_Load.java: 410  ,call bycom.data.ConfigBase.binaryGetValue(ConfigBase.java:126)
2026-08-19 22:54:52.253 ERROR [recvWorker-12][:] - context=script/config/Cfg_Daily_Load.java: 0  ,call bycom.data.ConfigBase.binaryGetValue(ConfigBase.java:126)
2026-08-19 22:54:52.262 ERROR [recvWorker-12][:] - context=script/config/Cfg_Buff_Load.java: 0  ,call bycom.data.ConfigBase.binaryGetValue(ConfigBase.java:126)
2026-08-19 22:54:52.262 ERROR [recvWorker-12][:] - context=script/config/Cfg_Buff_Load.java: 0  ,call bycom.data.ConfigBase.binaryGetValue(ConfigBase.java:126)
2026-08-19 22:54:52.269 ERROR [recvWorker-12][:] - context=script/config/Cfg_Equip_Collection_star_Load.java: 0  ,call bycom.data.ConfigBase.binaryGetValue(ConfigBase.java:126)
2026-08-19 22:54:52.270 ERROR [recvWorker-12][:] - context=script/config/Cfg_Equip_suit_Load.java: 0  ,call bycom.data.ConfigBase.binaryGetValue(ConfigBase.java:126)
2026-08-19 22:54:52.270 ERROR [recvWorker-12][:] - context=script/config/Cfg_Equip_suit_Load.java: 0  ,call bycom.data.ConfigBase.binaryGetValue(ConfigBase.java:126)
2026-08-19 22:54:52.271 ERROR [recvWorker-12][:] - context=script/config/Cfg_Task_gender_Load.java: 0  ,call bycom.data.ConfigBase.binaryGetValue(ConfigBase.java:126)
2026-08-19 22:54:52.271 ERROR [recvWorker-12][:] - context=script/config/Cfg_Task_gender_Load.java: 1  ,call bycom.data.ConfigBase.binaryGetValue(ConfigBase.java:126)
2026-08-19 22:54:52.272 ERROR [recvWorker-12][:] - context=script/config/Cfg_Changejob_Load.java: 0  ,call bycom.data.ConfigBase.binaryGetValue(ConfigBase.java:126)
2026-08-19 22:54:52.272 ERROR [recvWorker-12][:] - context=script/config/Cfg_State_xisui_acupoint_Load.java: 0  ,call bycom.data.ConfigBase.binaryGetValue(ConfigBase.java:126)
2026-08-19 22:54:52.274 ERROR [recvWorker-12][:] - context=script/config/Cfg_Fashion_Load.java: 210000100  ,call bycom.data.ConfigBase.binaryGetValue(ConfigBase.java:126)
2026-08-19 22:54:52.274 ERROR [recvWorker-12][:] - context=script/config/Cfg_Fashion_Load.java: 110000108  ,call bycom.data.ConfigBase.binaryGetValue(ConfigBase.java:126)
2026-08-19 22:54:52.274 ERROR [recvWorker-12][:] - context=script/config/Cfg_Fashion_Load.java: 510000001  ,call bycom.data.ConfigBase.binaryGetValue(ConfigBase.java:126)
2026-08-19 22:54:52.275 ERROR [recvWorker-12][:] - context=script/config/Cfg_Fashion_Load.java: 616100010  ,call bycom.data.ConfigBase.binaryGetValue(ConfigBase.java:126)
2026-08-19 22:54:52.275 ERROR [recvWorker-12][:] - context=script/config/Cfg_Fashion_Load.java: 410040100  ,call bycom.data.ConfigBase.binaryGetValue(ConfigBase.java:126)
2026-08-19 22:54:52.275 ERROR [recvWorker-12][:] - context=script/config/Cfg_Fashion_Load.java: 410040200  ,call bycom.data.ConfigBase.binaryGetValue(ConfigBase.java:126)
2026-08-19 22:54:52.275 ERROR [recvWorker-12][:] - context=script/config/Cfg_Fashion_Load.java: 616100001  ,call bycom.data.ConfigBase.binaryGetValue(ConfigBase.java:126)
2026-08-19 22:54:52.295 ERROR [recvWorker-12][:] - context=script/config/Cfg_Today_function_recharge_Load.java: 0  ,call bycom.data.ConfigBase.binaryGetValue(ConfigBase.java:126)
