2026-08-19 21:00:02.877 ERROR [worldMap_timer-Timer][TimerThread.java:78] - Затраченное время на таймерные события: 16, количество: 245
2026-08-19 21:00:56.648 ERROR [worldMap_timer-Timer][TimerThread.java:78] - Затраченное время на таймерные события: 12, количество: 245
2026-08-19 21:01:33.233 ERROR [recvWorker-2][LuckyDrawWeekScript.java:567] - 当前奖池数据为空,需要重新初始化配置!
2026-08-19 21:01:40.830 ERROR [PeakManager][JJCManagerScript.java:343] - 玩家：281873304391993039 已经领取过竞技场首次排名奖励：0
2026-08-19 21:01:41.355 ERROR [recvWorker-3][RetrieveResScript.java:64] - bean.getDailyId()  not find: 0
2026-08-19 21:02:41.549 ERROR [city_7][ServerThread.java:87] - city_7-->MapSavePlayerTimer run:213
2026-08-19 21:02:42.579 ERROR [1][EnterGameFinish.java:171] - 保存数据线程1 : 执行更新1条
2026-08-19 21:04:08.913 ERROR [worldMap_timer-Timer][TimerThread.java:78] - Затраченное время на таймерные события: 22, количество: 245
2026-08-19 21:05:17.158 ERROR [worldMap_timer-Timer][TimerThread.java:78] - Затраченное время на таймерные события: 14, количество: 245
2026-08-19 21:05:59.018 ERROR [worldMap_timer-Timer][TimerThread.java:78] - Затраченное время на таймерные события: 13, количество: 245
2026-08-19 21:06:59.032 ERROR [worldMap_timer-Timer][TimerThread.java:78] - Затраченное время на таймерные события: 15, количество: 245
2026-08-19 21:07:14.866 ERROR [worldMap_timer-Timer][TimerThread.java:78] - Затраченное время на таймерные события: 19, количество: 245
2026-08-19 21:07:28.643 ERROR [worldMap_timer-Timer][TimerThread.java:78] - Затраченное время на таймерные события: 12, количество: 245
2026-08-19 21:07:31.009 ERROR [worldMap_timer-Timer][TimerThread.java:78] - Затраченное время на таймерные события: 33, количество: 245
2026-08-19 21:07:31.187 ERROR [worldMap_timer-Timer][TimerThread.java:78] - Затраченное время на таймерные события: 18, количество: 245
2026-08-19 21:07:35.816 ERROR [worldMap_timer-Timer][TimerThread.java:78] - Затраченное время на таймерные события: 11, количество: 245
2026-08-19 21:09:01.061 ERROR [worldMap_timer-Timer][TimerThread.java:78] - Затраченное время на таймерные события: 40, количество: 245
2026-08-19 21:09:03.056 ERROR [worldMap_timer-Timer][TimerThread.java:78] - Затраченное время на таймерные события: 17, количество: 245
2026-08-19 21:11:52.929 ERROR [worldMap_timer-Timer][TimerThread.java:78] - Затраченное время на таймерные события: 19, количество: 245
2026-08-19 21:13:10.722 ERROR [worldMap_timer-Timer][TimerThread.java:78] - Затраченное время на таймерные события: 14, количество: 245
2026-08-19 21:13:40.680 ERROR [worldMap_timer-Timer][TimerThread.java:78] - Затраченное время на таймерные события: 11, количество: 245
2026-08-19 21:14:24.810 ERROR [worldMap_timer-Timer][TimerThread.java:78] - Затраченное время на таймерные события: 13, количество: 245
2026-08-19 21:15:16.791 ERROR [worldMap_timer-Timer][TimerThread.java:78] - Затраченное время на таймерные события: 13, количество: 245
2026-08-19 21:20:02.262 ERROR [worldMap_timer-Timer][TimerThread.java:78] - Затраченное время на таймерные события: 19, количество: 245
2026-08-19 21:20:02.363 ERROR [worldMap_timer-Timer][TimerThread.java:78] - Затраченное время на таймерные события: 14, количество: 245
2026-08-19 21:20:20.949 ERROR [worldMap_timer-Timer][TimerThread.java:78] - Затраченное время на таймерные события: 14, количество: 245
2026-08-19 21:20:28.834 ERROR [copyMap_timer-Timer][TimerThread.java:78] - Затраченное время на таймерные события: 13, количество: 63
2026-08-19 21:23:42.880 ERROR [worldMap_timer-Timer][TimerThread.java:78] - Затраченное время на таймерные события: 14, количество: 245
2026-08-19 21:24:22.679 ERROR [worldMap_timer-Timer][TimerThread.java:78] - Затраченное время на таймерные события: 30, количество: 245
2026-08-19 21:26:08.871 ERROR [copyMap_timer-Timer][TimerThread.java:78] - Затраченное время на таймерные события: 14, количество: 63
2026-08-19 21:30:00.921 ERROR [worldMap_timer-Timer][TimerThread.java:78] - Затраченное время на таймерные события: 13, количество: 245
2026-08-19 21:30:01.637 ERROR [worldMap_timer-Timer][TimerThread.java:78] - Затраченное время на таймерные события: 18, количество: 245
2026-08-19 21:36:08.766 ERROR [worldMap_timer-Timer][TimerThread.java:78] - Затраченное время на таймерные события: 11, количество: 245
2026-08-19 21:37:40.919 ERROR [worldMap_timer-Timer][TimerThread.java:78] - Затраченное время на таймерные события: 16, количество: 245
2026-08-19 21:41:49.442 ERROR [worldMap_timer-Timer][TimerThread.java:78] - Затраченное время на таймерные события: 17, количество: 245
2026-08-19 21:42:05.144 ERROR [worldMap_timer-Timer][TimerThread.java:78] - Затраченное время на таймерные события: 19, количество: 245
2026-08-19 21:42:27.778 ERROR [1][EnterGameFinish.java:171] - 保存数据线程1 : 执行更新1条
2026-08-19 21:43:28.758 ERROR [worldMap_timer-Timer][TimerThread.java:78] - Затраченное время на таймерные события: 18, количество: 245
2026-08-19 21:44:47.203 ERROR [worldMap_timer-Timer][TimerThread.java:78] - Затраченное время на таймерные события: 11, количество: 245
2026-08-19 21:45:06.915 ERROR [worldMap_timer-Timer][TimerThread.java:78] - Затраченное время на таймерные события: 12, количество: 245
2026-08-19 21:46:12.346 ERROR [main_timer-Timer][TimerThread.java:78] - Затраченное время на таймерные события: 12, количество: 17
2026-08-19 21:48:05.285 ERROR [recvWorker-6][RetrieveResScript.java:64] - bean.getDailyId()  not find: 0
2026-08-19 21:48:05.644 ERROR [PeakManager][JJCManagerScript.java:343] - 玩家：281873304391993039 已经领取过竞技场首次排名奖励：0
2026-08-19 21:48:20.809 ERROR [worldMap_timer-Timer][TimerThread.java:78] - Затраченное время на таймерные события: 23, количество: 245
2026-08-19 21:48:55.679 ERROR [worldMap_timer-Timer][TimerThread.java:78] - Затраченное время на таймерные события: 11, количество: 245
2026-08-19 21:49:13.080 ERROR [worldMap_timer-Timer][TimerThread.java:78] - Затраченное время на таймерные события: 15, количество: 245
2026-08-19 21:49:56.875 ERROR [worldMap_timer-Timer][TimerThread.java:78] - Затраченное время на таймерные события: 27, количество: 245
2026-08-19 21:50:15.811 ERROR [nioEventLoopGroup-7-2][BackGrandServer.java:121] - 连接出现异常了，sessionId:23 session[id: 0x8c89c469, L:/94.250.249.128:8191 - R:/50.116.26.161:57435]
java.io.IOException: Connection timed out
	at sun.nio.ch.FileDispatcherImpl.read0(Native Method) ~[?:1.8.0_492]
	at sun.nio.ch.SocketDispatcher.read(SocketDispatcher.java:39) ~[?:1.8.0_492]
	at sun.nio.ch.IOUtil.readIntoNativeBuffer(IOUtil.java:223) ~[?:1.8.0_492]
	at sun.nio.ch.IOUtil.read(IOUtil.java:192) ~[?:1.8.0_492]
	at sun.nio.ch.SocketChannelImpl.read(SocketChannelImpl.java:379) ~[?:1.8.0_492]
	at io.netty.buffer.PooledUnsafeDirectByteBuf.setBytes(PooledUnsafeDirectByteBuf.java:288) ~[netty-all-4.1.11.Final.jar:4.1.11.Final]
	at io.netty.buffer.AbstractByteBuf.writeBytes(AbstractByteBuf.java:1100) ~[netty-all-4.1.11.Final.jar:4.1.11.Final]
	at io.netty.channel.socket.nio.NioSocketChannel.doReadBytes(NioSocketChannel.java:372) ~[netty-all-4.1.11.Final.jar:4.1.11.Final]
	at io.netty.channel.nio.AbstractNioByteChannel$NioByteUnsafe.read(AbstractNioByteChannel.java:123) [netty-all-4.1.11.Final.jar:4.1.11.Final]
	at io.netty.channel.nio.NioEventLoop.processSelectedKey(NioEventLoop.java:644) [netty-all-4.1.11.Final.jar:4.1.11.Final]
	at io.netty.channel.nio.NioEventLoop.processSelectedKeysOptimized(NioEventLoop.java:579) [netty-all-4.1.11.Final.jar:4.1.11.Final]
	at io.netty.channel.nio.NioEventLoop.processSelectedKeys(NioEventLoop.java:496) [netty-all-4.1.11.Final.jar:4.1.11.Final]
	at io.netty.channel.nio.NioEventLoop.run(NioEventLoop.java:458) [netty-all-4.1.11.Final.jar:4.1.11.Final]
	at io.netty.util.concurrent.SingleThreadEventExecutor$5.run(SingleThreadEventExecutor.java:858) [netty-all-4.1.11.Final.jar:4.1.11.Final]
	at io.netty.util.concurrent.DefaultThreadFactory$DefaultRunnableDecorator.run(DefaultThreadFactory.java:138) [netty-all-4.1.11.Final.jar:4.1.11.Final]
	at java.lang.Thread.run(Thread.java:750) [?:1.8.0_492]
2026-08-19 21:53:51.167 ERROR [worldMap_timer-Timer][TimerThread.java:78] - Затраченное время на таймерные события: 11, количество: 245
2026-08-19 21:54:54.982 ERROR [worldMap_timer-Timer][TimerThread.java:78] - Затраченное время на таймерные события: 12, количество: 245
2026-08-19 21:55:43.351 ERROR [worldMap_timer-Timer][TimerThread.java:78] - Затраченное время на таймерные события: 28, количество: 245
2026-08-19 21:56:55.036 ERROR [worldMap_timer-Timer][TimerThread.java:78] - Затраченное время на таймерные события: 26, количество: 245
2026-08-19 21:57:42.927 ERROR [worldMap_timer-Timer][TimerThread.java:78] - Затраченное время на таймерные события: 15, количество: 245
2026-08-19 21:58:11.043 ERROR [worldMap_timer-Timer][TimerThread.java:78] - Затраченное время на таймерные события: 22, количество: 245
2026-08-19 21:58:11.117 ERROR [worldMap_timer-Timer][TimerThread.java:78] - Затраченное время на таймерные события: 12, количество: 245
