2026-08-20 22:00:00.060 INFO [RankThread][UniverseRankScript.java:402] - 检查天墟战场名人堂排名
2026-08-20 22:00:01.705 ERROR [worldMap_timer-Timer][TimerThread.java:78] - Затраченное время на таймерные события: 46, количество: 245
2026-08-20 22:00:02.392 ERROR [worldMap_timer-Timer][TimerThread.java:78] - Затраченное время на таймерные события: 15, количество: 245
2026-08-20 22:00:10.047 INFO [nioEventLoopGroup-4-1][CrossServerScript.java:848] - 公共心跳原因码返回是:0, 用时=29926
2026-08-20 22:00:12.277 ERROR [main_timer-Timer][TimerThread.java:78] - Затраченное время на таймерные события: 29, количество: 17
2026-08-20 22:00:21.247 ERROR [worldMap_timer-Timer][TimerThread.java:78] - Затраченное время на таймерные события: 13, количество: 245
2026-08-20 22:00:40.114 INFO [nioEventLoopGroup-4-1][CrossServerScript.java:848] - 公共心跳原因码返回是:0, 用时=30067
2026-08-20 22:00:44.827 ERROR [copyMap_timer-Timer][TimerThread.java:78] - Затраченное время на таймерные события: 21, количество: 70
2026-08-20 22:00:56.821 ERROR [worldMap_timer-Timer][TimerThread.java:78] - Затраченное время на таймерные события: 33, количество: 245
2026-08-20 22:01:10.117 INFO [nioEventLoopGroup-4-1][CrossServerScript.java:848] - 公共心跳原因码返回是:0, 用时=30003
2026-08-20 22:01:15.100 ERROR [worldMap_timer-Timer][TimerThread.java:78] - Затраченное время на таймерные события: 57, количество: 245
2026-08-20 22:01:17.124 ERROR [worldMap_timer-Timer][TimerThread.java:78] - Затраченное время на таймерные события: 16, количество: 245
2026-08-20 22:01:30.160 ERROR [worldMap_timer-Timer][TimerThread.java:78] - Затраченное время на таймерные события: 16, количество: 245
2026-08-20 22:01:40.119 INFO [nioEventLoopGroup-4-1][CrossServerScript.java:848] - 公共心跳原因码返回是:0, 用时=30002
2026-08-20 22:02:10.070 INFO [nioEventLoopGroup-4-1][CrossServerScript.java:848] - 公共心跳原因码返回是:0, 用时=29950
2026-08-20 22:02:16.152 ERROR [copyMap_timer-Timer][TimerThread.java:78] - Затраченное время на таймерные события: 14, количество: 70
2026-08-20 22:02:40.042 INFO [nioEventLoopGroup-4-1][CrossServerScript.java:848] - 公共心跳原因码返回是:0, 用时=29973
2026-08-20 22:03:08.954 ERROR [copyMap_timer-Timer][TimerThread.java:78] - Затраченное время на таймерные события: 12, количество: 70
2026-08-20 22:03:10.096 INFO [nioEventLoopGroup-4-1][CrossServerScript.java:848] - 公共心跳原因码返回是:0, 用时=30054
2026-08-20 22:03:40.038 INFO [nioEventLoopGroup-4-1][CrossServerScript.java:848] - 公共心跳原因码返回是:0, 用时=29942
2026-08-20 22:03:47.627 ERROR [worldMap_timer-Timer][TimerThread.java:78] - Затраченное время на таймерные события: 12, количество: 245
2026-08-20 22:03:53.121 ERROR [copyMap_timer-Timer][TimerThread.java:78] - Затраченное время на таймерные события: 50, количество: 70
2026-08-20 22:03:53.200 ERROR [worldMap_timer-Timer][TimerThread.java:78] - Затраченное время на таймерные события: 53, количество: 245
2026-08-20 22:04:10.047 INFO [nioEventLoopGroup-4-1][CrossServerScript.java:848] - 公共心跳原因码返回是:0, 用时=30009
2026-08-20 22:04:40.096 INFO [nioEventLoopGroup-4-1][CrossServerScript.java:848] - 公共心跳原因码返回是:0, 用时=30049
2026-08-20 22:05:10.087 INFO [nioEventLoopGroup-4-1][CrossServerScript.java:848] - 公共心跳原因码返回是:0, 用时=29991
2026-08-20 22:05:32.362 ERROR [bi_timer-Timer][TimerThread.java:78] - Затраченное время на таймерные события: 14, количество: 2
2026-08-20 22:05:40.124 INFO [nioEventLoopGroup-4-1][CrossServerScript.java:848] - 公共心跳原因码返回是:0, 用时=30037
2026-08-20 22:06:02.044 ERROR [worldMap_timer-Timer][TimerThread.java:78] - Затраченное время на таймерные события: 65, количество: 245
2026-08-20 22:06:10.050 INFO [nioEventLoopGroup-4-1][CrossServerScript.java:848] - 公共心跳原因码返回是:0, 用时=29926
2026-08-20 22:06:40.054 INFO [nioEventLoopGroup-4-1][CrossServerScript.java:848] - 公共心跳原因码返回是:0, 用时=30003
2026-08-20 22:07:10.088 INFO [nioEventLoopGroup-4-1][CrossServerScript.java:848] - 公共心跳原因码返回是:0, 用时=30034
2026-08-20 22:07:40.037 INFO [nioEventLoopGroup-4-1][CrossServerScript.java:848] - 公共心跳原因码返回是:0, 用时=29950
2026-08-20 22:08:10.110 INFO [nioEventLoopGroup-4-1][CrossServerScript.java:848] - 公共心跳原因码返回是:0, 用时=30073
2026-08-20 22:08:40.061 INFO [nioEventLoopGroup-4-1][CrossServerScript.java:848] - 公共心跳原因码返回是:0, 用时=29950
2026-08-20 22:09:10.121 INFO [nioEventLoopGroup-4-1][CrossServerScript.java:848] - 公共心跳原因码返回是:0, 用时=30061
2026-08-20 22:09:15.175 ERROR [worldMap_timer-Timer][TimerThread.java:78] - Затраченное время на таймерные события: 36, количество: 245
2026-08-20 22:09:15.284 ERROR [worldMap_timer-Timer][TimerThread.java:78] - Затраченное время на таймерные события: 32, количество: 245
2026-08-20 22:09:15.364 ERROR [worldMap_timer-Timer][TimerThread.java:78] - Затраченное время на таймерные события: 11, количество: 245
2026-08-20 22:09:40.060 INFO [nioEventLoopGroup-4-1][CrossServerScript.java:848] - 公共心跳原因码返回是:0, 用时=29939
2026-08-20 22:09:53.045 ERROR [bi_timer-Timer][TimerThread.java:78] - Затраченное время на таймерные события: 14, количество: 2
2026-08-20 22:10:04.232 ERROR [worldMap_timer-Timer][TimerThread.java:78] - Затраченное время на таймерные события: 49, количество: 245
2026-08-20 22:10:04.310 ERROR [worldMap_timer-Timer][TimerThread.java:78] - Затраченное время на таймерные события: 17, количество: 245
2026-08-20 22:10:10.057 INFO [nioEventLoopGroup-4-1][CrossServerScript.java:848] - 公共心跳原因码返回是:0, 用时=29997
2026-08-20 22:10:40.091 INFO [nioEventLoopGroup-4-1][CrossServerScript.java:848] - 公共心跳原因码返回是:0, 用时=30034
2026-08-20 22:11:10.130 INFO [nioEventLoopGroup-4-1][CrossServerScript.java:848] - 公共心跳原因码返回是:0, 用时=30038
2026-08-20 22:11:40.071 INFO [nioEventLoopGroup-4-1][CrossServerScript.java:848] - 公共心跳原因码返回是:0, 用时=29941
2026-08-20 22:12:10.114 INFO [nioEventLoopGroup-4-1][CrossServerScript.java:848] - 公共心跳原因码返回是:0, 用时=30043
2026-08-20 22:12:20.562 ERROR [worldMap_timer-Timer][TimerThread.java:78] - Затраченное время на таймерные события: 12, количество: 245
2026-08-20 22:12:40.061 INFO [nioEventLoopGroup-4-1][CrossServerScript.java:848] - 公共心跳原因码返回是:0, 用时=29948
2026-08-20 22:13:05.862 ERROR [worldMap_timer-Timer][TimerThread.java:78] - Затраченное время на таймерные события: 20, количество: 245
2026-08-20 22:13:06.010 ERROR [worldMap_timer-Timer][TimerThread.java:78] - Затраченное время на таймерные события: 54, количество: 245
2026-08-20 22:13:06.103 ERROR [worldMap_timer-Timer][TimerThread.java:78] - Затраченное время на таймерные события: 43, количество: 245
2026-08-20 22:13:06.881 ERROR [worldMap_timer-Timer][TimerThread.java:78] - Затраченное время на таймерные события: 70, количество: 245
2026-08-20 22:13:07.206 ERROR [worldMap_timer-Timer][TimerThread.java:78] - Затраченное время на таймерные события: 39, количество: 245
2026-08-20 22:13:07.264 ERROR [worldMap_timer-Timer][TimerThread.java:78] - Затраченное время на таймерные события: 18, количество: 245
2026-08-20 22:13:10.120 INFO [nioEventLoopGroup-4-1][CrossServerScript.java:848] - 公共心跳原因码返回是:0, 用时=30059
2026-08-20 22:13:10.734 ERROR [worldMap_timer-Timer][TimerThread.java:78] - Затраченное время на таймерные события: 38, количество: 245
2026-08-20 22:13:10.767 ERROR [main_timer-Timer][TimerThread.java:78] - Затраченное время на таймерные события: 19, количество: 17
2026-08-20 22:13:15.228 ERROR [worldMap_timer-Timer][TimerThread.java:78] - Затраченное время на таймерные события: 149, количество: 245
2026-08-20 22:13:40.075 INFO [nioEventLoopGroup-4-1][CrossServerScript.java:848] - 公共心跳原因码返回是:0, 用时=29955
2026-08-20 22:14:10.033 INFO [nioEventLoopGroup-4-1][CrossServerScript.java:848] - 公共心跳原因码返回是:0, 用时=29958
2026-08-20 22:14:17.021 ERROR [worldMap_timer-Timer][TimerThread.java:78] - Затраченное время на таймерные события: 221, количество: 245
2026-08-20 22:14:17.041 ERROR [worldMap_timer-Timer][TimerThread.java:78] - Затраченное время на таймерные события: 20, количество: 245
2026-08-20 22:14:17.399 ERROR [worldMap_timer-Timer][TimerThread.java:78] - Затраченное время на таймерные события: 18, количество: 245
2026-08-20 22:14:40.066 INFO [nioEventLoopGroup-4-1][CrossServerScript.java:848] - 公共心跳原因码返回是:0, 用时=30033
2026-08-20 22:14:40.985 ERROR [worldMap_timer-Timer][TimerThread.java:78] - Затраченное время на таймерные события: 21, количество: 245
2026-08-20 22:15:03.550 ERROR [worldMap_timer-Timer][TimerThread.java:78] - Затраченное время на таймерные события: 19, количество: 245
2026-08-20 22:15:10.129 INFO [nioEventLoopGroup-4-1][CrossServerScript.java:848] - 公共心跳原因码返回是:0, 用时=30063
2026-08-20 22:15:11.587 ERROR [worldMap_timer-Timer][TimerThread.java:78] - Затраченное время на таймерные события: 23, количество: 245
2026-08-20 22:15:25.712 ERROR [worldMap_timer-Timer][TimerThread.java:78] - Затраченное время на таймерные события: 11, количество: 245
2026-08-20 22:15:40.109 INFO [nioEventLoopGroup-4-1][CrossServerScript.java:848] - 公共心跳原因码返回是:0, 用时=29980
2026-08-20 22:16:10.048 INFO [nioEventLoopGroup-4-1][CrossServerScript.java:848] - 公共心跳原因码返回是:0, 用时=29939
2026-08-20 22:16:29.254 ERROR [copyMap_timer-Timer][TimerThread.java:78] - Затраченное время на таймерные события: 35, количество: 70
2026-08-20 22:16:40.128 INFO [nioEventLoopGroup-4-1][CrossServerScript.java:848] - 公共心跳原因码返回是:0, 用时=30080
2026-08-20 22:17:10.082 INFO [nioEventLoopGroup-4-1][CrossServerScript.java:848] - 公共心跳原因码返回是:0, 用时=29953
2026-08-20 22:17:40.055 INFO [nioEventLoopGroup-4-1][CrossServerScript.java:848] - 公共心跳原因码返回是:0, 用时=29974
2026-08-20 22:18:10.088 INFO [nioEventLoopGroup-4-1][CrossServerScript.java:848] - 公共心跳原因码返回是:0, 用时=30033
2026-08-20 22:18:18.281 ERROR [main_timer-Timer][TimerThread.java:78] - Затраченное время на таймерные события: 17, количество: 17
2026-08-20 22:18:35.385 ERROR [worldMap_timer-Timer][TimerThread.java:78] - Затраченное время на таймерные события: 45, количество: 245
2026-08-20 22:18:35.489 ERROR [worldMap_timer-Timer][TimerThread.java:78] - Затраченное время на таймерные события: 33, количество: 245
2026-08-20 22:18:35.576 ERROR [worldMap_timer-Timer][TimerThread.java:78] - Затраченное время на таймерные события: 19, количество: 245
2026-08-20 22:18:38.083 ERROR [worldMap_timer-Timer][TimerThread.java:78] - Затраченное время на таймерные события: 19, количество: 245
2026-08-20 22:18:40.089 INFO [nioEventLoopGroup-4-1][CrossServerScript.java:848] - 公共心跳原因码返回是:0, 用时=30000
2026-08-20 22:19:05.004 ERROR [worldMap_timer-Timer][TimerThread.java:78] - Затраченное время на таймерные события: 15, количество: 245
2026-08-20 22:19:05.228 ERROR [copyMap_timer-Timer][TimerThread.java:78] - Затраченное время на таймерные события: 80, количество: 70
2026-08-20 22:19:10.038 INFO [nioEventLoopGroup-4-1][CrossServerScript.java:848] - 公共心跳原因码返回是:0, 用时=29949
2026-08-20 22:19:40.031 INFO [nioEventLoopGroup-4-1][CrossServerScript.java:848] - 公共心跳原因码返回是:0, 用时=29994
2026-08-20 22:19:46.393 ERROR [worldMap_timer-Timer][TimerThread.java:78] - Затраченное время на таймерные события: 21, количество: 245
2026-08-20 22:19:46.989 ERROR [worldMap_timer-Timer][TimerThread.java:78] - Затраченное время на таймерные события: 113, количество: 245
2026-08-20 22:20:01.794 ERROR [worldMap_timer-Timer][TimerThread.java:78] - Затраченное время на таймерные события: 12, количество: 245
2026-08-20 22:20:01.906 ERROR [worldMap_timer-Timer][TimerThread.java:78] - Затраченное время на таймерные события: 19, количество: 245
2026-08-20 22:20:02.422 ERROR [worldMap_timer-Timer][TimerThread.java:78] - Затраченное время на таймерные события: 22, количество: 245
2026-08-20 22:20:04.145 ERROR [worldMap_timer-Timer][TimerThread.java:78] - Затраченное время на таймерные события: 12, количество: 245
2026-08-20 22:20:05.046 ERROR [worldMap_timer-Timer][TimerThread.java:78] - Затраченное время на таймерные события: 16, количество: 245
2026-08-20 22:20:09.397 ERROR [worldMap_timer-Timer][TimerThread.java:78] - Затраченное время на таймерные события: 46, количество: 245
2026-08-20 22:20:09.514 ERROR [copyMap_timer-Timer][TimerThread.java:78] - Затраченное время на таймерные события: 20, количество: 70
2026-08-20 22:20:10.053 INFO [nioEventLoopGroup-4-1][CrossServerScript.java:848] - 公共心跳原因码返回是:0, 用时=30021
2026-08-20 22:20:17.075 ERROR [worldMap_timer-Timer][TimerThread.java:78] - Затраченное время на таймерные события: 15, количество: 245
2026-08-20 22:20:37.138 ERROR [copyMap_timer-Timer][TimerThread.java:78] - Затраченное время на таймерные события: 66, количество: 70
2026-08-20 22:20:37.419 ERROR [worldMap_timer-Timer][TimerThread.java:78] - Затраченное время на таймерные события: 21, количество: 245
2026-08-20 22:20:40.129 INFO [nioEventLoopGroup-4-1][CrossServerScript.java:848] - 公共心跳原因码返回是:0, 用时=30077
2026-08-20 22:20:44.737 ERROR [worldMap_timer-Timer][TimerThread.java:78] - Затраченное время на таймерные события: 20, количество: 245
2026-08-20 22:21:00.844 ERROR [worldMap_timer-Timer][TimerThread.java:78] - Затраченное время на таймерные события: 17, количество: 245
2026-08-20 22:21:09.246 ERROR [worldMap_timer-Timer][TimerThread.java:78] - Затраченное время на таймерные события: 11, количество: 245
2026-08-20 22:21:09.354 ERROR [worldMap_timer-Timer][TimerThread.java:78] - Затраченное время на таймерные события: 15, количество: 245
2026-08-20 22:21:10.098 INFO [nioEventLoopGroup-4-1][CrossServerScript.java:848] - 公共心跳原因码返回是:0, 用时=29968
2026-08-20 22:21:11.791 ERROR [bi_timer-Timer][TimerThread.java:78] - Затраченное время на таймерные события: 12, количество: 2
2026-08-20 22:21:15.741 ERROR [worldMap_timer-Timer][TimerThread.java:78] - Затраченное время на таймерные события: 17, количество: 245
2026-08-20 22:21:40.123 INFO [nioEventLoopGroup-4-1][CrossServerScript.java:848] - 公共心跳原因码返回是:0, 用时=30026
2026-08-20 22:21:46.924 ERROR [worldMap_timer-Timer][TimerThread.java:78] - Затраченное время на таймерные события: 11, количество: 245
2026-08-20 22:21:47.063 ERROR [worldMap_timer-Timer][TimerThread.java:78] - Затраченное время на таймерные события: 13, количество: 245
2026-08-20 22:21:59.407 ERROR [copyMap_timer-Timer][TimerThread.java:78] - Затраченное время на таймерные события: 13, количество: 70
2026-08-20 22:22:10.091 INFO [nioEventLoopGroup-4-1][CrossServerScript.java:848] - 公共心跳原因码返回是:0, 用时=29968
2026-08-20 22:22:14.050 ERROR [worldMap_timer-Timer][TimerThread.java:78] - Затраченное время на таймерные события: 11, количество: 245
2026-08-20 22:22:15.086 ERROR [copyMap_timer-Timer][TimerThread.java:78] - Затраченное время на таймерные события: 46, количество: 70
2026-08-20 22:22:15.345 ERROR [worldMap_timer-Timer][TimerThread.java:78] - Затраченное время на таймерные события: 16, количество: 245
2026-08-20 22:22:15.579 ERROR [main_timer-Timer][TimerThread.java:78] - Затраченное время на таймерные события: 29, количество: 17
2026-08-20 22:22:40.114 INFO [nioEventLoopGroup-4-1][CrossServerScript.java:848] - 公共心跳原因码返回是:0, 用时=30023
2026-08-20 22:23:03.095 ERROR [copyMap_timer-Timer][TimerThread.java:78] - Затраченное время на таймерные события: 87, количество: 70
2026-08-20 22:23:03.173 ERROR [main_timer-Timer][TimerThread.java:78] - Затраченное время на таймерные события: 21, количество: 17
2026-08-20 22:23:04.952 ERROR [worldMap_timer-Timer][TimerThread.java:78] - Затраченное время на таймерные события: 14, количество: 245
2026-08-20 22:23:10.109 INFO [nioEventLoopGroup-4-1][CrossServerScript.java:848] - 公共心跳原因码返回是:0, 用时=29995
2026-08-20 22:23:40.108 INFO [nioEventLoopGroup-4-1][CrossServerScript.java:848] - 公共心跳原因码返回是:0, 用时=29999
2026-08-20 22:23:48.731 ERROR [worldMap_timer-Timer][TimerThread.java:78] - Затраченное время на таймерные события: 47, количество: 245
2026-08-20 22:23:49.063 ERROR [copyMap_timer-Timer][TimerThread.java:78] - Затраченное время на таймерные события: 15, количество: 70
2026-08-20 22:23:49.228 ERROR [worldMap_timer-Timer][TimerThread.java:78] - Затраченное время на таймерные события: 20, количество: 245
2026-08-20 22:24:03.168 ERROR [worldMap_timer-Timer][TimerThread.java:78] - Затраченное время на таймерные события: 37, количество: 245
2026-08-20 22:24:03.284 ERROR [copyMap_timer-Timer][TimerThread.java:78] - Затраченное время на таймерные события: 12, количество: 70
2026-08-20 22:24:03.636 ERROR [copyMap_timer-Timer][TimerThread.java:78] - Затраченное время на таймерные события: 18, количество: 70
2026-08-20 22:24:03.753 ERROR [worldMap_timer-Timer][TimerThread.java:78] - Затраченное время на таймерные события: 124, количество: 245
2026-08-20 22:24:10.044 INFO [nioEventLoopGroup-4-1][CrossServerScript.java:848] - 公共心跳原因码返回是:0, 用时=29936
2026-08-20 22:24:26.839 ERROR [main_timer-Timer][TimerThread.java:78] - Затраченное время на таймерные события: 12, количество: 17
2026-08-20 22:24:26.944 ERROR [worldMap_timer-Timer][TimerThread.java:78] - Затраченное время на таймерные события: 15, количество: 245
2026-08-20 22:24:37.137 ERROR [worldMap_timer-Timer][TimerThread.java:78] - Затраченное время на таймерные события: 60, количество: 245
2026-08-20 22:24:40.078 INFO [nioEventLoopGroup-4-1][CrossServerScript.java:848] - 公共心跳原因码返回是:0, 用时=30034
2026-08-20 22:24:48.874 ERROR [worldMap_timer-Timer][TimerThread.java:78] - Затраченное время на таймерные события: 30, количество: 245
2026-08-20 22:24:49.032 ERROR [worldMap_timer-Timer][TimerThread.java:78] - Затраченное время на таймерные события: 73, количество: 245
2026-08-20 22:24:50.708 ERROR [worldMap_timer-Timer][TimerThread.java:78] - Затраченное время на таймерные события: 14, количество: 245
2026-08-20 22:24:57.925 ERROR [worldMap_timer-Timer][TimerThread.java:78] - Затраченное время на таймерные события: 15, количество: 245
2026-08-20 22:25:01.404 ERROR [main_timer-Timer][TimerThread.java:78] - Затраченное время на таймерные события: 14, количество: 17
2026-08-20 22:25:02.258 ERROR [worldMap_timer-Timer][TimerThread.java:78] - Затраченное время на таймерные события: 20, количество: 245
2026-08-20 22:25:03.465 ERROR [worldMap_timer-Timer][TimerThread.java:78] - Затраченное время на таймерные события: 18, количество: 245
2026-08-20 22:25:03.722 ERROR [worldMap_timer-Timer][TimerThread.java:78] - Затраченное время на таймерные события: 30, количество: 245
2026-08-20 22:25:03.964 ERROR [worldMap_timer-Timer][TimerThread.java:78] - Затраченное время на таймерные события: 39, количество: 245
2026-08-20 22:25:04.371 ERROR [worldMap_timer-Timer][TimerThread.java:78] - Затраченное время на таймерные события: 240, количество: 245
2026-08-20 22:25:06.033 ERROR [copyMap_timer-Timer][TimerThread.java:78] - Затраченное время на таймерные события: 23, количество: 70
2026-08-20 22:25:10.072 INFO [nioEventLoopGroup-4-1][CrossServerScript.java:848] - 公共心跳原因码返回是:0, 用时=29994
2026-08-20 22:25:11.913 ERROR [worldMap_timer-Timer][TimerThread.java:78] - Затраченное время на таймерные события: 21, количество: 245
2026-08-20 22:25:18.840 ERROR [worldMap_timer-Timer][TimerThread.java:78] - Затраченное время на таймерные события: 144, количество: 245
2026-08-20 22:25:18.974 ERROR [worldMap_timer-Timer][TimerThread.java:78] - Затраченное время на таймерные события: 126, количество: 245
2026-08-20 22:25:19.161 ERROR [worldMap_timer-Timer][TimerThread.java:78] - Затраченное время на таймерные события: 19, количество: 245
2026-08-20 22:25:40.088 INFO [nioEventLoopGroup-4-1][CrossServerScript.java:848] - 公共心跳原因码返回是:0, 用时=30016
2026-08-20 22:26:10.115 INFO [nioEventLoopGroup-4-1][CrossServerScript.java:848] - 公共心跳原因码返回是:0, 用时=30027
2026-08-20 22:26:26.460 ERROR [worldMap_timer-Timer][TimerThread.java:78] - Затраченное время на таймерные события: 23, количество: 245
2026-08-20 22:26:26.460 ERROR [bi_timer-Timer][TimerThread.java:78] - Затраченное время на таймерные события: 14, количество: 2
2026-08-20 22:26:26.751 ERROR [worldMap_timer-Timer][TimerThread.java:78] - Затраченное время на таймерные события: 15, количество: 245
2026-08-20 22:26:26.890 ERROR [worldMap_timer-Timer][TimerThread.java:78] - Затраченное время на таймерные события: 17, количество: 245
2026-08-20 22:26:40.053 INFO [nioEventLoopGroup-4-1][CrossServerScript.java:848] - 公共心跳原因码返回是:0, 用时=29938
2026-08-20 22:27:02.916 ERROR [worldMap_timer-Timer][TimerThread.java:78] - Затраченное время на таймерные события: 49, количество: 245
2026-08-20 22:27:03.415 ERROR [main_timer-Timer][TimerThread.java:78] - Затраченное время на таймерные события: 31, количество: 17
2026-08-20 22:27:05.135 ERROR [copyMap_timer-Timer][TimerThread.java:78] - Затраченное время на таймерные события: 54, количество: 70
2026-08-20 22:27:10.052 INFO [nioEventLoopGroup-4-1][CrossServerScript.java:848] - 公共心跳原因码返回是:0, 用时=29999
2026-08-20 22:27:13.368 ERROR [worldMap_timer-Timer][TimerThread.java:78] - Затраченное время на таймерные события: 281, количество: 245
2026-08-20 22:27:13.729 ERROR [worldMap_timer-Timer][TimerThread.java:78] - Затраченное время на таймерные события: 11, количество: 245
2026-08-20 22:27:20.697 ERROR [worldMap_timer-Timer][TimerThread.java:78] - Затраченное время на таймерные события: 12, количество: 245
2026-08-20 22:27:40.061 INFO [nioEventLoopGroup-4-1][CrossServerScript.java:848] - 公共心跳原因码返回是:0, 用时=30009
2026-08-20 22:27:43.042 ERROR [worldMap_timer-Timer][TimerThread.java:78] - Затраченное время на таймерные события: 34, количество: 245
2026-08-20 22:28:10.079 INFO [nioEventLoopGroup-4-1][CrossServerScript.java:848] - 公共心跳原因码返回是:0, 用时=30017
2026-08-20 22:28:11.904 ERROR [worldMap_timer-Timer][TimerThread.java:78] - Затраченное время на таймерные события: 11, количество: 245
2026-08-20 22:28:16.516 ERROR [worldMap_timer-Timer][TimerThread.java:78] - Затраченное время на таймерные события: 11, количество: 245
2026-08-20 22:28:22.953 ERROR [worldMap_timer-Timer][TimerThread.java:78] - Затраченное время на таймерные события: 97, количество: 245
2026-08-20 22:28:31.848 ERROR [worldMap_timer-Timer][TimerThread.java:78] - Затраченное время на таймерные события: 34, количество: 245
2026-08-20 22:28:40.071 INFO [nioEventLoopGroup-4-1][CrossServerScript.java:848] - 公共心跳原因码返回是:0, 用时=29993
2026-08-20 22:28:42.997 ERROR [worldMap_timer-Timer][TimerThread.java:78] - Затраченное время на таймерные события: 18, количество: 245
2026-08-20 22:28:43.118 ERROR [worldMap_timer-Timer][TimerThread.java:78] - Затраченное время на таймерные события: 21, количество: 245
2026-08-20 22:28:47.471 ERROR [worldMap_timer-Timer][TimerThread.java:78] - Затраченное время на таймерные события: 46, количество: 245
2026-08-20 22:29:01.794 ERROR [copyMap_timer-Timer][TimerThread.java:78] - Затраченное время на таймерные события: 14, количество: 70
2026-08-20 22:29:10.045 INFO [nioEventLoopGroup-4-1][CrossServerScript.java:848] - 公共心跳原因码返回是:0, 用时=29973
2026-08-20 22:29:12.862 ERROR [worldMap_timer-Timer][TimerThread.java:78] - Затраченное время на таймерные события: 40, количество: 245
2026-08-20 22:29:13.338 ERROR [copyMap_timer-Timer][TimerThread.java:78] - Затраченное время на таймерные события: 143, количество: 70
2026-08-20 22:29:13.358 ERROR [worldMap_timer-Timer][TimerThread.java:78] - Затраченное время на таймерные события: 19, количество: 245
2026-08-20 22:29:13.598 ERROR [worldMap_timer-Timer][TimerThread.java:78] - Затраченное время на таймерные события: 17, количество: 245
2026-08-20 22:29:40.125 INFO [nioEventLoopGroup-4-1][CrossServerScript.java:848] - 公共心跳原因码返回是:0, 用时=30081
2026-08-20 22:29:48.879 ERROR [worldMap_timer-Timer][TimerThread.java:78] - Затраченное время на таймерные события: 20, количество: 245
2026-08-20 22:30:01.442 ERROR [worldMap_timer-Timer][TimerThread.java:78] - Затраченное время на таймерные события: 36, количество: 245
2026-08-20 22:30:10.065 INFO [nioEventLoopGroup-4-1][CrossServerScript.java:848] - 公共心跳原因码返回是:0, 用时=29940
2026-08-20 22:30:25.003 ERROR [worldMap_timer-Timer][TimerThread.java:78] - Затраченное время на таймерные события: 14, количество: 245
2026-08-20 22:30:40.060 INFO [nioEventLoopGroup-4-1][CrossServerScript.java:848] - 公共心跳原因码返回是:0, 用时=29994
2026-08-20 22:31:00.096 ERROR [worldMap_timer-Timer][TimerThread.java:78] - Затраченное время на таймерные события: 14, количество: 245
2026-08-20 22:31:10.072 INFO [nioEventLoopGroup-4-1][CrossServerScript.java:848] - 公共心跳原因码返回是:0, 用时=30013
2026-08-20 22:31:12.829 ERROR [worldMap_timer-Timer][TimerThread.java:78] - Затраченное время на таймерные события: 44, количество: 245
2026-08-20 22:31:12.837 ERROR [copyMap_timer-Timer][TimerThread.java:78] - Затраченное время на таймерные события: 26, количество: 70
2026-08-20 22:31:40.051 INFO [nioEventLoopGroup-4-1][CrossServerScript.java:848] - 公共心跳原因码返回是:0, 用时=29979
2026-08-20 22:31:45.096 ERROR [worldMap_timer-Timer][TimerThread.java:78] - Затраченное время на таймерные события: 11, количество: 245
2026-08-20 22:32:10.182 INFO [nioEventLoopGroup-4-1][CrossServerScript.java:848] - 公共心跳原因码返回是:0, 用时=30130
2026-08-20 22:32:10.227 ERROR [worldMap_timer-Timer][TimerThread.java:78] - Затраченное время на таймерные события: 29, количество: 245
2026-08-20 22:32:17.318 ERROR [worldMap_timer-Timer][TimerThread.java:78] - Затраченное время на таймерные события: 25, количество: 245
2026-08-20 22:32:17.462 ERROR [copyMap_timer-Timer][TimerThread.java:78] - Затраченное время на таймерные события: 27, количество: 70
2026-08-20 22:32:19.098 ERROR [worldMap_timer-Timer][TimerThread.java:78] - Затраченное время на таймерные события: 19, количество: 245
2026-08-20 22:32:40.033 INFO [nioEventLoopGroup-4-1][CrossServerScript.java:848] - 公共心跳原因码返回是:0, 用时=29852
2026-08-20 22:33:10.120 INFO [nioEventLoopGroup-4-1][CrossServerScript.java:848] - 公共心跳原因码返回是:0, 用时=30087
2026-08-20 22:33:19.248 ERROR [worldMap_timer-Timer][TimerThread.java:78] - Затраченное время на таймерные события: 36, количество: 245
2026-08-20 22:33:35.953 ERROR [worldMap_timer-Timer][TimerThread.java:78] - Затраченное время на таймерные события: 14, количество: 245
2026-08-20 22:33:40.100 INFO [nioEventLoopGroup-4-1][CrossServerScript.java:848] - 公共心跳原因码返回是:0, 用时=29980
2026-08-20 22:34:09.554 ERROR [worldMap_timer-Timer][TimerThread.java:78] - Затраченное время на таймерные события: 30, количество: 245
2026-08-20 22:34:10.108 INFO [nioEventLoopGroup-4-1][CrossServerScript.java:848] - 公共心跳原因码返回是:0, 用时=30008
2026-08-20 22:34:29.195 ERROR [worldMap_timer-Timer][TimerThread.java:78] - Затраченное время на таймерные события: 13, количество: 245
2026-08-20 22:34:40.096 INFO [nioEventLoopGroup-4-1][CrossServerScript.java:848] - 公共心跳原因码返回是:0, 用时=29988
2026-08-20 22:35:10.044 INFO [nioEventLoopGroup-4-1][CrossServerScript.java:848] - 公共心跳原因码返回是:0, 用时=29948
2026-08-20 22:35:40.097 INFO [nioEventLoopGroup-4-1][CrossServerScript.java:848] - 公共心跳原因码返回是:0, 用时=30053
2026-08-20 22:35:55.737 ERROR [worldMap_timer-Timer][TimerThread.java:78] - Затраченное время на таймерные события: 15, количество: 245
2026-08-20 22:36:10.098 INFO [nioEventLoopGroup-4-1][CrossServerScript.java:848] - 公共心跳原因码返回是:0, 用时=30001
2026-08-20 22:36:40.046 INFO [nioEventLoopGroup-4-1][CrossServerScript.java:848] - 公共心跳原因码返回是:0, 用时=29948
2026-08-20 22:37:06.392 ERROR [worldMap_timer-Timer][TimerThread.java:78] - Затраченное время на таймерные события: 12, количество: 245
2026-08-20 22:37:10.049 INFO [nioEventLoopGroup-4-1][CrossServerScript.java:848] - 公共心跳原因码返回是:0, 用时=30003
2026-08-20 22:37:24.462 ERROR [worldMap_timer-Timer][TimerThread.java:78] - Затраченное время на таймерные события: 20, количество: 245
2026-08-20 22:37:39.774 ERROR [copyMap_timer-Timer][TimerThread.java:78] - Затраченное время на таймерные события: 11, количество: 70
2026-08-20 22:37:40.062 INFO [nioEventLoopGroup-4-1][CrossServerScript.java:848] - 公共心跳原因码返回是:0, 用时=30012
2026-08-20 22:38:10.031 INFO [nioEventLoopGroup-4-1][CrossServerScript.java:848] - 公共心跳原因码返回是:0, 用时=29969
2026-08-20 22:38:31.360 ERROR [worldMap_timer-Timer][TimerThread.java:78] - Затраченное время на таймерные события: 11, количество: 245
2026-08-20 22:38:36.478 ERROR [worldMap_timer-Timer][TimerThread.java:78] - Затраченное время на таймерные события: 16, количество: 245
2026-08-20 22:38:40.130 INFO [nioEventLoopGroup-4-1][CrossServerScript.java:848] - 公共心跳原因码返回是:0, 用时=30099
2026-08-20 22:38:55.155 ERROR [worldMap_timer-Timer][TimerThread.java:78] - Затраченное время на таймерные события: 33, количество: 245
2026-08-20 22:39:05.450 ERROR [worldMap_timer-Timer][TimerThread.java:78] - Затраченное время на таймерные события: 33, количество: 245
2026-08-20 22:39:10.047 INFO [nioEventLoopGroup-4-1][CrossServerScript.java:848] - 公共心跳原因码返回是:0, 用时=29918
2026-08-20 22:39:21.078 ERROR [copyMap_timer-Timer][TimerThread.java:78] - Затраченное время на таймерные события: 12, количество: 70
2026-08-20 22:39:24.908 ERROR [worldMap_timer-Timer][TimerThread.java:78] - Затраченное время на таймерные события: 23, количество: 245
2026-08-20 22:39:25.021 ERROR [worldMap_timer-Timer][TimerThread.java:78] - Затраченное время на таймерные события: 32, количество: 245
2026-08-20 22:39:25.177 ERROR [worldMap_timer-Timer][TimerThread.java:78] - Затраченное время на таймерные события: 38, количество: 245
2026-08-20 22:39:40.078 INFO [nioEventLoopGroup-4-1][CrossServerScript.java:848] - 公共心跳原因码返回是:0, 用时=30031
2026-08-20 22:40:10.045 INFO [nioEventLoopGroup-4-1][CrossServerScript.java:848] - 公共心跳原因码返回是:0, 用时=29967
2026-08-20 22:40:12.984 ERROR [worldMap_timer-Timer][TimerThread.java:78] - Затраченное время на таймерные события: 13, количество: 245
2026-08-20 22:40:13.078 ERROR [copyMap_timer-Timer][TimerThread.java:78] - Затраченное время на таймерные события: 17, количество: 70
2026-08-20 22:40:40.108 INFO [nioEventLoopGroup-4-1][CrossServerScript.java:848] - 公共心跳原因码返回是:0, 用时=30063
2026-08-20 22:41:10.071 INFO [nioEventLoopGroup-4-1][CrossServerScript.java:848] - 公共心跳原因码返回是:0, 用时=29963
2026-08-20 22:41:28.902 ERROR [worldMap_timer-Timer][TimerThread.java:78] - Затраченное время на таймерные события: 23, количество: 245
2026-08-20 22:41:40.122 INFO [nioEventLoopGroup-4-1][CrossServerScript.java:848] - 公共心跳原因码返回是:0, 用时=30050
2026-08-20 22:42:03.063 ERROR [worldMap_timer-Timer][TimerThread.java:78] - Затраченное время на таймерные события: 221, количество: 245
2026-08-20 22:42:10.066 INFO [nioEventLoopGroup-4-1][CrossServerScript.java:848] - 公共心跳原因码返回是:0, 用时=29945
2026-08-20 22:42:35.145 ERROR [worldMap_timer-Timer][TimerThread.java:78] - Затраченное время на таймерные события: 23, количество: 245
2026-08-20 22:42:40.051 INFO [nioEventLoopGroup-4-1][CrossServerScript.java:848] - 公共心跳原因码返回是:0, 用时=29985
2026-08-20 22:43:10.106 INFO [nioEventLoopGroup-4-1][CrossServerScript.java:848] - 公共心跳原因码返回是:0, 用时=30055
2026-08-20 22:43:40.071 INFO [nioEventLoopGroup-4-1][CrossServerScript.java:848] - 公共心跳原因码返回是:0, 用时=29965
2026-08-20 22:44:10.062 INFO [nioEventLoopGroup-4-1][CrossServerScript.java:848] - 公共心跳原因码返回是:0, 用时=29991
2026-08-20 22:44:40.123 INFO [nioEventLoopGroup-4-1][CrossServerScript.java:848] - 公共心跳原因码返回是:0, 用时=30061
2026-08-20 22:45:10.074 INFO [nioEventLoopGroup-4-1][CrossServerScript.java:848] - 公共心跳原因码返回是:0, 用时=29951
2026-08-20 22:45:11.589 ERROR [worldMap_timer-Timer][TimerThread.java:78] - Затраченное время на таймерные события: 16, количество: 245
2026-08-20 22:45:12.501 ERROR [worldMap_timer-Timer][TimerThread.java:78] - Затраченное время на таймерные события: 23, количество: 245
2026-08-20 22:45:40.033 INFO [nioEventLoopGroup-4-1][CrossServerScript.java:848] - 公共心跳原因码返回是:0, 用时=29959
2026-08-20 22:45:42.793 ERROR [worldMap_timer-Timer][TimerThread.java:78] - Затраченное время на таймерные события: 52, количество: 245
2026-08-20 22:46:10.122 INFO [nioEventLoopGroup-4-1][CrossServerScript.java:848] - 公共心跳原因码返回是:0, 用时=30088
2026-08-20 22:46:11.332 ERROR [worldMap_timer-Timer][TimerThread.java:78] - Затраченное время на таймерные события: 14, количество: 245
2026-08-20 22:46:14.872 ERROR [copyMap_timer-Timer][TimerThread.java:78] - Затраченное время на таймерные события: 17, количество: 70
2026-08-20 22:46:40.112 INFO [nioEventLoopGroup-4-1][CrossServerScript.java:848] - 公共心跳原因码返回是:0, 用时=29991
2026-08-20 22:47:10.043 INFO [nioEventLoopGroup-4-1][CrossServerScript.java:848] - 公共心跳原因码返回是:0, 用时=29931
2026-08-20 22:47:40.050 INFO [nioEventLoopGroup-4-1][CrossServerScript.java:848] - 公共心跳原因码返回是:0, 用时=30006
2026-08-20 22:47:46.799 ERROR [copyMap_timer-Timer][TimerThread.java:78] - Затраченное время на таймерные события: 12, количество: 70
2026-08-20 22:47:51.720 ERROR [worldMap_timer-Timer][TimerThread.java:78] - Затраченное время на таймерные события: 11, количество: 245
2026-08-20 22:48:10.033 INFO [nioEventLoopGroup-4-1][CrossServerScript.java:848] - 公共心跳原因码返回是:0, 用时=29984
2026-08-20 22:48:40.099 INFO [nioEventLoopGroup-4-1][CrossServerScript.java:848] - 公共心跳原因码返回是:0, 用时=30066
2026-08-20 22:48:53.235 ERROR [worldMap_timer-Timer][TimerThread.java:78] - Затраченное время на таймерные события: 13, количество: 245
2026-08-20 22:49:10.063 INFO [nioEventLoopGroup-4-1][CrossServerScript.java:848] - 公共心跳原因码返回是:0, 用时=29964
2026-08-20 22:49:40.060 INFO [nioEventLoopGroup-4-1][CrossServerScript.java:848] - 公共心跳原因码返回是:0, 用时=29997
2026-08-20 22:50:01.707 ERROR [copyMap_timer-Timer][TimerThread.java:78] - Затраченное время на таймерные события: 19, количество: 70
2026-08-20 22:50:02.405 ERROR [main_timer-Timer][TimerThread.java:78] - Затраченное время на таймерные события: 72, количество: 17
2026-08-20 22:50:10.060 INFO [nioEventLoopGroup-4-1][CrossServerScript.java:848] - 公共心跳原因码返回是:0, 用时=30000
2026-08-20 22:50:40.049 INFO [nioEventLoopGroup-4-1][CrossServerScript.java:848] - 公共心跳原因码返回是:0, 用时=29989
2026-08-20 22:50:59.204 ERROR [worldMap_timer-Timer][TimerThread.java:78] - Затраченное время на таймерные события: 81, количество: 245
2026-08-20 22:51:10.053 INFO [nioEventLoopGroup-4-1][CrossServerScript.java:848] - 公共心跳原因码返回是:0, 用时=30004
2026-08-20 22:51:21.704 ERROR [bi_timer-Timer][TimerThread.java:78] - Затраченное время на таймерные события: 13, количество: 2
2026-08-20 22:51:40.097 INFO [nioEventLoopGroup-4-1][CrossServerScript.java:848] - 公共心跳原因码返回是:0, 用时=30044
2026-08-20 22:51:44.724 ERROR [worldMap_timer-Timer][TimerThread.java:78] - Затраченное время на таймерные события: 20, количество: 245
2026-08-20 22:52:10.070 INFO [nioEventLoopGroup-4-1][CrossServerScript.java:848] - 公共心跳原因码返回是:0, 用时=29973
2026-08-20 22:52:36.917 ERROR [worldMap_timer-Timer][TimerThread.java:78] - Затраченное время на таймерные события: 22, количество: 245
2026-08-20 22:52:40.054 INFO [nioEventLoopGroup-4-1][CrossServerScript.java:848] - 公共心跳原因码返回是:0, 用时=29984
2026-08-20 22:53:08.107 ERROR [worldMap_timer-Timer][TimerThread.java:78] - Затраченное время на таймерные события: 16, количество: 245
2026-08-20 22:53:10.032 INFO [nioEventLoopGroup-4-1][CrossServerScript.java:848] - 公共心跳原因码返回是:0, 用时=29978
2026-08-20 22:53:40.099 INFO [nioEventLoopGroup-4-1][CrossServerScript.java:848] - 公共心跳原因码返回是:0, 用时=30067
2026-08-20 22:54:10.073 INFO [nioEventLoopGroup-4-1][CrossServerScript.java:848] - 公共心跳原因码返回是:0, 用时=29974
2026-08-20 22:54:40.106 INFO [nioEventLoopGroup-4-1][CrossServerScript.java:848] - 公共心跳原因码返回是:0, 用时=30032
2026-08-20 22:54:48.364 ERROR [worldMap_timer-Timer][TimerThread.java:78] - Затраченное время на таймерные события: 66, количество: 245
2026-08-20 22:54:48.455 ERROR [worldMap_timer-Timer][TimerThread.java:78] - Затраченное время на таймерные события: 31, количество: 245
2026-08-20 22:55:01.370 ERROR [worldMap_timer-Timer][TimerThread.java:78] - Затраченное время на таймерные события: 19, количество: 245
2026-08-20 22:55:10.113 INFO [nioEventLoopGroup-4-1][CrossServerScript.java:848] - 公共心跳原因码返回是:0, 用时=30008
2026-08-20 22:55:34.583 ERROR [worldMap_timer-Timer][TimerThread.java:78] - Затраченное время на таймерные события: 34, количество: 245
2026-08-20 22:55:40.038 INFO [nioEventLoopGroup-4-1][CrossServerScript.java:848] - 公共心跳原因码返回是:0, 用时=29925
2026-08-20 22:55:57.907 ERROR [worldMap_timer-Timer][TimerThread.java:78] - Затраченное время на таймерные события: 16, количество: 245
2026-08-20 22:56:00.666 ERROR [worldMap_timer-Timer][TimerThread.java:78] - Затраченное время на таймерные события: 41, количество: 245
2026-08-20 22:56:01.307 ERROR [worldMap_timer-Timer][TimerThread.java:78] - Затраченное время на таймерные события: 49, количество: 245
2026-08-20 22:56:10.052 INFO [nioEventLoopGroup-4-1][CrossServerScript.java:848] - 公共心跳原因码返回是:0, 用时=30014
2026-08-20 22:56:40.117 INFO [nioEventLoopGroup-4-1][CrossServerScript.java:848] - 公共心跳原因码返回是:0, 用时=30064
2026-08-20 22:56:40.898 ERROR [copyMap_timer-Timer][TimerThread.java:78] - Затраченное время на таймерные события: 11, количество: 70
2026-08-20 22:57:10.077 INFO [nioEventLoopGroup-4-1][CrossServerScript.java:848] - 公共心跳原因码返回是:0, 用时=29961
2026-08-20 22:57:12.769 ERROR [copyMap_timer-Timer][TimerThread.java:78] - Затраченное время на таймерные события: 15, количество: 70
2026-08-20 22:57:36.434 ERROR [copyMap_timer-Timer][TimerThread.java:78] - Затраченное время на таймерные события: 16, количество: 70
2026-08-20 22:57:40.030 INFO [nioEventLoopGroup-4-1][CrossServerScript.java:848] - 公共心跳原因码返回是:0, 用时=29952
2026-08-20 22:58:10.081 INFO [nioEventLoopGroup-4-1][CrossServerScript.java:848] - 公共心跳原因码返回是:0, 用时=30052
2026-08-20 22:58:17.289 ERROR [worldMap_timer-Timer][TimerThread.java:78] - Затраченное время на таймерные события: 157, количество: 245
2026-08-20 22:58:17.597 ERROR [worldMap_timer-Timer][TimerThread.java:78] - Затраченное время на таймерные события: 67, количество: 245
2026-08-20 22:58:18.253 ERROR [worldMap_timer-Timer][TimerThread.java:78] - Затраченное время на таймерные события: 21, количество: 245
2026-08-20 22:58:30.469 ERROR [worldMap_timer-Timer][TimerThread.java:78] - Затраченное время на таймерные события: 21, количество: 245
2026-08-20 22:58:40.073 INFO [nioEventLoopGroup-4-1][CrossServerScript.java:848] - 公共心跳原因码返回是:0, 用时=29992
2026-08-20 22:59:10.038 INFO [nioEventLoopGroup-4-1][CrossServerScript.java:848] - 公共心跳原因码返回是:0, 用时=29965
2026-08-20 22:59:23.356 ERROR [bi_timer-Timer][TimerThread.java:78] - Затраченное время на таймерные события: 38, количество: 2
2026-08-20 22:59:40.101 INFO [nioEventLoopGroup-4-1][CrossServerScript.java:848] - 公共心跳原因码返回是:0, 用时=30063
