2026-07-27 01:00:02.003 ERROR [copyMap_timer-Timer][TimerThread.java:78] - TIMER事件的时间花费：14数量：84
2026-07-27 01:00:31.220 ERROR [1][EnterGameFinish.java:171] - 保存数据线程1 : 执行更新1条
2026-07-27 01:01:14.345 ERROR [city_7][TransportScript.java:76] - 解半云(281873304391993039) 传递的时候，距离过大 = 32.808994了！{241.219,148.4}
2026-07-27 01:01:14.345 ERROR [city_7][TransportScript.java:192] -  player: 281873304391993039 f:72744 n: 解半云 p:{227.862,118.433} mMId: 102599 i: 1 e: 5065800进入地图失败 tranportId:4 error=-4
2026-07-27 01:01:18.665 ERROR [city_7][CopyMapScriptManager.java:75] - 请求进入副本 modelId=1027 param=0 player= player: 281873304391993039 f:72744 n: 解半云 p:{212.0,114.0} mMId: 102599 i: 1 e: 5065800
2026-07-27 01:01:44.643 ERROR [city_7][NatureScript.java:1277] - nature getSkillByNatureType type: 6 is invalid
2026-07-27 01:01:46.890 ERROR [city_7][TransportScript.java:76] - 解半云(281873304391993039) 传递的时候，距离过大 = 33.24792了！{231.37001,124.94}
2026-07-27 01:01:46.890 ERROR [city_7][TransportScript.java:192] -  player: 281873304391993039 f:79279 n: 解半云 p:{242.3,156.34} mMId: 102599 i: 1 e: 5078300进入地图失败 tranportId:3 error=-4
2026-07-27 01:03:26.563 ERROR [city_7][CopyMapScriptManager.java:75] - 请求进入副本 modelId=1541 param=0 player= player: 281873304391993039 f:81916 n: 解半云 p:{204.71814,190.46625} mMId: 102599 i: 1 e: 5078700
2026-07-27 01:05:28.575 ERROR [city_7][TransportScript.java:76] - 解半云(281873304391993039) 传递的时候，距离过大 = 34.48309了！{205.9,159.89}
2026-07-27 01:05:28.575 ERROR [city_7][TransportScript.java:192] -  player: 281873304391993039 f:112993 n: 解半云 p:{240.37,158.94} mMId: 102599 i: 1 e: 5078800进入地图失败 tranportId:7 error=-4
2026-07-27 01:05:36.284 ERROR [1][EnterGameFinish.java:171] - 保存数据线程1 : 执行更新1条
2026-07-27 01:05:47.720 ERROR [city_7][CopyMapScriptManager.java:75] - 请求进入副本 modelId=37 param=0 player= player: 281873304391993039 f:112993 n: 解半云 p:{278.76416,194.53139} mMId: 102599 i: 1 e: 5078800
2026-07-27 01:06:30.122 ERROR [city_7][CopyMapScriptManager.java:75] - 请求进入副本 modelId=100331 param=0 player= player: 281873304391993039 f:113979 n: 解半云 p:{161.0,74.0} mMId: 102599 i: 1 e: 16770480
2026-07-27 01:06:51.305 ERROR [1][EnterGameFinish.java:171] - 保存数据线程1 : 执行更新1条
2026-07-27 01:07:32.190 ERROR [city_7][CopyMapScriptManager.java:75] - 请求进入副本 modelId=100332 param=0 player= player: 281873304391993039 f:114301 n: 解半云 p:{122.0,139.0} mMId: 102599 i: 1 e: 17155140
2026-07-27 01:07:59.323 ERROR [1][EnterGameFinish.java:171] - 保存数据线程1 : 执行更新1条
2026-07-27 01:09:37.558 ERROR [city_7][CopyMapScriptManager.java:75] - 请求进入副本 modelId=100333 param=0 player= player: 281873304391993039 f:115552 n: 解半云 p:{46.0,48.0} mMId: 101499 i: 1 e: 18775480
2026-07-27 01:12:01.296 ERROR [city_7][CopyMapScriptManager.java:75] - 请求进入副本 modelId=101421 param=0 player= player: 281873304391993039 f:115904 n: 解半云 p:{100.0,54.0} mMId: 101499 i: 1 e: 23416340
2026-07-27 01:12:43.667 ERROR [city_7][CopyMapScriptManager.java:75] - 请求进入副本 modelId=101422 param=0 player= player: 281873304391993039 f:116199 n: 解半云 p:{106.0,43.0} mMId: 101499 i: 1 e: 23767940
2026-07-27 01:13:13.396 ERROR [1][EnterGameFinish.java:171] - 保存数据线程1 : 执行更新1条
2026-07-27 01:13:33.307 ERROR [city_7][CopyMapScriptManager.java:75] - 请求进入副本 modelId=101423 param=0 player= player: 281873304391993039 f:116521 n: 解半云 p:{66.0,87.0} mMId: 101499 i: 1 e: 24122560
2026-07-27 01:15:04.595 ERROR [city_7][CopyMapScriptManager.java:75] - 请求进入副本 modelId=400003 param=0 player= player: 281873304391993039 f:117155 n: 解半云 p:{107.73986,182.83862} mMId: 102599 i: 1 e: 10186000
2026-07-27 01:15:11.660 ERROR [copyMap_timer-Timer][TimerThread.java:78] - TIMER事件的时间花费：11数量：84
2026-07-27 01:15:11.661 ERROR [worldMap_timer-Timer][TimerThread.java:78] - TIMER事件的时间花费：15数量：245
2026-07-27 01:16:04.791 ERROR [city_7][CopyMapScriptManager.java:75] - 请求进入副本 modelId=30001 param=3 player= player: 281873304391993039 f:118124 n: 解半云 p:{205.78839,190.46062} mMId: 102599 i: 1 e: 17516410
2026-07-27 01:16:25.529 ERROR [zone_2][DropScript.java:581] - 击杀boss获得掉落物品失败，没有在Cfg_Bossnew_dropBean中找到相应数据，dropId = 0
2026-07-27 01:16:28.441 ERROR [1][EnterGameFinish.java:171] - 保存数据线程1 : 执行更新1条
