2026-08-20 20:00:03.097 ERROR [copyMap_timer-Timer][TimerThread.java:78] - Затраченное время на таймерные события: 11, количество: 63
2026-08-20 20:00:16.703 ERROR [copyMap_timer-Timer][TimerThread.java:78] - Затраченное время на таймерные события: 17, количество: 63
2026-08-20 20:01:13.512 ERROR [worldMap_timer-Timer][TimerThread.java:78] - Затраченное время на таймерные события: 13, количество: 245
2026-08-20 20:02:19.608 ERROR [worldMap_timer-Timer][TimerThread.java:78] - Затраченное время на таймерные события: 67, количество: 245
2026-08-20 20:02:30.718 ERROR [worldMap_timer-Timer][TimerThread.java:78] - Затраченное время на таймерные события: 29, количество: 245
2026-08-20 20:02:52.673 ERROR [worldMap_timer-Timer][TimerThread.java:78] - Затраченное время на таймерные события: 13, количество: 245
2026-08-20 20:03:52.697 ERROR [worldMap_timer-Timer][TimerThread.java:78] - Затраченное время на таймерные события: 13, количество: 245
2026-08-20 20:03:53.107 ERROR [worldMap_timer-Timer][TimerThread.java:78] - Затраченное время на таймерные события: 18, количество: 245
2026-08-20 20:04:38.819 ERROR [worldMap_timer-Timer][TimerThread.java:78] - Затраченное время на таймерные события: 16, количество: 245
2026-08-20 20:05:18.983 ERROR [worldMap_timer-Timer][TimerThread.java:78] - Затраченное время на таймерные события: 20, количество: 245
2026-08-20 20:05:19.113 ERROR [worldMap_timer-Timer][TimerThread.java:78] - Затраченное время на таймерные события: 34, количество: 245
2026-08-20 20:06:23.269 ERROR [worldMap_timer-Timer][TimerThread.java:78] - Затраченное время на таймерные события: 17, количество: 245
2026-08-20 20:06:43.680 ERROR [copyMap_timer-Timer][TimerThread.java:78] - Затраченное время на таймерные события: 58, количество: 63
2026-08-20 20:06:52.764 ERROR [worldMap_timer-Timer][TimerThread.java:78] - Затраченное время на таймерные события: 18, количество: 245
2026-08-20 20:07:39.209 ERROR [worldMap_timer-Timer][TimerThread.java:78] - Затраченное время на таймерные события: 11, количество: 245
2026-08-20 20:07:40.864 ERROR [worldMap_timer-Timer][TimerThread.java:78] - Затраченное время на таймерные события: 54, количество: 245
2026-08-20 20:07:40.939 ERROR [worldMap_timer-Timer][TimerThread.java:78] - Затраченное время на таймерные события: 25, количество: 245
2026-08-20 20:07:41.094 ERROR [worldMap_timer-Timer][TimerThread.java:78] - Затраченное время на таймерные события: 78, количество: 245
2026-08-20 20:08:11.240 ERROR [main_timer-Timer][TimerThread.java:78] - Затраченное время на таймерные события: 42, количество: 17
2026-08-20 20:08:11.387 ERROR [copyMap_timer-Timer][TimerThread.java:78] - Затраченное время на таймерные события: 34, количество: 63
2026-08-20 20:08:44.945 ERROR [worldMap_timer-Timer][TimerThread.java:78] - Затраченное время на таймерные события: 90, количество: 245
2026-08-20 20:09:58.713 ERROR [worldMap_timer-Timer][TimerThread.java:78] - Затраченное время на таймерные события: 44, количество: 245
2026-08-20 20:10:04.238 ERROR [worldMap_timer-Timer][TimerThread.java:78] - Затраченное время на таймерные события: 51, количество: 245
2026-08-20 20:10:04.514 ERROR [worldMap_timer-Timer][TimerThread.java:78] - Затраченное время на таймерные события: 16, количество: 245
2026-08-20 20:11:11.077 ERROR [worldMap_timer-Timer][TimerThread.java:78] - Затраченное время на таймерные события: 52, количество: 245
2026-08-20 20:11:16.739 ERROR [bi_timer-Timer][TimerThread.java:78] - Затраченное время на таймерные события: 12, количество: 2
2026-08-20 20:11:16.739 ERROR [main_timer-Timer][TimerThread.java:78] - Затраченное время на таймерные события: 30, количество: 17
2026-08-20 20:12:04.344 ERROR [worldMap_timer-Timer][TimerThread.java:78] - Затраченное время на таймерные события: 21, количество: 245
2026-08-20 20:12:04.661 ERROR [worldMap_timer-Timer][TimerThread.java:78] - Затраченное время на таймерные события: 14, количество: 245
2026-08-20 20:12:12.817 ERROR [copyMap_timer-Timer][TimerThread.java:78] - Затраченное время на таймерные события: 34, количество: 63
2026-08-20 20:12:15.746 ERROR [worldMap_timer-Timer][TimerThread.java:78] - Затраченное время на таймерные события: 38, количество: 245
2026-08-20 20:13:16.944 ERROR [worldMap_timer-Timer][TimerThread.java:78] - Затраченное время на таймерные события: 11, количество: 245
2026-08-20 20:13:22.927 ERROR [worldMap_timer-Timer][TimerThread.java:78] - Затраченное время на таймерные события: 30, количество: 245
2026-08-20 20:15:12.908 ERROR [worldMap_timer-Timer][TimerThread.java:78] - Затраченное время на таймерные события: 26, количество: 245
2026-08-20 20:15:21.065 ERROR [worldMap_timer-Timer][TimerThread.java:78] - Затраченное время на таймерные события: 18, количество: 245
2026-08-20 20:15:57.235 ERROR [worldMap_timer-Timer][TimerThread.java:78] - Затраченное время на таймерные события: 22, количество: 245
2026-08-20 20:15:57.310 ERROR [copyMap_timer-Timer][TimerThread.java:78] - Затраченное время на таймерные события: 30, количество: 63
2026-08-20 20:16:02.943 ERROR [worldMap_timer-Timer][TimerThread.java:78] - Затраченное время на таймерные события: 19, количество: 245
2026-08-20 20:16:18.752 ERROR [main_timer-Timer][TimerThread.java:78] - Затраченное время на таймерные события: 12, количество: 17
2026-08-20 20:16:20.900 ERROR [worldMap_timer-Timer][TimerThread.java:78] - Затраченное время на таймерные события: 21, количество: 245
2026-08-20 20:16:20.908 ERROR [copyMap_timer-Timer][TimerThread.java:78] - Затраченное время на таймерные события: 21, количество: 63
2026-08-20 20:16:21.139 ERROR [worldMap_timer-Timer][TimerThread.java:78] - Затраченное время на таймерные события: 92, количество: 245
2026-08-20 20:17:03.076 ERROR [copyMap_timer-Timer][TimerThread.java:78] - Затраченное время на таймерные события: 78, количество: 63
2026-08-20 20:17:03.336 ERROR [copyMap_timer-Timer][TimerThread.java:78] - Затраченное время на таймерные события: 91, количество: 63
2026-08-20 20:17:14.650 ERROR [worldMap_timer-Timer][TimerThread.java:78] - Затраченное время на таймерные события: 13, количество: 245
2026-08-20 20:17:48.840 ERROR [worldMap_timer-Timer][TimerThread.java:78] - Затраченное время на таймерные события: 77, количество: 245
2026-08-20 20:17:48.975 ERROR [worldMap_timer-Timer][TimerThread.java:78] - Затраченное время на таймерные события: 45, количество: 245
2026-08-20 20:17:49.069 ERROR [copyMap_timer-Timer][TimerThread.java:78] - Затраченное время на таймерные события: 88, количество: 63
2026-08-20 20:18:53.128 ERROR [worldMap_timer-Timer][TimerThread.java:78] - Затраченное время на таймерные события: 39, количество: 245
2026-08-20 20:19:09.183 ERROR [worldMap_timer-Timer][TimerThread.java:78] - Затраченное время на таймерные события: 47, количество: 245
2026-08-20 20:19:59.051 ERROR [copyMap_timer-Timer][TimerThread.java:78] - Затраченное время на таймерные события: 28, количество: 63
2026-08-20 20:19:59.049 ERROR [worldMap_timer-Timer][TimerThread.java:78] - Затраченное время на таймерные события: 23, количество: 245
2026-08-20 20:19:59.295 ERROR [worldMap_timer-Timer][TimerThread.java:78] - Затраченное время на таймерные события: 129, количество: 245
2026-08-20 20:21:10.948 ERROR [worldMap_timer-Timer][TimerThread.java:78] - Затраченное время на таймерные события: 33, количество: 245
2026-08-20 20:21:11.688 ERROR [worldMap_timer-Timer][TimerThread.java:78] - Затраченное время на таймерные события: 15, количество: 245
2026-08-20 20:22:30.918 ERROR [worldMap_timer-Timer][TimerThread.java:78] - Затраченное время на таймерные события: 15, количество: 245
2026-08-20 20:22:31.049 ERROR [worldMap_timer-Timer][TimerThread.java:78] - Затраченное время на таймерные события: 32, количество: 245
2026-08-20 20:23:15.054 ERROR [worldMap_timer-Timer][TimerThread.java:78] - Затраченное время на таймерные события: 32, количество: 245
2026-08-20 20:24:44.015 ERROR [worldMap_timer-Timer][TimerThread.java:78] - Затраченное время на таймерные события: 14, количество: 245
2026-08-20 20:24:45.758 ERROR [worldMap_timer-Timer][TimerThread.java:78] - Затраченное время на таймерные события: 17, количество: 245
2026-08-20 20:24:56.882 ERROR [worldMap_timer-Timer][TimerThread.java:78] - Затраченное время на таймерные события: 45, количество: 245
2026-08-20 20:25:03.352 ERROR [worldMap_timer-Timer][TimerThread.java:78] - Затраченное время на таймерные события: 48, количество: 245
2026-08-20 20:25:10.764 ERROR [worldMap_timer-Timer][TimerThread.java:78] - Затраченное время на таймерные события: 17, количество: 245
2026-08-20 20:25:18.292 ERROR [worldMap_timer-Timer][TimerThread.java:78] - Затраченное время на таймерные события: 18, количество: 245
2026-08-20 20:25:47.059 ERROR [worldMap_timer-Timer][TimerThread.java:78] - Затраченное время на таймерные события: 23, количество: 245
2026-08-20 20:26:01.697 ERROR [worldMap_timer-Timer][TimerThread.java:78] - Затраченное время на таймерные события: 94, количество: 245
2026-08-20 20:26:04.492 ERROR [worldMap_timer-Timer][TimerThread.java:78] - Затраченное время на таймерные события: 27, количество: 245
2026-08-20 20:26:05.288 ERROR [worldMap_timer-Timer][TimerThread.java:78] - Затраченное время на таймерные события: 70, количество: 245
2026-08-20 20:26:05.420 ERROR [main_timer-Timer][TimerThread.java:78] - Затраченное время на таймерные события: 11, количество: 17
2026-08-20 20:26:32.989 ERROR [worldMap_timer-Timer][TimerThread.java:78] - Затраченное время на таймерные события: 25, количество: 245
2026-08-20 20:26:33.130 ERROR [worldMap_timer-Timer][TimerThread.java:78] - Затраченное время на таймерные события: 24, количество: 245
2026-08-20 20:26:34.728 ERROR [worldMap_timer-Timer][TimerThread.java:78] - Затраченное время на таймерные события: 31, количество: 245
2026-08-20 20:26:34.885 ERROR [worldMap_timer-Timer][TimerThread.java:78] - Затраченное время на таймерные события: 18, количество: 245
2026-08-20 20:26:35.364 ERROR [main_timer-Timer][TimerThread.java:78] - Затраченное время на таймерные события: 14, количество: 17
2026-08-20 20:26:39.042 ERROR [worldMap_timer-Timer][TimerThread.java:78] - Затраченное время на таймерные события: 23, количество: 245
2026-08-20 20:26:50.192 ERROR [worldMap_timer-Timer][TimerThread.java:78] - Затраченное время на таймерные события: 40, количество: 245
2026-08-20 20:27:00.508 ERROR [worldMap_timer-Timer][TimerThread.java:78] - Затраченное время на таймерные события: 17, количество: 245
2026-08-20 20:27:08.868 ERROR [worldMap_timer-Timer][TimerThread.java:78] - Затраченное время на таймерные события: 12, количество: 245
2026-08-20 20:27:14.111 ERROR [worldMap_timer-Timer][TimerThread.java:78] - Затраченное время на таймерные события: 14, количество: 245
2026-08-20 20:27:24.444 ERROR [worldMap_timer-Timer][TimerThread.java:78] - Затраченное время на таймерные события: 11, количество: 245
2026-08-20 20:27:30.742 ERROR [copyMap_timer-Timer][TimerThread.java:78] - Затраченное время на таймерные события: 26, количество: 63
2026-08-20 20:27:47.989 ERROR [worldMap_timer-Timer][TimerThread.java:78] - Затраченное время на таймерные события: 35, количество: 245
2026-08-20 20:28:19.351 ERROR [worldMap_timer-Timer][TimerThread.java:78] - Затраченное время на таймерные события: 83, количество: 245
2026-08-20 20:29:04.759 ERROR [worldMap_timer-Timer][TimerThread.java:78] - Затраченное время на таймерные события: 13, количество: 245
2026-08-20 20:29:34.917 ERROR [worldMap_timer-Timer][TimerThread.java:78] - Затраченное время на таймерные события: 107, количество: 245
2026-08-20 20:29:35.145 ERROR [worldMap_timer-Timer][TimerThread.java:78] - Затраченное время на таймерные события: 123, количество: 245
2026-08-20 20:29:53.235 ERROR [worldMap_timer-Timer][TimerThread.java:78] - Затраченное время на таймерные события: 13, количество: 245
2026-08-20 20:30:01.413 ERROR [worldMap_timer-Timer][TimerThread.java:78] - Затраченное время на таймерные события: 13, количество: 245
2026-08-20 20:30:23.279 ERROR [worldMap_timer-Timer][TimerThread.java:78] - Затраченное время на таймерные события: 523, количество: 245
2026-08-20 20:30:23.290 ERROR [worldMap_timer-Timer][TimerThread.java:78] - Затраченное время на таймерные события: 11, количество: 245
2026-08-20 20:30:38.794 ERROR [copyMap_timer-Timer][TimerThread.java:78] - Затраченное время на таймерные события: 17, количество: 63
2026-08-20 20:30:39.276 ERROR [worldMap_timer-Timer][TimerThread.java:78] - Затраченное время на таймерные события: 11, количество: 245
2026-08-20 20:30:56.506 ERROR [copyMap_timer-Timer][TimerThread.java:78] - Затраченное время на таймерные события: 78, количество: 63
2026-08-20 20:30:56.517 ERROR [worldMap_timer-Timer][TimerThread.java:78] - Затраченное время на таймерные события: 42, количество: 245
2026-08-20 20:31:33.375 ERROR [worldMap_timer-Timer][TimerThread.java:78] - Затраченное время на таймерные события: 27, количество: 245
2026-08-20 20:31:44.924 ERROR [worldMap_timer-Timer][TimerThread.java:78] - Затраченное время на таймерные события: 11, количество: 245
2026-08-20 20:32:12.956 ERROR [main_timer-Timer][TimerThread.java:78] - Затраченное время на таймерные события: 13, количество: 17
2026-08-20 20:32:13.240 ERROR [worldMap_timer-Timer][TimerThread.java:78] - Затраченное время на таймерные события: 11, количество: 245
2026-08-20 20:32:38.583 ERROR [worldMap_timer-Timer][TimerThread.java:78] - Затраченное время на таймерные события: 12, количество: 245
2026-08-20 20:32:39.002 ERROR [worldMap_timer-Timer][TimerThread.java:78] - Затраченное время на таймерные события: 26, количество: 245
2026-08-20 20:32:39.271 ERROR [worldMap_timer-Timer][TimerThread.java:78] - Затраченное время на таймерные события: 194, количество: 245
2026-08-20 20:32:58.891 ERROR [worldMap_timer-Timer][TimerThread.java:78] - Затраченное время на таймерные события: 23, количество: 245
2026-08-20 20:33:01.506 ERROR [worldMap_timer-Timer][TimerThread.java:78] - Затраченное время на таймерные события: 11, количество: 245
2026-08-20 20:33:01.911 ERROR [worldMap_timer-Timer][TimerThread.java:78] - Затраченное время на таймерные события: 12, количество: 245
2026-08-20 20:33:02.013 ERROR [worldMap_timer-Timer][TimerThread.java:78] - Затраченное время на таймерные события: 14, количество: 245
2026-08-20 20:33:05.271 ERROR [worldMap_timer-Timer][TimerThread.java:78] - Затраченное время на таймерные события: 20, количество: 245
2026-08-20 20:33:05.400 ERROR [worldMap_timer-Timer][TimerThread.java:78] - Затраченное время на таймерные события: 14, количество: 245
2026-08-20 20:33:06.986 ERROR [worldMap_timer-Timer][TimerThread.java:78] - Затраченное время на таймерные события: 16, количество: 245
2026-08-20 20:33:41.256 ERROR [worldMap_timer-Timer][TimerThread.java:78] - Затраченное время на таймерные события: 12, количество: 245
2026-08-20 20:34:10.570 ERROR [worldMap_timer-Timer][TimerThread.java:78] - Затраченное время на таймерные события: 191, количество: 245
2026-08-20 20:34:11.024 ERROR [worldMap_timer-Timer][TimerThread.java:78] - Затраченное время на таймерные события: 55, количество: 245
2026-08-20 20:34:12.613 ERROR [worldMap_timer-Timer][TimerThread.java:78] - Затраченное время на таймерные события: 11, количество: 245
2026-08-20 20:34:13.143 ERROR [worldMap_timer-Timer][TimerThread.java:78] - Затраченное время на таймерные события: 33, количество: 245
2026-08-20 20:34:13.644 ERROR [worldMap_timer-Timer][TimerThread.java:78] - Затраченное время на таймерные события: 22, количество: 245
2026-08-20 20:34:41.037 ERROR [worldMap_timer-Timer][TimerThread.java:78] - Затраченное время на таймерные события: 32, количество: 245
2026-08-20 20:34:41.294 ERROR [main_timer-Timer][TimerThread.java:78] - Затраченное время на таймерные события: 171, количество: 17
2026-08-20 20:34:41.353 ERROR [worldMap_timer-Timer][TimerThread.java:78] - Затраченное время на таймерные события: 183, количество: 245
2026-08-20 20:35:07.227 ERROR [worldMap_timer-Timer][TimerThread.java:78] - Затраченное время на таймерные события: 13, количество: 245
2026-08-20 20:36:21.294 ERROR [city_4][ServerThread.java:87] - city_4-->MonsterBehaviorTimer run:399
2026-08-20 20:36:21.342 ERROR [main_timer-Timer][TimerThread.java:78] - Затраченное время на таймерные события: 258, количество: 17
2026-08-20 20:38:11.593 ERROR [worldMap_timer-Timer][TimerThread.java:78] - Затраченное время на таймерные события: 11, количество: 245
2026-08-20 20:38:41.336 ERROR [zone_1][ServerThread.java:87] - zone_1-->MonsterBehaviorTimer run:292
2026-08-20 20:39:04.949 ERROR [worldMap_timer-Timer][TimerThread.java:78] - Затраченное время на таймерные события: 16, количество: 245
2026-08-20 20:39:09.058 ERROR [copyMap_timer-Timer][TimerThread.java:78] - Затраченное время на таймерные события: 16, количество: 63
2026-08-20 20:39:09.249 ERROR [copyMap_timer-Timer][TimerThread.java:78] - Затраченное время на таймерные события: 19, количество: 63
2026-08-20 20:39:09.226 ERROR [worldMap_timer-Timer][TimerThread.java:78] - Затраченное время на таймерные события: 161, количество: 245
2026-08-20 20:39:10.900 ERROR [worldMap_timer-Timer][TimerThread.java:78] - Затраченное время на таймерные события: 18, количество: 245
2026-08-20 20:39:11.051 ERROR [worldMap_timer-Timer][TimerThread.java:78] - Затраченное время на таймерные события: 50, количество: 245
2026-08-20 20:39:53.277 ERROR [worldMap_timer-Timer][TimerThread.java:78] - Затраченное время на таймерные события: 18, количество: 245
2026-08-20 20:40:14.763 ERROR [worldMap_timer-Timer][TimerThread.java:78] - Затраченное время на таймерные события: 12, количество: 245
2026-08-20 20:41:45.102 ERROR [worldMap_timer-Timer][TimerThread.java:78] - Затраченное время на таймерные события: 24, количество: 245
2026-08-20 20:41:58.806 ERROR [worldMap_timer-Timer][TimerThread.java:78] - Затраченное время на таймерные события: 36, количество: 245
2026-08-20 20:41:59.323 ERROR [worldMap_timer-Timer][TimerThread.java:78] - Затраченное время на таймерные события: 132, количество: 245
2026-08-20 20:41:59.500 ERROR [worldMap_timer-Timer][TimerThread.java:78] - Затраченное время на таймерные события: 44, количество: 245
2026-08-20 20:42:06.401 ERROR [worldMap_timer-Timer][TimerThread.java:78] - Затраченное время на таймерные события: 14, количество: 245
2026-08-20 20:42:20.364 ERROR [worldMap_timer-Timer][TimerThread.java:78] - Затраченное время на таймерные события: 22, количество: 245
2026-08-20 20:42:21.318 ERROR [worldMap_timer-Timer][TimerThread.java:78] - Затраченное время на таймерные события: 107, количество: 245
2026-08-20 20:42:21.732 ERROR [bi_timer-Timer][TimerThread.java:78] - Затраченное время на таймерные события: 11, количество: 2
2026-08-20 20:43:02.991 ERROR [worldMap_timer-Timer][TimerThread.java:78] - Затраченное время на таймерные события: 41, количество: 245
2026-08-20 20:43:21.053 ERROR [worldMap_timer-Timer][TimerThread.java:78] - Затраченное время на таймерные события: 12, количество: 245
2026-08-20 20:43:24.939 ERROR [worldMap_timer-Timer][TimerThread.java:78] - Затраченное время на таймерные события: 86, количество: 245
2026-08-20 20:43:29.110 ERROR [main_timer-Timer][TimerThread.java:78] - Затраченное время на таймерные события: 72, количество: 17
2026-08-20 20:44:02.227 ERROR [worldMap_timer-Timer][TimerThread.java:78] - Затраченное время на таймерные события: 31, количество: 245
2026-08-20 20:44:09.348 ERROR [worldMap_timer-Timer][TimerThread.java:78] - Затраченное время на таймерные события: 97, количество: 245
2026-08-20 20:44:09.731 ERROR [worldMap_timer-Timer][TimerThread.java:78] - Затраченное время на таймерные события: 20, количество: 245
2026-08-20 20:44:09.732 ERROR [copyMap_timer-Timer][TimerThread.java:78] - Затраченное время на таймерные события: 109, количество: 63
2026-08-20 20:44:19.623 ERROR [worldMap_timer-Timer][TimerThread.java:78] - Затраченное время на таймерные события: 58, количество: 245
2026-08-20 20:44:28.834 ERROR [worldMap_timer-Timer][TimerThread.java:78] - Затраченное время на таймерные события: 34, количество: 245
2026-08-20 20:47:11.686 ERROR [worldMap_timer-Timer][TimerThread.java:78] - Затраченное время на таймерные события: 14, количество: 245
2026-08-20 20:47:53.061 ERROR [worldMap_timer-Timer][TimerThread.java:78] - Затраченное время на таймерные события: 52, количество: 245
2026-08-20 20:48:10.242 ERROR [worldMap_timer-Timer][TimerThread.java:78] - Затраченное время на таймерные события: 46, количество: 245
2026-08-20 20:48:11.424 ERROR [copyMap_timer-Timer][TimerThread.java:78] - Затраченное время на таймерные события: 54, количество: 63
2026-08-20 20:48:52.051 ERROR [worldMap_timer-Timer][TimerThread.java:78] - Затраченное время на таймерные события: 15, количество: 245
2026-08-20 20:49:53.232 ERROR [worldMap_timer-Timer][TimerThread.java:78] - Затраченное время на таймерные события: 45, количество: 245
2026-08-20 20:50:23.024 ERROR [worldMap_timer-Timer][TimerThread.java:78] - Затраченное время на таймерные события: 214, количество: 245
2026-08-20 20:50:29.135 ERROR [worldMap_timer-Timer][TimerThread.java:78] - Затраченное время на таймерные события: 67, количество: 245
2026-08-20 20:52:00.980 ERROR [worldMap_timer-Timer][TimerThread.java:78] - Затраченное время на таймерные события: 49, количество: 245
2026-08-20 20:52:11.554 ERROR [worldMap_timer-Timer][TimerThread.java:78] - Затраченное время на таймерные события: 18, количество: 245
2026-08-20 20:53:05.992 ERROR [worldMap_timer-Timer][TimerThread.java:78] - Затраченное время на таймерные события: 27, количество: 245
2026-08-20 20:53:11.346 ERROR [worldMap_timer-Timer][TimerThread.java:78] - Затраченное время на таймерные события: 20, количество: 245
2026-08-20 20:55:46.944 ERROR [copyMap_timer-Timer][TimerThread.java:78] - Затраченное время на таймерные события: 16, количество: 63
2026-08-20 20:55:47.377 ERROR [main_timer-Timer][TimerThread.java:78] - Затраченное время на таймерные события: 182, количество: 17
2026-08-20 20:56:37.170 ERROR [main_timer-Timer][TimerThread.java:78] - Затраченное время на таймерные события: 13, количество: 17
2026-08-20 20:56:37.405 ERROR [worldMap_timer-Timer][TimerThread.java:78] - Затраченное время на таймерные события: 248, количество: 245
2026-08-20 20:56:37.414 ERROR [copyMap_timer-Timer][TimerThread.java:78] - Затраченное время на таймерные события: 86, количество: 63
2026-08-20 20:57:33.073 ERROR [worldMap_timer-Timer][TimerThread.java:78] - Затраченное время на таймерные события: 11, количество: 245
2026-08-20 20:57:45.041 ERROR [worldMap_timer-Timer][TimerThread.java:78] - Затраченное время на таймерные события: 16, количество: 245
2026-08-20 20:59:21.034 ERROR [worldMap_timer-Timer][TimerThread.java:78] - Затраченное время на таймерные события: 68, количество: 245
2026-08-20 20:59:21.221 ERROR [worldMap_timer-Timer][TimerThread.java:78] - Затраченное время на таймерные события: 30, количество: 245
