2026-07-26 23:00:00.023 INFO [RankThread][OpenServerAcScript.java:183] - onOperateBalance refresh:101rank size:0
2026-07-26 23:00:00.025 INFO [RankThread][OpenServerAcScript.java:183] - onOperateBalance refresh:102rank size:0
2026-07-26 23:00:00.025 INFO [RankThread][OpenServerAcScript.java:183] - onOperateBalance refresh:103rank size:0
2026-07-26 23:00:00.025 INFO [RankThread][OpenServerAcScript.java:183] - onOperateBalance refresh:104rank size:0
2026-07-26 23:00:00.025 INFO [RankThread][OpenServerAcScript.java:183] - onOperateBalance refresh:105rank size:0
2026-07-26 23:00:00.025 INFO [RankThread][OpenServerAcScript.java:183] - onOperateBalance refresh:106rank size:0
2026-07-26 23:00:00.025 INFO [RankThread][OpenServerAcScript.java:183] - onOperateBalance refresh:109rank size:0
2026-07-26 23:00:00.025 INFO [RankThread][OpenServerAcScript.java:183] - onOperateBalance refresh:110rank size:0
2026-07-26 23:00:00.025 INFO [RankThread][OpenServerAcScript.java:183] - onOperateBalance refresh:112rank size:0
2026-07-26 23:00:00.025 INFO [RankThread][OpenServerAcScript.java:183] - onOperateBalance refresh:113rank size:0
2026-07-26 23:00:00.025 INFO [RankThread][OpenServerAcScript.java:183] - onOperateBalance refresh:114rank size:0
2026-07-26 23:00:00.025 INFO [RankThread][OpenServerAcScript.java:183] - onOperateBalance refresh:115rank size:0
2026-07-26 23:00:00.026 INFO [RankThread][OpenServerAcScript.java:183] - onOperateBalance refresh:116rank size:0
2026-07-26 23:00:00.026 INFO [RankThread][OpenServerAcScript.java:183] - onOperateBalance refresh:117rank size:0
2026-07-26 23:00:00.026 INFO [RankThread][OpenServerAcScript.java:183] - onOperateBalance refresh:118rank size:0
2026-07-26 23:00:00.026 INFO [RankThread][OpenServerAcScript.java:183] - onOperateBalance refresh:119rank size:0
2026-07-26 23:00:00.026 INFO [RankThread][OpenServerAcScript.java:183] - onOperateBalance refresh:120rank size:0
2026-07-26 23:00:00.026 INFO [RankThread][OpenServerAcScript.java:183] - onOperateBalance refresh:121rank size:0
2026-07-26 23:00:00.026 INFO [RankThread][OpenServerAcScript.java:183] - onOperateBalance refresh:122rank size:0
2026-07-26 23:00:00.026 INFO [RankThread][OpenServerAcScript.java:183] - onOperateBalance refresh:123rank size:0
2026-07-26 23:00:00.026 INFO [RankThread][OpenServerAcScript.java:183] - onOperateBalance refresh:124rank size:0
2026-07-26 23:00:00.026 INFO [RankThread][OpenServerAcScript.java:183] - onOperateBalance refresh:125rank size:0
2026-07-26 23:00:00.026 INFO [RankThread][OpenServerAcScript.java:183] - onOperateBalance refresh:126rank size:0
2026-07-26 23:00:00.026 INFO [RankThread][OpenServerAcScript.java:183] - onOperateBalance refresh:127rank size:0
2026-07-26 23:00:00.026 INFO [RankThread][OpenServerAcScript.java:183] - onOperateBalance refresh:128rank size:0
2026-07-26 23:00:00.026 INFO [RankThread][OpenServerAcScript.java:183] - onOperateBalance refresh:129rank size:0
2026-07-26 23:00:00.026 INFO [RankThread][OpenServerAcScript.java:183] - onOperateBalance refresh:130rank size:0
2026-07-26 23:00:00.026 INFO [RankThread][OpenServerAcScript.java:183] - onOperateBalance refresh:131rank size:0
2026-07-26 23:00:00.026 INFO [RankThread][OpenServerAcScript.java:183] - onOperateBalance refresh:201rank size:0
2026-07-26 23:00:00.026 INFO [RankThread][OpenServerAcScript.java:183] - onOperateBalance refresh:202rank size:0
2026-07-26 23:00:00.026 INFO [RankThread][OpenServerAcScript.java:183] - onOperateBalance refresh:301rank size:0
2026-07-26 23:00:00.026 INFO [RankThread][OpenServerAcScript.java:183] - onOperateBalance refresh:401rank size:0
2026-07-26 23:00:00.026 INFO [RankThread][OpenServerAcScript.java:183] - onOperateBalance refresh:402rank size:0
2026-07-26 23:00:00.026 INFO [RankThread][OpenServerAcScript.java:183] - onOperateBalance refresh:403rank size:0
2026-07-26 23:00:00.026 INFO [RankThread][OpenServerAcScript.java:183] - onOperateBalance refresh:501rank size:0
2026-07-26 23:00:00.026 INFO [RankThread][OpenServerAcScript.java:183] - onOperateBalance refresh:601rank size:0
2026-07-26 23:00:00.027 INFO [RankThread][UniverseRankScript.java:402] - 检查天墟战场名人堂排名
2026-07-26 23:00:04.039 INFO [nioEventLoopGroup-4-6][CrossServerScript.java:848] - 公共心跳原因码返回是:0, 用时=30041
2026-07-26 23:00:34.075 INFO [nioEventLoopGroup-4-6][CrossServerScript.java:848] - 公共心跳原因码返回是:0, 用时=30035
2026-07-26 23:01:04.009 INFO [nioEventLoopGroup-4-6][CrossServerScript.java:848] - 公共心跳原因码返回是:0, 用时=29935
2026-07-26 23:01:34.043 INFO [nioEventLoopGroup-4-6][CrossServerScript.java:848] - 公共心跳原因码返回是:0, 用时=30034
2026-07-26 23:02:04.072 INFO [nioEventLoopGroup-4-6][CrossServerScript.java:848] - 公共心跳原因码返回是:0, 用时=30029
2026-07-26 23:02:34.078 INFO [nioEventLoopGroup-4-6][CrossServerScript.java:848] - 公共心跳原因码返回是:0, 用时=30005
2026-07-26 23:03:04.019 INFO [nioEventLoopGroup-4-6][CrossServerScript.java:848] - 公共心跳原因码返回是:0, 用时=29941
2026-07-26 23:03:34.048 INFO [nioEventLoopGroup-4-6][CrossServerScript.java:848] - 公共心跳原因码返回是:0, 用时=30029
2026-07-26 23:04:04.080 INFO [nioEventLoopGroup-4-6][CrossServerScript.java:848] - 公共心跳原因码返回是:0, 用时=30033
2026-07-26 23:04:34.012 INFO [nioEventLoopGroup-4-6][CrossServerScript.java:848] - 公共心跳原因码返回是:0, 用时=29932
2026-07-26 23:05:04.048 INFO [nioEventLoopGroup-4-6][CrossServerScript.java:848] - 公共心跳原因码返回是:0, 用时=30035
2026-07-26 23:05:34.075 INFO [nioEventLoopGroup-4-6][CrossServerScript.java:848] - 公共心跳原因码返回是:0, 用时=30028
2026-07-26 23:06:04.006 INFO [nioEventLoopGroup-4-6][CrossServerScript.java:848] - 公共心跳原因码返回是:0, 用时=29931
2026-07-26 23:06:34.040 INFO [nioEventLoopGroup-4-6][CrossServerScript.java:848] - 公共心跳原因码返回是:0, 用时=30034
2026-07-26 23:07:04.075 INFO [nioEventLoopGroup-4-6][CrossServerScript.java:848] - 公共心跳原因码返回是:0, 用时=30035
2026-07-26 23:07:34.011 INFO [nioEventLoopGroup-4-6][CrossServerScript.java:848] - 公共心跳原因码返回是:0, 用时=29936
2026-07-26 23:08:04.043 INFO [nioEventLoopGroup-4-6][CrossServerScript.java:848] - 公共心跳原因码返回是:0, 用时=30032
2026-07-26 23:08:34.078 INFO [nioEventLoopGroup-4-6][CrossServerScript.java:848] - 公共心跳原因码返回是:0, 用时=30035
2026-07-26 23:09:04.009 INFO [nioEventLoopGroup-4-6][CrossServerScript.java:848] - 公共心跳原因码返回是:0, 用时=29930
2026-07-26 23:09:34.037 INFO [nioEventLoopGroup-4-6][CrossServerScript.java:848] - 公共心跳原因码返回是:0, 用时=30029
2026-07-26 23:09:56.910 ERROR [bi_timer-Timer][TimerThread.java:78] - TIMER事件的时间花费：14数量：2
2026-07-26 23:10:04.079 INFO [nioEventLoopGroup-4-6][CrossServerScript.java:848] - 公共心跳原因码返回是:0, 用时=30041
2026-07-26 23:10:34.013 INFO [nioEventLoopGroup-4-6][CrossServerScript.java:848] - 公共心跳原因码返回是:0, 用时=29935
2026-07-26 23:11:04.051 INFO [nioEventLoopGroup-4-6][CrossServerScript.java:848] - 公共心跳原因码返回是:0, 用时=30038
2026-07-26 23:11:34.080 INFO [nioEventLoopGroup-4-6][CrossServerScript.java:848] - 公共心跳原因码返回是:0, 用时=30029
2026-07-26 23:12:04.013 INFO [nioEventLoopGroup-4-6][CrossServerScript.java:848] - 公共心跳原因码返回是:0, 用时=29933
2026-07-26 23:12:34.042 INFO [nioEventLoopGroup-4-6][CrossServerScript.java:848] - 公共心跳原因码返回是:0, 用时=30029
2026-07-26 23:13:04.079 INFO [nioEventLoopGroup-4-6][CrossServerScript.java:848] - 公共心跳原因码返回是:0, 用时=30037
2026-07-26 23:13:34.010 INFO [nioEventLoopGroup-4-6][CrossServerScript.java:848] - 公共心跳原因码返回是:0, 用时=29930
2026-07-26 23:14:04.045 INFO [nioEventLoopGroup-4-6][CrossServerScript.java:848] - 公共心跳原因码返回是:0, 用时=30036
2026-07-26 23:14:34.074 INFO [nioEventLoopGroup-4-6][CrossServerScript.java:848] - 公共心跳原因码返回是:0, 用时=30028
2026-07-26 23:15:04.024 INFO [nioEventLoopGroup-4-6][CrossServerScript.java:848] - 公共心跳原因码返回是:0, 用时=29951
2026-07-26 23:15:34.058 INFO [nioEventLoopGroup-4-6][CrossServerScript.java:848] - 公共心跳原因码返回是:0, 用时=30033
2026-07-26 23:16:04.000 INFO [nioEventLoopGroup-4-6][CrossServerScript.java:848] - 公共心跳原因码返回是:0, 用时=29942
2026-07-26 23:16:34.028 INFO [nioEventLoopGroup-4-6][CrossServerScript.java:848] - 公共心跳原因码返回是:0, 用时=30028
2026-07-26 23:17:04.059 INFO [nioEventLoopGroup-4-6][CrossServerScript.java:848] - 公共心跳原因码返回是:0, 用时=30032
2026-07-26 23:17:33.988 INFO [nioEventLoopGroup-4-6][CrossServerScript.java:848] - 公共心跳原因码返回是:0, 用时=29929
2026-07-26 23:18:04.027 INFO [nioEventLoopGroup-4-6][CrossServerScript.java:848] - 公共心跳原因码返回是:0, 用时=30039
2026-07-26 23:18:34.059 INFO [nioEventLoopGroup-4-6][CrossServerScript.java:848] - 公共心跳原因码返回是:0, 用时=30032
2026-07-26 23:19:03.991 INFO [nioEventLoopGroup-4-6][CrossServerScript.java:848] - 公共心跳原因码返回是:0, 用时=29932
2026-07-26 23:19:34.021 INFO [nioEventLoopGroup-4-6][CrossServerScript.java:848] - 公共心跳原因码返回是:0, 用时=30030
2026-07-26 23:20:04.072 INFO [nioEventLoopGroup-4-6][CrossServerScript.java:848] - 公共心跳原因码返回是:0, 用时=30051
2026-07-26 23:20:33.998 INFO [nioEventLoopGroup-4-6][CrossServerScript.java:848] - 公共心跳原因码返回是:0, 用时=29926
2026-07-26 23:21:04.030 INFO [nioEventLoopGroup-4-6][CrossServerScript.java:848] - 公共心跳原因码返回是:0, 用时=30031
2026-07-26 23:21:34.065 INFO [nioEventLoopGroup-4-6][CrossServerScript.java:848] - 公共心跳原因码返回是:0, 用时=30036
2026-07-26 23:22:04.061 INFO [nioEventLoopGroup-4-6][CrossServerScript.java:848] - 公共心跳原因码返回是:0, 用时=29996
2026-07-26 23:22:33.989 INFO [nioEventLoopGroup-4-6][CrossServerScript.java:848] - 公共心跳原因码返回是:0, 用时=29928
2026-07-26 23:23:04.024 INFO [nioEventLoopGroup-4-6][CrossServerScript.java:848] - 公共心跳原因码返回是:0, 用时=30034
2026-07-26 23:23:34.055 INFO [nioEventLoopGroup-4-6][CrossServerScript.java:848] - 公共心跳原因码返回是:0, 用时=30032
2026-07-26 23:24:04.082 INFO [nioEventLoopGroup-4-6][CrossServerScript.java:848] - 公共心跳原因码返回是:0, 用时=30027
2026-07-26 23:24:34.012 INFO [nioEventLoopGroup-4-6][CrossServerScript.java:848] - 公共心跳原因码返回是:0, 用时=29929
2026-07-26 23:25:04.050 INFO [nioEventLoopGroup-4-6][CrossServerScript.java:848] - 公共心跳原因码返回是:0, 用时=30038
2026-07-26 23:25:34.079 INFO [nioEventLoopGroup-4-6][CrossServerScript.java:848] - 公共心跳原因码返回是:0, 用时=30030
2026-07-26 23:26:04.013 INFO [nioEventLoopGroup-4-6][CrossServerScript.java:848] - 公共心跳原因码返回是:0, 用时=29933
2026-07-26 23:26:34.043 INFO [nioEventLoopGroup-4-6][CrossServerScript.java:848] - 公共心跳原因码返回是:0, 用时=30031
2026-07-26 23:27:04.076 INFO [nioEventLoopGroup-4-6][CrossServerScript.java:848] - 公共心跳原因码返回是:0, 用时=30033
2026-07-26 23:27:34.007 INFO [nioEventLoopGroup-4-6][CrossServerScript.java:848] - 公共心跳原因码返回是:0, 用时=29930
2026-07-26 23:28:04.041 INFO [nioEventLoopGroup-4-6][CrossServerScript.java:848] - 公共心跳原因码返回是:0, 用时=30033
2026-07-26 23:28:34.070 INFO [nioEventLoopGroup-4-6][CrossServerScript.java:848] - 公共心跳原因码返回是:0, 用时=30031
2026-07-26 23:29:04.004 INFO [nioEventLoopGroup-4-6][CrossServerScript.java:848] - 公共心跳原因码返回是:0, 用时=29934
2026-07-26 23:29:34.035 INFO [nioEventLoopGroup-4-6][CrossServerScript.java:848] - 公共心跳原因码返回是:0, 用时=30031
2026-07-26 23:30:01.827 ERROR [worldMap_timer-Timer][TimerThread.java:78] - TIMER事件的时间花费：100数量：245
2026-07-26 23:30:01.838 ERROR [copyMap_timer-Timer][TimerThread.java:78] - TIMER事件的时间花费：56数量：63
2026-07-26 23:30:04.036 INFO [nioEventLoopGroup-4-6][CrossServerScript.java:848] - 公共心跳原因码返回是:0, 用时=30000
2026-07-26 23:30:34.072 INFO [nioEventLoopGroup-4-6][CrossServerScript.java:848] - 公共心跳原因码返回是:0, 用时=30036
2026-07-26 23:31:04.010 INFO [nioEventLoopGroup-4-6][CrossServerScript.java:848] - 公共心跳原因码返回是:0, 用时=29939
2026-07-26 23:31:34.042 INFO [nioEventLoopGroup-4-6][CrossServerScript.java:848] - 公共心跳原因码返回是:0, 用时=30032
2026-07-26 23:32:04.068 INFO [nioEventLoopGroup-4-6][CrossServerScript.java:848] - 公共心跳原因码返回是:0, 用时=30026
2026-07-26 23:32:34.002 INFO [nioEventLoopGroup-4-6][CrossServerScript.java:848] - 公共心跳原因码返回是:0, 用时=29934
2026-07-26 23:33:04.037 INFO [nioEventLoopGroup-4-6][CrossServerScript.java:848] - 公共心跳原因码返回是:0, 用时=30034
2026-07-26 23:33:34.073 INFO [nioEventLoopGroup-4-6][CrossServerScript.java:848] - 公共心跳原因码返回是:0, 用时=30036
2026-07-26 23:34:04.005 INFO [nioEventLoopGroup-4-6][CrossServerScript.java:848] - 公共心跳原因码返回是:0, 用时=29933
2026-07-26 23:34:34.039 INFO [nioEventLoopGroup-4-6][CrossServerScript.java:848] - 公共心跳原因码返回是:0, 用时=30034
2026-07-26 23:35:04.070 INFO [nioEventLoopGroup-4-6][CrossServerScript.java:848] - 公共心跳原因码返回是:0, 用时=30031
2026-07-26 23:35:34.002 INFO [nioEventLoopGroup-4-6][CrossServerScript.java:848] - 公共心跳原因码返回是:0, 用时=29932
2026-07-26 23:36:04.034 INFO [nioEventLoopGroup-4-6][CrossServerScript.java:848] - 公共心跳原因码返回是:0, 用时=30032
2026-07-26 23:36:34.058 INFO [nioEventLoopGroup-4-6][CrossServerScript.java:848] - 公共心跳原因码返回是:0, 用时=30024
2026-07-26 23:37:03.990 INFO [nioEventLoopGroup-4-6][CrossServerScript.java:848] - 公共心跳原因码返回是:0, 用时=29931
2026-07-26 23:37:34.019 INFO [nioEventLoopGroup-4-6][CrossServerScript.java:848] - 公共心跳原因码返回是:0, 用时=30030
2026-07-26 23:38:04.057 INFO [nioEventLoopGroup-4-6][CrossServerScript.java:848] - 公共心跳原因码返回是:0, 用时=30038
2026-07-26 23:38:33.988 INFO [nioEventLoopGroup-4-6][CrossServerScript.java:848] - 公共心跳原因码返回是:0, 用时=29930
2026-07-26 23:39:04.022 INFO [nioEventLoopGroup-4-6][CrossServerScript.java:848] - 公共心跳原因码返回是:0, 用时=30034
2026-07-26 23:39:34.050 INFO [nioEventLoopGroup-4-6][CrossServerScript.java:848] - 公共心跳原因码返回是:0, 用时=30029
2026-07-26 23:40:03.987 INFO [nioEventLoopGroup-4-6][CrossServerScript.java:848] - 公共心跳原因码返回是:0, 用时=29936
2026-07-26 23:40:34.014 INFO [nioEventLoopGroup-4-6][CrossServerScript.java:848] - 公共心跳原因码返回是:0, 用时=30027
2026-07-26 23:41:04.046 INFO [nioEventLoopGroup-4-6][CrossServerScript.java:848] - 公共心跳原因码返回是:0, 用时=30032
2026-07-26 23:41:34.079 INFO [nioEventLoopGroup-4-6][CrossServerScript.java:848] - 公共心跳原因码返回是:0, 用时=30033
2026-07-26 23:42:04.008 INFO [nioEventLoopGroup-4-6][CrossServerScript.java:848] - 公共心跳原因码返回是:0, 用时=29929
2026-07-26 23:42:34.039 INFO [nioEventLoopGroup-4-6][CrossServerScript.java:848] - 公共心跳原因码返回是:0, 用时=30032
2026-07-26 23:43:04.071 INFO [nioEventLoopGroup-4-6][CrossServerScript.java:848] - 公共心跳原因码返回是:0, 用时=30032
2026-07-26 23:43:34.002 INFO [nioEventLoopGroup-4-6][CrossServerScript.java:848] - 公共心跳原因码返回是:0, 用时=29931
2026-07-26 23:44:04.031 INFO [nioEventLoopGroup-4-6][CrossServerScript.java:848] - 公共心跳原因码返回是:0, 用时=30028
2026-07-26 23:44:34.060 INFO [nioEventLoopGroup-4-6][CrossServerScript.java:848] - 公共心跳原因码返回是:0, 用时=30029
2026-07-26 23:44:58.698 ERROR [copyMap_timer-Timer][TimerThread.java:78] - TIMER事件的时间花费：20数量：63
2026-07-26 23:45:04.019 INFO [nioEventLoopGroup-4-6][CrossServerScript.java:848] - 公共心跳原因码返回是:0, 用时=29960
2026-07-26 23:45:34.042 INFO [nioEventLoopGroup-4-6][CrossServerScript.java:848] - 公共心跳原因码返回是:0, 用时=30023
2026-07-26 23:46:04.076 INFO [nioEventLoopGroup-4-6][CrossServerScript.java:848] - 公共心跳原因码返回是:0, 用时=30033
2026-07-26 23:46:34.005 INFO [nioEventLoopGroup-4-6][CrossServerScript.java:848] - 公共心跳原因码返回是:0, 用时=29930
2026-07-26 23:47:04.036 INFO [nioEventLoopGroup-4-6][CrossServerScript.java:848] - 公共心跳原因码返回是:0, 用时=30031
2026-07-26 23:47:34.066 INFO [nioEventLoopGroup-4-6][CrossServerScript.java:848] - 公共心跳原因码返回是:0, 用时=30030
2026-07-26 23:48:03.999 INFO [nioEventLoopGroup-4-6][CrossServerScript.java:848] - 公共心跳原因码返回是:0, 用时=29933
2026-07-26 23:48:34.032 INFO [nioEventLoopGroup-4-6][CrossServerScript.java:848] - 公共心跳原因码返回是:0, 用时=30033
2026-07-26 23:49:04.068 INFO [nioEventLoopGroup-4-6][CrossServerScript.java:848] - 公共心跳原因码返回是:0, 用时=30036
2026-07-26 23:49:34.003 INFO [nioEventLoopGroup-4-6][CrossServerScript.java:848] - 公共心跳原因码返回是:0, 用时=29934
2026-07-26 23:50:04.045 INFO [nioEventLoopGroup-4-6][CrossServerScript.java:848] - 公共心跳原因码返回是:0, 用时=30042
2026-07-26 23:50:34.082 INFO [nioEventLoopGroup-4-6][CrossServerScript.java:848] - 公共心跳原因码返回是:0, 用时=30038
2026-07-26 23:51:04.018 INFO [nioEventLoopGroup-4-6][CrossServerScript.java:848] - 公共心跳原因码返回是:0, 用时=29936
2026-07-26 23:51:34.050 INFO [nioEventLoopGroup-4-6][CrossServerScript.java:848] - 公共心跳原因码返回是:0, 用时=30032
2026-07-26 23:52:03.993 INFO [nioEventLoopGroup-4-6][CrossServerScript.java:848] - 公共心跳原因码返回是:0, 用时=29943
2026-07-26 23:52:34.023 INFO [nioEventLoopGroup-4-6][CrossServerScript.java:848] - 公共心跳原因码返回是:0, 用时=30029
2026-07-26 23:53:04.055 INFO [nioEventLoopGroup-4-6][CrossServerScript.java:848] - 公共心跳原因码返回是:0, 用时=30033
2026-07-26 23:53:34.083 INFO [nioEventLoopGroup-4-6][CrossServerScript.java:848] - 公共心跳原因码返回是:0, 用时=30027
2026-07-26 23:54:04.015 INFO [nioEventLoopGroup-4-6][CrossServerScript.java:848] - 公共心跳原因码返回是:0, 用时=29933
2026-07-26 23:54:34.021 INFO [nioEventLoopGroup-4-6][CrossServerScript.java:848] - 公共心跳原因码返回是:0, 用时=30005
2026-07-26 23:55:04.054 INFO [nioEventLoopGroup-4-6][CrossServerScript.java:848] - 公共心跳原因码返回是:0, 用时=30034
2026-07-26 23:55:34.082 INFO [nioEventLoopGroup-4-6][CrossServerScript.java:848] - 公共心跳原因码返回是:0, 用时=30028
2026-07-26 23:56:04.014 INFO [nioEventLoopGroup-4-6][CrossServerScript.java:848] - 公共心跳原因码返回是:0, 用时=29932
2026-07-26 23:56:34.042 INFO [nioEventLoopGroup-4-6][CrossServerScript.java:848] - 公共心跳原因码返回是:0, 用时=30028
2026-07-26 23:57:04.070 INFO [nioEventLoopGroup-4-6][CrossServerScript.java:848] - 公共心跳原因码返回是:0, 用时=30028
2026-07-26 23:57:33.999 INFO [nioEventLoopGroup-4-6][CrossServerScript.java:848] - 公共心跳原因码返回是:0, 用时=29929
2026-07-26 23:58:04.035 INFO [nioEventLoopGroup-4-6][CrossServerScript.java:848] - 公共心跳原因码返回是:0, 用时=30036
2026-07-26 23:58:34.065 INFO [nioEventLoopGroup-4-6][CrossServerScript.java:848] - 公共心跳原因码返回是:0, 用时=30030
2026-07-26 23:59:03.999 INFO [nioEventLoopGroup-4-6][CrossServerScript.java:848] - 公共心跳原因码返回是:0, 用时=29933
2026-07-26 23:59:34.026 INFO [nioEventLoopGroup-4-6][CrossServerScript.java:848] - 公共心跳原因码返回是:0, 用时=30028
