2026-07-26 21:00:00.070 INFO [mainThread][DailyActiveScript.java:296] - 日常活动id=110【仙盟战】开始阶段
2026-07-26 21:00:00.069 INFO [RankThread][UniverseRankScript.java:402] - 检查天墟战场名人堂排名
2026-07-26 21:00:01.893 ERROR [worldMap_timer-Timer][TimerThread.java:78] - TIMER事件的时间花费：12数量：245
2026-07-26 21:00:02.158 ERROR [bi_timer-Timer][TimerThread.java:78] - TIMER事件的时间花费：47数量：2
2026-07-26 21:00:02.212 ERROR [copyMap_timer-Timer][TimerThread.java:78] - TIMER事件的时间花费：235数量：63
2026-07-26 21:00:04.030 INFO [nioEventLoopGroup-4-6][CrossServerScript.java:848] - 公共心跳原因码返回是:0, 用时=29989
2026-07-26 21:00:34.064 INFO [nioEventLoopGroup-4-6][CrossServerScript.java:848] - 公共心跳原因码返回是:0, 用时=30034
2026-07-26 21:01:03.999 INFO [nioEventLoopGroup-4-6][CrossServerScript.java:848] - 公共心跳原因码返回是:0, 用时=29934
2026-07-26 21:01:34.035 INFO [nioEventLoopGroup-4-6][CrossServerScript.java:848] - 公共心跳原因码返回是:0, 用时=30037
2026-07-26 21:02:04.075 INFO [nioEventLoopGroup-4-6][CrossServerScript.java:848] - 公共心跳原因码返回是:0, 用时=30040
2026-07-26 21:02:34.013 INFO [nioEventLoopGroup-4-6][CrossServerScript.java:848] - 公共心跳原因码返回是:0, 用时=29938
2026-07-26 21:03:04.048 INFO [nioEventLoopGroup-4-6][CrossServerScript.java:848] - 公共心跳原因码返回是:0, 用时=30035
2026-07-26 21:03:34.083 INFO [nioEventLoopGroup-4-6][CrossServerScript.java:848] - 公共心跳原因码返回是:0, 用时=30035
2026-07-26 21:04:04.023 INFO [nioEventLoopGroup-4-6][CrossServerScript.java:848] - 公共心跳原因码返回是:0, 用时=29940
2026-07-26 21:04:34.059 INFO [nioEventLoopGroup-4-6][CrossServerScript.java:848] - 公共心跳原因码返回是:0, 用时=30036
2026-07-26 21:05:04.018 INFO [nioEventLoopGroup-4-6][CrossServerScript.java:848] - 公共心跳原因码返回是:0, 用时=29958
2026-07-26 21:05:34.048 INFO [nioEventLoopGroup-4-6][CrossServerScript.java:848] - 公共心跳原因码返回是:0, 用时=30031
2026-07-26 21:06:03.996 INFO [nioEventLoopGroup-4-6][CrossServerScript.java:848] - 公共心跳原因码返回是:0, 用时=29947
2026-07-26 21:06:34.029 INFO [nioEventLoopGroup-4-6][CrossServerScript.java:848] - 公共心跳原因码返回是:0, 用时=30033
2026-07-26 21:07:04.058 INFO [nioEventLoopGroup-4-6][CrossServerScript.java:848] - 公共心跳原因码返回是:0, 用时=30029
2026-07-26 21:07:33.991 INFO [nioEventLoopGroup-4-6][CrossServerScript.java:848] - 公共心跳原因码返回是:0, 用时=29933
2026-07-26 21:08:04.025 INFO [nioEventLoopGroup-4-6][CrossServerScript.java:848] - 公共心跳原因码返回是:0, 用时=30034
2026-07-26 21:08:34.055 INFO [nioEventLoopGroup-4-6][CrossServerScript.java:848] - 公共心跳原因码返回是:0, 用时=30030
2026-07-26 21:09:03.992 INFO [nioEventLoopGroup-4-6][CrossServerScript.java:848] - 公共心跳原因码返回是:0, 用时=29938
2026-07-26 21:09:34.026 INFO [nioEventLoopGroup-4-6][CrossServerScript.java:848] - 公共心跳原因码返回是:0, 用时=30034
2026-07-26 21:10:04.069 INFO [nioEventLoopGroup-4-6][CrossServerScript.java:848] - 公共心跳原因码返回是:0, 用时=30042
2026-07-26 21:10:34.003 INFO [nioEventLoopGroup-4-6][CrossServerScript.java:848] - 公共心跳原因码返回是:0, 用时=29935
2026-07-26 21:11:04.036 INFO [nioEventLoopGroup-4-6][CrossServerScript.java:848] - 公共心跳原因码返回是:0, 用时=30033
2026-07-26 21:11:34.080 INFO [nioEventLoopGroup-4-6][CrossServerScript.java:848] - 公共心跳原因码返回是:0, 用时=30044
2026-07-26 21:12:04.021 INFO [nioEventLoopGroup-4-6][CrossServerScript.java:848] - 公共心跳原因码返回是:0, 用时=29941
2026-07-26 21:12:34.050 INFO [nioEventLoopGroup-4-6][CrossServerScript.java:848] - 公共心跳原因码返回是:0, 用时=30029
2026-07-26 21:13:04.086 INFO [nioEventLoopGroup-4-6][CrossServerScript.java:848] - 公共心跳原因码返回是:0, 用时=30036
2026-07-26 21:13:34.018 INFO [nioEventLoopGroup-4-6][CrossServerScript.java:848] - 公共心跳原因码返回是:0, 用时=29932
2026-07-26 21:14:04.053 INFO [nioEventLoopGroup-4-6][CrossServerScript.java:848] - 公共心跳原因码返回是:0, 用时=30034
2026-07-26 21:14:34.080 INFO [nioEventLoopGroup-4-6][CrossServerScript.java:848] - 公共心跳原因码返回是:0, 用时=30028
2026-07-26 21:15:04.033 INFO [nioEventLoopGroup-4-6][CrossServerScript.java:848] - 公共心跳原因码返回是:0, 用时=29953
2026-07-26 21:15:34.003 INFO [nioEventLoopGroup-4-6][CrossServerScript.java:848] - 公共心跳原因码返回是:0, 用时=29970
2026-07-26 21:16:04.070 INFO [nioEventLoopGroup-4-6][CrossServerScript.java:848] - 公共心跳原因码返回是:0, 用时=30066
2026-07-26 21:16:34.001 INFO [nioEventLoopGroup-4-6][CrossServerScript.java:848] - 公共心跳原因码返回是:0, 用时=29932
2026-07-26 21:17:04.035 INFO [nioEventLoopGroup-4-6][CrossServerScript.java:848] - 公共心跳原因码返回是:0, 用时=30033
2026-07-26 21:17:34.069 INFO [nioEventLoopGroup-4-6][CrossServerScript.java:848] - 公共心跳原因码返回是:0, 用时=30034
2026-07-26 21:18:04.016 INFO [nioEventLoopGroup-4-6][CrossServerScript.java:848] - 公共心跳原因码返回是:0, 用时=29948
2026-07-26 21:18:34.043 INFO [nioEventLoopGroup-4-6][CrossServerScript.java:848] - 公共心跳原因码返回是:0, 用时=30027
2026-07-26 21:19:04.077 INFO [nioEventLoopGroup-4-6][CrossServerScript.java:848] - 公共心跳原因码返回是:0, 用时=30034
2026-07-26 21:19:34.001 INFO [nioEventLoopGroup-4-6][CrossServerScript.java:848] - 公共心跳原因码返回是:0, 用时=29924
2026-07-26 21:20:00.026 INFO [mainThread][DailyActiveScript.java:386] - 日常活动id=110【仙盟战】关闭阶段
2026-07-26 21:20:04.048 INFO [nioEventLoopGroup-4-6][CrossServerScript.java:848] - 公共心跳原因码返回是:0, 用时=30046
2026-07-26 21:20:34.078 INFO [nioEventLoopGroup-4-6][CrossServerScript.java:848] - 公共心跳原因码返回是:0, 用时=30031
2026-07-26 21:21:04.012 INFO [nioEventLoopGroup-4-6][CrossServerScript.java:848] - 公共心跳原因码返回是:0, 用时=29933
2026-07-26 21:21:34.040 INFO [nioEventLoopGroup-4-6][CrossServerScript.java:848] - 公共心跳原因码返回是:0, 用时=30029
2026-07-26 21:22:04.075 INFO [nioEventLoopGroup-4-6][CrossServerScript.java:848] - 公共心跳原因码返回是:0, 用时=30034
2026-07-26 21:22:34.014 INFO [nioEventLoopGroup-4-6][CrossServerScript.java:848] - 公共心跳原因码返回是:0, 用时=29939
2026-07-26 21:23:04.049 INFO [nioEventLoopGroup-4-6][CrossServerScript.java:848] - 公共心跳原因码返回是:0, 用时=30035
2026-07-26 21:23:34.083 INFO [nioEventLoopGroup-4-6][CrossServerScript.java:848] - 公共心跳原因码返回是:0, 用时=30034
2026-07-26 21:24:04.019 INFO [nioEventLoopGroup-4-6][CrossServerScript.java:848] - 公共心跳原因码返回是:0, 用时=29936
2026-07-26 21:24:34.077 INFO [nioEventLoopGroup-4-6][CrossServerScript.java:848] - 公共心跳原因码返回是:0, 用时=30058
2026-07-26 21:25:04.026 INFO [nioEventLoopGroup-4-6][CrossServerScript.java:848] - 公共心跳原因码返回是:0, 用时=29949
2026-07-26 21:25:34.059 INFO [nioEventLoopGroup-4-6][CrossServerScript.java:848] - 公共心跳原因码返回是:0, 用时=30033
2026-07-26 21:26:03.999 INFO [nioEventLoopGroup-4-6][CrossServerScript.java:848] - 公共心跳原因码返回是:0, 用时=29940
2026-07-26 21:26:34.023 INFO [nioEventLoopGroup-4-6][CrossServerScript.java:848] - 公共心跳原因码返回是:0, 用时=30024
2026-07-26 21:27:04.052 INFO [nioEventLoopGroup-4-6][CrossServerScript.java:848] - 公共心跳原因码返回是:0, 用时=30030
2026-07-26 21:27:34.085 INFO [nioEventLoopGroup-4-6][CrossServerScript.java:848] - 公共心跳原因码返回是:0, 用时=30033
2026-07-26 21:28:04.015 INFO [nioEventLoopGroup-4-6][CrossServerScript.java:848] - 公共心跳原因码返回是:0, 用时=29930
2026-07-26 21:28:34.048 INFO [nioEventLoopGroup-4-6][CrossServerScript.java:848] - 公共心跳原因码返回是:0, 用时=30033
2026-07-26 21:29:04.078 INFO [nioEventLoopGroup-4-6][CrossServerScript.java:848] - 公共心跳原因码返回是:0, 用时=30029
2026-07-26 21:29:34.014 INFO [nioEventLoopGroup-4-6][CrossServerScript.java:848] - 公共心跳原因码返回是:0, 用时=29937
2026-07-26 21:30:04.056 INFO [nioEventLoopGroup-4-6][CrossServerScript.java:848] - 公共心跳原因码返回是:0, 用时=30042
2026-07-26 21:30:34.083 INFO [nioEventLoopGroup-4-6][CrossServerScript.java:848] - 公共心跳原因码返回是:0, 用时=30026
2026-07-26 21:31:04.014 INFO [nioEventLoopGroup-4-6][CrossServerScript.java:848] - 公共心跳原因码返回是:0, 用时=29931
2026-07-26 21:31:34.041 INFO [nioEventLoopGroup-4-6][CrossServerScript.java:848] - 公共心跳原因码返回是:0, 用时=30028
2026-07-26 21:32:04.075 INFO [nioEventLoopGroup-4-6][CrossServerScript.java:848] - 公共心跳原因码返回是:0, 用时=30033
2026-07-26 21:32:34.003 INFO [nioEventLoopGroup-4-6][CrossServerScript.java:848] - 公共心跳原因码返回是:0, 用时=29929
2026-07-26 21:33:04.039 INFO [nioEventLoopGroup-4-6][CrossServerScript.java:848] - 公共心跳原因码返回是:0, 用时=30036
2026-07-26 21:33:34.077 INFO [nioEventLoopGroup-4-6][CrossServerScript.java:848] - 公共心跳原因码返回是:0, 用时=30038
2026-07-26 21:34:04.009 INFO [nioEventLoopGroup-4-6][CrossServerScript.java:848] - 公共心跳原因码返回是:0, 用时=29931
2026-07-26 21:34:34.039 INFO [nioEventLoopGroup-4-6][CrossServerScript.java:848] - 公共心跳原因码返回是:0, 用时=30031
2026-07-26 21:35:04.072 INFO [nioEventLoopGroup-4-6][CrossServerScript.java:848] - 公共心跳原因码返回是:0, 用时=30033
2026-07-26 21:35:34.005 INFO [nioEventLoopGroup-4-6][CrossServerScript.java:848] - 公共心跳原因码返回是:0, 用时=29933
2026-07-26 21:36:04.041 INFO [nioEventLoopGroup-4-6][CrossServerScript.java:848] - 公共心跳原因码返回是:0, 用时=30035
2026-07-26 21:36:34.070 INFO [nioEventLoopGroup-4-6][CrossServerScript.java:848] - 公共心跳原因码返回是:0, 用时=30029
2026-07-26 21:36:47.815 ERROR [worldMap_timer-Timer][TimerThread.java:78] - TIMER事件的时间花费：14数量：245
2026-07-26 21:37:04.047 INFO [nioEventLoopGroup-4-6][CrossServerScript.java:848] - 公共心跳原因码返回是:0, 用时=29977
2026-07-26 21:37:34.076 INFO [nioEventLoopGroup-4-6][CrossServerScript.java:848] - 公共心跳原因码返回是:0, 用时=30030
2026-07-26 21:38:04.008 INFO [nioEventLoopGroup-4-6][CrossServerScript.java:848] - 公共心跳原因码返回是:0, 用时=29932
2026-07-26 21:38:34.040 INFO [nioEventLoopGroup-4-6][CrossServerScript.java:848] - 公共心跳原因码返回是:0, 用时=30031
2026-07-26 21:39:04.072 INFO [nioEventLoopGroup-4-6][CrossServerScript.java:848] - 公共心跳原因码返回是:0, 用时=30033
2026-07-26 21:39:34.003 INFO [nioEventLoopGroup-4-6][CrossServerScript.java:848] - 公共心跳原因码返回是:0, 用时=29930
2026-07-26 21:40:04.061 INFO [nioEventLoopGroup-4-6][CrossServerScript.java:848] - 公共心跳原因码返回是:0, 用时=30059
2026-07-26 21:40:33.994 INFO [nioEventLoopGroup-4-6][CrossServerScript.java:848] - 公共心跳原因码返回是:0, 用时=29933
2026-07-26 21:41:04.020 INFO [nioEventLoopGroup-4-6][CrossServerScript.java:848] - 公共心跳原因码返回是:0, 用时=30026
2026-07-26 21:41:34.053 INFO [nioEventLoopGroup-4-6][CrossServerScript.java:848] - 公共心跳原因码返回是:0, 用时=30033
2026-07-26 21:42:04.084 INFO [nioEventLoopGroup-4-6][CrossServerScript.java:848] - 公共心跳原因码返回是:0, 用时=30031
2026-07-26 21:42:10.858 ERROR [worldMap_timer-Timer][TimerThread.java:78] - TIMER事件的时间花费：74数量：245
2026-07-26 21:42:33.987 INFO [nioEventLoopGroup-4-6][CrossServerScript.java:848] - 公共心跳原因码返回是:0, 用时=29903
2026-07-26 21:43:04.018 INFO [nioEventLoopGroup-4-6][CrossServerScript.java:848] - 公共心跳原因码返回是:0, 用时=30031
2026-07-26 21:43:34.045 INFO [nioEventLoopGroup-4-6][CrossServerScript.java:848] - 公共心跳原因码返回是:0, 用时=30027
2026-07-26 21:44:04.078 INFO [nioEventLoopGroup-4-6][CrossServerScript.java:848] - 公共心跳原因码返回是:0, 用时=30032
2026-07-26 21:44:34.009 INFO [nioEventLoopGroup-4-6][CrossServerScript.java:848] - 公共心跳原因码返回是:0, 用时=29931
2026-07-26 21:45:01.873 ERROR [worldMap_timer-Timer][TimerThread.java:78] - TIMER事件的时间花费：13数量：245
2026-07-26 21:45:04.056 INFO [nioEventLoopGroup-4-6][CrossServerScript.java:848] - 公共心跳原因码返回是:0, 用时=30048
2026-07-26 21:45:33.985 INFO [nioEventLoopGroup-4-6][CrossServerScript.java:848] - 公共心跳原因码返回是:0, 用时=29929
2026-07-26 21:46:04.020 INFO [nioEventLoopGroup-4-6][CrossServerScript.java:848] - 公共心跳原因码返回是:0, 用时=30035
2026-07-26 21:46:34.054 INFO [nioEventLoopGroup-4-6][CrossServerScript.java:848] - 公共心跳原因码返回是:0, 用时=30034
2026-07-26 21:47:04.082 INFO [nioEventLoopGroup-4-6][CrossServerScript.java:848] - 公共心跳原因码返回是:0, 用时=30028
2026-07-26 21:47:34.011 INFO [nioEventLoopGroup-4-6][CrossServerScript.java:848] - 公共心跳原因码返回是:0, 用时=29928
2026-07-26 21:48:04.046 INFO [nioEventLoopGroup-4-6][CrossServerScript.java:848] - 公共心跳原因码返回是:0, 用时=30036
2026-07-26 21:48:34.072 INFO [nioEventLoopGroup-4-6][CrossServerScript.java:848] - 公共心跳原因码返回是:0, 用时=30026
2026-07-26 21:49:04.008 INFO [nioEventLoopGroup-4-6][CrossServerScript.java:848] - 公共心跳原因码返回是:0, 用时=29936
2026-07-26 21:49:34.047 INFO [nioEventLoopGroup-4-6][CrossServerScript.java:848] - 公共心跳原因码返回是:0, 用时=30039
2026-07-26 21:50:04.080 INFO [nioEventLoopGroup-4-6][CrossServerScript.java:848] - 公共心跳原因码返回是:0, 用时=30033
2026-07-26 21:50:34.015 INFO [nioEventLoopGroup-4-6][CrossServerScript.java:848] - 公共心跳原因码返回是:0, 用时=29935
2026-07-26 21:51:04.053 INFO [nioEventLoopGroup-4-6][CrossServerScript.java:848] - 公共心跳原因码返回是:0, 用时=30038
2026-07-26 21:51:34.082 INFO [nioEventLoopGroup-4-6][CrossServerScript.java:848] - 公共心跳原因码返回是:0, 用时=30029
2026-07-26 21:52:04.019 INFO [nioEventLoopGroup-4-6][CrossServerScript.java:848] - 公共心跳原因码返回是:0, 用时=29937
2026-07-26 21:52:34.043 INFO [nioEventLoopGroup-4-6][CrossServerScript.java:848] - 公共心跳原因码返回是:0, 用时=30023
2026-07-26 21:53:04.072 INFO [nioEventLoopGroup-4-6][CrossServerScript.java:848] - 公共心跳原因码返回是:0, 用时=30030
2026-07-26 21:53:34.003 INFO [nioEventLoopGroup-4-6][CrossServerScript.java:848] - 公共心跳原因码返回是:0, 用时=29931
2026-07-26 21:54:04.034 INFO [nioEventLoopGroup-4-6][CrossServerScript.java:848] - 公共心跳原因码返回是:0, 用时=30031
2026-07-26 21:54:34.066 INFO [nioEventLoopGroup-4-6][CrossServerScript.java:848] - 公共心跳原因码返回是:0, 用时=30032
2026-07-26 21:55:04.008 INFO [nioEventLoopGroup-4-6][CrossServerScript.java:848] - 公共心跳原因码返回是:0, 用时=29942
2026-07-26 21:55:34.037 INFO [nioEventLoopGroup-4-6][CrossServerScript.java:848] - 公共心跳原因码返回是:0, 用时=30029
2026-07-26 21:56:04.073 INFO [nioEventLoopGroup-4-6][CrossServerScript.java:848] - 公共心跳原因码返回是:0, 用时=30035
2026-07-26 21:56:34.002 INFO [nioEventLoopGroup-4-6][CrossServerScript.java:848] - 公共心跳原因码返回是:0, 用时=29930
2026-07-26 21:57:04.035 INFO [nioEventLoopGroup-4-6][CrossServerScript.java:848] - 公共心跳原因码返回是:0, 用时=30033
2026-07-26 21:57:34.067 INFO [nioEventLoopGroup-4-6][CrossServerScript.java:848] - 公共心跳原因码返回是:0, 用时=30032
2026-07-26 21:58:04.007 INFO [nioEventLoopGroup-4-6][CrossServerScript.java:848] - 公共心跳原因码返回是:0, 用时=29939
2026-07-26 21:58:34.035 INFO [nioEventLoopGroup-4-6][CrossServerScript.java:848] - 公共心跳原因码返回是:0, 用时=30028
2026-07-26 21:59:04.019 INFO [nioEventLoopGroup-4-6][CrossServerScript.java:848] - 公共心跳原因码返回是:0, 用时=29985
2026-07-26 21:59:34.073 INFO [nioEventLoopGroup-4-6][CrossServerScript.java:848] - 公共心跳原因码返回是:0, 用时=30054
