2026-08-21 06:00:00.098 INFO [RankThread][UniverseRankScript.java:402] - 检查天墟战场名人堂排名
2026-08-21 06:00:10.065 INFO [nioEventLoopGroup-4-1][CrossServerScript.java:848] - 公共心跳原因码返回是:0, 用时=29987
2026-08-21 06:00:40.119 INFO [nioEventLoopGroup-4-1][CrossServerScript.java:848] - 公共心跳原因码返回是:0, 用时=30054
2026-08-21 06:01:10.089 INFO [nioEventLoopGroup-4-1][CrossServerScript.java:848] - 公共心跳原因码返回是:0, 用时=29970
2026-08-21 06:01:40.123 INFO [nioEventLoopGroup-4-1][CrossServerScript.java:848] - 公共心跳原因码返回是:0, 用时=30034
2026-08-21 06:02:10.068 INFO [nioEventLoopGroup-4-1][CrossServerScript.java:848] - 公共心跳原因码返回是:0, 用时=29944
2026-08-21 06:02:40.117 INFO [nioEventLoopGroup-4-1][CrossServerScript.java:848] - 公共心跳原因码返回是:0, 用时=30050
2026-08-21 06:03:10.059 INFO [nioEventLoopGroup-4-1][CrossServerScript.java:848] - 公共心跳原因码返回是:0, 用时=29942
2026-08-21 06:03:40.110 INFO [nioEventLoopGroup-4-1][CrossServerScript.java:848] - 公共心跳原因码返回是:0, 用时=30051
2026-08-21 06:04:10.044 INFO [nioEventLoopGroup-4-1][CrossServerScript.java:848] - 公共心跳原因码返回是:0, 用时=29934
2026-08-21 06:04:40.080 INFO [nioEventLoopGroup-4-1][CrossServerScript.java:848] - 公共心跳原因码返回是:0, 用时=30036
2026-08-21 06:05:10.120 INFO [nioEventLoopGroup-4-1][CrossServerScript.java:848] - 公共心跳原因码返回是:0, 用时=30040
2026-08-21 06:05:40.055 INFO [nioEventLoopGroup-4-1][CrossServerScript.java:848] - 公共心跳原因码返回是:0, 用时=29935
2026-08-21 06:06:10.097 INFO [nioEventLoopGroup-4-1][CrossServerScript.java:848] - 公共心跳原因码返回是:0, 用时=30041
2026-08-21 06:06:40.038 INFO [nioEventLoopGroup-4-1][CrossServerScript.java:848] - 公共心跳原因码返回是:0, 用时=29942
2026-08-21 06:07:10.087 INFO [nioEventLoopGroup-4-1][CrossServerScript.java:848] - 公共心跳原因码返回是:0, 用时=30049
2026-08-21 06:07:40.060 INFO [nioEventLoopGroup-4-1][CrossServerScript.java:848] - 公共心跳原因码返回是:0, 用时=29973
2026-08-21 06:08:10.119 INFO [nioEventLoopGroup-4-1][CrossServerScript.java:848] - 公共心跳原因码返回是:0, 用时=30059
2026-08-21 06:08:40.058 INFO [nioEventLoopGroup-4-1][CrossServerScript.java:848] - 公共心跳原因码返回是:0, 用时=29939
2026-08-21 06:09:10.122 INFO [nioEventLoopGroup-4-1][CrossServerScript.java:848] - 公共心跳原因码返回是:0, 用时=30063
2026-08-21 06:09:31.620 ERROR [copyMap_timer-Timer][TimerThread.java:78] - Затраченное время на таймерные события: 15, количество: 70
2026-08-21 06:09:40.060 INFO [nioEventLoopGroup-4-1][CrossServerScript.java:848] - 公共心跳原因码返回是:0, 用时=29939
2026-08-21 06:10:09.022 ERROR [main_timer-Timer][TimerThread.java:78] - Затраченное время на таймерные события: 14, количество: 17
2026-08-21 06:10:10.114 INFO [nioEventLoopGroup-4-1][CrossServerScript.java:848] - 公共心跳原因码返回是:0, 用时=30054
2026-08-21 06:10:40.069 INFO [nioEventLoopGroup-4-1][CrossServerScript.java:848] - 公共心跳原因码返回是:0, 用时=29954
2026-08-21 06:11:10.101 INFO [nioEventLoopGroup-4-1][CrossServerScript.java:848] - 公共心跳原因码返回是:0, 用时=30032
2026-08-21 06:11:40.034 INFO [nioEventLoopGroup-4-1][CrossServerScript.java:848] - 公共心跳原因码返回是:0, 用时=29933
2026-08-21 06:11:41.956 ERROR [bi_timer-Timer][TimerThread.java:78] - Затраченное время на таймерные события: 16, количество: 2
2026-08-21 06:12:10.077 INFO [nioEventLoopGroup-4-1][CrossServerScript.java:848] - 公共心跳原因码返回是:0, 用时=30044
2026-08-21 06:12:40.111 INFO [nioEventLoopGroup-4-1][CrossServerScript.java:848] - 公共心跳原因码返回是:0, 用时=30034
2026-08-21 06:13:10.055 INFO [nioEventLoopGroup-4-1][CrossServerScript.java:848] - 公共心跳原因码返回是:0, 用时=29944
2026-08-21 06:13:40.092 INFO [nioEventLoopGroup-4-1][CrossServerScript.java:848] - 公共心跳原因码返回是:0, 用时=30037
2026-08-21 06:14:10.123 INFO [nioEventLoopGroup-4-1][CrossServerScript.java:848] - 公共心跳原因码返回是:0, 用时=30031
2026-08-21 06:14:40.061 INFO [nioEventLoopGroup-4-1][CrossServerScript.java:848] - 公共心跳原因码返回是:0, 用时=29937
2026-08-21 06:15:10.099 INFO [nioEventLoopGroup-4-1][CrossServerScript.java:848] - 公共心跳原因码返回是:0, 用时=30039
2026-08-21 06:15:40.043 INFO [nioEventLoopGroup-4-1][CrossServerScript.java:848] - 公共心跳原因码返回是:0, 用时=29944
2026-08-21 06:16:10.091 INFO [nioEventLoopGroup-4-1][CrossServerScript.java:848] - 公共心跳原因码返回是:0, 用时=30048
2026-08-21 06:16:40.127 INFO [nioEventLoopGroup-4-1][CrossServerScript.java:848] - 公共心跳原因码返回是:0, 用时=30036
2026-08-21 06:16:50.673 ERROR [worldMap_timer-Timer][TimerThread.java:78] - Затраченное время на таймерные события: 13, количество: 245
2026-08-21 06:17:10.125 INFO [nioEventLoopGroup-4-1][CrossServerScript.java:848] - 公共心跳原因码返回是:0, 用时=29998
2026-08-21 06:17:40.119 INFO [nioEventLoopGroup-4-1][CrossServerScript.java:848] - 公共心跳原因码返回是:0, 用时=29994
2026-08-21 06:18:10.079 INFO [nioEventLoopGroup-4-1][CrossServerScript.java:848] - 公共心跳原因码返回是:0, 用时=29960
2026-08-21 06:18:13.903 ERROR [worldMap_timer-Timer][TimerThread.java:78] - Затраченное время на таймерные события: 17, количество: 245
2026-08-21 06:18:40.129 INFO [nioEventLoopGroup-4-1][CrossServerScript.java:848] - 公共心跳原因码返回是:0, 用时=30050
2026-08-21 06:19:10.098 INFO [nioEventLoopGroup-4-1][CrossServerScript.java:848] - 公共心跳原因码返回是:0, 用时=29969
2026-08-21 06:19:40.068 INFO [nioEventLoopGroup-4-1][CrossServerScript.java:848] - 公共心跳原因码返回是:0, 用时=29970
2026-08-21 06:20:10.129 INFO [nioEventLoopGroup-4-1][CrossServerScript.java:848] - 公共心跳原因码返回是:0, 用时=30061
2026-08-21 06:20:40.073 INFO [nioEventLoopGroup-4-1][CrossServerScript.java:848] - 公共心跳原因码返回是:0, 用时=29944
2026-08-21 06:21:10.050 INFO [nioEventLoopGroup-4-1][CrossServerScript.java:848] - 公共心跳原因码返回是:0, 用时=29977
2026-08-21 06:21:40.057 INFO [nioEventLoopGroup-4-1][CrossServerScript.java:848] - 公共心跳原因码返回是:0, 用时=30007
2026-08-21 06:22:04.719 ERROR [worldMap_timer-Timer][TimerThread.java:78] - Затраченное время на таймерные события: 11, количество: 245
2026-08-21 06:22:10.125 INFO [nioEventLoopGroup-4-1][CrossServerScript.java:848] - 公共心跳原因码返回是:0, 用时=30068
2026-08-21 06:22:40.060 INFO [nioEventLoopGroup-4-1][CrossServerScript.java:848] - 公共心跳原因码返回是:0, 用时=29934
2026-08-21 06:23:10.113 INFO [nioEventLoopGroup-4-1][CrossServerScript.java:848] - 公共心跳原因码返回是:0, 用时=30054
2026-08-21 06:23:18.808 ERROR [worldMap_timer-Timer][TimerThread.java:78] - Затраченное время на таймерные события: 11, количество: 245
2026-08-21 06:23:40.093 INFO [nioEventLoopGroup-4-1][CrossServerScript.java:848] - 公共心跳原因码返回是:0, 用时=29980
2026-08-21 06:23:46.171 ERROR [worldMap_timer-Timer][TimerThread.java:78] - Затраченное время на таймерные события: 15, количество: 245
2026-08-21 06:24:10.039 INFO [nioEventLoopGroup-4-1][CrossServerScript.java:848] - 公共心跳原因码返回是:0, 用时=29946
2026-08-21 06:24:40.096 INFO [nioEventLoopGroup-4-1][CrossServerScript.java:848] - 公共心跳原因码返回是:0, 用时=30057
2026-08-21 06:25:10.059 INFO [nioEventLoopGroup-4-1][CrossServerScript.java:848] - 公共心跳原因码返回是:0, 用时=29963
2026-08-21 06:25:40.092 INFO [nioEventLoopGroup-4-1][CrossServerScript.java:848] - 公共心跳原因码返回是:0, 用时=30033
2026-08-21 06:26:10.032 INFO [nioEventLoopGroup-4-1][CrossServerScript.java:848] - 公共心跳原因码返回是:0, 用时=29940
2026-08-21 06:26:40.066 INFO [nioEventLoopGroup-4-1][CrossServerScript.java:848] - 公共心跳原因码返回是:0, 用时=30034
2026-08-21 06:27:10.109 INFO [nioEventLoopGroup-4-1][CrossServerScript.java:848] - 公共心跳原因码返回是:0, 用时=30043
2026-08-21 06:27:40.049 INFO [nioEventLoopGroup-4-1][CrossServerScript.java:848] - 公共心跳原因码返回是:0, 用时=29940
2026-08-21 06:28:10.091 INFO [nioEventLoopGroup-4-1][CrossServerScript.java:848] - 公共心跳原因码返回是:0, 用时=30042
2026-08-21 06:28:40.036 INFO [nioEventLoopGroup-4-1][CrossServerScript.java:848] - 公共心跳原因码返回是:0, 用时=29944
2026-08-21 06:29:10.073 INFO [nioEventLoopGroup-4-1][CrossServerScript.java:848] - 公共心跳原因码返回是:0, 用时=30038
2026-08-21 06:29:40.110 INFO [nioEventLoopGroup-4-1][CrossServerScript.java:848] - 公共心跳原因码返回是:0, 用时=30037
2026-08-21 06:30:10.073 INFO [nioEventLoopGroup-4-1][CrossServerScript.java:848] - 公共心跳原因码返回是:0, 用时=29963
2026-08-21 06:30:16.921 ERROR [worldMap_timer-Timer][TimerThread.java:78] - Затраченное время на таймерные события: 15, количество: 245
2026-08-21 06:30:40.114 INFO [nioEventLoopGroup-4-1][CrossServerScript.java:848] - 公共心跳原因码返回是:0, 用时=30041
2026-08-21 06:31:10.053 INFO [nioEventLoopGroup-4-1][CrossServerScript.java:848] - 公共心跳原因码返回是:0, 用时=29938
2026-08-21 06:31:40.089 INFO [nioEventLoopGroup-4-1][CrossServerScript.java:848] - 公共心跳原因码返回是:0, 用时=30037
2026-08-21 06:32:10.124 INFO [nioEventLoopGroup-4-1][CrossServerScript.java:848] - 公共心跳原因码返回是:0, 用时=30035
2026-08-21 06:32:40.064 INFO [nioEventLoopGroup-4-1][CrossServerScript.java:848] - 公共心跳原因码返回是:0, 用时=29940
2026-08-21 06:33:10.099 INFO [nioEventLoopGroup-4-1][CrossServerScript.java:848] - 公共心跳原因码返回是:0, 用时=30035
2026-08-21 06:33:40.036 INFO [nioEventLoopGroup-4-1][CrossServerScript.java:848] - 公共心跳原因码返回是:0, 用时=29936
2026-08-21 06:34:10.073 INFO [nioEventLoopGroup-4-1][CrossServerScript.java:848] - 公共心跳原因码返回是:0, 用时=30037
2026-08-21 06:34:40.102 INFO [nioEventLoopGroup-4-1][CrossServerScript.java:848] - 公共心跳原因码返回是:0, 用时=30030
2026-08-21 06:35:10.039 INFO [nioEventLoopGroup-4-1][CrossServerScript.java:848] - 公共心跳原因码返回是:0, 用时=29936
2026-08-21 06:35:40.085 INFO [nioEventLoopGroup-4-1][CrossServerScript.java:848] - 公共心跳原因码返回是:0, 用时=30046
2026-08-21 06:36:10.034 INFO [nioEventLoopGroup-4-1][CrossServerScript.java:848] - 公共心跳原因码返回是:0, 用时=29950
2026-08-21 06:36:40.065 INFO [nioEventLoopGroup-4-1][CrossServerScript.java:848] - 公共心跳原因码返回是:0, 用时=30031
2026-08-21 06:37:10.115 INFO [nioEventLoopGroup-4-1][CrossServerScript.java:848] - 公共心跳原因码返回是:0, 用时=30050
2026-08-21 06:37:40.062 INFO [nioEventLoopGroup-4-1][CrossServerScript.java:848] - 公共心跳原因码返回是:0, 用时=29946
2026-08-21 06:38:10.112 INFO [nioEventLoopGroup-4-1][CrossServerScript.java:848] - 公共心跳原因码返回是:0, 用时=30051
2026-08-21 06:38:40.050 INFO [nioEventLoopGroup-4-1][CrossServerScript.java:848] - 公共心跳原因码返回是:0, 用时=29938
2026-08-21 06:39:10.100 INFO [nioEventLoopGroup-4-1][CrossServerScript.java:848] - 公共心跳原因码返回是:0, 用时=30050
2026-08-21 06:39:40.039 INFO [nioEventLoopGroup-4-1][CrossServerScript.java:848] - 公共心跳原因码返回是:0, 用时=29939
2026-08-21 06:40:01.771 ERROR [worldMap_timer-Timer][TimerThread.java:78] - Затраченное время на таймерные события: 11, количество: 245
2026-08-21 06:40:10.082 INFO [nioEventLoopGroup-4-1][CrossServerScript.java:848] - 公共心跳原因码返回是:0, 用时=30043
2026-08-21 06:40:40.112 INFO [nioEventLoopGroup-4-1][CrossServerScript.java:848] - 公共心跳原因码返回是:0, 用时=30030
2026-08-21 06:41:01.077 ERROR [worldMap_timer-Timer][TimerThread.java:78] - Затраченное время на таймерные события: 11, количество: 245
2026-08-21 06:41:10.058 INFO [nioEventLoopGroup-4-1][CrossServerScript.java:848] - 公共心跳原因码返回是:0, 用时=29945
2026-08-21 06:41:40.094 INFO [nioEventLoopGroup-4-1][CrossServerScript.java:848] - 公共心跳原因码返回是:0, 用时=30037
2026-08-21 06:42:10.032 INFO [nioEventLoopGroup-4-1][CrossServerScript.java:848] - 公共心跳原因码返回是:0, 用时=29937
2026-08-21 06:42:40.068 INFO [nioEventLoopGroup-4-1][CrossServerScript.java:848] - 公共心跳原因码返回是:0, 用时=30037
2026-08-21 06:43:10.120 INFO [nioEventLoopGroup-4-1][CrossServerScript.java:848] - 公共心跳原因码返回是:0, 用时=30052
2026-08-21 06:43:40.050 INFO [nioEventLoopGroup-4-1][CrossServerScript.java:848] - 公共心跳原因码返回是:0, 用时=29929
2026-08-21 06:44:10.090 INFO [nioEventLoopGroup-4-1][CrossServerScript.java:848] - 公共心跳原因码返回是:0, 用时=30041
2026-08-21 06:44:24.269 ERROR [copyMap_timer-Timer][TimerThread.java:78] - Затраченное время на таймерные события: 16, количество: 70
2026-08-21 06:44:40.126 INFO [nioEventLoopGroup-4-1][CrossServerScript.java:848] - 公共心跳原因码返回是:0, 用时=30035
2026-08-21 06:45:10.086 INFO [nioEventLoopGroup-4-1][CrossServerScript.java:848] - 公共心跳原因码返回是:0, 用时=29961
2026-08-21 06:45:40.129 INFO [nioEventLoopGroup-4-1][CrossServerScript.java:848] - 公共心跳原因码返回是:0, 用时=30043
2026-08-21 06:46:10.063 INFO [nioEventLoopGroup-4-1][CrossServerScript.java:848] - 公共心跳原因码返回是:0, 用时=29934
2026-08-21 06:46:40.099 INFO [nioEventLoopGroup-4-1][CrossServerScript.java:848] - 公共心跳原因码返回是:0, 用时=30036
2026-08-21 06:47:10.037 INFO [nioEventLoopGroup-4-1][CrossServerScript.java:848] - 公共心跳原因码返回是:0, 用时=29937
2026-08-21 06:47:40.070 INFO [nioEventLoopGroup-4-1][CrossServerScript.java:848] - 公共心跳原因码返回是:0, 用时=30033
2026-08-21 06:48:10.109 INFO [nioEventLoopGroup-4-1][CrossServerScript.java:848] - 公共心跳原因码返回是:0, 用时=30040
2026-08-21 06:48:40.046 INFO [nioEventLoopGroup-4-1][CrossServerScript.java:848] - 公共心跳原因码返回是:0, 用时=29937
2026-08-21 06:48:44.983 ERROR [bi_timer-Timer][TimerThread.java:78] - Затраченное время на таймерные события: 16, количество: 2
2026-08-21 06:49:10.089 INFO [nioEventLoopGroup-4-1][CrossServerScript.java:848] - 公共心跳原因码返回是:0, 用时=30042
2026-08-21 06:49:14.823 ERROR [worldMap_timer-Timer][TimerThread.java:78] - Затраченное время на таймерные события: 14, количество: 245
2026-08-21 06:49:40.045 INFO [nioEventLoopGroup-4-1][CrossServerScript.java:848] - 公共心跳原因码返回是:0, 用时=29957
2026-08-21 06:50:10.107 INFO [nioEventLoopGroup-4-1][CrossServerScript.java:848] - 公共心跳原因码返回是:0, 用时=30061
2026-08-21 06:50:40.048 INFO [nioEventLoopGroup-4-1][CrossServerScript.java:848] - 公共心跳原因码返回是:0, 用时=29942
2026-08-21 06:51:10.089 INFO [nioEventLoopGroup-4-1][CrossServerScript.java:848] - 公共心跳原因码返回是:0, 用时=30040
2026-08-21 06:51:40.126 INFO [nioEventLoopGroup-4-1][CrossServerScript.java:848] - 公共心跳原因码返回是:0, 用时=30038
2026-08-21 06:52:10.059 INFO [nioEventLoopGroup-4-1][CrossServerScript.java:848] - 公共心跳原因码返回是:0, 用时=29933
2026-08-21 06:52:11.030 ERROR [worldMap_timer-Timer][TimerThread.java:78] - Затраченное время на таймерные события: 13, количество: 245
2026-08-21 06:52:40.100 INFO [nioEventLoopGroup-4-1][CrossServerScript.java:848] - 公共心跳原因码返回是:0, 用时=30041
2026-08-21 06:53:10.049 INFO [nioEventLoopGroup-4-1][CrossServerScript.java:848] - 公共心跳原因码返回是:0, 用时=29949
2026-08-21 06:53:40.094 INFO [nioEventLoopGroup-4-1][CrossServerScript.java:848] - 公共心跳原因码返回是:0, 用时=30045
2026-08-21 06:54:10.039 INFO [nioEventLoopGroup-4-1][CrossServerScript.java:848] - 公共心跳原因码返回是:0, 用时=29945
2026-08-21 06:54:40.088 INFO [nioEventLoopGroup-4-1][CrossServerScript.java:848] - 公共心跳原因码返回是:0, 用时=30049
2026-08-21 06:55:10.035 INFO [nioEventLoopGroup-4-1][CrossServerScript.java:848] - 公共心跳原因码返回是:0, 用时=29947
2026-08-21 06:55:40.089 INFO [nioEventLoopGroup-4-1][CrossServerScript.java:848] - 公共心跳原因码返回是:0, 用时=30054
2026-08-21 06:56:10.065 INFO [nioEventLoopGroup-4-1][CrossServerScript.java:848] - 公共心跳原因码返回是:0, 用时=29976
2026-08-21 06:56:40.127 INFO [nioEventLoopGroup-4-1][CrossServerScript.java:848] - 公共心跳原因码返回是:0, 用时=30062
2026-08-21 06:57:10.073 INFO [nioEventLoopGroup-4-1][CrossServerScript.java:848] - 公共心跳原因码返回是:0, 用时=29946
2026-08-21 06:57:28.226 ERROR [worldMap_timer-Timer][TimerThread.java:78] - Затраченное время на таймерные события: 16, количество: 245
2026-08-21 06:57:40.115 INFO [nioEventLoopGroup-4-1][CrossServerScript.java:848] - 公共心跳原因码返回是:0, 用时=30042
2026-08-21 06:58:10.060 INFO [nioEventLoopGroup-4-1][CrossServerScript.java:848] - 公共心跳原因码返回是:0, 用时=29945
2026-08-21 06:58:40.127 INFO [nioEventLoopGroup-4-1][CrossServerScript.java:848] - 公共心跳原因码返回是:0, 用时=30067
2026-08-21 06:59:10.068 INFO [nioEventLoopGroup-4-1][CrossServerScript.java:848] - 公共心跳原因码返回是:0, 用时=29941
2026-08-21 06:59:40.101 INFO [nioEventLoopGroup-4-1][CrossServerScript.java:848] - 公共心跳原因码返回是:0, 用时=30033
