2026-08-20 18:00:00.073 INFO [RankThread][UniverseRankScript.java:402] - 检查天墟战场名人堂排名
2026-08-20 18:00:10.065 INFO [nioEventLoopGroup-4-1][CrossServerScript.java:848] - 公共心跳原因码返回是:0, 用时=29937
2026-08-20 18:00:40.072 INFO [nioEventLoopGroup-4-1][CrossServerScript.java:848] - 公共心跳原因码返回是:0, 用时=30007
2026-08-20 18:01:10.130 INFO [nioEventLoopGroup-4-1][CrossServerScript.java:848] - 公共心跳原因码返回是:0, 用时=30057
2026-08-20 18:01:17.100 ERROR [worldMap_timer-Timer][TimerThread.java:78] - Затраченное время на таймерные события: 94, количество: 245
2026-08-20 18:01:17.163 ERROR [copyMap_timer-Timer][TimerThread.java:78] - Затраченное время на таймерные события: 32, количество: 63
2026-08-20 18:01:40.080 INFO [nioEventLoopGroup-4-1][CrossServerScript.java:848] - 公共心跳原因码返回是:0, 用时=29951
2026-08-20 18:02:02.776 ERROR [worldMap_timer-Timer][TimerThread.java:78] - Затраченное время на таймерные события: 28, количество: 245
2026-08-20 18:02:10.082 INFO [nioEventLoopGroup-4-1][CrossServerScript.java:848] - 公共心跳原因码返回是:0, 用时=30002
2026-08-20 18:02:40.086 INFO [nioEventLoopGroup-4-1][CrossServerScript.java:848] - 公共心跳原因码返回是:0, 用时=30004
2026-08-20 18:03:01.158 ERROR [worldMap_timer-Timer][TimerThread.java:78] - Затраченное время на таймерные события: 68, количество: 245
2026-08-20 18:03:10.104 INFO [nioEventLoopGroup-4-1][CrossServerScript.java:848] - 公共心跳原因码返回是:0, 用时=30018
2026-08-20 18:03:40.108 INFO [nioEventLoopGroup-4-1][CrossServerScript.java:848] - 公共心跳原因码返回是:0, 用时=30004
2026-08-20 18:03:44.770 ERROR [worldMap_timer-Timer][TimerThread.java:78] - Затраченное время на таймерные события: 18, количество: 245
2026-08-20 18:04:01.188 ERROR [worldMap_timer-Timer][TimerThread.java:78] - Затраченное время на таймерные события: 114, количество: 245
2026-08-20 18:04:01.508 ERROR [worldMap_timer-Timer][TimerThread.java:78] - Затраченное время на таймерные события: 14, количество: 245
2026-08-20 18:04:10.053 INFO [nioEventLoopGroup-4-1][CrossServerScript.java:848] - 公共心跳原因码返回是:0, 用时=29945
2026-08-20 18:04:40.084 INFO [nioEventLoopGroup-4-1][CrossServerScript.java:848] - 公共心跳原因码返回是:0, 用时=30030
2026-08-20 18:05:09.649 ERROR [worldMap_timer-Timer][TimerThread.java:78] - Затраченное время на таймерные события: 11, количество: 245
2026-08-20 18:05:10.050 INFO [nioEventLoopGroup-4-1][CrossServerScript.java:848] - 公共心跳原因码返回是:0, 用时=29967
2026-08-20 18:05:25.238 ERROR [worldMap_timer-Timer][TimerThread.java:78] - Затраченное время на таймерные события: 11, количество: 245
2026-08-20 18:05:33.373 ERROR [worldMap_timer-Timer][TimerThread.java:78] - Затраченное время на таймерные события: 18, количество: 245
2026-08-20 18:05:34.912 ERROR [worldMap_timer-Timer][TimerThread.java:78] - Затраченное время на таймерные события: 31, количество: 245
2026-08-20 18:05:40.094 INFO [nioEventLoopGroup-4-1][CrossServerScript.java:848] - 公共心跳原因码返回是:0, 用时=30044
2026-08-20 18:06:10.101 INFO [nioEventLoopGroup-4-1][CrossServerScript.java:848] - 公共心跳原因码返回是:0, 用时=30006
2026-08-20 18:06:34.775 ERROR [worldMap_timer-Timer][TimerThread.java:78] - Затраченное время на таймерные события: 108, количество: 245
2026-08-20 18:06:40.092 INFO [nioEventLoopGroup-4-1][CrossServerScript.java:848] - 公共心跳原因码返回是:0, 用时=29991
2026-08-20 18:06:59.199 ERROR [worldMap_timer-Timer][TimerThread.java:78] - Затраченное время на таймерные события: 17, количество: 245
2026-08-20 18:07:10.067 INFO [nioEventLoopGroup-4-1][CrossServerScript.java:848] - 公共心跳原因码返回是:0, 用时=29975
2026-08-20 18:07:40.035 INFO [nioEventLoopGroup-4-1][CrossServerScript.java:848] - 公共心跳原因码返回是:0, 用时=29969
2026-08-20 18:08:10.079 INFO [nioEventLoopGroup-4-1][CrossServerScript.java:848] - 公共心跳原因码返回是:0, 用时=30044
2026-08-20 18:08:21.391 ERROR [worldMap_timer-Timer][TimerThread.java:78] - Затраченное время на таймерные события: 13, количество: 245
2026-08-20 18:08:40.102 INFO [nioEventLoopGroup-4-1][CrossServerScript.java:848] - 公共心跳原因码返回是:0, 用时=30022
2026-08-20 18:08:54.982 ERROR [worldMap_timer-Timer][TimerThread.java:78] - Затраченное время на таймерные события: 32, количество: 245
2026-08-20 18:09:02.841 ERROR [copyMap_timer-Timer][TimerThread.java:78] - Затраченное время на таймерные события: 13, количество: 63
2026-08-20 18:09:02.937 ERROR [worldMap_timer-Timer][TimerThread.java:78] - Затраченное время на таймерные события: 147, количество: 245
2026-08-20 18:09:10.062 INFO [nioEventLoopGroup-4-1][CrossServerScript.java:848] - 公共心跳原因码返回是:0, 用时=29961
2026-08-20 18:09:27.310 ERROR [worldMap_timer-Timer][TimerThread.java:78] - Затраченное время на таймерные события: 16, количество: 245
2026-08-20 18:09:40.121 INFO [nioEventLoopGroup-4-1][CrossServerScript.java:848] - 公共心跳原因码返回是:0, 用时=30059
2026-08-20 18:10:08.687 ERROR [main_timer-Timer][TimerThread.java:78] - Затраченное время на таймерные события: 24, количество: 17
2026-08-20 18:10:10.075 INFO [nioEventLoopGroup-4-1][CrossServerScript.java:848] - 公共心跳原因码返回是:0, 用时=29954
2026-08-20 18:10:13.110 ERROR [worldMap_timer-Timer][TimerThread.java:78] - Затраченное время на таймерные события: 13, количество: 245
2026-08-20 18:10:18.649 ERROR [worldMap_timer-Timer][TimerThread.java:78] - Затраченное время на таймерные события: 11, количество: 245
2026-08-20 18:10:40.047 INFO [nioEventLoopGroup-4-1][CrossServerScript.java:848] - 公共心跳原因码返回是:0, 用时=29972
2026-08-20 18:10:45.049 ERROR [worldMap_timer-Timer][TimerThread.java:78] - Затраченное время на таймерные события: 11, количество: 245
2026-08-20 18:11:10.116 INFO [nioEventLoopGroup-4-1][CrossServerScript.java:848] - 公共心跳原因码返回是:0, 用时=30069
2026-08-20 18:11:40.037 INFO [nioEventLoopGroup-4-1][CrossServerScript.java:848] - 公共心跳原因码返回是:0, 用时=29921
2026-08-20 18:12:04.818 ERROR [worldMap_timer-Timer][TimerThread.java:78] - Затраченное время на таймерные события: 17, количество: 245
2026-08-20 18:12:05.165 ERROR [worldMap_timer-Timer][TimerThread.java:78] - Затраченное время на таймерные события: 49, количество: 245
2026-08-20 18:12:06.398 ERROR [copyMap_timer-Timer][TimerThread.java:78] - Затраченное время на таймерные события: 19, количество: 63
2026-08-20 18:12:10.099 INFO [nioEventLoopGroup-4-1][CrossServerScript.java:848] - 公共心跳原因码返回是:0, 用时=30061
2026-08-20 18:12:39.202 ERROR [worldMap_timer-Timer][TimerThread.java:78] - Затраченное время на таймерные события: 11, количество: 245
2026-08-20 18:12:40.119 INFO [nioEventLoopGroup-4-1][CrossServerScript.java:848] - 公共心跳原因码返回是:0, 用时=30020
2026-08-20 18:13:10.066 INFO [nioEventLoopGroup-4-1][CrossServerScript.java:848] - 公共心跳原因码返回是:0, 用时=29947
2026-08-20 18:13:40.059 INFO [nioEventLoopGroup-4-1][CrossServerScript.java:848] - 公共心跳原因码返回是:0, 用时=29994
2026-08-20 18:13:40.954 ERROR [worldMap_timer-Timer][TimerThread.java:78] - Затраченное время на таймерные события: 16, количество: 245
2026-08-20 18:14:10.102 INFO [nioEventLoopGroup-4-1][CrossServerScript.java:848] - 公共心跳原因码返回是:0, 用时=30043
2026-08-20 18:14:40.079 INFO [nioEventLoopGroup-4-1][CrossServerScript.java:848] - 公共心跳原因码返回是:0, 用时=29977
2026-08-20 18:15:10.094 INFO [nioEventLoopGroup-4-1][CrossServerScript.java:848] - 公共心跳原因码返回是:0, 用时=30015
2026-08-20 18:15:22.866 ERROR [worldMap_timer-Timer][TimerThread.java:78] - Затраченное время на таймерные события: 21, количество: 245
2026-08-20 18:15:23.157 ERROR [copyMap_timer-Timer][TimerThread.java:78] - Затраченное время на таймерные события: 31, количество: 63
2026-08-20 18:15:40.076 INFO [nioEventLoopGroup-4-1][CrossServerScript.java:848] - 公共心跳原因码返回是:0, 用时=29982
2026-08-20 18:16:10.080 INFO [nioEventLoopGroup-4-1][CrossServerScript.java:848] - 公共心跳原因码返回是:0, 用时=30004
2026-08-20 18:16:40.093 INFO [nioEventLoopGroup-4-1][CrossServerScript.java:848] - 公共心跳原因码返回是:0, 用时=30013
2026-08-20 18:16:45.956 ERROR [worldMap_timer-Timer][TimerThread.java:78] - Затраченное время на таймерные события: 127, количество: 245
2026-08-20 18:17:10.111 INFO [nioEventLoopGroup-4-1][CrossServerScript.java:848] - 公共心跳原因码返回是:0, 用时=30018
2026-08-20 18:17:40.052 INFO [nioEventLoopGroup-4-1][CrossServerScript.java:848] - 公共心跳原因码返回是:0, 用时=29941
2026-08-20 18:17:55.260 ERROR [worldMap_timer-Timer][TimerThread.java:78] - Затраченное время на таймерные события: 184, количество: 245
2026-08-20 18:17:55.442 ERROR [worldMap_timer-Timer][TimerThread.java:78] - Затраченное время на таймерные события: 57, количество: 245
2026-08-20 18:18:10.052 INFO [nioEventLoopGroup-4-1][CrossServerScript.java:848] - 公共心跳原因码返回是:0, 用时=30000
2026-08-20 18:18:33.205 ERROR [copyMap_timer-Timer][TimerThread.java:78] - Затраченное время на таймерные события: 17, количество: 63
2026-08-20 18:18:40.033 INFO [nioEventLoopGroup-4-1][CrossServerScript.java:848] - 公共心跳原因码返回是:0, 用时=29981
2026-08-20 18:18:40.789 ERROR [worldMap_timer-Timer][TimerThread.java:78] - Затраченное время на таймерные события: 12, количество: 245
2026-08-20 18:18:57.977 ERROR [worldMap_timer-Timer][TimerThread.java:78] - Затраченное время на таймерные события: 11, количество: 245
2026-08-20 18:19:10.087 INFO [nioEventLoopGroup-4-1][CrossServerScript.java:848] - 公共心跳原因码返回是:0, 用时=30053
2026-08-20 18:19:24.789 ERROR [worldMap_timer-Timer][TimerThread.java:78] - Затраченное время на таймерные события: 12, количество: 245
2026-08-20 18:19:40.117 INFO [nioEventLoopGroup-4-1][CrossServerScript.java:848] - 公共心跳原因码返回是:0, 用时=30031
2026-08-20 18:19:46.750 ERROR [worldMap_timer-Timer][TimerThread.java:78] - Затраченное время на таймерные события: 40, количество: 245
2026-08-20 18:19:47.165 ERROR [worldMap_timer-Timer][TimerThread.java:78] - Затраченное время на таймерные события: 144, количество: 245
2026-08-20 18:20:07.221 ERROR [worldMap_timer-Timer][TimerThread.java:78] - Затраченное время на таймерные события: 33, количество: 245
2026-08-20 18:20:07.306 ERROR [worldMap_timer-Timer][TimerThread.java:78] - Затраченное время на таймерные события: 18, количество: 245
2026-08-20 18:20:10.065 INFO [nioEventLoopGroup-4-1][CrossServerScript.java:848] - 公共心跳原因码返回是:0, 用时=29947
2026-08-20 18:20:19.836 ERROR [copyMap_timer-Timer][TimerThread.java:78] - Затраченное время на таймерные события: 12, количество: 63
2026-08-20 18:20:40.064 INFO [nioEventLoopGroup-4-1][CrossServerScript.java:848] - 公共心跳原因码返回是:0, 用时=29999
2026-08-20 18:20:43.016 ERROR [worldMap_timer-Timer][TimerThread.java:78] - Затраченное время на таймерные события: 20, количество: 245
2026-08-20 18:20:57.155 ERROR [worldMap_timer-Timer][TimerThread.java:78] - Затраченное время на таймерные события: 14, количество: 245
2026-08-20 18:21:10.101 INFO [nioEventLoopGroup-4-1][CrossServerScript.java:848] - 公共心跳原因码返回是:0, 用时=30038
2026-08-20 18:21:10.926 ERROR [copyMap_timer-Timer][TimerThread.java:78] - Затраченное время на таймерные события: 11, количество: 63
2026-08-20 18:21:40.127 INFO [nioEventLoopGroup-4-1][CrossServerScript.java:848] - 公共心跳原因码返回是:0, 用时=30026
2026-08-20 18:22:10.044 INFO [nioEventLoopGroup-4-1][CrossServerScript.java:848] - 公共心跳原因码返回是:0, 用时=29917
2026-08-20 18:22:12.942 ERROR [worldMap_timer-Timer][TimerThread.java:78] - Затраченное время на таймерные события: 11, количество: 245
2026-08-20 18:22:26.592 ERROR [worldMap_timer-Timer][TimerThread.java:78] - Затраченное время на таймерные события: 11, количество: 245
2026-08-20 18:22:32.834 ERROR [worldMap_timer-Timer][TimerThread.java:78] - Затраченное время на таймерные события: 13, количество: 245
2026-08-20 18:22:40.034 INFO [nioEventLoopGroup-4-1][CrossServerScript.java:848] - 公共心跳原因码返回是:0, 用时=29990
2026-08-20 18:23:03.104 ERROR [worldMap_timer-Timer][TimerThread.java:78] - Затраченное время на таймерные события: 56, количество: 245
2026-08-20 18:23:06.441 ERROR [worldMap_timer-Timer][TimerThread.java:78] - Затраченное время на таймерные события: 11, количество: 245
2026-08-20 18:23:10.049 INFO [nioEventLoopGroup-4-1][CrossServerScript.java:848] - 公共心跳原因码返回是:0, 用时=30014
2026-08-20 18:23:40.049 INFO [nioEventLoopGroup-4-1][CrossServerScript.java:848] - 公共心跳原因码返回是:0, 用时=30001
2026-08-20 18:23:43.251 ERROR [worldMap_timer-Timer][TimerThread.java:78] - Затраченное время на таймерные события: 20, количество: 245
2026-08-20 18:23:55.205 ERROR [copyMap_timer-Timer][TimerThread.java:78] - Затраченное время на таймерные события: 16, количество: 63
2026-08-20 18:24:09.034 ERROR [worldMap_timer-Timer][TimerThread.java:78] - Затраченное время на таймерные события: 17, количество: 245
2026-08-20 18:24:09.198 ERROR [worldMap_timer-Timer][TimerThread.java:78] - Затраченное время на таймерные события: 38, количество: 245
2026-08-20 18:24:09.404 ERROR [worldMap_timer-Timer][TimerThread.java:78] - Затраченное время на таймерные события: 121, количество: 245
2026-08-20 18:24:10.067 INFO [nioEventLoopGroup-4-1][CrossServerScript.java:848] - 公共心跳原因码返回是:0, 用时=30017
2026-08-20 18:24:25.032 ERROR [worldMap_timer-Timer][TimerThread.java:78] - Затраченное время на таймерные события: 26, количество: 245
2026-08-20 18:24:40.047 INFO [nioEventLoopGroup-4-1][CrossServerScript.java:848] - 公共心跳原因码返回是:0, 用时=29981
2026-08-20 18:25:03.093 ERROR [worldMap_timer-Timer][TimerThread.java:78] - Затраченное время на таймерные события: 16, количество: 245
2026-08-20 18:25:09.051 ERROR [worldMap_timer-Timer][TimerThread.java:78] - Затраченное время на таймерные события: 41, количество: 245
2026-08-20 18:25:10.076 INFO [nioEventLoopGroup-4-1][CrossServerScript.java:848] - 公共心跳原因码返回是:0, 用时=30029
2026-08-20 18:25:21.454 ERROR [bi_timer-Timer][TimerThread.java:78] - Затраченное время на таймерные события: 31, количество: 2
2026-08-20 18:25:27.545 ERROR [worldMap_timer-Timer][TimerThread.java:78] - Затраченное время на таймерные события: 70, количество: 245
2026-08-20 18:25:40.119 INFO [nioEventLoopGroup-4-1][CrossServerScript.java:848] - 公共心跳原因码返回是:0, 用时=30043
2026-08-20 18:25:52.667 ERROR [worldMap_timer-Timer][TimerThread.java:78] - Затраченное время на таймерные события: 18, количество: 245
2026-08-20 18:25:55.141 ERROR [worldMap_timer-Timer][TimerThread.java:78] - Затраченное время на таймерные события: 14, количество: 245
2026-08-20 18:26:10.060 INFO [nioEventLoopGroup-4-1][CrossServerScript.java:848] - 公共心跳原因码返回是:0, 用时=29941
2026-08-20 18:26:40.075 INFO [nioEventLoopGroup-4-1][CrossServerScript.java:848] - 公共心跳原因码返回是:0, 用时=30015
2026-08-20 18:26:52.963 ERROR [worldMap_timer-Timer][TimerThread.java:78] - Затраченное время на таймерные события: 11, количество: 245
2026-08-20 18:26:58.519 ERROR [copyMap_timer-Timer][TimerThread.java:78] - Затраченное время на таймерные события: 23, количество: 63
2026-08-20 18:26:59.362 ERROR [worldMap_timer-Timer][TimerThread.java:78] - Затраченное время на таймерные события: 11, количество: 245
2026-08-20 18:27:09.148 ERROR [worldMap_timer-Timer][TimerThread.java:78] - Затраченное время на таймерные события: 12, количество: 245
2026-08-20 18:27:09.152 ERROR [main_timer-Timer][TimerThread.java:78] - Затраченное время на таймерные события: 47, количество: 17
2026-08-20 18:27:10.111 INFO [nioEventLoopGroup-4-1][CrossServerScript.java:848] - 公共心跳原因码返回是:0, 用时=30036
2026-08-20 18:27:40.056 INFO [nioEventLoopGroup-4-1][CrossServerScript.java:848] - 公共心跳原因码返回是:0, 用时=29945
2026-08-20 18:28:05.029 ERROR [copyMap_timer-Timer][TimerThread.java:78] - Затраченное время на таймерные события: 63, количество: 63
2026-08-20 18:28:10.077 INFO [nioEventLoopGroup-4-1][CrossServerScript.java:848] - 公共心跳原因码返回是:0, 用时=30020
2026-08-20 18:28:34.905 ERROR [copyMap_timer-Timer][TimerThread.java:78] - Затраченное время на таймерные события: 21, количество: 63
2026-08-20 18:28:40.119 INFO [nioEventLoopGroup-4-1][CrossServerScript.java:848] - 公共心跳原因码返回是:0, 用时=30043
2026-08-20 18:29:10.077 INFO [nioEventLoopGroup-4-1][CrossServerScript.java:848] - 公共心跳原因码返回是:0, 用时=29957
2026-08-20 18:29:40.127 INFO [nioEventLoopGroup-4-1][CrossServerScript.java:848] - 公共心跳原因码返回是:0, 用时=30050
2026-08-20 18:30:10.103 INFO [nioEventLoopGroup-4-1][CrossServerScript.java:848] - 公共心跳原因码返回是:0, 用时=29976
2026-08-20 18:30:34.255 ERROR [worldMap_timer-Timer][TimerThread.java:78] - Затраченное время на таймерные события: 11, количество: 245
2026-08-20 18:30:40.047 INFO [nioEventLoopGroup-4-1][CrossServerScript.java:848] - 公共心跳原因码返回是:0, 用时=29945
2026-08-20 18:31:10.070 INFO [nioEventLoopGroup-4-1][CrossServerScript.java:848] - 公共心跳原因码返回是:0, 用时=30023
2026-08-20 18:31:38.926 ERROR [copyMap_timer-Timer][TimerThread.java:78] - Затраченное время на таймерные события: 38, количество: 63
2026-08-20 18:31:40.087 INFO [nioEventLoopGroup-4-1][CrossServerScript.java:848] - 公共心跳原因码返回是:0, 用时=30017
2026-08-20 18:32:10.097 INFO [nioEventLoopGroup-4-1][CrossServerScript.java:848] - 公共心跳原因码返回是:0, 用时=30009
2026-08-20 18:32:40.122 INFO [nioEventLoopGroup-4-1][CrossServerScript.java:848] - 公共心跳原因码返回是:0, 用时=30026
2026-08-20 18:32:43.958 ERROR [worldMap_timer-Timer][TimerThread.java:78] - Затраченное время на таймерные события: 12, количество: 245
2026-08-20 18:32:49.079 ERROR [worldMap_timer-Timer][TimerThread.java:78] - Затраченное время на таймерные события: 12, количество: 245
2026-08-20 18:33:05.154 ERROR [worldMap_timer-Timer][TimerThread.java:78] - Затраченное время на таймерные события: 39, количество: 245
2026-08-20 18:33:07.150 ERROR [worldMap_timer-Timer][TimerThread.java:78] - Затраченное время на таймерные события: 26, количество: 245
2026-08-20 18:33:10.097 INFO [nioEventLoopGroup-4-1][CrossServerScript.java:848] - 公共心跳原因码返回是:0, 用时=29975
2026-08-20 18:33:40.099 INFO [nioEventLoopGroup-4-1][CrossServerScript.java:848] - 公共心跳原因码返回是:0, 用时=30002
2026-08-20 18:34:10.090 INFO [nioEventLoopGroup-4-1][CrossServerScript.java:848] - 公共心跳原因码返回是:0, 用时=29990
2026-08-20 18:34:19.665 ERROR [worldMap_timer-Timer][TimerThread.java:78] - Затраченное время на таймерные события: 39, количество: 245
2026-08-20 18:34:21.714 ERROR [worldMap_timer-Timer][TimerThread.java:78] - Затраченное время на таймерные события: 13, количество: 245
2026-08-20 18:34:23.133 ERROR [worldMap_timer-Timer][TimerThread.java:78] - Затраченное время на таймерные события: 107, количество: 245
2026-08-20 18:34:23.173 ERROR [worldMap_timer-Timer][TimerThread.java:78] - Затраченное время на таймерные события: 39, количество: 245
2026-08-20 18:34:40.065 INFO [nioEventLoopGroup-4-1][CrossServerScript.java:848] - 公共心跳原因码返回是:0, 用时=29976
2026-08-20 18:34:57.055 ERROR [main_timer-Timer][TimerThread.java:78] - Затраченное время на таймерные события: 27, количество: 17
2026-08-20 18:35:10.071 INFO [nioEventLoopGroup-4-1][CrossServerScript.java:848] - 公共心跳原因码返回是:0, 用时=30005
2026-08-20 18:35:40.034 INFO [nioEventLoopGroup-4-1][CrossServerScript.java:848] - 公共心跳原因码返回是:0, 用时=29964
2026-08-20 18:36:10.034 INFO [nioEventLoopGroup-4-1][CrossServerScript.java:848] - 公共心跳原因码返回是:0, 用时=30000
2026-08-20 18:36:40.066 INFO [nioEventLoopGroup-4-1][CrossServerScript.java:848] - 公共心跳原因码返回是:0, 用时=30032
2026-08-20 18:37:09.123 ERROR [copyMap_timer-Timer][TimerThread.java:78] - Затраченное время на таймерные события: 11, количество: 63
2026-08-20 18:37:10.286 INFO [nioEventLoopGroup-4-1][CrossServerScript.java:848] - 公共心跳原因码返回是:0, 用时=30220
2026-08-20 18:37:11.191 ERROR [worldMap_timer-Timer][TimerThread.java:78] - Затраченное время на таймерные события: 59, количество: 245
2026-08-20 18:37:40.036 INFO [nioEventLoopGroup-4-1][CrossServerScript.java:848] - 公共心跳原因码返回是:0, 用时=29749
2026-08-20 18:38:09.231 ERROR [worldMap_timer-Timer][TimerThread.java:78] - Затраченное время на таймерные события: 15, количество: 245
2026-08-20 18:38:10.163 INFO [nioEventLoopGroup-4-1][CrossServerScript.java:848] - 公共心跳原因码返回是:0, 用时=30128
2026-08-20 18:38:12.035 ERROR [worldMap_timer-Timer][TimerThread.java:78] - Затраченное время на таймерные события: 11, количество: 245
2026-08-20 18:38:40.113 INFO [nioEventLoopGroup-4-1][CrossServerScript.java:848] - 公共心跳原因码返回是:0, 用时=29949
2026-08-20 18:38:50.650 ERROR [copyMap_timer-Timer][TimerThread.java:78] - Затраченное время на таймерные события: 16, количество: 63
2026-08-20 18:38:50.676 ERROR [worldMap_timer-Timer][TimerThread.java:78] - Затраченное время на таймерные события: 17, количество: 245
2026-08-20 18:39:06.891 ERROR [worldMap_timer-Timer][TimerThread.java:78] - Затраченное время на таймерные события: 29, количество: 245
2026-08-20 18:39:07.420 ERROR [main_timer-Timer][TimerThread.java:78] - Затраченное время на таймерные события: 17, количество: 17
2026-08-20 18:39:09.233 ERROR [worldMap_timer-Timer][TimerThread.java:78] - Затраченное время на таймерные события: 18, количество: 245
2026-08-20 18:39:10.031 INFO [nioEventLoopGroup-4-1][CrossServerScript.java:848] - 公共心跳原因码返回是:0, 用时=29918
2026-08-20 18:39:32.928 ERROR [worldMap_timer-Timer][TimerThread.java:78] - Затраченное время на таймерные события: 14, количество: 245
2026-08-20 18:39:40.033 INFO [nioEventLoopGroup-4-1][CrossServerScript.java:848] - 公共心跳原因码返回是:0, 用时=30002
2026-08-20 18:39:58.918 ERROR [worldMap_timer-Timer][TimerThread.java:78] - Затраченное время на таймерные события: 13, количество: 245
2026-08-20 18:39:59.920 ERROR [worldMap_timer-Timer][TimerThread.java:78] - Затраченное время на таймерные события: 14, количество: 245
2026-08-20 18:40:03.310 ERROR [worldMap_timer-Timer][TimerThread.java:78] - Затраченное время на таймерные события: 11, количество: 245
2026-08-20 18:40:10.074 INFO [nioEventLoopGroup-4-1][CrossServerScript.java:848] - 公共心跳原因码返回是:0, 用时=30042
2026-08-20 18:40:19.061 ERROR [worldMap_timer-Timer][TimerThread.java:78] - Затраченное время на таймерные события: 12, количество: 245
2026-08-20 18:40:19.226 ERROR [worldMap_timer-Timer][TimerThread.java:78] - Затраченное время на таймерные события: 28, количество: 245
2026-08-20 18:40:29.270 ERROR [worldMap_timer-Timer][TimerThread.java:78] - Затраченное время на таймерные события: 11, количество: 245
2026-08-20 18:40:36.821 ERROR [worldMap_timer-Timer][TimerThread.java:78] - Затраченное время на таймерные события: 12, количество: 245
2026-08-20 18:40:40.129 INFO [nioEventLoopGroup-4-1][CrossServerScript.java:848] - 公共心跳原因码返回是:0, 用时=30055
2026-08-20 18:41:10.041 INFO [nioEventLoopGroup-4-1][CrossServerScript.java:848] - 公共心跳原因码返回是:0, 用时=29912
2026-08-20 18:41:40.054 INFO [nioEventLoopGroup-4-1][CrossServerScript.java:848] - 公共心跳原因码返回是:0, 用时=30013
2026-08-20 18:42:10.126 INFO [nioEventLoopGroup-4-1][CrossServerScript.java:848] - 公共心跳原因码返回是:0, 用时=30072
2026-08-20 18:42:14.932 ERROR [worldMap_timer-Timer][TimerThread.java:78] - Затраченное время на таймерные события: 14, количество: 245
2026-08-20 18:42:40.065 INFO [nioEventLoopGroup-4-1][CrossServerScript.java:848] - 公共心跳原因码返回是:0, 用时=29938
2026-08-20 18:42:53.177 ERROR [worldMap_timer-Timer][TimerThread.java:78] - Затраченное время на таймерные события: 13, количество: 245
2026-08-20 18:42:53.402 ERROR [worldMap_timer-Timer][TimerThread.java:78] - Затраченное время на таймерные события: 16, количество: 245
2026-08-20 18:43:02.945 ERROR [worldMap_timer-Timer][TimerThread.java:78] - Затраченное время на таймерные события: 17, количество: 245
2026-08-20 18:43:06.266 ERROR [worldMap_timer-Timer][TimerThread.java:78] - Затраченное время на таймерные события: 15, количество: 245
2026-08-20 18:43:08.666 ERROR [worldMap_timer-Timer][TimerThread.java:78] - Затраченное время на таймерные события: 12, количество: 245
2026-08-20 18:43:10.063 INFO [nioEventLoopGroup-4-1][CrossServerScript.java:848] - 公共心跳原因码返回是:0, 用时=29998
2026-08-20 18:43:13.124 ERROR [main_timer-Timer][TimerThread.java:78] - Затраченное время на таймерные события: 30, количество: 17
2026-08-20 18:43:13.129 ERROR [worldMap_timer-Timer][TimerThread.java:78] - Затраченное время на таймерные события: 13, количество: 245
2026-08-20 18:43:15.078 ERROR [worldMap_timer-Timer][TimerThread.java:78] - Затраченное время на таймерные события: 23, количество: 245
2026-08-20 18:43:37.719 ERROR [worldMap_timer-Timer][TimerThread.java:78] - Затраченное время на таймерные события: 11, количество: 245
2026-08-20 18:43:40.124 INFO [nioEventLoopGroup-4-1][CrossServerScript.java:848] - 公共心跳原因码返回是:0, 用时=30062
2026-08-20 18:44:10.069 INFO [nioEventLoopGroup-4-1][CrossServerScript.java:848] - 公共心跳原因码返回是:0, 用时=29945
2026-08-20 18:44:20.648 ERROR [worldMap_timer-Timer][TimerThread.java:78] - Затраченное время на таймерные события: 19, количество: 245
2026-08-20 18:44:20.840 ERROR [worldMap_timer-Timer][TimerThread.java:78] - Затраченное время на таймерные события: 74, количество: 245
2026-08-20 18:44:40.115 INFO [nioEventLoopGroup-4-1][CrossServerScript.java:848] - 公共心跳原因码返回是:0, 用时=30045
2026-08-20 18:45:01.385 ERROR [copyMap_timer-Timer][TimerThread.java:78] - Затраченное время на таймерные события: 22, количество: 63
2026-08-20 18:45:01.492 ERROR [bi_timer-Timer][TimerThread.java:78] - Затраченное время на таймерные события: 46, количество: 2
2026-08-20 18:45:01.513 ERROR [worldMap_timer-Timer][TimerThread.java:78] - Затраченное время на таймерные события: 83, количество: 245
2026-08-20 18:45:01.610 ERROR [copyMap_timer-Timer][TimerThread.java:78] - Затраченное время на таймерные события: 13, количество: 63
2026-08-20 18:45:01.917 ERROR [worldMap_timer-Timer][TimerThread.java:78] - Затраченное время на таймерные события: 40, количество: 245
2026-08-20 18:45:02.665 ERROR [worldMap_timer-Timer][TimerThread.java:78] - Затраченное время на таймерные события: 15, количество: 245
2026-08-20 18:45:10.055 INFO [nioEventLoopGroup-4-1][CrossServerScript.java:848] - 公共心跳原因码返回是:0, 用时=29941
2026-08-20 18:45:12.893 ERROR [copyMap_timer-Timer][TimerThread.java:78] - Затраченное время на таймерные события: 14, количество: 63
2026-08-20 18:45:40.108 INFO [nioEventLoopGroup-4-1][CrossServerScript.java:848] - 公共心跳原因码返回是:0, 用时=30052
2026-08-20 18:45:52.747 ERROR [worldMap_timer-Timer][TimerThread.java:78] - Затраченное время на таймерные события: 21, количество: 245
2026-08-20 18:46:10.033 INFO [nioEventLoopGroup-4-1][CrossServerScript.java:848] - 公共心跳原因码返回是:0, 用时=29926
2026-08-20 18:46:10.890 ERROR [worldMap_timer-Timer][TimerThread.java:78] - Затраченное время на таймерные события: 51, количество: 245
2026-08-20 18:46:26.723 ERROR [worldMap_timer-Timer][TimerThread.java:78] - Затраченное время на таймерные события: 36, количество: 245
2026-08-20 18:46:26.889 ERROR [worldMap_timer-Timer][TimerThread.java:78] - Затраченное время на таймерные события: 13, количество: 245
2026-08-20 18:46:40.079 INFO [nioEventLoopGroup-4-1][CrossServerScript.java:848] - 公共心跳原因码返回是:0, 用时=30045
2026-08-20 18:46:52.795 ERROR [worldMap_timer-Timer][TimerThread.java:78] - Затраченное время на таймерные события: 18, количество: 245
2026-08-20 18:47:10.097 INFO [nioEventLoopGroup-4-1][CrossServerScript.java:848] - 公共心跳原因码返回是:0, 用时=30019
2026-08-20 18:47:23.127 ERROR [worldMap_timer-Timer][TimerThread.java:78] - Затраченное время на таймерные события: 11, количество: 245
2026-08-20 18:47:40.047 INFO [nioEventLoopGroup-4-1][CrossServerScript.java:848] - 公共心跳原因码返回是:0, 用时=29950
2026-08-20 18:48:10.103 INFO [nioEventLoopGroup-4-1][CrossServerScript.java:848] - 公共心跳原因码返回是:0, 用时=30056
2026-08-20 18:48:40.036 INFO [nioEventLoopGroup-4-1][CrossServerScript.java:848] - 公共心跳原因码返回是:0, 用时=29931
2026-08-20 18:48:53.433 ERROR [worldMap_timer-Timer][TimerThread.java:78] - Затраченное время на таймерные события: 16, количество: 245
2026-08-20 18:49:10.081 INFO [nioEventLoopGroup-4-1][CrossServerScript.java:848] - 公共心跳原因码返回是:0, 用时=30046
2026-08-20 18:49:10.963 ERROR [worldMap_timer-Timer][TimerThread.java:78] - Затраченное время на таймерные события: 174, количество: 245
2026-08-20 18:49:11.092 ERROR [worldMap_timer-Timer][TimerThread.java:78] - Затраченное время на таймерные события: 27, количество: 245
2026-08-20 18:49:12.857 ERROR [worldMap_timer-Timer][TimerThread.java:78] - Затраченное время на таймерные события: 50, количество: 245
2026-08-20 18:49:17.148 ERROR [worldMap_timer-Timer][TimerThread.java:78] - Затраченное время на таймерные события: 20, количество: 245
2026-08-20 18:49:29.068 ERROR [worldMap_timer-Timer][TimerThread.java:78] - Затраченное время на таймерные события: 13, количество: 245
2026-08-20 18:49:40.059 INFO [nioEventLoopGroup-4-1][CrossServerScript.java:848] - 公共心跳原因码返回是:0, 用时=29979
2026-08-20 18:50:01.161 ERROR [worldMap_timer-Timer][TimerThread.java:78] - Затраченное время на таймерные события: 50, количество: 245
2026-08-20 18:50:01.553 ERROR [worldMap_timer-Timer][TimerThread.java:78] - Затраченное время на таймерные события: 12, количество: 245
2026-08-20 18:50:05.014 ERROR [worldMap_timer-Timer][TimerThread.java:78] - Затраченное время на таймерные события: 21, количество: 245
2026-08-20 18:50:10.085 INFO [nioEventLoopGroup-4-1][CrossServerScript.java:848] - 公共心跳原因码返回是:0, 用时=30026
2026-08-20 18:50:33.100 ERROR [worldMap_timer-Timer][TimerThread.java:78] - Затраченное время на таймерные события: 18, количество: 245
2026-08-20 18:50:38.961 ERROR [worldMap_timer-Timer][TimerThread.java:78] - Затраченное время на таймерные события: 24, количество: 245
2026-08-20 18:50:38.984 ERROR [copyMap_timer-Timer][TimerThread.java:78] - Затраченное время на таймерные события: 39, количество: 63
2026-08-20 18:50:39.058 ERROR [worldMap_timer-Timer][TimerThread.java:78] - Затраченное время на таймерные события: 14, количество: 245
2026-08-20 18:50:39.058 ERROR [copyMap_timer-Timer][TimerThread.java:78] - Затраченное время на таймерные события: 11, количество: 63
2026-08-20 18:50:40.074 INFO [nioEventLoopGroup-4-1][CrossServerScript.java:848] - 公共心跳原因码返回是:0, 用时=29989
2026-08-20 18:50:44.798 ERROR [worldMap_timer-Timer][TimerThread.java:78] - Затраченное время на таймерные события: 12, количество: 245
2026-08-20 18:50:46.621 ERROR [worldMap_timer-Timer][TimerThread.java:78] - Затраченное время на таймерные события: 23, количество: 245
2026-08-20 18:50:57.344 ERROR [worldMap_timer-Timer][TimerThread.java:78] - Затраченное время на таймерные события: 111, количество: 245
2026-08-20 18:50:57.432 ERROR [worldMap_timer-Timer][TimerThread.java:78] - Затраченное время на таймерные события: 87, количество: 245
2026-08-20 18:50:57.456 ERROR [copyMap_timer-Timer][TimerThread.java:78] - Затраченное время на таймерные события: 12, количество: 63
2026-08-20 18:51:08.166 ERROR [worldMap_timer-Timer][TimerThread.java:78] - Затраченное время на таймерные события: 15, количество: 245
2026-08-20 18:51:10.047 INFO [nioEventLoopGroup-4-1][CrossServerScript.java:848] - 公共心跳原因码返回是:0, 用时=29973
2026-08-20 18:51:40.107 INFO [nioEventLoopGroup-4-1][CrossServerScript.java:848] - 公共心跳原因码返回是:0, 用时=30060
2026-08-20 18:52:10.103 INFO [nioEventLoopGroup-4-1][CrossServerScript.java:848] - 公共心跳原因码返回是:0, 用时=29996
2026-08-20 18:52:18.447 ERROR [worldMap_timer-Timer][TimerThread.java:78] - Затраченное время на таймерные события: 11, количество: 245
2026-08-20 18:52:40.072 INFO [nioEventLoopGroup-4-1][CrossServerScript.java:848] - 公共心跳原因码返回是:0, 用时=29969
2026-08-20 18:52:57.058 ERROR [worldMap_timer-Timer][TimerThread.java:78] - Затраченное время на таймерные события: 24, количество: 245
2026-08-20 18:53:10.070 INFO [nioEventLoopGroup-4-1][CrossServerScript.java:848] - 公共心跳原因码返回是:0, 用时=29998
2026-08-20 18:53:31.065 ERROR [worldMap_timer-Timer][TimerThread.java:78] - Затраченное время на таймерные события: 148, количество: 245
2026-08-20 18:53:31.116 ERROR [copyMap_timer-Timer][TimerThread.java:78] - Затраченное время на таймерные события: 17, количество: 63
2026-08-20 18:53:31.157 ERROR [worldMap_timer-Timer][TimerThread.java:78] - Затраченное время на таймерные события: 70, количество: 245
2026-08-20 18:53:31.236 ERROR [copyMap_timer-Timer][TimerThread.java:78] - Затраченное время на таймерные события: 17, количество: 63
2026-08-20 18:53:40.119 INFO [nioEventLoopGroup-4-1][CrossServerScript.java:848] - 公共心跳原因码返回是:0, 用时=30049
2026-08-20 18:53:53.248 ERROR [worldMap_timer-Timer][TimerThread.java:78] - Затраченное время на таймерные события: 50, количество: 245
2026-08-20 18:53:54.601 ERROR [worldMap_timer-Timer][TimerThread.java:78] - Затраченное время на таймерные события: 16, количество: 245
2026-08-20 18:53:55.427 ERROR [worldMap_timer-Timer][TimerThread.java:78] - Затраченное время на таймерные события: 16, количество: 245
2026-08-20 18:54:10.085 INFO [nioEventLoopGroup-4-1][CrossServerScript.java:848] - 公共心跳原因码返回是:0, 用时=29966
2026-08-20 18:54:38.211 ERROR [worldMap_timer-Timer][TimerThread.java:78] - Затраченное время на таймерные события: 12, количество: 245
2026-08-20 18:54:39.157 ERROR [worldMap_timer-Timer][TimerThread.java:78] - Затраченное время на таймерные события: 23, количество: 245
2026-08-20 18:54:40.087 INFO [nioEventLoopGroup-4-1][CrossServerScript.java:848] - 公共心跳原因码返回是:0, 用时=30002
2026-08-20 18:55:10.094 INFO [nioEventLoopGroup-4-1][CrossServerScript.java:848] - 公共心跳原因码返回是:0, 用时=30007
2026-08-20 18:55:16.139 ERROR [worldMap_timer-Timer][TimerThread.java:78] - Затраченное время на таймерные события: 24, количество: 245
2026-08-20 18:55:16.254 ERROR [worldMap_timer-Timer][TimerThread.java:78] - Затраченное время на таймерные события: 22, количество: 245
2026-08-20 18:55:16.861 ERROR [worldMap_timer-Timer][TimerThread.java:78] - Затраченное время на таймерные события: 11, количество: 245
2026-08-20 18:55:17.094 ERROR [worldMap_timer-Timer][TimerThread.java:78] - Затраченное время на таймерные события: 34, количество: 245
2026-08-20 18:55:39.187 ERROR [worldMap_timer-Timer][TimerThread.java:78] - Затраченное время на таймерные события: 27, количество: 245
2026-08-20 18:55:40.081 INFO [nioEventLoopGroup-4-1][CrossServerScript.java:848] - 公共心跳原因码返回是:0, 用时=29986
2026-08-20 18:55:59.037 ERROR [worldMap_timer-Timer][TimerThread.java:78] - Затраченное время на таймерные события: 21, количество: 245
2026-08-20 18:56:10.077 INFO [nioEventLoopGroup-4-1][CrossServerScript.java:848] - 公共心跳原因码返回是:0, 用时=29997
2026-08-20 18:56:10.754 ERROR [copyMap_timer-Timer][TimerThread.java:78] - Затраченное время на таймерные события: 94, количество: 63
2026-08-20 18:56:10.853 ERROR [worldMap_timer-Timer][TimerThread.java:78] - Затраченное время на таймерные события: 34, количество: 245
2026-08-20 18:56:10.988 ERROR [worldMap_timer-Timer][TimerThread.java:78] - Затраченное время на таймерные события: 39, количество: 245
2026-08-20 18:56:18.354 ERROR [worldMap_timer-Timer][TimerThread.java:78] - Затраченное время на таймерные события: 11, количество: 245
2026-08-20 18:56:21.095 ERROR [copyMap_timer-Timer][TimerThread.java:78] - Затраченное время на таймерные события: 22, количество: 63
2026-08-20 18:56:21.096 ERROR [worldMap_timer-Timer][TimerThread.java:78] - Затраченное время на таймерные события: 11, количество: 245
2026-08-20 18:56:40.071 INFO [nioEventLoopGroup-4-1][CrossServerScript.java:848] - 公共心跳原因码返回是:0, 用时=29994
2026-08-20 18:57:03.678 ERROR [worldMap_timer-Timer][TimerThread.java:78] - Затраченное время на таймерные события: 13, количество: 245
2026-08-20 18:57:06.220 ERROR [worldMap_timer-Timer][TimerThread.java:78] - Затраченное время на таймерные события: 15, количество: 245
2026-08-20 18:57:10.116 INFO [nioEventLoopGroup-4-1][CrossServerScript.java:848] - 公共心跳原因码返回是:0, 用时=30044
2026-08-20 18:57:12.581 ERROR [worldMap_timer-Timer][TimerThread.java:78] - Затраченное время на таймерные события: 16, количество: 245
2026-08-20 18:57:40.044 INFO [nioEventLoopGroup-4-1][CrossServerScript.java:848] - 公共心跳原因码返回是:0, 用时=29929
2026-08-20 18:58:03.176 ERROR [worldMap_timer-Timer][TimerThread.java:78] - Затраченное время на таймерные события: 20, количество: 245
2026-08-20 18:58:03.190 ERROR [copyMap_timer-Timer][TimerThread.java:78] - Затраченное время на таймерные события: 30, количество: 63
2026-08-20 18:58:03.515 ERROR [worldMap_timer-Timer][TimerThread.java:78] - Затраченное время на таймерные события: 160, количество: 245
2026-08-20 18:58:09.347 ERROR [worldMap_timer-Timer][TimerThread.java:78] - Затраченное время на таймерные события: 12, количество: 245
2026-08-20 18:58:09.767 ERROR [worldMap_timer-Timer][TimerThread.java:78] - Затраченное время на таймерные события: 22, количество: 245
2026-08-20 18:58:10.056 INFO [nioEventLoopGroup-4-1][CrossServerScript.java:848] - 公共心跳原因码返回是:0, 用时=30011
2026-08-20 18:58:10.076 ERROR [worldMap_timer-Timer][TimerThread.java:78] - Затраченное время на таймерные события: 11, количество: 245
2026-08-20 18:58:22.579 ERROR [worldMap_timer-Timer][TimerThread.java:78] - Затраченное время на таймерные события: 13, количество: 245
2026-08-20 18:58:28.858 ERROR [worldMap_timer-Timer][TimerThread.java:78] - Затраченное время на таймерные события: 17, количество: 245
2026-08-20 18:58:40.098 INFO [nioEventLoopGroup-4-1][CrossServerScript.java:848] - 公共心跳原因码返回是:0, 用时=30043
2026-08-20 18:58:53.008 ERROR [worldMap_timer-Timer][TimerThread.java:78] - Затраченное время на таймерные события: 34, количество: 245
2026-08-20 18:59:10.107 INFO [nioEventLoopGroup-4-1][CrossServerScript.java:848] - 公共心跳原因码返回是:0, 用时=30009
2026-08-20 18:59:13.180 ERROR [worldMap_timer-Timer][TimerThread.java:78] - Затраченное время на таймерные события: 69, количество: 245
2026-08-20 18:59:15.100 ERROR [worldMap_timer-Timer][TimerThread.java:78] - Затраченное время на таймерные события: 18, количество: 245
2026-08-20 18:59:16.376 ERROR [main_timer-Timer][TimerThread.java:78] - Затраченное время на таймерные события: 37, количество: 17
2026-08-20 18:59:40.088 INFO [nioEventLoopGroup-4-1][CrossServerScript.java:848] - 公共心跳原因码返回是:0, 用时=29981
