2026-08-20 21:01:51.576 ERROR [worldMap_timer-Timer][TimerThread.java:78] - Затраченное время на таймерные события: 19, количество: 245
2026-08-20 21:02:03.057 ERROR [copyMap_timer-Timer][TimerThread.java:78] - Затраченное время на таймерные события: 23, количество: 63
2026-08-20 21:02:03.057 ERROR [worldMap_timer-Timer][TimerThread.java:78] - Затраченное время на таймерные события: 22, количество: 245
2026-08-20 21:02:24.571 ERROR [worldMap_timer-Timer][TimerThread.java:78] - Затраченное время на таймерные события: 17, количество: 245
2026-08-20 21:02:36.500 ERROR [worldMap_timer-Timer][TimerThread.java:78] - Затраченное время на таймерные события: 11, количество: 245
2026-08-20 21:02:37.114 ERROR [worldMap_timer-Timer][TimerThread.java:78] - Затраченное время на таймерные события: 21, количество: 245
2026-08-20 21:03:25.498 ERROR [worldMap_timer-Timer][TimerThread.java:78] - Затраченное время на таймерные события: 12, количество: 245
2026-08-20 21:03:30.113 ERROR [worldMap_timer-Timer][TimerThread.java:78] - Затраченное время на таймерные события: 14, количество: 245
2026-08-20 21:05:01.614 ERROR [worldMap_timer-Timer][TimerThread.java:78] - Затраченное время на таймерные события: 43, количество: 245
2026-08-20 21:05:54.716 ERROR [worldMap_timer-Timer][TimerThread.java:78] - Затраченное время на таймерные события: 36, количество: 245
2026-08-20 21:06:16.094 ERROR [copyMap_timer-Timer][TimerThread.java:78] - Затраченное время на таймерные события: 46, количество: 63
2026-08-20 21:06:16.095 ERROR [worldMap_timer-Timer][TimerThread.java:78] - Затраченное время на таймерные события: 58, количество: 245
2026-08-20 21:06:16.274 ERROR [worldMap_timer-Timer][TimerThread.java:78] - Затраченное время на таймерные события: 23, количество: 245
2026-08-20 21:06:16.692 ERROR [copyMap_timer-Timer][TimerThread.java:78] - Затраченное время на таймерные события: 108, количество: 63
2026-08-20 21:06:20.829 ERROR [worldMap_timer-Timer][TimerThread.java:78] - Затраченное время на таймерные события: 11, количество: 245
2026-08-20 21:06:24.635 ERROR [worldMap_timer-Timer][TimerThread.java:78] - Затраченное время на таймерные события: 12, количество: 245
2026-08-20 21:06:29.823 ERROR [worldMap_timer-Timer][TimerThread.java:78] - Затраченное время на таймерные события: 76, количество: 245
2026-08-20 21:07:02.785 ERROR [main_timer-Timer][TimerThread.java:78] - Затраченное время на таймерные события: 18, количество: 18
2026-08-20 21:09:02.672 ERROR [copyMap_timer-Timer][TimerThread.java:78] - Затраченное время на таймерные события: 15, количество: 63
2026-08-20 21:09:41.032 ERROR [worldMap_timer-Timer][TimerThread.java:78] - Затраченное время на таймерные события: 31, количество: 245
2026-08-20 21:11:57.009 ERROR [main_timer-Timer][TimerThread.java:78] - Затраченное время на таймерные события: 68, количество: 18
2026-08-20 21:12:04.941 ERROR [worldMap_timer-Timer][TimerThread.java:78] - Затраченное время на таймерные события: 11, количество: 245
2026-08-20 21:13:04.855 ERROR [worldMap_timer-Timer][TimerThread.java:78] - Затраченное время на таймерные события: 20, количество: 245
2026-08-20 21:13:10.867 ERROR [worldMap_timer-Timer][TimerThread.java:78] - Затраченное время на таймерные события: 13, количество: 245
2026-08-20 21:14:01.895 ERROR [worldMap_timer-Timer][TimerThread.java:78] - Затраченное время на таймерные события: 19, количество: 245
2026-08-20 21:14:01.896 ERROR [main_timer-Timer][TimerThread.java:78] - Затраченное время на таймерные события: 11, количество: 18
2026-08-20 21:14:33.462 ERROR [copyMap_timer-Timer][TimerThread.java:78] - Затраченное время на таймерные события: 43, количество: 63
2026-08-20 21:16:04.956 ERROR [worldMap_timer-Timer][TimerThread.java:78] - Затраченное время на таймерные события: 15, количество: 245
2026-08-20 21:18:33.020 ERROR [worldMap_timer-Timer][TimerThread.java:78] - Затраченное время на таймерные события: 16, количество: 245
2026-08-20 21:22:51.048 ERROR [worldMap_timer-Timer][TimerThread.java:78] - Затраченное время на таймерные события: 42, количество: 245
2026-08-20 21:24:11.355 ERROR [zone_1][ServerThread.java:87] - zone_1-->MonsterBehaviorTimer run:311
2026-08-20 21:24:11.441 ERROR [main_timer-Timer][TimerThread.java:78] - Затраченное время на таймерные события: 358, количество: 18
2026-08-20 21:24:29.723 ERROR [copyMap_timer-Timer][TimerThread.java:78] - Затраченное время на таймерные события: 14, количество: 63
2026-08-20 21:25:02.086 ERROR [worldMap_timer-Timer][TimerThread.java:78] - Затраченное время на таймерные события: 26, количество: 245
2026-08-20 21:25:53.600 ERROR [worldMap_timer-Timer][TimerThread.java:78] - Затраченное время на таймерные события: 26, количество: 245
2026-08-20 21:26:12.769 ERROR [worldMap_timer-Timer][TimerThread.java:78] - Затраченное время на таймерные события: 33, количество: 245
2026-08-20 21:30:11.721 ERROR [bi_timer-Timer][TimerThread.java:78] - Затраченное время на таймерные события: 11, количество: 2
2026-08-20 21:36:52.611 ERROR [worldMap_timer-Timer][TimerThread.java:78] - Затраченное время на таймерные события: 73, количество: 245
2026-08-20 21:37:38.033 ERROR [worldMap_timer-Timer][TimerThread.java:78] - Затраченное время на таймерные события: 23, количество: 245
2026-08-20 21:38:53.008 ERROR [copyMap_timer-Timer][TimerThread.java:78] - Затраченное время на таймерные события: 12, количество: 70
2026-08-20 21:40:51.442 ERROR [worldMap_timer-Timer][TimerThread.java:78] - Затраченное время на таймерные события: 15, количество: 245
2026-08-20 21:41:40.970 ERROR [worldMap_timer-Timer][TimerThread.java:78] - Затраченное время на таймерные события: 35, количество: 245
2026-08-20 21:41:53.662 ERROR [worldMap_timer-Timer][TimerThread.java:78] - Затраченное время на таймерные события: 34, количество: 245
2026-08-20 21:44:00.168 ERROR [copyMap_timer-Timer][TimerThread.java:78] - Затраченное время на таймерные события: 62, количество: 70
2026-08-20 21:44:01.544 ERROR [bi_timer-Timer][TimerThread.java:78] - Затраченное время на таймерные события: 99, количество: 2
2026-08-20 21:45:23.288 ERROR [worldMap_timer-Timer][TimerThread.java:78] - Затраченное время на таймерные события: 231, количество: 245
2026-08-20 21:45:23.508 ERROR [zone_1][ServerThread.java:87] - zone_1-->MonsterBehaviorTimer run:433
2026-08-20 21:45:51.140 ERROR [copyMap_timer-Timer][TimerThread.java:78] - Затраченное время на таймерные события: 16, количество: 70
2026-08-20 21:46:05.332 ERROR [worldMap_timer-Timer][TimerThread.java:78] - Затраченное время на таймерные события: 55, количество: 245
2026-08-20 21:46:05.343 ERROR [worldMap_timer-Timer][TimerThread.java:78] - Затраченное время на таймерные события: 11, количество: 245
2026-08-20 21:46:13.358 ERROR [copyMap_timer-Timer][TimerThread.java:78] - Затраченное время на таймерные события: 123, количество: 70
2026-08-20 21:46:57.009 ERROR [worldMap_timer-Timer][TimerThread.java:78] - Затраченное время на таймерные события: 18, количество: 245
2026-08-20 21:47:11.431 ERROR [city_3][ServerThread.java:87] - city_3-->MapLoopScriptEventTimer run:269
2026-08-20 21:48:19.191 ERROR [main_timer-Timer][TimerThread.java:78] - Затраченное время на таймерные события: 16, количество: 17
2026-08-20 21:49:10.815 ERROR [worldMap_timer-Timer][TimerThread.java:78] - Затраченное время на таймерные события: 298, количество: 245
2026-08-20 21:51:08.758 ERROR [worldMap_timer-Timer][TimerThread.java:78] - Затраченное время на таймерные события: 158, количество: 245
2026-08-20 21:52:26.897 ERROR [bi_timer-Timer][TimerThread.java:78] - Затраченное время на таймерные события: 20, количество: 2
2026-08-20 21:54:37.167 ERROR [copyMap_timer-Timer][TimerThread.java:78] - Затраченное время на таймерные события: 19, количество: 70
2026-08-20 21:54:41.486 ERROR [worldMap_timer-Timer][TimerThread.java:78] - Затраченное время на таймерные события: 54, количество: 245
2026-08-20 21:57:11.440 ERROR [worldMap_timer-Timer][TimerThread.java:78] - Затраченное время на таймерные события: 11, количество: 245
2026-08-20 21:57:11.725 ERROR [worldMap_timer-Timer][TimerThread.java:78] - Затраченное время на таймерные события: 92, количество: 245
2026-08-20 21:57:34.825 ERROR [worldMap_timer-Timer][TimerThread.java:78] - Затраченное время на таймерные события: 68, количество: 245
2026-08-20 21:57:34.870 ERROR [worldMap_timer-Timer][TimerThread.java:78] - Затраченное время на таймерные события: 11, количество: 245
2026-08-20 21:57:53.751 ERROR [worldMap_timer-Timer][TimerThread.java:78] - Затраченное время на таймерные события: 15, количество: 245
2026-08-20 21:58:12.682 ERROR [worldMap_timer-Timer][TimerThread.java:78] - Затраченное время на таймерные события: 14, количество: 245
2026-08-20 21:59:39.582 ERROR [worldMap_timer-Timer][TimerThread.java:78] - Затраченное время на таймерные события: 21, количество: 245
2026-08-20 21:59:57.241 ERROR [worldMap_timer-Timer][TimerThread.java:78] - Затраченное время на таймерные события: 16, количество: 245
2026-08-20 21:59:57.456 ERROR [worldMap_timer-Timer][TimerThread.java:78] - Затраченное время на таймерные события: 12, количество: 245
