2026-08-21 01:07:06.617 ERROR [copyMap_timer-Timer][TimerThread.java:78] - Затраченное время на таймерные события: 21, количество: 70
2026-08-21 01:09:35.358 ERROR [copyMap_timer-Timer][TimerThread.java:78] - Затраченное время на таймерные события: 13, количество: 70
2026-08-21 01:11:02.813 ERROR [worldMap_timer-Timer][TimerThread.java:78] - Затраченное время на таймерные события: 83, количество: 245
2026-08-21 01:11:03.503 ERROR [worldMap_timer-Timer][TimerThread.java:78] - Затраченное время на таймерные события: 28, количество: 245
2026-08-21 01:11:05.476 ERROR [worldMap_timer-Timer][TimerThread.java:78] - Затраченное время на таймерные события: 33, количество: 245
2026-08-21 01:13:11.030 ERROR [worldMap_timer-Timer][TimerThread.java:78] - Затраченное время на таймерные события: 12, количество: 245
2026-08-21 01:15:08.839 ERROR [worldMap_timer-Timer][TimerThread.java:78] - Затраченное время на таймерные события: 17, количество: 245
2026-08-21 01:16:01.157 ERROR [worldMap_timer-Timer][TimerThread.java:78] - Затраченное время на таймерные события: 13, количество: 245
2026-08-21 01:18:36.776 ERROR [worldMap_timer-Timer][TimerThread.java:78] - Затраченное время на таймерные события: 14, количество: 245
2026-08-21 01:18:37.101 ERROR [worldMap_timer-Timer][TimerThread.java:78] - Затраченное время на таймерные события: 34, количество: 245
2026-08-21 01:21:16.077 ERROR [worldMap_timer-Timer][TimerThread.java:78] - Затраченное время на таймерные события: 18, количество: 245
2026-08-21 01:22:24.771 ERROR [worldMap_timer-Timer][TimerThread.java:78] - Затраченное время на таймерные события: 11, количество: 245
2026-08-21 01:22:57.393 ERROR [city_4][ServerThread.java:87] - city_4-->PlayerBehaviorTimer run:254
2026-08-21 01:23:23.373 ERROR [worldMap_timer-Timer][TimerThread.java:78] - Затраченное время на таймерные события: 24, количество: 245
2026-08-21 01:24:19.100 ERROR [worldMap_timer-Timer][TimerThread.java:78] - Затраченное время на таймерные события: 115, количество: 245
2026-08-21 01:24:44.883 ERROR [copyMap_timer-Timer][TimerThread.java:78] - Затраченное время на таймерные события: 27, количество: 70
2026-08-21 01:25:30.909 ERROR [worldMap_timer-Timer][TimerThread.java:78] - Затраченное время на таймерные события: 12, количество: 245
2026-08-21 01:25:33.048 ERROR [worldMap_timer-Timer][TimerThread.java:78] - Затраченное время на таймерные события: 17, количество: 245
2026-08-21 01:27:48.236 ERROR [bi_timer-Timer][TimerThread.java:78] - Затраченное время на таймерные события: 14, количество: 2
2026-08-21 01:28:13.087 ERROR [worldMap_timer-Timer][TimerThread.java:78] - Затраченное время на таймерные события: 15, количество: 245
2026-08-21 01:28:13.338 ERROR [worldMap_timer-Timer][TimerThread.java:78] - Затраченное время на таймерные события: 165, количество: 245
2026-08-21 01:28:13.868 ERROR [worldMap_timer-Timer][TimerThread.java:78] - Затраченное время на таймерные события: 24, количество: 245
2026-08-21 01:29:58.992 ERROR [worldMap_timer-Timer][TimerThread.java:78] - Затраченное время на таймерные события: 67, количество: 245
2026-08-21 01:29:59.165 ERROR [main_timer-Timer][TimerThread.java:78] - Затраченное время на таймерные события: 41, количество: 17
2026-08-21 01:30:10.915 ERROR [main_timer-Timer][TimerThread.java:78] - Затраченное время на таймерные события: 46, количество: 17
2026-08-21 01:30:11.231 ERROR [worldMap_timer-Timer][TimerThread.java:78] - Затраченное время на таймерные события: 190, количество: 245
2026-08-21 01:30:11.264 ERROR [worldMap_timer-Timer][TimerThread.java:78] - Затраченное время на таймерные события: 32, количество: 245
2026-08-21 01:32:09.042 ERROR [copyMap_timer-Timer][TimerThread.java:78] - Затраченное время на таймерные события: 25, количество: 70
2026-08-21 01:40:10.895 ERROR [worldMap_timer-Timer][TimerThread.java:78] - Затраченное время на таймерные события: 15, количество: 245
2026-08-21 01:40:11.026 ERROR [worldMap_timer-Timer][TimerThread.java:78] - Затраченное время на таймерные события: 17, количество: 245
2026-08-21 01:42:53.170 ERROR [worldMap_timer-Timer][TimerThread.java:78] - Затраченное время на таймерные события: 76, количество: 245
2026-08-21 01:43:11.077 ERROR [worldMap_timer-Timer][TimerThread.java:78] - Затраченное время на таймерные события: 35, количество: 245
2026-08-21 01:44:09.110 ERROR [worldMap_timer-Timer][TimerThread.java:78] - Затраченное время на таймерные события: 30, количество: 245
2026-08-21 01:57:10.891 ERROR [worldMap_timer-Timer][TimerThread.java:78] - Затраченное время на таймерные события: 17, количество: 245
