2026-08-21 17:00:00.066 INFO [RankThread][UniverseRankScript.java:402] - 检查天墟战场名人堂排名
2026-08-21 17:00:01.877 ERROR [copyMap_timer-Timer][TimerThread.java:78] - Затраченное время на таймерные события: 12, количество: 70
2026-08-21 17:00:02.265 ERROR [worldMap_timer-Timer][TimerThread.java:78] - Затраченное время на таймерные события: 11, количество: 245
2026-08-21 17:00:06.129 ERROR [copyMap_timer-Timer][TimerThread.java:78] - Затраченное время на таймерные события: 28, количество: 70
2026-08-21 17:00:09.824 ERROR [worldMap_timer-Timer][TimerThread.java:78] - Затраченное время на таймерные события: 11, количество: 245
2026-08-21 17:00:10.042 INFO [nioEventLoopGroup-4-1][CrossServerScript.java:848] - 公共心跳原因码返回是:0, 用时=29949
2026-08-21 17:00:40.120 INFO [nioEventLoopGroup-4-1][CrossServerScript.java:848] - 公共心跳原因码返回是:0, 用时=30079
2026-08-21 17:01:10.030 INFO [nioEventLoopGroup-4-1][CrossServerScript.java:848] - 公共心跳原因码返回是:0, 用时=29911
2026-08-21 17:01:40.095 INFO [nioEventLoopGroup-4-1][CrossServerScript.java:848] - 公共心跳原因码返回是:0, 用时=30064
2026-08-21 17:02:10.103 INFO [nioEventLoopGroup-4-1][CrossServerScript.java:848] - 公共心跳原因码返回是:0, 用时=30009
2026-08-21 17:02:40.104 INFO [nioEventLoopGroup-4-1][CrossServerScript.java:848] - 公共心跳原因码返回是:0, 用时=30001
2026-08-21 17:03:10.097 INFO [nioEventLoopGroup-4-1][CrossServerScript.java:848] - 公共心跳原因码返回是:0, 用时=29991
2026-08-21 17:03:40.087 INFO [nioEventLoopGroup-4-1][CrossServerScript.java:848] - 公共心跳原因码返回是:0, 用时=29992
2026-08-21 17:04:10.071 INFO [nioEventLoopGroup-4-1][CrossServerScript.java:848] - 公共心跳原因码返回是:0, 用时=29984
2026-08-21 17:04:40.087 INFO [nioEventLoopGroup-4-1][CrossServerScript.java:848] - 公共心跳原因码返回是:0, 用时=30015
2026-08-21 17:05:02.081 ERROR [worldMap_timer-Timer][TimerThread.java:78] - Затраченное время на таймерные события: 14, количество: 245
2026-08-21 17:05:09.068 ERROR [worldMap_timer-Timer][TimerThread.java:78] - Затраченное время на таймерные события: 44, количество: 245
2026-08-21 17:05:10.069 INFO [nioEventLoopGroup-4-1][CrossServerScript.java:848] - 公共心跳原因码返回是:0, 用时=29982
2026-08-21 17:05:10.762 ERROR [worldMap_timer-Timer][TimerThread.java:78] - Затраченное время на таймерные события: 26, количество: 245
2026-08-21 17:05:33.846 ERROR [worldMap_timer-Timer][TimerThread.java:78] - Затраченное время на таймерные события: 14, количество: 245
2026-08-21 17:05:40.095 INFO [nioEventLoopGroup-4-1][CrossServerScript.java:848] - 公共心跳原因码返回是:0, 用时=30026
2026-08-21 17:06:10.068 INFO [nioEventLoopGroup-4-1][CrossServerScript.java:848] - 公共心跳原因码返回是:0, 用时=29974
2026-08-21 17:06:40.044 INFO [nioEventLoopGroup-4-1][CrossServerScript.java:848] - 公共心跳原因码返回是:0, 用时=29976
2026-08-21 17:06:52.944 ERROR [worldMap_timer-Timer][TimerThread.java:78] - Затраченное время на таймерные события: 13, количество: 245
2026-08-21 17:07:06.766 ERROR [worldMap_timer-Timer][TimerThread.java:78] - Затраченное время на таймерные события: 12, количество: 245
2026-08-21 17:07:10.115 INFO [nioEventLoopGroup-4-1][CrossServerScript.java:848] - 公共心跳原因码返回是:0, 用时=30070
2026-08-21 17:07:40.120 INFO [nioEventLoopGroup-4-1][CrossServerScript.java:848] - 公共心跳原因码返回是:0, 用时=30006
2026-08-21 17:08:10.097 INFO [nioEventLoopGroup-4-1][CrossServerScript.java:848] - 公共心跳原因码返回是:0, 用时=29977
2026-08-21 17:08:40.032 INFO [nioEventLoopGroup-4-1][CrossServerScript.java:848] - 公共心跳原因码返回是:0, 用时=29935
2026-08-21 17:09:10.035 INFO [nioEventLoopGroup-4-1][CrossServerScript.java:848] - 公共心跳原因码返回是:0, 用时=30003
2026-08-21 17:09:40.087 INFO [nioEventLoopGroup-4-1][CrossServerScript.java:848] - 公共心跳原因码返回是:0, 用时=30052
2026-08-21 17:09:44.950 ERROR [worldMap_timer-Timer][TimerThread.java:78] - Затраченное время на таймерные события: 41, количество: 245
2026-08-21 17:10:10.070 INFO [nioEventLoopGroup-4-1][CrossServerScript.java:848] - 公共心跳原因码返回是:0, 用时=29983
2026-08-21 17:10:40.043 INFO [nioEventLoopGroup-4-1][CrossServerScript.java:848] - 公共心跳原因码返回是:0, 用时=29973
2026-08-21 17:11:10.045 INFO [nioEventLoopGroup-4-1][CrossServerScript.java:848] - 公共心跳原因码返回是:0, 用时=30001
2026-08-21 17:11:40.101 INFO [nioEventLoopGroup-4-1][CrossServerScript.java:848] - 公共心跳原因码返回是:0, 用时=30057
2026-08-21 17:11:55.038 ERROR [copyMap_timer-Timer][TimerThread.java:78] - Затраченное время на таймерные события: 18, количество: 70
2026-08-21 17:12:10.091 INFO [nioEventLoopGroup-4-1][CrossServerScript.java:848] - 公共心跳原因码返回是:0, 用时=29990
2026-08-21 17:12:40.073 INFO [nioEventLoopGroup-4-1][CrossServerScript.java:848] - 公共心跳原因码返回是:0, 用时=29982
2026-08-21 17:13:10.074 INFO [nioEventLoopGroup-4-1][CrossServerScript.java:848] - 公共心跳原因码返回是:0, 用时=30001
2026-08-21 17:13:11.077 ERROR [worldMap_timer-Timer][TimerThread.java:78] - Затраченное время на таймерные события: 17, количество: 245
2026-08-21 17:13:40.056 INFO [nioEventLoopGroup-4-1][CrossServerScript.java:848] - 公共心跳原因码返回是:0, 用时=29982
2026-08-21 17:14:10.053 INFO [nioEventLoopGroup-4-1][CrossServerScript.java:848] - 公共心跳原因码返回是:0, 用时=29997
2026-08-21 17:14:40.110 INFO [nioEventLoopGroup-4-1][CrossServerScript.java:848] - 公共心跳原因码返回是:0, 用时=30057
2026-08-21 17:15:10.105 INFO [nioEventLoopGroup-4-1][CrossServerScript.java:848] - 公共心跳原因码返回是:0, 用时=29995
2026-08-21 17:15:24.297 ERROR [copyMap_timer-Timer][TimerThread.java:78] - Затраченное время на таймерные события: 25, количество: 70
2026-08-21 17:15:40.100 INFO [nioEventLoopGroup-4-1][CrossServerScript.java:848] - 公共心跳原因码返回是:0, 用时=29994
2026-08-21 17:16:10.038 INFO [nioEventLoopGroup-4-1][CrossServerScript.java:848] - 公共心跳原因码返回是:0, 用时=29939
2026-08-21 17:16:15.053 ERROR [worldMap_timer-Timer][TimerThread.java:78] - Затраченное время на таймерные события: 38, количество: 245
2026-08-21 17:16:40.031 INFO [nioEventLoopGroup-4-1][CrossServerScript.java:848] - 公共心跳原因码返回是:0, 用时=29992
2026-08-21 17:17:10.105 INFO [nioEventLoopGroup-4-1][CrossServerScript.java:848] - 公共心跳原因码返回是:0, 用时=30075
2026-08-21 17:17:40.079 INFO [nioEventLoopGroup-4-1][CrossServerScript.java:848] - 公共心跳原因码返回是:0, 用时=29973
2026-08-21 17:17:58.895 ERROR [copyMap_timer-Timer][TimerThread.java:78] - Затраченное время на таймерные события: 13, количество: 70
2026-08-21 17:18:10.128 INFO [nioEventLoopGroup-4-1][CrossServerScript.java:848] - 公共心跳原因码返回是:0, 用时=30050
2026-08-21 17:18:40.114 INFO [nioEventLoopGroup-4-1][CrossServerScript.java:848] - 公共心跳原因码返回是:0, 用时=29985
2026-08-21 17:18:54.769 ERROR [worldMap_timer-Timer][TimerThread.java:78] - Затраченное время на таймерные события: 12, количество: 245
2026-08-21 17:19:10.116 INFO [nioEventLoopGroup-4-1][CrossServerScript.java:848] - 公共心跳原因码返回是:0, 用时=30002
2026-08-21 17:19:40.070 INFO [nioEventLoopGroup-4-1][CrossServerScript.java:848] - 公共心跳原因码返回是:0, 用时=29954
2026-08-21 17:20:10.079 INFO [nioEventLoopGroup-4-1][CrossServerScript.java:848] - 公共心跳原因码返回是:0, 用时=30010
2026-08-21 17:20:29.037 ERROR [worldMap_timer-Timer][TimerThread.java:78] - Затраченное время на таймерные события: 13, количество: 245
2026-08-21 17:20:40.086 INFO [nioEventLoopGroup-4-1][CrossServerScript.java:848] - 公共心跳原因码返回是:0, 用时=30007
2026-08-21 17:21:05.463 ERROR [worldMap_timer-Timer][TimerThread.java:78] - Затраченное время на таймерные события: 31, количество: 245
2026-08-21 17:21:10.101 INFO [nioEventLoopGroup-4-1][CrossServerScript.java:848] - 公共心跳原因码返回是:0, 用时=30015
2026-08-21 17:21:40.063 INFO [nioEventLoopGroup-4-1][CrossServerScript.java:848] - 公共心跳原因码返回是:0, 用时=29962
2026-08-21 17:22:10.058 INFO [nioEventLoopGroup-4-1][CrossServerScript.java:848] - 公共心跳原因码返回是:0, 用时=29995
2026-08-21 17:22:40.119 INFO [nioEventLoopGroup-4-1][CrossServerScript.java:848] - 公共心跳原因码返回是:0, 用时=30061
2026-08-21 17:23:08.734 ERROR [worldMap_timer-Timer][TimerThread.java:78] - Затраченное время на таймерные события: 13, количество: 245
2026-08-21 17:23:10.111 INFO [nioEventLoopGroup-4-1][CrossServerScript.java:848] - 公共心跳原因码返回是:0, 用时=29992
2026-08-21 17:23:11.016 ERROR [worldMap_timer-Timer][TimerThread.java:78] - Затраченное время на таймерные события: 12, количество: 245
2026-08-21 17:23:40.047 INFO [nioEventLoopGroup-4-1][CrossServerScript.java:848] - 公共心跳原因码返回是:0, 用时=29936
2026-08-21 17:23:47.020 ERROR [worldMap_timer-Timer][TimerThread.java:78] - Затраченное время на таймерные события: 18, количество: 245
2026-08-21 17:24:10.104 INFO [nioEventLoopGroup-4-1][CrossServerScript.java:848] - 公共心跳原因码返回是:0, 用时=30057
2026-08-21 17:24:40.107 INFO [nioEventLoopGroup-4-1][CrossServerScript.java:848] - 公共心跳原因码返回是:0, 用时=30002
2026-08-21 17:25:06.367 ERROR [main_timer-Timer][TimerThread.java:78] - Затраченное время на таймерные события: 13, количество: 17
2026-08-21 17:25:10.102 INFO [nioEventLoopGroup-4-1][CrossServerScript.java:848] - 公共心跳原因码返回是:0, 用时=29995
2026-08-21 17:25:40.075 INFO [nioEventLoopGroup-4-1][CrossServerScript.java:848] - 公共心跳原因码返回是:0, 用时=29974
2026-08-21 17:26:03.072 ERROR [worldMap_timer-Timer][TimerThread.java:78] - Затраченное время на таймерные события: 16, количество: 245
2026-08-21 17:26:10.082 INFO [nioEventLoopGroup-4-1][CrossServerScript.java:848] - 公共心跳原因码返回是:0, 用时=30007
2026-08-21 17:26:23.149 ERROR [worldMap_timer-Timer][TimerThread.java:78] - Затраченное время на таймерные события: 28, количество: 245
2026-08-21 17:26:40.078 INFO [nioEventLoopGroup-4-1][CrossServerScript.java:848] - 公共心跳原因码返回是:0, 用时=29996
2026-08-21 17:27:10.071 INFO [nioEventLoopGroup-4-1][CrossServerScript.java:848] - 公共心跳原因码返回是:0, 用时=29992
2026-08-21 17:27:40.093 INFO [nioEventLoopGroup-4-1][CrossServerScript.java:848] - 公共心跳原因码返回是:0, 用时=30023
2026-08-21 17:28:10.071 INFO [nioEventLoopGroup-4-1][CrossServerScript.java:848] - 公共心跳原因码返回是:0, 用时=29978
2026-08-21 17:28:14.736 ERROR [worldMap_timer-Timer][TimerThread.java:78] - Затраченное время на таймерные события: 19, количество: 245
2026-08-21 17:28:21.066 ERROR [worldMap_timer-Timer][TimerThread.java:78] - Затраченное время на таймерные события: 27, количество: 245
2026-08-21 17:28:40.096 INFO [nioEventLoopGroup-4-1][CrossServerScript.java:848] - 公共心跳原因码返回是:0, 用时=30025
2026-08-21 17:29:10.110 INFO [nioEventLoopGroup-4-1][CrossServerScript.java:848] - 公共心跳原因码返回是:0, 用时=30013
2026-08-21 17:29:25.079 ERROR [worldMap_timer-Timer][TimerThread.java:78] - Затраченное время на таймерные события: 82, количество: 245
2026-08-21 17:29:40.045 INFO [nioEventLoopGroup-4-1][CrossServerScript.java:848] - 公共心跳原因码返回是:0, 用时=29936
2026-08-21 17:30:10.076 INFO [nioEventLoopGroup-4-1][CrossServerScript.java:848] - 公共心跳原因码返回是:0, 用时=30031
2026-08-21 17:30:39.040 ERROR [worldMap_timer-Timer][TimerThread.java:78] - Затраченное время на таймерные события: 14, количество: 245
2026-08-21 17:30:40.079 INFO [nioEventLoopGroup-4-1][CrossServerScript.java:848] - 公共心跳原因码返回是:0, 用时=30002
2026-08-21 17:31:10.112 INFO [nioEventLoopGroup-4-1][CrossServerScript.java:848] - 公共心跳原因码返回是:0, 用时=30034
2026-08-21 17:31:40.117 INFO [nioEventLoopGroup-4-1][CrossServerScript.java:848] - 公共心跳原因码返回是:0, 用时=30005
2026-08-21 17:32:10.075 INFO [nioEventLoopGroup-4-1][CrossServerScript.java:848] - 公共心跳原因码返回是:0, 用时=29958
2026-08-21 17:32:40.080 INFO [nioEventLoopGroup-4-1][CrossServerScript.java:848] - 公共心跳原因码返回是:0, 用时=30005
2026-08-21 17:33:10.079 INFO [nioEventLoopGroup-4-1][CrossServerScript.java:848] - 公共心跳原因码返回是:0, 用时=29999
2026-08-21 17:33:23.695 ERROR [worldMap_timer-Timer][TimerThread.java:78] - Затраченное время на таймерные события: 20, количество: 245
2026-08-21 17:33:40.114 INFO [nioEventLoopGroup-4-1][CrossServerScript.java:848] - 公共心跳原因码返回是:0, 用时=30035
2026-08-21 17:34:10.117 INFO [nioEventLoopGroup-4-1][CrossServerScript.java:848] - 公共心跳原因码返回是:0, 用时=30003
2026-08-21 17:34:40.047 INFO [nioEventLoopGroup-4-1][CrossServerScript.java:848] - 公共心跳原因码返回是:0, 用时=29930
2026-08-21 17:35:10.108 INFO [nioEventLoopGroup-4-1][CrossServerScript.java:848] - 公共心跳原因码返回是:0, 用时=30061
2026-08-21 17:35:18.670 ERROR [worldMap_timer-Timer][TimerThread.java:78] - Затраченное время на таймерные события: 18, количество: 245
2026-08-21 17:35:40.084 INFO [nioEventLoopGroup-4-1][CrossServerScript.java:848] - 公共心跳原因码返回是:0, 用时=29975
2026-08-21 17:36:10.061 INFO [nioEventLoopGroup-4-1][CrossServerScript.java:848] - 公共心跳原因码返回是:0, 用时=29978
2026-08-21 17:36:40.048 INFO [nioEventLoopGroup-4-1][CrossServerScript.java:848] - 公共心跳原因码返回是:0, 用时=29986
2026-08-21 17:37:10.050 INFO [nioEventLoopGroup-4-1][CrossServerScript.java:848] - 公共心跳原因码返回是:0, 用时=30003
2026-08-21 17:37:10.699 ERROR [worldMap_timer-Timer][TimerThread.java:78] - Затраченное время на таймерные события: 35, количество: 245
2026-08-21 17:37:10.776 ERROR [worldMap_timer-Timer][TimerThread.java:78] - Затраченное время на таймерные события: 13, количество: 245
2026-08-21 17:37:11.254 ERROR [worldMap_timer-Timer][TimerThread.java:78] - Затраченное время на таймерные события: 40, количество: 245
2026-08-21 17:37:11.749 ERROR [worldMap_timer-Timer][TimerThread.java:78] - Затраченное время на таймерные события: 11, количество: 245
2026-08-21 17:37:40.118 INFO [nioEventLoopGroup-4-1][CrossServerScript.java:848] - 公共心跳原因码返回是:0, 用时=30068
2026-08-21 17:38:10.073 INFO [nioEventLoopGroup-4-1][CrossServerScript.java:848] - 公共心跳原因码返回是:0, 用时=29955
2026-08-21 17:38:40.079 INFO [nioEventLoopGroup-4-1][CrossServerScript.java:848] - 公共心跳原因码返回是:0, 用时=30005
2026-08-21 17:39:10.119 INFO [nioEventLoopGroup-4-1][CrossServerScript.java:848] - 公共心跳原因码返回是:0, 用时=30041
2026-08-21 17:39:40.042 INFO [nioEventLoopGroup-4-1][CrossServerScript.java:848] - 公共心跳原因码返回是:0, 用时=29923
2026-08-21 17:40:10.113 INFO [nioEventLoopGroup-4-1][CrossServerScript.java:848] - 公共心跳原因码返回是:0, 用时=30071
2026-08-21 17:40:40.084 INFO [nioEventLoopGroup-4-1][CrossServerScript.java:848] - 公共心跳原因码返回是:0, 用时=29971
2026-08-21 17:41:10.072 INFO [nioEventLoopGroup-4-1][CrossServerScript.java:848] - 公共心跳原因码返回是:0, 用时=29988
2026-08-21 17:41:40.088 INFO [nioEventLoopGroup-4-1][CrossServerScript.java:848] - 公共心跳原因码返回是:0, 用时=30015
2026-08-21 17:42:10.108 INFO [nioEventLoopGroup-4-1][CrossServerScript.java:848] - 公共心跳原因码返回是:0, 用时=30021
2026-08-21 17:42:10.324 ERROR [worldMap_timer-Timer][TimerThread.java:78] - Затраченное время на таймерные события: 14, количество: 245
2026-08-21 17:42:18.973 ERROR [worldMap_timer-Timer][TimerThread.java:78] - Затраченное время на таймерные события: 11, количество: 245
2026-08-21 17:42:23.205 ERROR [copyMap_timer-Timer][TimerThread.java:78] - Затраченное время на таймерные события: 11, количество: 70
2026-08-21 17:42:37.097 ERROR [worldMap_timer-Timer][TimerThread.java:78] - Затраченное время на таймерные события: 24, количество: 245
2026-08-21 17:42:40.094 INFO [nioEventLoopGroup-4-1][CrossServerScript.java:848] - 公共心跳原因码返回是:0, 用时=29985
2026-08-21 17:43:10.087 INFO [nioEventLoopGroup-4-1][CrossServerScript.java:848] - 公共心跳原因码返回是:0, 用时=29994
2026-08-21 17:43:40.072 INFO [nioEventLoopGroup-4-1][CrossServerScript.java:848] - 公共心跳原因码返回是:0, 用时=29985
2026-08-21 17:44:10.101 INFO [nioEventLoopGroup-4-1][CrossServerScript.java:848] - 公共心跳原因码返回是:0, 用时=30028
2026-08-21 17:44:40.058 INFO [nioEventLoopGroup-4-1][CrossServerScript.java:848] - 公共心跳原因码返回是:0, 用时=29958
2026-08-21 17:44:50.733 ERROR [worldMap_timer-Timer][TimerThread.java:78] - Затраченное время на таймерные события: 42, количество: 245
2026-08-21 17:44:50.875 ERROR [copyMap_timer-Timer][TimerThread.java:78] - Затраченное время на таймерные события: 13, количество: 70
2026-08-21 17:45:10.101 INFO [nioEventLoopGroup-4-1][CrossServerScript.java:848] - 公共心跳原因码返回是:0, 用时=30042
2026-08-21 17:45:39.011 ERROR [worldMap_timer-Timer][TimerThread.java:78] - Затраченное время на таймерные события: 11, количество: 245
2026-08-21 17:45:39.150 ERROR [worldMap_timer-Timer][TimerThread.java:78] - Затраченное время на таймерные события: 14, количество: 245
2026-08-21 17:45:40.111 INFO [nioEventLoopGroup-4-1][CrossServerScript.java:848] - 公共心跳原因码返回是:0, 用时=30011
2026-08-21 17:46:10.133 INFO [nioEventLoopGroup-4-1][CrossServerScript.java:848] - 公共心跳原因码返回是:0, 用时=30019
2026-08-21 17:46:16.183 ERROR [worldMap_timer-Timer][TimerThread.java:78] - Затраченное время на таймерные события: 13, количество: 245
2026-08-21 17:46:30.089 ERROR [worldMap_timer-Timer][TimerThread.java:78] - Затраченное время на таймерные события: 11, количество: 245
2026-08-21 17:46:40.048 INFO [nioEventLoopGroup-4-1][CrossServerScript.java:848] - 公共心跳原因码返回是:0, 用时=29918
2026-08-21 17:47:10.032 INFO [nioEventLoopGroup-4-1][CrossServerScript.java:848] - 公共心跳原因码返回是:0, 用时=29984
2026-08-21 17:47:21.067 ERROR [worldMap_timer-Timer][TimerThread.java:78] - Затраченное время на таймерные события: 14, количество: 245
2026-08-21 17:47:24.843 ERROR [copyMap_timer-Timer][TimerThread.java:78] - Затраченное время на таймерные события: 12, количество: 70
2026-08-21 17:47:28.910 ERROR [worldMap_timer-Timer][TimerThread.java:78] - Затраченное время на таймерные события: 16, количество: 245
2026-08-21 17:47:40.067 INFO [nioEventLoopGroup-4-1][CrossServerScript.java:848] - 公共心跳原因码返回是:0, 用时=30034
2026-08-21 17:48:10.079 INFO [nioEventLoopGroup-4-1][CrossServerScript.java:848] - 公共心跳原因码返回是:0, 用时=30012
2026-08-21 17:48:40.087 INFO [nioEventLoopGroup-4-1][CrossServerScript.java:848] - 公共心跳原因码返回是:0, 用时=30009
2026-08-21 17:49:10.055 INFO [nioEventLoopGroup-4-1][CrossServerScript.java:848] - 公共心跳原因码返回是:0, 用时=29968
2026-08-21 17:49:40.066 INFO [nioEventLoopGroup-4-1][CrossServerScript.java:848] - 公共心跳原因码返回是:0, 用时=30011
2026-08-21 17:50:10.118 INFO [nioEventLoopGroup-4-1][CrossServerScript.java:848] - 公共心跳原因码返回是:0, 用时=30052
2026-08-21 17:50:34.624 ERROR [worldMap_timer-Timer][TimerThread.java:78] - Затраченное время на таймерные события: 12, количество: 245
2026-08-21 17:50:40.114 INFO [nioEventLoopGroup-4-1][CrossServerScript.java:848] - 公共心跳原因码返回是:0, 用时=29996
2026-08-21 17:51:10.033 INFO [nioEventLoopGroup-4-1][CrossServerScript.java:848] - 公共心跳原因码返回是:0, 用时=29919
2026-08-21 17:51:37.243 ERROR [worldMap_timer-Timer][TimerThread.java:78] - Затраченное время на таймерные события: 15, количество: 245
2026-08-21 17:51:40.073 INFO [nioEventLoopGroup-4-1][CrossServerScript.java:848] - 公共心跳原因码返回是:0, 用时=30040
2026-08-21 17:52:10.128 INFO [nioEventLoopGroup-4-1][CrossServerScript.java:848] - 公共心跳原因码返回是:0, 用时=30055
2026-08-21 17:52:25.040 ERROR [worldMap_timer-Timer][TimerThread.java:78] - Затраченное время на таймерные события: 33, количество: 245
2026-08-21 17:52:40.092 INFO [nioEventLoopGroup-4-1][CrossServerScript.java:848] - 公共心跳原因码返回是:0, 用时=29964
2026-08-21 17:53:10.096 INFO [nioEventLoopGroup-4-1][CrossServerScript.java:848] - 公共心跳原因码返回是:0, 用时=30004
2026-08-21 17:53:40.090 INFO [nioEventLoopGroup-4-1][CrossServerScript.java:848] - 公共心跳原因码返回是:0, 用时=29994
2026-08-21 17:54:10.077 INFO [nioEventLoopGroup-4-1][CrossServerScript.java:848] - 公共心跳原因码返回是:0, 用时=29986
2026-08-21 17:54:40.040 INFO [nioEventLoopGroup-4-1][CrossServerScript.java:848] - 公共心跳原因码返回是:0, 用时=29964
2026-08-21 17:55:10.081 INFO [nioEventLoopGroup-4-1][CrossServerScript.java:848] - 公共心跳原因码返回是:0, 用时=30041
2026-08-21 17:55:40.036 INFO [nioEventLoopGroup-4-1][CrossServerScript.java:848] - 公共心跳原因码返回是:0, 用时=29955
2026-08-21 17:56:10.116 INFO [nioEventLoopGroup-4-1][CrossServerScript.java:848] - 公共心跳原因码返回是:0, 用时=30079
2026-08-21 17:56:40.082 INFO [nioEventLoopGroup-4-1][CrossServerScript.java:848] - 公共心跳原因码返回是:0, 用时=29966
2026-08-21 17:57:10.068 INFO [nioEventLoopGroup-4-1][CrossServerScript.java:848] - 公共心跳原因码返回是:0, 用时=29987
2026-08-21 17:57:40.041 INFO [nioEventLoopGroup-4-1][CrossServerScript.java:848] - 公共心跳原因码返回是:0, 用时=29973
2026-08-21 17:58:10.098 INFO [nioEventLoopGroup-4-1][CrossServerScript.java:848] - 公共心跳原因码返回是:0, 用时=30057
2026-08-21 17:58:36.990 ERROR [worldMap_timer-Timer][TimerThread.java:78] - Затраченное время на таймерные события: 25, количество: 245
2026-08-21 17:58:40.075 INFO [nioEventLoopGroup-4-1][CrossServerScript.java:848] - 公共心跳原因码返回是:0, 用时=29977
2026-08-21 17:59:10.044 INFO [nioEventLoopGroup-4-1][CrossServerScript.java:848] - 公共心跳原因码返回是:0, 用时=29969
2026-08-21 17:59:40.094 INFO [nioEventLoopGroup-4-1][CrossServerScript.java:848] - 公共心跳原因码返回是:0, 用时=30050
