2026-08-19 12:00:00.099 INFO [mainThread][DailyActiveScript.java:296] - 日常活动id=111【仙盟首领】开始阶段
2026-08-19 12:00:00.100 INFO [RankThread][UniverseRankScript.java:402] - 检查天墟战场名人堂排名
2026-08-19 12:00:02.423 ERROR [worldMap_timer-Timer][TimerThread.java:78] - Затраченное время на таймерные события: 11, количество: 245
2026-08-19 12:00:10.082 INFO [nioEventLoopGroup-4-1][CrossServerScript.java:848] - 公共心跳原因码返回是:0, 用时=30012
2026-08-19 12:00:40.068 INFO [nioEventLoopGroup-4-1][CrossServerScript.java:848] - 公共心跳原因码返回是:0, 用时=29987
2026-08-19 12:01:10.091 INFO [nioEventLoopGroup-4-1][CrossServerScript.java:848] - 公共心跳原因码返回是:0, 用时=30023
2026-08-19 12:01:40.052 INFO [nioEventLoopGroup-4-1][CrossServerScript.java:848] - 公共心跳原因码返回是:0, 用时=29961
2026-08-19 12:02:10.049 INFO [nioEventLoopGroup-4-1][CrossServerScript.java:848] - 公共心跳原因码返回是:0, 用时=29996
2026-08-19 12:02:40.034 INFO [nioEventLoopGroup-4-1][CrossServerScript.java:848] - 公共心跳原因码返回是:0, 用时=29986
2026-08-19 12:03:10.119 INFO [nioEventLoopGroup-4-1][CrossServerScript.java:848] - 公共心跳原因码返回是:0, 用时=30085
2026-08-19 12:03:40.076 INFO [nioEventLoopGroup-4-1][CrossServerScript.java:848] - 公共心跳原因码返回是:0, 用时=29957
2026-08-19 12:04:10.052 INFO [nioEventLoopGroup-4-1][CrossServerScript.java:848] - 公共心跳原因码返回是:0, 用时=29976
2026-08-19 12:04:40.119 INFO [nioEventLoopGroup-4-1][CrossServerScript.java:848] - 公共心跳原因码返回是:0, 用时=30067
2026-08-19 12:05:10.095 INFO [nioEventLoopGroup-4-1][CrossServerScript.java:848] - 公共心跳原因码返回是:0, 用时=29975
2026-08-19 12:05:40.043 INFO [nioEventLoopGroup-4-1][CrossServerScript.java:848] - 公共心跳原因码返回是:0, 用时=29948
2026-08-19 12:06:10.103 INFO [nioEventLoopGroup-4-1][CrossServerScript.java:848] - 公共心跳原因码返回是:0, 用时=30061
2026-08-19 12:06:40.048 INFO [nioEventLoopGroup-4-1][CrossServerScript.java:848] - 公共心跳原因码返回是:0, 用时=29944
2026-08-19 12:07:10.034 INFO [nioEventLoopGroup-4-1][CrossServerScript.java:848] - 公共心跳原因码返回是:0, 用时=29987
2026-08-19 12:07:40.114 INFO [nioEventLoopGroup-4-1][CrossServerScript.java:848] - 公共心跳原因码返回是:0, 用时=30079
2026-08-19 12:08:10.095 INFO [nioEventLoopGroup-4-1][CrossServerScript.java:848] - 公共心跳原因码返回是:0, 用时=29982
2026-08-19 12:08:40.074 INFO [nioEventLoopGroup-4-1][CrossServerScript.java:848] - 公共心跳原因码返回是:0, 用时=29978
2026-08-19 12:09:10.125 INFO [nioEventLoopGroup-4-1][CrossServerScript.java:848] - 公共心跳原因码返回是:0, 用时=30052
2026-08-19 12:09:40.091 INFO [nioEventLoopGroup-4-1][CrossServerScript.java:848] - 公共心跳原因码返回是:0, 用时=29966
2026-08-19 12:10:00.025 INFO [mainThread][DailyActiveScript.java:386] - 日常活动id=111【仙盟首领】关闭阶段
2026-08-19 12:10:10.060 INFO [nioEventLoopGroup-4-1][CrossServerScript.java:848] - 公共心跳原因码返回是:0, 用时=29969
2026-08-19 12:10:40.048 INFO [nioEventLoopGroup-4-1][CrossServerScript.java:848] - 公共心跳原因码返回是:0, 用时=29988
2026-08-19 12:11:10.034 INFO [nioEventLoopGroup-4-1][CrossServerScript.java:848] - 公共心跳原因码返回是:0, 用时=29986
2026-08-19 12:11:40.099 INFO [nioEventLoopGroup-4-1][CrossServerScript.java:848] - 公共心跳原因码返回是:0, 用时=30065
2026-08-19 12:12:10.064 INFO [nioEventLoopGroup-4-1][CrossServerScript.java:848] - 公共心跳原因码返回是:0, 用时=29964
2026-08-19 12:12:40.124 INFO [nioEventLoopGroup-4-1][CrossServerScript.java:848] - 公共心跳原因码返回是:0, 用时=30060
2026-08-19 12:13:10.099 INFO [nioEventLoopGroup-4-1][CrossServerScript.java:848] - 公共心跳原因码返回是:0, 用时=29975
2026-08-19 12:13:40.056 INFO [nioEventLoopGroup-4-1][CrossServerScript.java:848] - 公共心跳原因码返回是:0, 用时=29957
2026-08-19 12:14:10.116 INFO [nioEventLoopGroup-4-1][CrossServerScript.java:848] - 公共心跳原因码返回是:0, 用时=30061
2026-08-19 12:14:40.082 INFO [nioEventLoopGroup-4-1][CrossServerScript.java:848] - 公共心跳原因码返回是:0, 用时=29966
2026-08-19 12:15:10.060 INFO [nioEventLoopGroup-4-1][CrossServerScript.java:848] - 公共心跳原因码返回是:0, 用时=29977
2026-08-19 12:15:40.102 INFO [nioEventLoopGroup-4-1][CrossServerScript.java:848] - 公共心跳原因码返回是:0, 用时=30043
2026-08-19 12:16:10.081 INFO [nioEventLoopGroup-4-1][CrossServerScript.java:848] - 公共心跳原因码返回是:0, 用时=29979
2026-08-19 12:16:40.079 INFO [nioEventLoopGroup-4-1][CrossServerScript.java:848] - 公共心跳原因码返回是:0, 用时=29998
2026-08-19 12:17:10.054 INFO [nioEventLoopGroup-4-1][CrossServerScript.java:848] - 公共心跳原因码返回是:0, 用时=29975
2026-08-19 12:17:40.049 INFO [nioEventLoopGroup-4-1][CrossServerScript.java:848] - 公共心跳原因码返回是:0, 用时=29994
2026-08-19 12:18:10.110 INFO [nioEventLoopGroup-4-1][CrossServerScript.java:848] - 公共心跳原因码返回是:0, 用时=30062
2026-08-19 12:18:40.064 INFO [nioEventLoopGroup-4-1][CrossServerScript.java:848] - 公共心跳原因码返回是:0, 用时=29954
2026-08-19 12:19:10.120 INFO [nioEventLoopGroup-4-1][CrossServerScript.java:848] - 公共心跳原因码返回是:0, 用时=30055
2026-08-19 12:19:30.995 ERROR [worldMap_timer-Timer][TimerThread.java:78] - Затраченное время на таймерные события: 14, количество: 245
2026-08-19 12:19:40.104 INFO [nioEventLoopGroup-4-1][CrossServerScript.java:848] - 公共心跳原因码返回是:0, 用时=29985
2026-08-19 12:20:10.096 INFO [nioEventLoopGroup-4-1][CrossServerScript.java:848] - 公共心跳原因码返回是:0, 用时=29992
2026-08-19 12:20:40.061 INFO [nioEventLoopGroup-4-1][CrossServerScript.java:848] - 公共心跳原因码返回是:0, 用时=29965
2026-08-19 12:21:10.111 INFO [nioEventLoopGroup-4-1][CrossServerScript.java:848] - 公共心跳原因码返回是:0, 用时=30050
2026-08-19 12:21:40.094 INFO [nioEventLoopGroup-4-1][CrossServerScript.java:848] - 公共心跳原因码返回是:0, 用时=29983
2026-08-19 12:22:10.052 INFO [nioEventLoopGroup-4-1][CrossServerScript.java:848] - 公共心跳原因码返回是:0, 用时=29958
2026-08-19 12:22:40.130 INFO [nioEventLoopGroup-4-1][CrossServerScript.java:848] - 公共心跳原因码返回是:0, 用时=30077
2026-08-19 12:23:10.096 INFO [nioEventLoopGroup-4-1][CrossServerScript.java:848] - 公共心跳原因码返回是:0, 用时=29967
2026-08-19 12:23:40.042 INFO [nioEventLoopGroup-4-1][CrossServerScript.java:848] - 公共心跳原因码返回是:0, 用时=29946
2026-08-19 12:24:10.103 INFO [nioEventLoopGroup-4-1][CrossServerScript.java:848] - 公共心跳原因码返回是:0, 用时=30060
2026-08-19 12:24:40.072 INFO [nioEventLoopGroup-4-1][CrossServerScript.java:848] - 公共心跳原因码返回是:0, 用时=29970
2026-08-19 12:25:01.513 ERROR [copyMap_timer-Timer][TimerThread.java:78] - Затраченное время на таймерные события: 12, количество: 63
2026-08-19 12:25:10.128 INFO [nioEventLoopGroup-4-1][CrossServerScript.java:848] - 公共心跳原因码返回是:0, 用时=30056
2026-08-19 12:25:40.099 INFO [nioEventLoopGroup-4-1][CrossServerScript.java:848] - 公共心跳原因码返回是:0, 用时=29970
2026-08-19 12:26:10.059 INFO [nioEventLoopGroup-4-1][CrossServerScript.java:848] - 公共心跳原因码返回是:0, 用时=29961
2026-08-19 12:26:40.110 INFO [nioEventLoopGroup-4-1][CrossServerScript.java:848] - 公共心跳原因码返回是:0, 用时=30051
2026-08-19 12:27:10.075 INFO [nioEventLoopGroup-4-1][CrossServerScript.java:848] - 公共心跳原因码返回是:0, 用时=29965
2026-08-19 12:27:40.125 INFO [nioEventLoopGroup-4-1][CrossServerScript.java:848] - 公共心跳原因码返回是:0, 用时=30049
2026-08-19 12:28:10.094 INFO [nioEventLoopGroup-4-1][CrossServerScript.java:848] - 公共心跳原因码返回是:0, 用时=29970
2026-08-19 12:28:30.678 ERROR [worldMap_timer-Timer][TimerThread.java:78] - Затраченное время на таймерные события: 16, количество: 245
2026-08-19 12:28:40.079 INFO [nioEventLoopGroup-4-1][CrossServerScript.java:848] - 公共心跳原因码返回是:0, 用时=29984
2026-08-19 12:29:10.036 INFO [nioEventLoopGroup-4-1][CrossServerScript.java:848] - 公共心跳原因码返回是:0, 用时=29958
2026-08-19 12:29:40.083 INFO [nioEventLoopGroup-4-1][CrossServerScript.java:848] - 公共心跳原因码返回是:0, 用时=30047
2026-08-19 12:30:10.105 INFO [nioEventLoopGroup-4-1][CrossServerScript.java:848] - 公共心跳原因码返回是:0, 用时=30022
2026-08-19 12:30:40.058 INFO [nioEventLoopGroup-4-1][CrossServerScript.java:848] - 公共心跳原因码返回是:0, 用时=29953
2026-08-19 12:31:10.034 INFO [nioEventLoopGroup-4-1][CrossServerScript.java:848] - 公共心跳原因码返回是:0, 用时=29976
2026-08-19 12:31:40.098 INFO [nioEventLoopGroup-4-1][CrossServerScript.java:848] - 公共心跳原因码返回是:0, 用时=30064
2026-08-19 12:31:43.057 ERROR [copyMap_timer-Timer][TimerThread.java:78] - Затраченное время на таймерные события: 17, количество: 63
2026-08-19 12:32:10.091 INFO [nioEventLoopGroup-4-1][CrossServerScript.java:848] - 公共心跳原因码返回是:0, 用时=29989
2026-08-19 12:32:40.053 INFO [nioEventLoopGroup-4-1][CrossServerScript.java:848] - 公共心跳原因码返回是:0, 用时=29965
2026-08-19 12:33:10.110 INFO [nioEventLoopGroup-4-1][CrossServerScript.java:848] - 公共心跳原因码返回是:0, 用时=30057
2026-08-19 12:33:40.072 INFO [nioEventLoopGroup-4-1][CrossServerScript.java:848] - 公共心跳原因码返回是:0, 用时=29963
2026-08-19 12:34:10.125 INFO [nioEventLoopGroup-4-1][CrossServerScript.java:848] - 公共心跳原因码返回是:0, 用时=30052
2026-08-19 12:34:40.083 INFO [nioEventLoopGroup-4-1][CrossServerScript.java:848] - 公共心跳原因码返回是:0, 用时=29959
2026-08-19 12:35:10.085 INFO [nioEventLoopGroup-4-1][CrossServerScript.java:848] - 公共心跳原因码返回是:0, 用时=30002
2026-08-19 12:35:40.048 INFO [nioEventLoopGroup-4-1][CrossServerScript.java:848] - 公共心跳原因码返回是:0, 用时=29963
2026-08-19 12:36:10.123 INFO [nioEventLoopGroup-4-1][CrossServerScript.java:848] - 公共心跳原因码返回是:0, 用时=30075
2026-08-19 12:36:30.955 ERROR [copyMap_timer-Timer][TimerThread.java:78] - Затраченное время на таймерные события: 14, количество: 63
2026-08-19 12:36:40.081 INFO [nioEventLoopGroup-4-1][CrossServerScript.java:848] - 公共心跳原因码返回是:0, 用时=29958
2026-08-19 12:37:10.058 INFO [nioEventLoopGroup-4-1][CrossServerScript.java:848] - 公共心跳原因码返回是:0, 用时=29976
2026-08-19 12:37:40.044 INFO [nioEventLoopGroup-4-1][CrossServerScript.java:848] - 公共心跳原因码返回是:0, 用时=29986
2026-08-19 12:38:10.113 INFO [nioEventLoopGroup-4-1][CrossServerScript.java:848] - 公共心跳原因码返回是:0, 用时=30069
2026-08-19 12:38:40.067 INFO [nioEventLoopGroup-4-1][CrossServerScript.java:848] - 公共心跳原因码返回是:0, 用时=29955
2026-08-19 12:39:10.031 INFO [nioEventLoopGroup-4-1][CrossServerScript.java:848] - 公共心跳原因码返回是:0, 用时=29964
2026-08-19 12:39:40.074 INFO [nioEventLoopGroup-4-1][CrossServerScript.java:848] - 公共心跳原因码返回是:0, 用时=30043
2026-08-19 12:40:10.046 INFO [nioEventLoopGroup-4-1][CrossServerScript.java:848] - 公共心跳原因码返回是:0, 用时=29972
2026-08-19 12:40:40.103 INFO [nioEventLoopGroup-4-1][CrossServerScript.java:848] - 公共心跳原因码返回是:0, 用时=30057
2026-08-19 12:41:10.055 INFO [nioEventLoopGroup-4-1][CrossServerScript.java:848] - 公共心跳原因码返回是:0, 用时=29952
2026-08-19 12:41:40.116 INFO [nioEventLoopGroup-4-1][CrossServerScript.java:848] - 公共心跳原因码返回是:0, 用时=30061
2026-08-19 12:42:10.078 INFO [nioEventLoopGroup-4-1][CrossServerScript.java:848] - 公共心跳原因码返回是:0, 用时=29962
2026-08-19 12:42:40.118 INFO [nioEventLoopGroup-4-1][CrossServerScript.java:848] - 公共心跳原因码返回是:0, 用时=30039
2026-08-19 12:43:10.081 INFO [nioEventLoopGroup-4-1][CrossServerScript.java:848] - 公共心跳原因码返回是:0, 用时=29963
2026-08-19 12:43:40.041 INFO [nioEventLoopGroup-4-1][CrossServerScript.java:848] - 公共心跳原因码返回是:0, 用时=29960
2026-08-19 12:44:10.089 INFO [nioEventLoopGroup-4-1][CrossServerScript.java:848] - 公共心跳原因码返回是:0, 用时=30049
2026-08-19 12:44:25.144 ERROR [worldMap_timer-Timer][TimerThread.java:78] - Затраченное время на таймерные события: 12, количество: 245
2026-08-19 12:44:40.036 INFO [nioEventLoopGroup-4-1][CrossServerScript.java:848] - 公共心跳原因码返回是:0, 用时=29947
2026-08-19 12:45:01.616 ERROR [worldMap_timer-Timer][TimerThread.java:78] - Затраченное время на таймерные события: 12, количество: 245
2026-08-19 12:45:01.740 ERROR [worldMap_timer-Timer][TimerThread.java:78] - Затраченное время на таймерные события: 35, количество: 245
2026-08-19 12:45:01.960 ERROR [worldMap_timer-Timer][TimerThread.java:78] - Затраченное время на таймерные события: 17, количество: 245
2026-08-19 12:45:02.061 ERROR [worldMap_timer-Timer][TimerThread.java:78] - Затраченное время на таймерные события: 18, количество: 245
2026-08-19 12:45:10.078 INFO [nioEventLoopGroup-4-1][CrossServerScript.java:848] - 公共心跳原因码返回是:0, 用时=30041
2026-08-19 12:45:40.042 INFO [nioEventLoopGroup-4-1][CrossServerScript.java:848] - 公共心跳原因码返回是:0, 用时=29965
2026-08-19 12:46:10.107 INFO [nioEventLoopGroup-4-1][CrossServerScript.java:848] - 公共心跳原因码返回是:0, 用时=30065
2026-08-19 12:46:40.067 INFO [nioEventLoopGroup-4-1][CrossServerScript.java:848] - 公共心跳原因码返回是:0, 用时=29960
2026-08-19 12:47:10.032 INFO [nioEventLoopGroup-4-1][CrossServerScript.java:848] - 公共心跳原因码返回是:0, 用时=29965
2026-08-19 12:47:40.097 INFO [nioEventLoopGroup-4-1][CrossServerScript.java:848] - 公共心跳原因码返回是:0, 用时=30065
2026-08-19 12:48:10.063 INFO [nioEventLoopGroup-4-1][CrossServerScript.java:848] - 公共心跳原因码返回是:0, 用时=29966
2026-08-19 12:48:40.112 INFO [nioEventLoopGroup-4-1][CrossServerScript.java:848] - 公共心跳原因码返回是:0, 用时=30049
2026-08-19 12:49:10.077 INFO [nioEventLoopGroup-4-1][CrossServerScript.java:848] - 公共心跳原因码返回是:0, 用时=29965
2026-08-19 12:49:40.125 INFO [nioEventLoopGroup-4-1][CrossServerScript.java:848] - 公共心跳原因码返回是:0, 用时=30048
2026-08-19 12:50:10.125 INFO [nioEventLoopGroup-4-1][CrossServerScript.java:848] - 公共心跳原因码返回是:0, 用时=30000
2026-08-19 12:50:40.030 INFO [nioEventLoopGroup-4-1][CrossServerScript.java:848] - 公共心跳原因码返回是:0, 用时=29905
2026-08-19 12:51:10.046 INFO [nioEventLoopGroup-4-1][CrossServerScript.java:848] - 公共心跳原因码返回是:0, 用时=30016
2026-08-19 12:51:40.113 INFO [nioEventLoopGroup-4-1][CrossServerScript.java:848] - 公共心跳原因码返回是:0, 用时=30067
2026-08-19 12:51:44.202 INFO [nioEventLoopGroup-3-7][ClientMsgAdapter.java:64] - [id: 0xf8913f92, L:/94.250.249.128:9101 - R:/71.6.240.242:41552], id=22首次来连接
2026-08-19 12:51:44.203 INFO [nioEventLoopGroup-3-7][ClientMsgAdapter.java:114] - [id: 0xf8913f92, L:/94.250.249.128:9101 ! R:/71.6.240.242:41552] 连接还没有注册成功玩家信息！ClientMsgAdapter
2026-08-19 12:51:44.203 WARN [nioEventLoopGroup-3-7][SessionUtils.java:22] - remote ip:/71.6.240.242:41552 isActive:false reason:tickSession 关闭连接退出游戏！
2026-08-19 12:51:44.203 INFO [nioEventLoopGroup-3-7][ClientMsgAdapter.java:122] - [id: 0xf8913f92, L:/94.250.249.128:9101 ! R:/71.6.240.242:41552],id=22 连接的已经移除了！
2026-08-19 12:51:44.203 INFO [nioEventLoopGroup-3-7][MyOutClientHandler.java:37] - [id: 0xf8913f92, L:/94.250.249.128:9101 ! R:/71.6.240.242:41552] 连接还没有注册成功玩家信息！MyOutClientHandler
2026-08-19 12:52:10.081 INFO [nioEventLoopGroup-4-1][CrossServerScript.java:848] - 公共心跳原因码返回是:0, 用时=29968
2026-08-19 12:52:40.052 INFO [nioEventLoopGroup-4-1][CrossServerScript.java:848] - 公共心跳原因码返回是:0, 用时=29971
2026-08-19 12:52:59.574 INFO [nioEventLoopGroup-3-8][ClientMsgAdapter.java:64] - [id: 0xdbd7586d, L:/94.250.249.128:9101 - R:/71.6.240.242:39570], id=23首次来连接
2026-08-19 12:53:02.390 INFO [nioEventLoopGroup-3-8][ClientMsgAdapter.java:114] - [id: 0xdbd7586d, L:/94.250.249.128:9101 ! R:/71.6.240.242:39570] 连接还没有注册成功玩家信息！ClientMsgAdapter
2026-08-19 12:53:02.390 INFO [pool-6-thread-2][GameServer.java:619] - [id: 0xdbd7586d, L:/94.250.249.128:9101 ! R:/71.6.240.242:39570]发送队列时， 连接已经断开了！3
2026-08-19 12:53:02.390 WARN [nioEventLoopGroup-3-8][SessionUtils.java:22] - remote ip:/71.6.240.242:39570 isActive:false reason:tickSession 关闭连接退出游戏！
2026-08-19 12:53:02.390 INFO [nioEventLoopGroup-3-8][ClientMsgAdapter.java:122] - [id: 0xdbd7586d, L:/94.250.249.128:9101 ! R:/71.6.240.242:39570],id=23 连接的已经移除了！
2026-08-19 12:53:02.390 INFO [nioEventLoopGroup-3-8][MyOutClientHandler.java:37] - [id: 0xdbd7586d, L:/94.250.249.128:9101 ! R:/71.6.240.242:39570] 连接还没有注册成功玩家信息！MyOutClientHandler
2026-08-19 12:53:10.066 INFO [nioEventLoopGroup-4-1][CrossServerScript.java:848] - 公共心跳原因码返回是:0, 用时=30014
2026-08-19 12:53:40.127 INFO [nioEventLoopGroup-4-1][CrossServerScript.java:848] - 公共心跳原因码返回是:0, 用时=30060
2026-08-19 12:54:10.100 INFO [nioEventLoopGroup-4-1][CrossServerScript.java:848] - 公共心跳原因码返回是:0, 用时=29974
2026-08-19 12:54:40.067 INFO [nioEventLoopGroup-4-1][CrossServerScript.java:848] - 公共心跳原因码返回是:0, 用时=29967
2026-08-19 12:55:10.056 INFO [nioEventLoopGroup-4-1][CrossServerScript.java:848] - 公共心跳原因码返回是:0, 用时=29989
2026-08-19 12:55:40.097 INFO [nioEventLoopGroup-4-1][CrossServerScript.java:848] - 公共心跳原因码返回是:0, 用时=30041
2026-08-19 12:56:10.065 INFO [nioEventLoopGroup-4-1][CrossServerScript.java:848] - 公共心跳原因码返回是:0, 用时=29968
2026-08-19 12:56:40.109 INFO [nioEventLoopGroup-4-1][CrossServerScript.java:848] - 公共心跳原因码返回是:0, 用时=30043
2026-08-19 12:57:10.071 INFO [nioEventLoopGroup-4-1][CrossServerScript.java:848] - 公共心跳原因码返回是:0, 用时=29963
2026-08-19 12:57:40.111 INFO [nioEventLoopGroup-4-1][CrossServerScript.java:848] - 公共心跳原因码返回是:0, 用时=30040
2026-08-19 12:58:10.082 INFO [nioEventLoopGroup-4-1][CrossServerScript.java:848] - 公共心跳原因码返回是:0, 用时=29971
2026-08-19 12:58:40.039 INFO [nioEventLoopGroup-4-1][CrossServerScript.java:848] - 公共心跳原因码返回是:0, 用时=29957
2026-08-19 12:59:10.108 INFO [nioEventLoopGroup-4-1][CrossServerScript.java:848] - 公共心跳原因码返回是:0, 用时=30068
2026-08-19 12:59:40.082 INFO [nioEventLoopGroup-4-1][CrossServerScript.java:848] - 公共心跳原因码返回是:0, 用时=29975
