2026-08-20 10:00:00.087 INFO [RankThread][UniverseRankScript.java:402] - 检查天墟战场名人堂排名
2026-08-20 10:00:10.064 INFO [nioEventLoopGroup-4-1][CrossServerScript.java:848] - 公共心跳原因码返回是:0, 用时=30021
2026-08-20 10:00:40.128 INFO [nioEventLoopGroup-4-1][CrossServerScript.java:848] - 公共心跳原因码返回是:0, 用时=30064
2026-08-20 10:01:10.118 INFO [nioEventLoopGroup-4-1][CrossServerScript.java:848] - 公共心跳原因码返回是:0, 用时=29989
2026-08-20 10:01:19.095 ERROR [worldMap_timer-Timer][TimerThread.java:78] - Затраченное время на таймерные события: 14, количество: 245
2026-08-20 10:01:40.083 INFO [nioEventLoopGroup-4-1][CrossServerScript.java:848] - 公共心跳原因码返回是:0, 用时=29965
2026-08-20 10:02:10.053 INFO [nioEventLoopGroup-4-1][CrossServerScript.java:848] - 公共心跳原因码返回是:0, 用时=29971
2026-08-20 10:02:40.060 INFO [nioEventLoopGroup-4-1][CrossServerScript.java:848] - 公共心跳原因码返回是:0, 用时=30007
2026-08-20 10:03:10.057 INFO [nioEventLoopGroup-4-1][CrossServerScript.java:848] - 公共心跳原因码返回是:0, 用时=29997
2026-08-20 10:03:40.106 INFO [nioEventLoopGroup-4-1][CrossServerScript.java:848] - 公共心跳原因码返回是:0, 用时=30049
2026-08-20 10:04:10.089 INFO [nioEventLoopGroup-4-1][CrossServerScript.java:848] - 公共心跳原因码返回是:0, 用时=29983
2026-08-20 10:04:40.051 INFO [nioEventLoopGroup-4-1][CrossServerScript.java:848] - 公共心跳原因码返回是:0, 用时=29962
2026-08-20 10:05:10.110 INFO [nioEventLoopGroup-4-1][CrossServerScript.java:848] - 公共心跳原因码返回是:0, 用时=30059
2026-08-20 10:05:40.050 INFO [nioEventLoopGroup-4-1][CrossServerScript.java:848] - 公共心跳原因码返回是:0, 用时=29940
2026-08-20 10:06:10.114 INFO [nioEventLoopGroup-4-1][CrossServerScript.java:848] - 公共心跳原因码返回是:0, 用时=30064
2026-08-20 10:06:40.073 INFO [nioEventLoopGroup-4-1][CrossServerScript.java:848] - 公共心跳原因码返回是:0, 用时=29959
2026-08-20 10:07:10.126 INFO [nioEventLoopGroup-4-1][CrossServerScript.java:848] - 公共心跳原因码返回是:0, 用时=30053
2026-08-20 10:07:40.094 INFO [nioEventLoopGroup-4-1][CrossServerScript.java:848] - 公共心跳原因码返回是:0, 用时=29968
2026-08-20 10:08:10.057 INFO [nioEventLoopGroup-4-1][CrossServerScript.java:848] - 公共心跳原因码返回是:0, 用时=29962
2026-08-20 10:08:40.109 INFO [nioEventLoopGroup-4-1][CrossServerScript.java:848] - 公共心跳原因码返回是:0, 用时=30052
2026-08-20 10:09:06.909 ERROR [worldMap_timer-Timer][TimerThread.java:78] - Затраченное время на таймерные события: 12, количество: 245
2026-08-20 10:09:10.119 INFO [nioEventLoopGroup-4-1][CrossServerScript.java:848] - 公共心跳原因码返回是:0, 用时=30011
2026-08-20 10:09:40.077 INFO [nioEventLoopGroup-4-1][CrossServerScript.java:848] - 公共心跳原因码返回是:0, 用时=29958
2026-08-20 10:10:10.030 INFO [nioEventLoopGroup-4-1][CrossServerScript.java:848] - 公共心跳原因码返回是:0, 用时=29953
2026-08-20 10:10:40.081 INFO [nioEventLoopGroup-4-1][CrossServerScript.java:848] - 公共心跳原因码返回是:0, 用时=30050
2026-08-20 10:11:10.032 INFO [nioEventLoopGroup-4-1][CrossServerScript.java:848] - 公共心跳原因码返回是:0, 用时=29952
2026-08-20 10:11:40.109 INFO [nioEventLoopGroup-4-1][CrossServerScript.java:848] - 公共心跳原因码返回是:0, 用时=30077
2026-08-20 10:12:10.052 INFO [nioEventLoopGroup-4-1][CrossServerScript.java:848] - 公共心跳原因码返回是:0, 用时=29942
2026-08-20 10:12:40.100 INFO [nioEventLoopGroup-4-1][CrossServerScript.java:848] - 公共心跳原因码返回是:0, 用时=30049
2026-08-20 10:13:10.062 INFO [nioEventLoopGroup-4-1][CrossServerScript.java:848] - 公共心跳原因码返回是:0, 用时=29962
2026-08-20 10:13:40.104 INFO [nioEventLoopGroup-4-1][CrossServerScript.java:848] - 公共心跳原因码返回是:0, 用时=30042
2026-08-20 10:14:10.057 INFO [nioEventLoopGroup-4-1][CrossServerScript.java:848] - 公共心跳原因码返回是:0, 用时=29953
2026-08-20 10:14:40.109 INFO [nioEventLoopGroup-4-1][CrossServerScript.java:848] - 公共心跳原因码返回是:0, 用时=30052
2026-08-20 10:15:10.082 INFO [nioEventLoopGroup-4-1][CrossServerScript.java:848] - 公共心跳原因码返回是:0, 用时=29973
2026-08-20 10:15:40.031 INFO [nioEventLoopGroup-4-1][CrossServerScript.java:848] - 公共心跳原因码返回是:0, 用时=29948
2026-08-20 10:16:10.103 INFO [nioEventLoopGroup-4-1][CrossServerScript.java:848] - 公共心跳原因码返回是:0, 用时=30073
2026-08-20 10:16:40.049 INFO [nioEventLoopGroup-4-1][CrossServerScript.java:848] - 公共心跳原因码返回是:0, 用时=29945
2026-08-20 10:17:10.117 INFO [nioEventLoopGroup-4-1][CrossServerScript.java:848] - 公共心跳原因码返回是:0, 用时=30068
2026-08-20 10:17:40.059 INFO [nioEventLoopGroup-4-1][CrossServerScript.java:848] - 公共心跳原因码返回是:0, 用时=29943
2026-08-20 10:18:10.126 INFO [nioEventLoopGroup-4-1][CrossServerScript.java:848] - 公共心跳原因码返回是:0, 用时=30066
2026-08-20 10:18:40.083 INFO [nioEventLoopGroup-4-1][CrossServerScript.java:848] - 公共心跳原因码返回是:0, 用时=29958
2026-08-20 10:19:10.053 INFO [nioEventLoopGroup-4-1][CrossServerScript.java:848] - 公共心跳原因码返回是:0, 用时=29970
2026-08-20 10:19:40.097 INFO [nioEventLoopGroup-4-1][CrossServerScript.java:848] - 公共心跳原因码返回是:0, 用时=30044
2026-08-20 10:20:10.070 INFO [nioEventLoopGroup-4-1][CrossServerScript.java:848] - 公共心跳原因码返回是:0, 用时=29972
2026-08-20 10:20:40.117 INFO [nioEventLoopGroup-4-1][CrossServerScript.java:848] - 公共心跳原因码返回是:0, 用时=30048
2026-08-20 10:21:10.073 INFO [nioEventLoopGroup-4-1][CrossServerScript.java:848] - 公共心跳原因码返回是:0, 用时=29956
2026-08-20 10:21:40.130 INFO [nioEventLoopGroup-4-1][CrossServerScript.java:848] - 公共心跳原因码返回是:0, 用时=30057
2026-08-20 10:22:10.091 INFO [nioEventLoopGroup-4-1][CrossServerScript.java:848] - 公共心跳原因码返回是:0, 用时=29960
2026-08-20 10:22:40.035 INFO [nioEventLoopGroup-4-1][CrossServerScript.java:848] - 公共心跳原因码返回是:0, 用时=29945
2026-08-20 10:23:10.113 INFO [nioEventLoopGroup-4-1][CrossServerScript.java:848] - 公共心跳原因码返回是:0, 用时=30077
2026-08-20 10:23:40.064 INFO [nioEventLoopGroup-4-1][CrossServerScript.java:848] - 公共心跳原因码返回是:0, 用时=29951
2026-08-20 10:24:10.121 INFO [nioEventLoopGroup-4-1][CrossServerScript.java:848] - 公共心跳原因码返回是:0, 用时=30058
2026-08-20 10:24:40.070 INFO [nioEventLoopGroup-4-1][CrossServerScript.java:848] - 公共心跳原因码返回是:0, 用时=29948
2026-08-20 10:25:06.914 ERROR [worldMap_timer-Timer][TimerThread.java:78] - Затраченное время на таймерные события: 18, количество: 245
2026-08-20 10:25:10.086 INFO [nioEventLoopGroup-4-1][CrossServerScript.java:848] - 公共心跳原因码返回是:0, 用时=30017
2026-08-20 10:25:40.041 INFO [nioEventLoopGroup-4-1][CrossServerScript.java:848] - 公共心跳原因码返回是:0, 用时=29954
2026-08-20 10:26:10.099 INFO [nioEventLoopGroup-4-1][CrossServerScript.java:848] - 公共心跳原因码返回是:0, 用时=30059
2026-08-20 10:26:31.099 ERROR [main_timer-Timer][TimerThread.java:78] - Затраченное время на таймерные события: 18, количество: 17
2026-08-20 10:26:40.082 INFO [nioEventLoopGroup-4-1][CrossServerScript.java:848] - 公共心跳原因码返回是:0, 用时=29983
2026-08-20 10:27:10.054 INFO [nioEventLoopGroup-4-1][CrossServerScript.java:848] - 公共心跳原因码返回是:0, 用时=29971
2026-08-20 10:27:40.093 INFO [nioEventLoopGroup-4-1][CrossServerScript.java:848] - 公共心跳原因码返回是:0, 用时=30039
2026-08-20 10:28:10.048 INFO [nioEventLoopGroup-4-1][CrossServerScript.java:848] - 公共心跳原因码返回是:0, 用时=29956
2026-08-20 10:28:40.128 INFO [nioEventLoopGroup-4-1][CrossServerScript.java:848] - 公共心跳原因码返回是:0, 用时=30080
2026-08-20 10:29:10.078 INFO [nioEventLoopGroup-4-1][CrossServerScript.java:848] - 公共心跳原因码返回是:0, 用时=29950
2026-08-20 10:29:40.062 INFO [nioEventLoopGroup-4-1][CrossServerScript.java:848] - 公共心跳原因码返回是:0, 用时=29984
2026-08-20 10:30:10.088 INFO [nioEventLoopGroup-4-1][CrossServerScript.java:848] - 公共心跳原因码返回是:0, 用时=30026
2026-08-20 10:30:24.896 ERROR [worldMap_timer-Timer][TimerThread.java:78] - Затраченное время на таймерные события: 13, количество: 245
2026-08-20 10:30:40.042 INFO [nioEventLoopGroup-4-1][CrossServerScript.java:848] - 公共心跳原因码返回是:0, 用时=29953
2026-08-20 10:31:10.104 INFO [nioEventLoopGroup-4-1][CrossServerScript.java:848] - 公共心跳原因码返回是:0, 用时=30062
2026-08-20 10:31:40.067 INFO [nioEventLoopGroup-4-1][CrossServerScript.java:848] - 公共心跳原因码返回是:0, 用时=29963
2026-08-20 10:32:07.022 ERROR [worldMap_timer-Timer][TimerThread.java:78] - Затраченное время на таймерные события: 14, количество: 245
2026-08-20 10:32:10.051 INFO [nioEventLoopGroup-4-1][CrossServerScript.java:848] - 公共心跳原因码返回是:0, 用时=29984
2026-08-20 10:32:40.112 INFO [nioEventLoopGroup-4-1][CrossServerScript.java:848] - 公共心跳原因码返回是:0, 用时=30061
2026-08-20 10:33:10.042 INFO [nioEventLoopGroup-4-1][CrossServerScript.java:848] - 公共心跳原因码返回是:0, 用时=29931
2026-08-20 10:33:40.091 INFO [nioEventLoopGroup-4-1][CrossServerScript.java:848] - 公共心跳原因码返回是:0, 用时=30049
2026-08-20 10:34:10.052 INFO [nioEventLoopGroup-4-1][CrossServerScript.java:848] - 公共心跳原因码返回是:0, 用时=29961
2026-08-20 10:34:40.032 INFO [nioEventLoopGroup-4-1][CrossServerScript.java:848] - 公共心跳原因码返回是:0, 用时=29980
2026-08-20 10:35:08.617 ERROR [copyMap_timer-Timer][TimerThread.java:78] - Затраченное время на таймерные события: 19, количество: 63
2026-08-20 10:35:10.105 INFO [nioEventLoopGroup-4-1][CrossServerScript.java:848] - 公共心跳原因码返回是:0, 用时=30073
2026-08-20 10:35:40.106 INFO [nioEventLoopGroup-4-1][CrossServerScript.java:848] - 公共心跳原因码返回是:0, 用时=30001
2026-08-20 10:36:10.030 INFO [nioEventLoopGroup-4-1][CrossServerScript.java:848] - 公共心跳原因码返回是:0, 用时=29924
2026-08-20 10:36:40.103 INFO [nioEventLoopGroup-4-1][CrossServerScript.java:848] - 公共心跳原因码返回是:0, 用时=30073
2026-08-20 10:37:10.069 INFO [nioEventLoopGroup-4-1][CrossServerScript.java:848] - 公共心跳原因码返回是:0, 用时=29966
2026-08-20 10:37:14.864 ERROR [worldMap_timer-Timer][TimerThread.java:78] - Затраченное время на таймерные события: 26, количество: 245
2026-08-20 10:37:40.057 INFO [nioEventLoopGroup-4-1][CrossServerScript.java:848] - 公共心跳原因码返回是:0, 用时=29987
2026-08-20 10:37:44.922 ERROR [worldMap_timer-Timer][TimerThread.java:78] - Затраченное время на таймерные события: 18, количество: 245
2026-08-20 10:38:10.053 INFO [nioEventLoopGroup-4-1][CrossServerScript.java:848] - 公共心跳原因码返回是:0, 用时=29996
2026-08-20 10:38:40.115 INFO [nioEventLoopGroup-4-1][CrossServerScript.java:848] - 公共心跳原因码返回是:0, 用时=30063
2026-08-20 10:39:10.089 INFO [nioEventLoopGroup-4-1][CrossServerScript.java:848] - 公共心跳原因码返回是:0, 用时=29973
2026-08-20 10:39:40.048 INFO [nioEventLoopGroup-4-1][CrossServerScript.java:848] - 公共心跳原因码返回是:0, 用时=29959
2026-08-20 10:40:10.040 INFO [nioEventLoopGroup-4-1][CrossServerScript.java:848] - 公共心跳原因码返回是:0, 用时=29993
2026-08-20 10:40:40.108 INFO [nioEventLoopGroup-4-1][CrossServerScript.java:848] - 公共心跳原因码返回是:0, 用时=30068
2026-08-20 10:41:10.058 INFO [nioEventLoopGroup-4-1][CrossServerScript.java:848] - 公共心跳原因码返回是:0, 用时=29950
2026-08-20 10:41:40.076 INFO [nioEventLoopGroup-4-1][CrossServerScript.java:848] - 公共心跳原因码返回是:0, 用时=30017
2026-08-20 10:42:06.871 ERROR [worldMap_timer-Timer][TimerThread.java:78] - Затраченное время на таймерные события: 24, количество: 245
2026-08-20 10:42:10.082 INFO [nioEventLoopGroup-4-1][CrossServerScript.java:848] - 公共心跳原因码返回是:0, 用时=30006
2026-08-20 10:42:40.033 INFO [nioEventLoopGroup-4-1][CrossServerScript.java:848] - 公共心跳原因码返回是:0, 用时=29952
2026-08-20 10:43:10.111 INFO [nioEventLoopGroup-4-1][CrossServerScript.java:848] - 公共心跳原因码返回是:0, 用时=30077
2026-08-20 10:43:19.375 ERROR [worldMap_timer-Timer][TimerThread.java:78] - Затраченное время на таймерные события: 11, количество: 245
2026-08-20 10:43:40.092 INFO [nioEventLoopGroup-4-1][CrossServerScript.java:848] - 公共心跳原因码返回是:0, 用时=29982
2026-08-20 10:44:10.079 INFO [nioEventLoopGroup-4-1][CrossServerScript.java:848] - 公共心跳原因码返回是:0, 用时=29987
2026-08-20 10:44:40.070 INFO [nioEventLoopGroup-4-1][CrossServerScript.java:848] - 公共心跳原因码返回是:0, 用时=29991
2026-08-20 10:45:10.043 INFO [nioEventLoopGroup-4-1][CrossServerScript.java:848] - 公共心跳原因码返回是:0, 用时=29973
2026-08-20 10:45:18.553 ERROR [worldMap_timer-Timer][TimerThread.java:78] - Затраченное время на таймерные события: 11, количество: 245
2026-08-20 10:45:40.032 INFO [nioEventLoopGroup-4-1][CrossServerScript.java:848] - 公共心跳原因码返回是:0, 用时=29989
2026-08-20 10:46:10.074 INFO [nioEventLoopGroup-4-1][CrossServerScript.java:848] - 公共心跳原因码返回是:0, 用时=30041
2026-08-20 10:46:40.129 INFO [nioEventLoopGroup-4-1][CrossServerScript.java:848] - 公共心跳原因码返回是:0, 用时=30055
2026-08-20 10:47:00.909 ERROR [worldMap_timer-Timer][TimerThread.java:78] - Затраченное время на таймерные события: 13, количество: 245
2026-08-20 10:47:01.108 ERROR [worldMap_timer-Timer][TimerThread.java:78] - Затраченное время на таймерные события: 11, количество: 245
2026-08-20 10:47:10.122 INFO [nioEventLoopGroup-4-1][CrossServerScript.java:848] - 公共心跳原因码返回是:0, 用时=29993
2026-08-20 10:47:40.084 INFO [nioEventLoopGroup-4-1][CrossServerScript.java:848] - 公共心跳原因码返回是:0, 用时=29963
2026-08-20 10:48:10.056 INFO [nioEventLoopGroup-4-1][CrossServerScript.java:848] - 公共心跳原因码返回是:0, 用时=29972
2026-08-20 10:48:40.112 INFO [nioEventLoopGroup-4-1][CrossServerScript.java:848] - 公共心跳原因码返回是:0, 用时=30055
2026-08-20 10:49:10.084 INFO [nioEventLoopGroup-4-1][CrossServerScript.java:848] - 公共心跳原因码返回是:0, 用时=29973
2026-08-20 10:49:40.060 INFO [nioEventLoopGroup-4-1][CrossServerScript.java:848] - 公共心跳原因码返回是:0, 用时=29976
2026-08-20 10:50:10.045 INFO [nioEventLoopGroup-4-1][CrossServerScript.java:848] - 公共心跳原因码返回是:0, 用时=29985
2026-08-20 10:50:40.125 INFO [nioEventLoopGroup-4-1][CrossServerScript.java:848] - 公共心跳原因码返回是:0, 用时=30080
2026-08-20 10:51:10.089 INFO [nioEventLoopGroup-4-1][CrossServerScript.java:848] - 公共心跳原因码返回是:0, 用时=29964
2026-08-20 10:51:40.061 INFO [nioEventLoopGroup-4-1][CrossServerScript.java:848] - 公共心跳原因码返回是:0, 用时=29972
2026-08-20 10:52:10.122 INFO [nioEventLoopGroup-4-1][CrossServerScript.java:848] - 公共心跳原因码返回是:0, 用时=30061
2026-08-20 10:52:40.105 INFO [nioEventLoopGroup-4-1][CrossServerScript.java:848] - 公共心跳原因码返回是:0, 用时=29983
2026-08-20 10:53:07.268 ERROR [worldMap_timer-Timer][TimerThread.java:78] - Затраченное время на таймерные события: 33, количество: 245
2026-08-20 10:53:10.048 INFO [nioEventLoopGroup-4-1][CrossServerScript.java:848] - 公共心跳原因码返回是:0, 用时=29943
2026-08-20 10:53:23.143 ERROR [worldMap_timer-Timer][TimerThread.java:78] - Затраченное время на таймерные события: 11, количество: 245
2026-08-20 10:53:40.122 INFO [nioEventLoopGroup-4-1][CrossServerScript.java:848] - 公共心跳原因码返回是:0, 用时=30074
2026-08-20 10:54:10.095 INFO [nioEventLoopGroup-4-1][CrossServerScript.java:848] - 公共心跳原因码返回是:0, 用时=29973
2026-08-20 10:54:30.808 ERROR [worldMap_timer-Timer][TimerThread.java:78] - Затраченное время на таймерные события: 14, количество: 245
2026-08-20 10:54:40.120 INFO [nioEventLoopGroup-4-1][CrossServerScript.java:848] - 公共心跳原因码返回是:0, 用时=30024
2026-08-20 10:55:10.091 INFO [nioEventLoopGroup-4-1][CrossServerScript.java:848] - 公共心跳原因码返回是:0, 用时=29971
2026-08-20 10:55:40.044 INFO [nioEventLoopGroup-4-1][CrossServerScript.java:848] - 公共心跳原因码返回是:0, 用时=29954
2026-08-20 10:55:42.767 ERROR [worldMap_timer-Timer][TimerThread.java:78] - Затраченное время на таймерные события: 11, количество: 245
2026-08-20 10:56:10.115 INFO [nioEventLoopGroup-4-1][CrossServerScript.java:848] - 公共心跳原因码返回是:0, 用时=30071
2026-08-20 10:56:40.099 INFO [nioEventLoopGroup-4-1][CrossServerScript.java:848] - 公共心跳原因码返回是:0, 用时=29984
2026-08-20 10:57:10.053 INFO [nioEventLoopGroup-4-1][CrossServerScript.java:848] - 公共心跳原因码返回是:0, 用时=29953
2026-08-20 10:57:40.125 INFO [nioEventLoopGroup-4-1][CrossServerScript.java:848] - 公共心跳原因码返回是:0, 用时=30073
2026-08-20 10:58:10.085 INFO [nioEventLoopGroup-4-1][CrossServerScript.java:848] - 公共心跳原因码返回是:0, 用时=29960
2026-08-20 10:58:13.011 ERROR [worldMap_timer-Timer][TimerThread.java:78] - Затраченное время на таймерные события: 24, количество: 245
2026-08-20 10:58:40.049 INFO [nioEventLoopGroup-4-1][CrossServerScript.java:848] - 公共心跳原因码返回是:0, 用时=29962
2026-08-20 10:59:10.119 INFO [nioEventLoopGroup-4-1][CrossServerScript.java:848] - 公共心跳原因码返回是:0, 用时=30071
2026-08-20 10:59:40.093 INFO [nioEventLoopGroup-4-1][CrossServerScript.java:848] - 公共心跳原因码返回是:0, 用时=29975
