2026-08-20 14:00:00.075 INFO [RankThread][UniverseRankScript.java:402] - 检查天墟战场名人堂排名
2026-08-20 14:00:03.024 ERROR [worldMap_timer-Timer][TimerThread.java:78] - Затраченное время на таймерные события: 14, количество: 245
2026-08-20 14:00:05.706 ERROR [worldMap_timer-Timer][TimerThread.java:78] - Затраченное время на таймерные события: 48, количество: 245
2026-08-20 14:00:10.075 INFO [nioEventLoopGroup-4-1][CrossServerScript.java:848] - 公共心跳原因码返回是:0, 用时=30042
2026-08-20 14:00:40.031 INFO [nioEventLoopGroup-4-1][CrossServerScript.java:848] - 公共心跳原因码返回是:0, 用时=29957
2026-08-20 14:01:10.031 INFO [nioEventLoopGroup-4-1][CrossServerScript.java:848] - 公共心跳原因码返回是:0, 用时=30000
2026-08-20 14:01:40.117 INFO [nioEventLoopGroup-4-1][CrossServerScript.java:848] - 公共心跳原因码返回是:0, 用时=30080
2026-08-20 14:02:10.036 INFO [nioEventLoopGroup-4-1][CrossServerScript.java:848] - 公共心跳原因码返回是:0, 用时=29924
2026-08-20 14:02:40.106 INFO [nioEventLoopGroup-4-1][CrossServerScript.java:848] - 公共心跳原因码返回是:0, 用时=30071
2026-08-20 14:03:10.058 INFO [nioEventLoopGroup-4-1][CrossServerScript.java:848] - 公共心跳原因码返回是:0, 用时=29952
2026-08-20 14:03:40.118 INFO [nioEventLoopGroup-4-1][CrossServerScript.java:848] - 公共心跳原因码返回是:0, 用时=30060
2026-08-20 14:04:10.114 INFO [nioEventLoopGroup-4-1][CrossServerScript.java:848] - 公共心跳原因码返回是:0, 用时=29996
2026-08-20 14:04:16.651 ERROR [worldMap_timer-Timer][TimerThread.java:78] - Затраченное время на таймерные события: 12, количество: 245
2026-08-20 14:04:40.075 INFO [nioEventLoopGroup-4-1][CrossServerScript.java:848] - 公共心跳原因码返回是:0, 用时=29961
2026-08-20 14:05:03.278 ERROR [worldMap_timer-Timer][TimerThread.java:78] - Затраченное время на таймерные события: 36, количество: 245
2026-08-20 14:05:03.436 ERROR [worldMap_timer-Timer][TimerThread.java:78] - Затраченное время на таймерные события: 94, количество: 245
2026-08-20 14:05:10.142 INFO [nioEventLoopGroup-4-1][CrossServerScript.java:848] - 公共心跳原因码返回是:0, 用时=30067
2026-08-20 14:05:40.090 INFO [nioEventLoopGroup-4-1][CrossServerScript.java:848] - 公共心跳原因码返回是:0, 用时=29948
2026-08-20 14:06:10.062 INFO [nioEventLoopGroup-4-1][CrossServerScript.java:848] - 公共心跳原因码返回是:0, 用时=29971
2026-08-20 14:06:10.845 ERROR [worldMap_timer-Timer][TimerThread.java:78] - Затраченное время на таймерные события: 26, количество: 245
2026-08-20 14:06:40.080 INFO [nioEventLoopGroup-4-1][CrossServerScript.java:848] - 公共心跳原因码返回是:0, 用时=30018
2026-08-20 14:07:10.053 INFO [nioEventLoopGroup-4-1][CrossServerScript.java:848] - 公共心跳原因码返回是:0, 用时=29974
2026-08-20 14:07:40.077 INFO [nioEventLoopGroup-4-1][CrossServerScript.java:848] - 公共心跳原因码返回是:0, 用时=30024
2026-08-20 14:08:10.062 INFO [nioEventLoopGroup-4-1][CrossServerScript.java:848] - 公共心跳原因码返回是:0, 用时=29985
2026-08-20 14:08:24.809 ERROR [worldMap_timer-Timer][TimerThread.java:78] - Затраченное время на таймерные события: 12, количество: 245
2026-08-20 14:08:40.052 INFO [nioEventLoopGroup-4-1][CrossServerScript.java:848] - 公共心跳原因码返回是:0, 用时=29990
2026-08-20 14:08:42.790 ERROR [worldMap_timer-Timer][TimerThread.java:78] - Затраченное время на таймерные события: 43, количество: 245
2026-08-20 14:09:10.103 INFO [nioEventLoopGroup-4-1][CrossServerScript.java:848] - 公共心跳原因码返回是:0, 用时=30051
2026-08-20 14:09:40.099 INFO [nioEventLoopGroup-4-1][CrossServerScript.java:848] - 公共心跳原因码返回是:0, 用时=29996
2026-08-20 14:10:02.396 ERROR [bi_timer-Timer][TimerThread.java:78] - Затраченное время на таймерные события: 14, количество: 2
2026-08-20 14:10:02.400 ERROR [worldMap_timer-Timer][TimerThread.java:78] - Затраченное время на таймерные события: 17, количество: 245
2026-08-20 14:10:10.039 INFO [nioEventLoopGroup-4-1][CrossServerScript.java:848] - 公共心跳原因码返回是:0, 用时=29939
2026-08-20 14:10:40.094 INFO [nioEventLoopGroup-4-1][CrossServerScript.java:848] - 公共心跳原因码返回是:0, 用时=30056
2026-08-20 14:11:10.066 INFO [nioEventLoopGroup-4-1][CrossServerScript.java:848] - 公共心跳原因码返回是:0, 用时=29971
2026-08-20 14:11:40.102 INFO [nioEventLoopGroup-4-1][CrossServerScript.java:848] - 公共心跳原因码返回是:0, 用时=30037
2026-08-20 14:12:01.400 ERROR [copyMap_timer-Timer][TimerThread.java:78] - Затраченное время на таймерные события: 14, количество: 63
2026-08-20 14:12:05.308 ERROR [worldMap_timer-Timer][TimerThread.java:78] - Затраченное время на таймерные события: 15, количество: 245
2026-08-20 14:12:10.057 INFO [nioEventLoopGroup-4-1][CrossServerScript.java:848] - 公共心跳原因码返回是:0, 用时=29954
2026-08-20 14:12:40.128 INFO [nioEventLoopGroup-4-1][CrossServerScript.java:848] - 公共心跳原因码返回是:0, 用时=30072
2026-08-20 14:12:49.038 ERROR [worldMap_timer-Timer][TimerThread.java:78] - Затраченное время на таймерные события: 11, количество: 245
2026-08-20 14:13:10.118 INFO [nioEventLoopGroup-4-1][CrossServerScript.java:848] - 公共心跳原因码返回是:0, 用时=29990
2026-08-20 14:13:10.944 ERROR [copyMap_timer-Timer][TimerThread.java:78] - Затраченное время на таймерные события: 13, количество: 63
2026-08-20 14:13:12.856 ERROR [worldMap_timer-Timer][TimerThread.java:78] - Затраченное время на таймерные события: 52, количество: 245
2026-08-20 14:13:12.955 ERROR [worldMap_timer-Timer][TimerThread.java:78] - Затраченное время на таймерные события: 32, количество: 245
2026-08-20 14:13:21.373 ERROR [worldMap_timer-Timer][TimerThread.java:78] - Затраченное время на таймерные события: 12, количество: 245
2026-08-20 14:13:37.926 ERROR [worldMap_timer-Timer][TimerThread.java:78] - Затраченное время на таймерные события: 13, количество: 245
2026-08-20 14:13:40.040 INFO [nioEventLoopGroup-4-1][CrossServerScript.java:848] - 公共心跳原因码返回是:0, 用时=29922
2026-08-20 14:13:41.051 ERROR [worldMap_timer-Timer][TimerThread.java:78] - Затраченное время на таймерные события: 68, количество: 245
2026-08-20 14:14:10.071 INFO [nioEventLoopGroup-4-1][CrossServerScript.java:848] - 公共心跳原因码返回是:0, 用时=30031
2026-08-20 14:14:27.061 ERROR [worldMap_timer-Timer][TimerThread.java:78] - Затраченное время на таймерные события: 26, количество: 245
2026-08-20 14:14:27.105 ERROR [worldMap_timer-Timer][TimerThread.java:78] - Затраченное время на таймерные события: 26, количество: 245
2026-08-20 14:14:40.075 INFO [nioEventLoopGroup-4-1][CrossServerScript.java:848] - 公共心跳原因码返回是:0, 用时=30004
2026-08-20 14:15:10.106 INFO [nioEventLoopGroup-4-1][CrossServerScript.java:848] - 公共心跳原因码返回是:0, 用时=30030
2026-08-20 14:15:36.908 ERROR [worldMap_timer-Timer][TimerThread.java:78] - Затраченное время на таймерные события: 14, количество: 245
2026-08-20 14:15:37.224 ERROR [worldMap_timer-Timer][TimerThread.java:78] - Затраченное время на таймерные события: 11, количество: 245
2026-08-20 14:15:40.127 INFO [nioEventLoopGroup-4-1][CrossServerScript.java:848] - 公共心跳原因码返回是:0, 用时=30022
2026-08-20 14:16:10.116 INFO [nioEventLoopGroup-4-1][CrossServerScript.java:848] - 公共心跳原因码返回是:0, 用时=29989
2026-08-20 14:16:11.133 ERROR [worldMap_timer-Timer][TimerThread.java:78] - Затраченное время на таймерные события: 16, количество: 245
2026-08-20 14:16:40.099 INFO [nioEventLoopGroup-4-1][CrossServerScript.java:848] - 公共心跳原因码返回是:0, 用时=29983
2026-08-20 14:17:07.101 ERROR [main_timer-Timer][TimerThread.java:78] - Затраченное время на таймерные события: 12, количество: 17
2026-08-20 14:17:10.100 INFO [nioEventLoopGroup-4-1][CrossServerScript.java:848] - 公共心跳原因码返回是:0, 用时=30001
2026-08-20 14:17:40.099 INFO [nioEventLoopGroup-4-1][CrossServerScript.java:848] - 公共心跳原因码返回是:0, 用时=29999
2026-08-20 14:17:51.030 ERROR [worldMap_timer-Timer][TimerThread.java:78] - Затраченное время на таймерные события: 43, количество: 245
2026-08-20 14:18:10.076 INFO [nioEventLoopGroup-4-1][CrossServerScript.java:848] - 公共心跳原因码返回是:0, 用时=29977
2026-08-20 14:18:40.070 INFO [nioEventLoopGroup-4-1][CrossServerScript.java:848] - 公共心跳原因码返回是:0, 用时=29994
2026-08-20 14:19:10.079 INFO [nioEventLoopGroup-4-1][CrossServerScript.java:848] - 公共心跳原因码返回是:0, 用时=30008
2026-08-20 14:19:40.099 INFO [nioEventLoopGroup-4-1][CrossServerScript.java:848] - 公共心跳原因码返回是:0, 用时=30021
2026-08-20 14:20:05.142 ERROR [worldMap_timer-Timer][TimerThread.java:78] - Затраченное время на таймерные события: 19, количество: 245
2026-08-20 14:20:10.067 INFO [nioEventLoopGroup-4-1][CrossServerScript.java:848] - 公共心跳原因码返回是:0, 用时=29968
2026-08-20 14:20:40.128 INFO [nioEventLoopGroup-4-1][CrossServerScript.java:848] - 公共心跳原因码返回是:0, 用时=30060
2026-08-20 14:21:05.137 ERROR [worldMap_timer-Timer][TimerThread.java:78] - Затраченное время на таймерные события: 11, количество: 245
2026-08-20 14:21:10.103 INFO [nioEventLoopGroup-4-1][CrossServerScript.java:848] - 公共心跳原因码返回是:0, 用时=29976
2026-08-20 14:21:40.099 INFO [nioEventLoopGroup-4-1][CrossServerScript.java:848] - 公共心跳原因码返回是:0, 用时=29995
2026-08-20 14:22:10.075 INFO [nioEventLoopGroup-4-1][CrossServerScript.java:848] - 公共心跳原因码返回是:0, 用时=29976
2026-08-20 14:22:14.474 ERROR [worldMap_timer-Timer][TimerThread.java:78] - Затраченное время на таймерные события: 12, количество: 245
2026-08-20 14:22:40.068 INFO [nioEventLoopGroup-4-1][CrossServerScript.java:848] - 公共心跳原因码返回是:0, 用时=29994
2026-08-20 14:23:10.083 INFO [nioEventLoopGroup-4-1][CrossServerScript.java:848] - 公共心跳原因码返回是:0, 用时=30015
2026-08-20 14:23:37.386 ERROR [worldMap_timer-Timer][TimerThread.java:78] - Затраченное время на таймерные события: 20, количество: 245
2026-08-20 14:23:40.096 INFO [nioEventLoopGroup-4-1][CrossServerScript.java:848] - 公共心跳原因码返回是:0, 用时=30013
2026-08-20 14:24:10.086 INFO [nioEventLoopGroup-4-1][CrossServerScript.java:848] - 公共心跳原因码返回是:0, 用时=29990
2026-08-20 14:24:40.061 INFO [nioEventLoopGroup-4-1][CrossServerScript.java:848] - 公共心跳原因码返回是:0, 用时=29974
2026-08-20 14:25:10.120 INFO [nioEventLoopGroup-4-1][CrossServerScript.java:848] - 公共心跳原因码返回是:0, 用时=30059
2026-08-20 14:25:40.097 INFO [nioEventLoopGroup-4-1][CrossServerScript.java:848] - 公共心跳原因码返回是:0, 用时=29978
2026-08-20 14:26:10.088 INFO [nioEventLoopGroup-4-1][CrossServerScript.java:848] - 公共心跳原因码返回是:0, 用时=29991
2026-08-20 14:26:40.069 INFO [nioEventLoopGroup-4-1][CrossServerScript.java:848] - 公共心跳原因码返回是:0, 用时=29980
2026-08-20 14:27:00.739 ERROR [copyMap_timer-Timer][TimerThread.java:78] - Затраченное время на таймерные события: 11, количество: 63
2026-08-20 14:27:02.729 ERROR [worldMap_timer-Timer][TimerThread.java:78] - Затраченное время на таймерные события: 118, количество: 245
2026-08-20 14:27:02.886 ERROR [worldMap_timer-Timer][TimerThread.java:78] - Затраченное время на таймерные события: 56, количество: 245
2026-08-20 14:27:10.094 INFO [nioEventLoopGroup-4-1][CrossServerScript.java:848] - 公共心跳原因码返回是:0, 用时=30026
2026-08-20 14:27:11.191 ERROR [worldMap_timer-Timer][TimerThread.java:78] - Затраченное время на таймерные события: 11, количество: 245
2026-08-20 14:27:32.867 ERROR [worldMap_timer-Timer][TimerThread.java:78] - Затраченное время на таймерные события: 11, количество: 245
2026-08-20 14:27:40.098 INFO [nioEventLoopGroup-4-1][CrossServerScript.java:848] - 公共心跳原因码返回是:0, 用时=30004
2026-08-20 14:27:42.788 ERROR [worldMap_timer-Timer][TimerThread.java:78] - Затраченное время на таймерные события: 14, количество: 245
2026-08-20 14:28:10.107 INFO [nioEventLoopGroup-4-1][CrossServerScript.java:848] - 公共心跳原因码返回是:0, 用时=30009
2026-08-20 14:28:19.148 ERROR [copyMap_timer-Timer][TimerThread.java:78] - Затраченное время на таймерные события: 65, количество: 63
2026-08-20 14:28:37.024 ERROR [worldMap_timer-Timer][TimerThread.java:78] - Затраченное время на таймерные события: 13, количество: 245
2026-08-20 14:28:40.050 INFO [nioEventLoopGroup-4-1][CrossServerScript.java:848] - 公共心跳原因码返回是:0, 用时=29943
2026-08-20 14:29:10.122 INFO [nioEventLoopGroup-4-1][CrossServerScript.java:848] - 公共心跳原因码返回是:0, 用时=30072
2026-08-20 14:29:40.120 INFO [nioEventLoopGroup-4-1][CrossServerScript.java:848] - 公共心跳原因码返回是:0, 用时=29998
2026-08-20 14:30:01.914 ERROR [worldMap_timer-Timer][TimerThread.java:78] - Затраченное время на таймерные события: 15, количество: 245
2026-08-20 14:30:10.075 INFO [nioEventLoopGroup-4-1][CrossServerScript.java:848] - 公共心跳原因码返回是:0, 用时=29955
2026-08-20 14:30:34.030 ERROR [worldMap_timer-Timer][TimerThread.java:78] - Затраченное время на таймерные события: 15, количество: 245
2026-08-20 14:30:35.243 ERROR [worldMap_timer-Timer][TimerThread.java:78] - Затраченное время на таймерные события: 80, количество: 245
2026-08-20 14:30:40.117 INFO [nioEventLoopGroup-4-1][CrossServerScript.java:848] - 公共心跳原因码返回是:0, 用时=30041
2026-08-20 14:30:44.678 ERROR [worldMap_timer-Timer][TimerThread.java:78] - Затраченное время на таймерные события: 16, количество: 245
2026-08-20 14:30:57.029 ERROR [worldMap_timer-Timer][TimerThread.java:78] - Затраченное время на таймерные события: 13, количество: 245
2026-08-20 14:31:10.096 INFO [nioEventLoopGroup-4-1][CrossServerScript.java:848] - 公共心跳原因码返回是:0, 用时=29980
2026-08-20 14:31:40.097 INFO [nioEventLoopGroup-4-1][CrossServerScript.java:848] - 公共心跳原因码返回是:0, 用时=30001
2026-08-20 14:32:05.020 ERROR [worldMap_timer-Timer][TimerThread.java:78] - Затраченное время на таймерные события: 23, количество: 245
2026-08-20 14:32:10.083 INFO [nioEventLoopGroup-4-1][CrossServerScript.java:848] - 公共心跳原因码返回是:0, 用时=29986
2026-08-20 14:32:40.058 INFO [nioEventLoopGroup-4-1][CrossServerScript.java:848] - 公共心跳原因码返回是:0, 用时=29975
2026-08-20 14:33:02.185 ERROR [worldMap_timer-Timer][TimerThread.java:78] - Затраченное время на таймерные события: 14, количество: 245
2026-08-20 14:33:10.031 INFO [nioEventLoopGroup-4-1][CrossServerScript.java:848] - 公共心跳原因码返回是:0, 用时=29973
2026-08-20 14:33:28.216 ERROR [worldMap_timer-Timer][TimerThread.java:78] - Затраченное время на таймерные события: 14, количество: 245
2026-08-20 14:33:40.056 INFO [nioEventLoopGroup-4-1][CrossServerScript.java:848] - 公共心跳原因码返回是:0, 用时=30024
2026-08-20 14:33:40.980 ERROR [worldMap_timer-Timer][TimerThread.java:78] - Затраченное время на таймерные события: 22, количество: 245
2026-08-20 14:34:10.033 INFO [nioEventLoopGroup-4-1][CrossServerScript.java:848] - 公共心跳原因码返回是:0, 用时=29977
2026-08-20 14:34:19.132 ERROR [worldMap_timer-Timer][TimerThread.java:78] - Затраченное время на таймерные события: 48, количество: 245
2026-08-20 14:34:40.084 INFO [nioEventLoopGroup-4-1][CrossServerScript.java:848] - 公共心跳原因码返回是:0, 用时=30052
2026-08-20 14:35:10.104 INFO [nioEventLoopGroup-4-1][CrossServerScript.java:848] - 公共心跳原因码返回是:0, 用时=30019
2026-08-20 14:35:25.045 ERROR [worldMap_timer-Timer][TimerThread.java:78] - Затраченное время на таймерные события: 152, количество: 245
2026-08-20 14:35:26.662 ERROR [worldMap_timer-Timer][TimerThread.java:78] - Затраченное время на таймерные события: 16, количество: 245
2026-08-20 14:35:32.901 ERROR [worldMap_timer-Timer][TimerThread.java:78] - Затраченное время на таймерные события: 13, количество: 245
2026-08-20 14:35:40.062 INFO [nioEventLoopGroup-4-1][CrossServerScript.java:848] - 公共心跳原因码返回是:0, 用时=29958
2026-08-20 14:36:10.053 INFO [nioEventLoopGroup-4-1][CrossServerScript.java:848] - 公共心跳原因码返回是:0, 用时=29992
2026-08-20 14:36:40.111 INFO [nioEventLoopGroup-4-1][CrossServerScript.java:848] - 公共心跳原因码返回是:0, 用时=30057
2026-08-20 14:36:42.259 ERROR [worldMap_timer-Timer][TimerThread.java:78] - Затраченное время на таймерные события: 13, количество: 245
2026-08-20 14:36:56.651 ERROR [worldMap_timer-Timer][TimerThread.java:78] - Затраченное время на таймерные события: 24, количество: 245
2026-08-20 14:37:10.102 INFO [nioEventLoopGroup-4-1][CrossServerScript.java:848] - 公共心跳原因码返回是:0, 用时=29992
2026-08-20 14:37:19.189 ERROR [worldMap_timer-Timer][TimerThread.java:78] - Затраченное время на таймерные события: 12, количество: 245
2026-08-20 14:37:40.035 INFO [nioEventLoopGroup-4-1][CrossServerScript.java:848] - 公共心跳原因码返回是:0, 用时=29933
2026-08-20 14:38:06.632 ERROR [worldMap_timer-Timer][TimerThread.java:78] - Затраченное время на таймерные события: 17, количество: 245
2026-08-20 14:38:06.779 ERROR [worldMap_timer-Timer][TimerThread.java:78] - Затраченное время на таймерные события: 44, количество: 245
2026-08-20 14:38:07.038 ERROR [copyMap_timer-Timer][TimerThread.java:78] - Затраченное время на таймерные события: 61, количество: 63
2026-08-20 14:38:07.150 ERROR [copyMap_timer-Timer][TimerThread.java:78] - Затраченное время на таймерные события: 67, количество: 63
2026-08-20 14:38:07.179 ERROR [worldMap_timer-Timer][TimerThread.java:78] - Затраченное время на таймерные события: 61, количество: 245
2026-08-20 14:38:10.078 INFO [nioEventLoopGroup-4-1][CrossServerScript.java:848] - 公共心跳原因码返回是:0, 用时=30042
2026-08-20 14:38:40.065 INFO [nioEventLoopGroup-4-1][CrossServerScript.java:848] - 公共心跳原因码返回是:0, 用时=29988
2026-08-20 14:38:40.723 ERROR [worldMap_timer-Timer][TimerThread.java:78] - Затраченное время на таймерные события: 14, количество: 245
2026-08-20 14:39:10.056 INFO [nioEventLoopGroup-4-1][CrossServerScript.java:848] - 公共心跳原因码返回是:0, 用时=29991
2026-08-20 14:39:40.122 INFO [nioEventLoopGroup-4-1][CrossServerScript.java:848] - 公共心跳原因码返回是:0, 用时=30066
2026-08-20 14:39:56.768 ERROR [bi_timer-Timer][TimerThread.java:78] - Затраченное время на таймерные события: 11, количество: 2
2026-08-20 14:39:56.978 ERROR [worldMap_timer-Timer][TimerThread.java:78] - Затраченное время на таймерные события: 23, количество: 245
2026-08-20 14:39:56.994 ERROR [copyMap_timer-Timer][TimerThread.java:78] - Затраченное время на таймерные события: 13, количество: 63
2026-08-20 14:39:57.108 ERROR [worldMap_timer-Timer][TimerThread.java:78] - Затраченное время на таймерные события: 34, количество: 245
2026-08-20 14:40:04.684 ERROR [worldMap_timer-Timer][TimerThread.java:78] - Затраченное время на таймерные события: 16, количество: 245
2026-08-20 14:40:10.118 INFO [nioEventLoopGroup-4-1][CrossServerScript.java:848] - 公共心跳原因码返回是:0, 用时=29995
2026-08-20 14:40:40.048 INFO [nioEventLoopGroup-4-1][CrossServerScript.java:848] - 公共心跳原因码返回是:0, 用时=29931
2026-08-20 14:41:10.109 INFO [nioEventLoopGroup-4-1][CrossServerScript.java:848] - 公共心跳原因码返回是:0, 用时=30060
2026-08-20 14:41:40.125 INFO [nioEventLoopGroup-4-1][CrossServerScript.java:848] - 公共心跳原因码返回是:0, 用时=30017
2026-08-20 14:42:10.133 INFO [nioEventLoopGroup-4-1][CrossServerScript.java:848] - 公共心跳原因码返回是:0, 用时=30008
2026-08-20 14:42:30.865 ERROR [copyMap_timer-Timer][TimerThread.java:78] - Затраченное время на таймерные события: 16, количество: 63
2026-08-20 14:42:40.108 INFO [nioEventLoopGroup-4-1][CrossServerScript.java:848] - 公共心跳原因码返回是:0, 用时=29975
2026-08-20 14:43:10.123 INFO [nioEventLoopGroup-4-1][CrossServerScript.java:848] - 公共心跳原因码返回是:0, 用时=30015
2026-08-20 14:43:38.687 ERROR [worldMap_timer-Timer][TimerThread.java:78] - Затраченное время на таймерные события: 31, количество: 245
2026-08-20 14:43:38.845 ERROR [worldMap_timer-Timer][TimerThread.java:78] - Затраченное время на таймерные события: 15, количество: 245
2026-08-20 14:43:40.088 INFO [nioEventLoopGroup-4-1][CrossServerScript.java:848] - 公共心跳原因码返回是:0, 用时=29965
2026-08-20 14:43:59.109 ERROR [worldMap_timer-Timer][TimerThread.java:78] - Затраченное время на таймерные события: 27, количество: 245
2026-08-20 14:44:10.125 INFO [nioEventLoopGroup-4-1][CrossServerScript.java:848] - 公共心跳原因码返回是:0, 用时=30037
2026-08-20 14:44:10.845 ERROR [worldMap_timer-Timer][TimerThread.java:78] - Затраченное время на таймерные события: 13, количество: 245
2026-08-20 14:44:40.051 INFO [nioEventLoopGroup-4-1][CrossServerScript.java:848] - 公共心跳原因码返回是:0, 用时=29926
2026-08-20 14:45:10.042 INFO [nioEventLoopGroup-4-1][CrossServerScript.java:848] - 公共心跳原因码返回是:0, 用时=29991
2026-08-20 14:45:40.054 INFO [nioEventLoopGroup-4-1][CrossServerScript.java:848] - 公共心跳原因码返回是:0, 用时=30012
2026-08-20 14:46:00.579 ERROR [worldMap_timer-Timer][TimerThread.java:78] - Затраченное время на таймерные события: 18, количество: 245
2026-08-20 14:46:10.064 INFO [nioEventLoopGroup-4-1][CrossServerScript.java:848] - 公共心跳原因码返回是:0, 用时=30010
2026-08-20 14:46:32.883 ERROR [worldMap_timer-Timer][TimerThread.java:78] - Затраченное время на таймерные события: 12, количество: 245
2026-08-20 14:46:40.098 INFO [nioEventLoopGroup-4-1][CrossServerScript.java:848] - 公共心跳原因码返回是:0, 用时=30034
2026-08-20 14:47:05.110 ERROR [worldMap_timer-Timer][TimerThread.java:78] - Затраченное время на таймерные события: 11, количество: 245
2026-08-20 14:47:10.105 INFO [nioEventLoopGroup-4-1][CrossServerScript.java:848] - 公共心跳原因码返回是:0, 用时=30007
2026-08-20 14:47:40.097 INFO [nioEventLoopGroup-4-1][CrossServerScript.java:848] - 公共心跳原因码返回是:0, 用时=29991
2026-08-20 14:48:10.083 INFO [nioEventLoopGroup-4-1][CrossServerScript.java:848] - 公共心跳原因码返回是:0, 用时=29987
2026-08-20 14:48:40.084 INFO [nioEventLoopGroup-4-1][CrossServerScript.java:848] - 公共心跳原因码返回是:0, 用时=30001
2026-08-20 14:49:10.067 INFO [nioEventLoopGroup-4-1][CrossServerScript.java:848] - 公共心跳原因码返回是:0, 用时=29983
2026-08-20 14:49:10.178 ERROR [worldMap_timer-Timer][TimerThread.java:78] - Затраченное время на таймерные события: 14, количество: 245
2026-08-20 14:49:40.128 INFO [nioEventLoopGroup-4-1][CrossServerScript.java:848] - 公共心跳原因码返回是:0, 用时=30061
2026-08-20 14:50:10.061 INFO [nioEventLoopGroup-4-1][CrossServerScript.java:848] - 公共心跳原因码返回是:0, 用时=29933
2026-08-20 14:50:37.045 ERROR [worldMap_timer-Timer][TimerThread.java:78] - Затраченное время на таймерные события: 37, количество: 245
2026-08-20 14:50:40.092 INFO [nioEventLoopGroup-4-1][CrossServerScript.java:848] - 公共心跳原因码返回是:0, 用时=30031
2026-08-20 14:50:51.063 ERROR [copyMap_timer-Timer][TimerThread.java:78] - Затраченное время на таймерные события: 12, количество: 63
2026-08-20 14:50:51.091 ERROR [worldMap_timer-Timer][TimerThread.java:78] - Затраченное время на таймерные события: 11, количество: 245
2026-08-20 14:51:04.871 ERROR [worldMap_timer-Timer][TimerThread.java:78] - Затраченное время на таймерные события: 20, количество: 245
2026-08-20 14:51:10.089 INFO [nioEventLoopGroup-4-1][CrossServerScript.java:848] - 公共心跳原因码返回是:0, 用时=29997
2026-08-20 14:51:39.416 ERROR [copyMap_timer-Timer][TimerThread.java:78] - Затраченное время на таймерные события: 13, количество: 63
2026-08-20 14:51:40.118 INFO [nioEventLoopGroup-4-1][CrossServerScript.java:848] - 公共心跳原因码返回是:0, 用时=30027
2026-08-20 14:52:10.052 INFO [nioEventLoopGroup-4-1][CrossServerScript.java:848] - 公共心跳原因码返回是:0, 用时=29936
2026-08-20 14:52:40.033 INFO [nioEventLoopGroup-4-1][CrossServerScript.java:848] - 公共心跳原因码返回是:0, 用时=29981
2026-08-20 14:52:51.134 ERROR [worldMap_timer-Timer][TimerThread.java:78] - Затраченное время на таймерные события: 16, количество: 245
2026-08-20 14:52:58.836 ERROR [copyMap_timer-Timer][TimerThread.java:78] - Затраченное время на таймерные события: 12, количество: 63
2026-08-20 14:53:10.066 INFO [nioEventLoopGroup-4-1][CrossServerScript.java:848] - 公共心跳原因码返回是:0, 用时=30033
2026-08-20 14:53:40.038 INFO [nioEventLoopGroup-4-1][CrossServerScript.java:848] - 公共心跳原因码返回是:0, 用时=29972
2026-08-20 14:54:08.613 ERROR [worldMap_timer-Timer][TimerThread.java:78] - Затраченное время на таймерные события: 12, количество: 245
2026-08-20 14:54:08.728 ERROR [worldMap_timer-Timer][TimerThread.java:78] - Затраченное время на таймерные события: 26, количество: 245
2026-08-20 14:54:08.928 ERROR [copyMap_timer-Timer][TimerThread.java:78] - Затраченное время на таймерные события: 18, количество: 63
2026-08-20 14:54:09.210 ERROR [worldMap_timer-Timer][TimerThread.java:78] - Затраченное время на таймерные события: 68, количество: 245
2026-08-20 14:54:10.075 INFO [nioEventLoopGroup-4-1][CrossServerScript.java:848] - 公共心跳原因码返回是:0, 用时=30037
2026-08-20 14:54:40.074 INFO [nioEventLoopGroup-4-1][CrossServerScript.java:848] - 公共心跳原因码返回是:0, 用时=29999
2026-08-20 14:55:10.094 INFO [nioEventLoopGroup-4-1][CrossServerScript.java:848] - 公共心跳原因码返回是:0, 用时=30020
2026-08-20 14:55:14.882 ERROR [worldMap_timer-Timer][TimerThread.java:78] - Затраченное время на таймерные события: 32, количество: 245
2026-08-20 14:55:15.236 ERROR [worldMap_timer-Timer][TimerThread.java:78] - Затраченное время на таймерные события: 61, количество: 245
2026-08-20 14:55:15.295 ERROR [worldMap_timer-Timer][TimerThread.java:78] - Затраченное время на таймерные события: 19, количество: 245
2026-08-20 14:55:27.310 ERROR [worldMap_timer-Timer][TimerThread.java:78] - Затраченное время на таймерные события: 12, количество: 245
2026-08-20 14:55:40.031 INFO [nioEventLoopGroup-4-1][CrossServerScript.java:848] - 公共心跳原因码返回是:0, 用时=29937
2026-08-20 14:56:01.814 ERROR [worldMap_timer-Timer][TimerThread.java:78] - Затраченное время на таймерные события: 11, количество: 245
2026-08-20 14:56:10.128 INFO [nioEventLoopGroup-4-1][CrossServerScript.java:848] - 公共心跳原因码返回是:0, 用时=30097
2026-08-20 14:56:40.067 INFO [nioEventLoopGroup-4-1][CrossServerScript.java:848] - 公共心跳原因码返回是:0, 用时=29939
2026-08-20 14:56:40.802 ERROR [worldMap_timer-Timer][TimerThread.java:78] - Затраченное время на таймерные события: 21, количество: 245
2026-08-20 14:57:10.108 INFO [nioEventLoopGroup-4-1][CrossServerScript.java:848] - 公共心跳原因码返回是:0, 用时=30040
2026-08-20 14:57:39.151 ERROR [worldMap_timer-Timer][TimerThread.java:78] - Затраченное время на таймерные события: 14, количество: 245
2026-08-20 14:57:40.124 INFO [nioEventLoopGroup-4-1][CrossServerScript.java:848] - 公共心跳原因码返回是:0, 用时=30017
2026-08-20 14:58:10.123 INFO [nioEventLoopGroup-4-1][CrossServerScript.java:848] - 公共心跳原因码返回是:0, 用时=29998
2026-08-20 14:58:40.127 INFO [nioEventLoopGroup-4-1][CrossServerScript.java:848] - 公共心跳原因码返回是:0, 用时=30004
2026-08-20 14:58:50.886 ERROR [worldMap_timer-Timer][TimerThread.java:78] - Затраченное время на таймерные события: 34, количество: 245
2026-08-20 14:58:50.970 ERROR [worldMap_timer-Timer][TimerThread.java:78] - Затраченное время на таймерные события: 16, количество: 245
2026-08-20 14:59:10.057 INFO [nioEventLoopGroup-4-1][CrossServerScript.java:848] - 公共心跳原因码返回是:0, 用时=29931
2026-08-20 14:59:40.041 INFO [nioEventLoopGroup-4-1][CrossServerScript.java:848] - 公共心跳原因码返回是:0, 用时=29984
