2026-08-15 14:32:17.059 ERROR [GameServer Start][LogService.java:275] - com.game.backpack.log.ItemLog,java.lang.Exception: Тип столбца itemlog20260815 ColumnInfo [name=create_date, type=datetime, size=0, nullable=true, def=null, primary=null] в ColumnInfo [name=create_date, type=datetime, size=19, nullable=true, def=null, primary=id] не совпадает. Автоматическое изменение невозможно.
java.lang.Exception: Тип столбца itemlog20260815 ColumnInfo [name=create_date, type=datetime, size=0, nullable=true, def=null, primary=null] в ColumnInfo [name=create_date, type=datetime, size=19, nullable=true, def=null, primary=id] не совпадает. Автоматическое изменение невозможно.
	at game.core.dblog.db.util.TableCompar.compartor(TableCompar.java:199) ~[GameCore.jar:?]
	at game.core.dblog.LogService.checkTable(LogService.java:255) [GameCore.jar:?]
	at game.core.dblog.LogService.<init>(LogService.java:122) [GameCore.jar:?]
	at game.core.dblog.LogService.<init>(LogService.java:47) [GameCore.jar:?]
	at game.core.dblog.LogService$Singleton.<init>(LogService.java:61) [GameCore.jar:?]
	at game.core.dblog.LogService$Singleton.<clinit>(LogService.java:56) [GameCore.jar:?]
	at game.core.dblog.LogService.getInstance(LogService.java:73) [GameCore.jar:?]
	at com.game.server.GameServer.init(GameServer.java:388) [GameServer.jar:?]
	at game.core.net.server.BaseServer.run(BaseServer.java:44) [GameCore.jar:?]
	at com.game.server.GameServer.run(GameServer.java:511) [GameServer.jar:?]
	at java.lang.Thread.run(Thread.java:750) [?:1.8.0_492]
2026-08-15 14:33:55.914 ERROR [GameServer Start][MapManagerScript.java:1665] - 找不到NPCID：-1
2026-08-15 14:33:55.941 ERROR [GameServer Start][MapManagerScript.java:1665] - 找不到NPCID：-1
2026-08-15 14:33:55.947 ERROR [GameServer Start][MapManagerScript.java:1665] - 找不到NPCID：-1
2026-08-15 14:33:55.952 ERROR [GameServer Start][MapManagerScript.java:1665] - 找不到NPCID：-1
2026-08-15 14:33:55.962 ERROR [GameServer Start][MapManagerScript.java:1665] - 找不到NPCID：-1
2026-08-15 14:33:55.986 ERROR [main_timer-Timer][TimerThread.java:78] - Затраченное время на таймерные события: 20, количество: 14
2026-08-15 14:33:56.000 ERROR [GameServer Start][MapManagerScript.java:1665] - 找不到NPCID：-1
2026-08-15 14:33:56.002 ERROR [GameServer Start][MapManagerScript.java:1665] - 找不到NPCID：-1
2026-08-15 14:33:56.019 ERROR [GameServer Start][MapManagerScript.java:1665] - 找不到NPCID：-1
2026-08-15 14:33:59.666 ERROR [bi_timer-Timer][TimerThread.java:78] - Затраченное время на таймерные события: 3639, количество: 2
2026-08-15 14:37:05.721 ERROR [nioEventLoopGroup-7-1][BackGrandServer.java:94] - [id: 0xe98663f2, L:/94.250.249.128:8191 - R:/94.250.249.128:55964] http send:{"operationuser":"admin","cmd":"gmTest","params":""}!
2026-08-15 14:37:05.732 ERROR [BackCommandProcessor][BackCommandScript.java:113] - http 后台请求处理完成result {"ok":true,"msg":"成功","data":""}
