2026-08-21 03:08:07.300 INFO [nioEventLoopGroup-9-1][:] - recv recharge data: {}
2026-08-21 03:08:07.300 INFO [nioEventLoopGroup-9-1][:] - parse recharge: Recharge{order_no='null', role_id=0, goods_id=0, goods_type='null', goods_ext='null', total_fee=0, item_id=0, game_money=0, ext_param='null', sign_type='null', sign='null', goods_code='null', goods_name='null', money_type='null', notify_time='null', notify_id='null', trade_no='null', trade_status='0', totalRecharge='0', totalVipPower='0'}
2026-08-21 03:08:07.300 ERROR [nioEventLoopGroup-9-1][:] - 解析数据失败：{} catch:java.lang.NullPointerException
2026-08-21 03:08:09.358 INFO [nioEventLoopGroup-9-2][:] - recv recharge data: {}
2026-08-21 03:08:09.359 INFO [nioEventLoopGroup-9-2][:] - parse recharge: Recharge{order_no='null', role_id=0, goods_id=0, goods_type='null', goods_ext='null', total_fee=0, item_id=0, game_money=0, ext_param='null', sign_type='null', sign='null', goods_code='null', goods_name='null', money_type='null', notify_time='null', notify_id='null', trade_no='null', trade_status='0', totalRecharge='0', totalVipPower='0'}
2026-08-21 03:08:09.359 ERROR [nioEventLoopGroup-9-2][:] - 解析数据失败：{} catch:java.lang.NullPointerException
2026-08-21 03:08:12.275 INFO [nioEventLoopGroup-9-1][:] - recv recharge data: {}
2026-08-21 03:08:12.275 INFO [nioEventLoopGroup-9-1][:] - parse recharge: Recharge{order_no='null', role_id=0, goods_id=0, goods_type='null', goods_ext='null', total_fee=0, item_id=0, game_money=0, ext_param='null', sign_type='null', sign='null', goods_code='null', goods_name='null', money_type='null', notify_time='null', notify_id='null', trade_no='null', trade_status='0', totalRecharge='0', totalVipPower='0'}
2026-08-21 03:08:12.276 ERROR [nioEventLoopGroup-9-1][:] - 解析数据失败：{} catch:java.lang.NullPointerException
2026-08-21 03:08:12.277 INFO [nioEventLoopGroup-9-1][:] - recv recharge data: {}
2026-08-21 03:08:12.277 INFO [nioEventLoopGroup-9-1][:] - parse recharge: Recharge{order_no='null', role_id=0, goods_id=0, goods_type='null', goods_ext='null', total_fee=0, item_id=0, game_money=0, ext_param='null', sign_type='null', sign='null', goods_code='null', goods_name='null', money_type='null', notify_time='null', notify_id='null', trade_no='null', trade_status='0', totalRecharge='0', totalVipPower='0'}
2026-08-21 03:08:12.277 ERROR [nioEventLoopGroup-9-1][:] - 解析数据失败：{} catch:java.lang.NullPointerException
2026-08-21 03:08:12.277 ERROR [nioEventLoopGroup-9-1][:] - /66.132.195.112:47356 back http result failure!
2026-08-21 03:08:14.973 ERROR [nioEventLoopGroup-9-2][:] - 收到favicon.ico
2026-08-21 03:08:22.740 INFO [nioEventLoopGroup-9-1][:] - recv recharge data: {}
2026-08-21 03:08:22.740 INFO [nioEventLoopGroup-9-1][:] - parse recharge: Recharge{order_no='null', role_id=0, goods_id=0, goods_type='null', goods_ext='null', total_fee=0, item_id=0, game_money=0, ext_param='null', sign_type='null', sign='null', goods_code='null', goods_name='null', money_type='null', notify_time='null', notify_id='null', trade_no='null', trade_status='0', totalRecharge='0', totalVipPower='0'}
2026-08-21 03:08:22.740 ERROR [nioEventLoopGroup-9-1][:] - 解析数据失败：{} catch:java.lang.NullPointerException
2026-08-21 03:08:27.964 INFO [nioEventLoopGroup-9-2][:] - recv recharge data: {}
2026-08-21 03:08:27.964 INFO [nioEventLoopGroup-9-2][:] - parse recharge: Recharge{order_no='null', role_id=0, goods_id=0, goods_type='null', goods_ext='null', total_fee=0, item_id=0, game_money=0, ext_param='null', sign_type='null', sign='null', goods_code='null', goods_name='null', money_type='null', notify_time='null', notify_id='null', trade_no='null', trade_status='0', totalRecharge='0', totalVipPower='0'}
2026-08-21 03:08:27.965 ERROR [nioEventLoopGroup-9-2][:] - 解析数据失败：{} catch:java.lang.NullPointerException
2026-08-21 03:08:29.862 ERROR [nioEventLoopGroup-9-1][:] - 收到favicon.ico
2026-08-21 03:08:33.814 INFO [nioEventLoopGroup-9-2][:] - recv recharge data: {}
2026-08-21 03:08:33.814 INFO [nioEventLoopGroup-9-2][:] - parse recharge: Recharge{order_no='null', role_id=0, goods_id=0, goods_type='null', goods_ext='null', total_fee=0, item_id=0, game_money=0, ext_param='null', sign_type='null', sign='null', goods_code='null', goods_name='null', money_type='null', notify_time='null', notify_id='null', trade_no='null', trade_status='0', totalRecharge='0', totalVipPower='0'}
2026-08-21 03:08:33.814 ERROR [nioEventLoopGroup-9-2][:] - 解析数据失败：{} catch:java.lang.NullPointerException
2026-08-21 03:08:35.139 INFO [nioEventLoopGroup-9-1][:] - recv recharge data: {}
2026-08-21 03:08:35.139 INFO [nioEventLoopGroup-9-1][:] - parse recharge: Recharge{order_no='null', role_id=0, goods_id=0, goods_type='null', goods_ext='null', total_fee=0, item_id=0, game_money=0, ext_param='null', sign_type='null', sign='null', goods_code='null', goods_name='null', money_type='null', notify_time='null', notify_id='null', trade_no='null', trade_status='0', totalRecharge='0', totalVipPower='0'}
2026-08-21 03:08:35.139 ERROR [nioEventLoopGroup-9-1][:] - 解析数据失败：{} catch:java.lang.NullPointerException
2026-08-21 03:08:37.308 ERROR [nioEventLoopGroup-9-2][:] - 收到favicon.ico
