2026-08-15 22:46:52.624 INFO [nioEventLoopGroup-9-2][:] - recv recharge data: {}
2026-08-15 22:46:52.626 INFO [nioEventLoopGroup-9-2][:] - parse recharge: Recharge{order_no='null', role_id=0, goods_id=0, goods_type='null', goods_ext='null', total_fee=0, item_id=0, game_money=0, ext_param='null', sign_type='null', sign='null', goods_code='null', goods_name='null', money_type='null', notify_time='null', notify_id='null', trade_no='null', trade_status='0', totalRecharge='0', totalVipPower='0'}
2026-08-15 22:46:52.627 ERROR [nioEventLoopGroup-9-2][:] - 解析数据失败：{} catch:java.lang.NullPointerException
2026-08-15 22:46:59.406 INFO [nioEventLoopGroup-9-1][:] - recv recharge data: {}
2026-08-15 22:46:59.407 INFO [nioEventLoopGroup-9-1][:] - parse recharge: Recharge{order_no='null', role_id=0, goods_id=0, goods_type='null', goods_ext='null', total_fee=0, item_id=0, game_money=0, ext_param='null', sign_type='null', sign='null', goods_code='null', goods_name='null', money_type='null', notify_time='null', notify_id='null', trade_no='null', trade_status='0', totalRecharge='0', totalVipPower='0'}
2026-08-15 22:46:59.407 ERROR [nioEventLoopGroup-9-1][:] - 解析数据失败：{} catch:java.lang.NullPointerException
2026-08-15 22:46:59.462 INFO [nioEventLoopGroup-9-2][:] - recv recharge data: {}
2026-08-15 22:46:59.462 INFO [nioEventLoopGroup-9-2][:] - parse recharge: Recharge{order_no='null', role_id=0, goods_id=0, goods_type='null', goods_ext='null', total_fee=0, item_id=0, game_money=0, ext_param='null', sign_type='null', sign='null', goods_code='null', goods_name='null', money_type='null', notify_time='null', notify_id='null', trade_no='null', trade_status='0', totalRecharge='0', totalVipPower='0'}
2026-08-15 22:46:59.462 ERROR [nioEventLoopGroup-9-2][:] - 解析数据失败：{} catch:java.lang.NullPointerException
2026-08-15 22:46:59.470 INFO [nioEventLoopGroup-9-1][:] - recv recharge data: {"<soap:Envelope xmlns:xsd":"\"http://www.w3.org/2001/XMLSchema\" xmlns:xsi=\"http://www.w3.org/2001/XMLSchema-instance\" xmlns:soap=\"http://schemas.xmlsoap.org/soap/envelope/\"><soap:Header><operationID>00000001-00000001</operationID></soap:Header><soap:Body><RetrieveServiceContent xmlns=\"urn:internalvim25\"><_this xsi:type=\"ManagedObjectReference\" type=\"ServiceInstance\">ServiceInstance</_this></RetrieveServiceContent></soap:Body></soap:Envelope>"}
2026-08-15 22:46:59.470 INFO [nioEventLoopGroup-9-1][:] - parse recharge: Recharge{order_no='null', role_id=0, goods_id=0, goods_type='null', goods_ext='null', total_fee=0, item_id=0, game_money=0, ext_param='null', sign_type='null', sign='null', goods_code='null', goods_name='null', money_type='null', notify_time='null', notify_id='null', trade_no='null', trade_status='0', totalRecharge='0', totalVipPower='0'}
2026-08-15 22:46:59.471 ERROR [nioEventLoopGroup-9-1][:] - 解析数据失败：{"<soap:Envelope xmlns:xsd":"\"http://www.w3.org/2001/XMLSchema\" xmlns:xsi=\"http://www.w3.org/2001/XMLSchema-instance\" xmlns:soap=\"http://schemas.xmlsoap.org/soap/envelope/\"><soap:Header><operationID>00000001-00000001</operationID></soap:Header><soap:Body><RetrieveServiceContent xmlns=\"urn:internalvim25\"><_this xsi:type=\"ManagedObjectReference\" type=\"ServiceInstance\">ServiceInstance</_this></RetrieveServiceContent></soap:Body></soap:Envelope>"} catch:java.lang.NullPointerException
2026-08-15 22:46:59.557 INFO [nioEventLoopGroup-9-1][:] - recv recharge data: {}
2026-08-15 22:46:59.557 INFO [nioEventLoopGroup-9-1][:] - parse recharge: Recharge{order_no='null', role_id=0, goods_id=0, goods_type='null', goods_ext='null', total_fee=0, item_id=0, game_money=0, ext_param='null', sign_type='null', sign='null', goods_code='null', goods_name='null', money_type='null', notify_time='null', notify_id='null', trade_no='null', trade_status='0', totalRecharge='0', totalVipPower='0'}
2026-08-15 22:46:59.557 ERROR [nioEventLoopGroup-9-1][:] - 解析数据失败：{} catch:java.lang.NullPointerException
2026-08-15 22:47:00.138 INFO [nioEventLoopGroup-9-2][:] - recv recharge data: {}
2026-08-15 22:47:00.138 INFO [nioEventLoopGroup-9-2][:] - parse recharge: Recharge{order_no='null', role_id=0, goods_id=0, goods_type='null', goods_ext='null', total_fee=0, item_id=0, game_money=0, ext_param='null', sign_type='null', sign='null', goods_code='null', goods_name='null', money_type='null', notify_time='null', notify_id='null', trade_no='null', trade_status='0', totalRecharge='0', totalVipPower='0'}
2026-08-15 22:47:00.138 ERROR [nioEventLoopGroup-9-2][:] - 解析数据失败：{} catch:java.lang.NullPointerException
2026-08-15 22:47:00.695 INFO [nioEventLoopGroup-9-1][:] - recv recharge data: {}
2026-08-15 22:47:00.695 INFO [nioEventLoopGroup-9-1][:] - parse recharge: Recharge{order_no='null', role_id=0, goods_id=0, goods_type='null', goods_ext='null', total_fee=0, item_id=0, game_money=0, ext_param='null', sign_type='null', sign='null', goods_code='null', goods_name='null', money_type='null', notify_time='null', notify_id='null', trade_no='null', trade_status='0', totalRecharge='0', totalVipPower='0'}
2026-08-15 22:47:00.695 ERROR [nioEventLoopGroup-9-1][:] - 解析数据失败：{} catch:java.lang.NullPointerException
2026-08-15 22:47:09.706 INFO [nioEventLoopGroup-9-2][:] - recv recharge data: {}
2026-08-15 22:47:09.706 INFO [nioEventLoopGroup-9-2][:] - parse recharge: Recharge{order_no='null', role_id=0, goods_id=0, goods_type='null', goods_ext='null', total_fee=0, item_id=0, game_money=0, ext_param='null', sign_type='null', sign='null', goods_code='null', goods_name='null', money_type='null', notify_time='null', notify_id='null', trade_no='null', trade_status='0', totalRecharge='0', totalVipPower='0'}
2026-08-15 22:47:09.706 ERROR [nioEventLoopGroup-9-2][:] - 解析数据失败：{} catch:java.lang.NullPointerException
2026-08-15 22:47:10.092 INFO [nioEventLoopGroup-9-1][:] - recv recharge data: {}
2026-08-15 22:47:10.092 INFO [nioEventLoopGroup-9-1][:] - parse recharge: Recharge{order_no='null', role_id=0, goods_id=0, goods_type='null', goods_ext='null', total_fee=0, item_id=0, game_money=0, ext_param='null', sign_type='null', sign='null', goods_code='null', goods_name='null', money_type='null', notify_time='null', notify_id='null', trade_no='null', trade_status='0', totalRecharge='0', totalVipPower='0'}
2026-08-15 22:47:10.093 ERROR [nioEventLoopGroup-9-1][:] - 解析数据失败：{} catch:java.lang.NullPointerException
2026-08-15 22:47:10.605 INFO [nioEventLoopGroup-9-2][:] - recv recharge data: {}
2026-08-15 22:47:10.606 INFO [nioEventLoopGroup-9-2][:] - parse recharge: Recharge{order_no='null', role_id=0, goods_id=0, goods_type='null', goods_ext='null', total_fee=0, item_id=0, game_money=0, ext_param='null', sign_type='null', sign='null', goods_code='null', goods_name='null', money_type='null', notify_time='null', notify_id='null', trade_no='null', trade_status='0', totalRecharge='0', totalVipPower='0'}
2026-08-15 22:47:10.606 ERROR [nioEventLoopGroup-9-2][:] - 解析数据失败：{} catch:java.lang.NullPointerException
2026-08-15 22:47:11.169 INFO [nioEventLoopGroup-9-1][:] - recv recharge data: {}
2026-08-15 22:47:11.169 INFO [nioEventLoopGroup-9-1][:] - parse recharge: Recharge{order_no='null', role_id=0, goods_id=0, goods_type='null', goods_ext='null', total_fee=0, item_id=0, game_money=0, ext_param='null', sign_type='null', sign='null', goods_code='null', goods_name='null', money_type='null', notify_time='null', notify_id='null', trade_no='null', trade_status='0', totalRecharge='0', totalVipPower='0'}
2026-08-15 22:47:11.170 ERROR [nioEventLoopGroup-9-1][:] - 解析数据失败：{} catch:java.lang.NullPointerException
