2026-08-20 02:02:53.606 INFO [nioEventLoopGroup-9-2][:] - recv recharge data: {}
2026-08-20 02:02:53.607 INFO [nioEventLoopGroup-9-2][:] - parse recharge: Recharge{order_no='null', role_id=0, goods_id=0, goods_type='null', goods_ext='null', total_fee=0, item_id=0, game_money=0, ext_param='null', sign_type='null', sign='null', goods_code='null', goods_name='null', money_type='null', notify_time='null', notify_id='null', trade_no='null', trade_status='0', totalRecharge='0', totalVipPower='0'}
2026-08-20 02:02:53.607 ERROR [nioEventLoopGroup-9-2][:] - 解析数据失败：{} catch:java.lang.NullPointerException
2026-08-20 02:03:01.625 INFO [nioEventLoopGroup-9-1][:] - recv recharge data: {}
2026-08-20 02:03:01.625 INFO [nioEventLoopGroup-9-1][:] - parse recharge: Recharge{order_no='null', role_id=0, goods_id=0, goods_type='null', goods_ext='null', total_fee=0, item_id=0, game_money=0, ext_param='null', sign_type='null', sign='null', goods_code='null', goods_name='null', money_type='null', notify_time='null', notify_id='null', trade_no='null', trade_status='0', totalRecharge='0', totalVipPower='0'}
2026-08-20 02:03:01.625 ERROR [nioEventLoopGroup-9-1][:] - 解析数据失败：{} catch:java.lang.NullPointerException
2026-08-20 02:03:02.605 INFO [nioEventLoopGroup-9-2][:] - recv recharge data: {}
2026-08-20 02:03:02.605 INFO [nioEventLoopGroup-9-2][:] - parse recharge: Recharge{order_no='null', role_id=0, goods_id=0, goods_type='null', goods_ext='null', total_fee=0, item_id=0, game_money=0, ext_param='null', sign_type='null', sign='null', goods_code='null', goods_name='null', money_type='null', notify_time='null', notify_id='null', trade_no='null', trade_status='0', totalRecharge='0', totalVipPower='0'}
2026-08-20 02:03:02.605 ERROR [nioEventLoopGroup-9-2][:] - 解析数据失败：{} catch:java.lang.NullPointerException
2026-08-20 02:03:03.244 INFO [nioEventLoopGroup-9-1][:] - recv recharge data: {}
2026-08-20 02:03:03.244 INFO [nioEventLoopGroup-9-1][:] - parse recharge: Recharge{order_no='null', role_id=0, goods_id=0, goods_type='null', goods_ext='null', total_fee=0, item_id=0, game_money=0, ext_param='null', sign_type='null', sign='null', goods_code='null', goods_name='null', money_type='null', notify_time='null', notify_id='null', trade_no='null', trade_status='0', totalRecharge='0', totalVipPower='0'}
2026-08-20 02:03:03.244 ERROR [nioEventLoopGroup-9-1][:] - 解析数据失败：{} catch:java.lang.NullPointerException
2026-08-20 02:03:03.245 INFO [nioEventLoopGroup-9-1][:] - recv recharge data: {}
2026-08-20 02:03:03.245 INFO [nioEventLoopGroup-9-1][:] - parse recharge: Recharge{order_no='null', role_id=0, goods_id=0, goods_type='null', goods_ext='null', total_fee=0, item_id=0, game_money=0, ext_param='null', sign_type='null', sign='null', goods_code='null', goods_name='null', money_type='null', notify_time='null', notify_id='null', trade_no='null', trade_status='0', totalRecharge='0', totalVipPower='0'}
2026-08-20 02:03:03.245 ERROR [nioEventLoopGroup-9-1][:] - 解析数据失败：{} catch:java.lang.NullPointerException
2026-08-20 02:03:03.245 ERROR [nioEventLoopGroup-9-1][:] - /66.132.186.188:15002 back http result failure!
2026-08-20 02:03:03.863 ERROR [nioEventLoopGroup-9-2][:] - 收到favicon.ico
2026-08-20 02:03:22.702 INFO [nioEventLoopGroup-9-1][:] - recv recharge data: {}
2026-08-20 02:03:22.703 INFO [nioEventLoopGroup-9-1][:] - parse recharge: Recharge{order_no='null', role_id=0, goods_id=0, goods_type='null', goods_ext='null', total_fee=0, item_id=0, game_money=0, ext_param='null', sign_type='null', sign='null', goods_code='null', goods_name='null', money_type='null', notify_time='null', notify_id='null', trade_no='null', trade_status='0', totalRecharge='0', totalVipPower='0'}
2026-08-20 02:03:22.703 ERROR [nioEventLoopGroup-9-1][:] - 解析数据失败：{} catch:java.lang.NullPointerException
2026-08-20 02:03:26.062 INFO [nioEventLoopGroup-9-2][:] - recv recharge data: {}
2026-08-20 02:03:26.063 INFO [nioEventLoopGroup-9-2][:] - parse recharge: Recharge{order_no='null', role_id=0, goods_id=0, goods_type='null', goods_ext='null', total_fee=0, item_id=0, game_money=0, ext_param='null', sign_type='null', sign='null', goods_code='null', goods_name='null', money_type='null', notify_time='null', notify_id='null', trade_no='null', trade_status='0', totalRecharge='0', totalVipPower='0'}
2026-08-20 02:03:26.063 ERROR [nioEventLoopGroup-9-2][:] - 解析数据失败：{} catch:java.lang.NullPointerException
2026-08-20 02:03:28.873 ERROR [nioEventLoopGroup-9-1][:] - 收到favicon.ico
2026-08-20 02:03:30.667 INFO [nioEventLoopGroup-9-2][:] - recv recharge data: {}
2026-08-20 02:03:30.668 INFO [nioEventLoopGroup-9-2][:] - parse recharge: Recharge{order_no='null', role_id=0, goods_id=0, goods_type='null', goods_ext='null', total_fee=0, item_id=0, game_money=0, ext_param='null', sign_type='null', sign='null', goods_code='null', goods_name='null', money_type='null', notify_time='null', notify_id='null', trade_no='null', trade_status='0', totalRecharge='0', totalVipPower='0'}
2026-08-20 02:03:30.669 ERROR [nioEventLoopGroup-9-2][:] - 解析数据失败：{} catch:java.lang.NullPointerException
2026-08-20 02:03:32.851 INFO [nioEventLoopGroup-9-1][:] - recv recharge data: {}
2026-08-20 02:03:32.851 INFO [nioEventLoopGroup-9-1][:] - parse recharge: Recharge{order_no='null', role_id=0, goods_id=0, goods_type='null', goods_ext='null', total_fee=0, item_id=0, game_money=0, ext_param='null', sign_type='null', sign='null', goods_code='null', goods_name='null', money_type='null', notify_time='null', notify_id='null', trade_no='null', trade_status='0', totalRecharge='0', totalVipPower='0'}
2026-08-20 02:03:32.852 ERROR [nioEventLoopGroup-9-1][:] - 解析数据失败：{} catch:java.lang.NullPointerException
2026-08-20 02:03:37.803 ERROR [nioEventLoopGroup-9-2][:] - 收到favicon.ico
