2026-08-19 00:46:14.683 INFO [pool-6-thread-7][:] - /****************流量统计******************/
LastReadBytes:0
LastReadThroughput:0
LastWrittenBytes:0
LastWriteThroughput:0
RealWrittenBytes:0
RealWriteThroughput:0
当前玩家的连接数量:0
当前地图的线程个数：8
当前地图的个数:38
当前数据库执行队列数:0
当前发送队列缓存的对象数量:0
totalMemory：884473856, use ：639498368, free ：244975488DirectMemory：1827143680, 恢复 ：1
当前时间 ：2026-08-19 00:46:14send keng：-1, sheng ：4194304
decode keng：-1, sheng ：2097152
world keng：3, sheng ：1048576

2026-08-19 00:46:19.682 INFO [pool-6-thread-9][:] - /****************流量统计******************/
LastReadBytes:0
LastReadThroughput:0
LastWrittenBytes:0
LastWriteThroughput:0
RealWrittenBytes:0
RealWriteThroughput:0
当前玩家的连接数量:0
当前地图的线程个数：8
当前地图的个数:38
当前数据库执行队列数:0
当前发送队列缓存的对象数量:0
totalMemory：884473856, use ：640505016, free ：243968840DirectMemory：1827143680, 恢复 ：1
当前时间 ：2026-08-19 00:46:19send keng：-1, sheng ：4194304
decode keng：-1, sheng ：2097152
world keng：3, sheng ：1048576

2026-08-19 00:46:24.682 INFO [pool-6-thread-1][:] - /****************流量统计******************/
LastReadBytes:0
LastReadThroughput:0
LastWrittenBytes:0
LastWriteThroughput:0
RealWrittenBytes:0
RealWriteThroughput:0
当前玩家的连接数量:0
当前地图的线程个数：8
当前地图的个数:38
当前数据库执行队列数:0
当前发送队列缓存的对象数量:0
totalMemory：884473856, use ：643525032, free ：240948824DirectMemory：1827143680, 恢复 ：1
当前时间 ：2026-08-19 00:46:24send keng：-1, sheng ：4194304
decode keng：-1, sheng ：2097152
world keng：3, sheng ：1048576

2026-08-19 00:46:29.682 INFO [pool-6-thread-4][:] - /****************流量统计******************/
LastReadBytes:0
LastReadThroughput:0
LastWrittenBytes:0
LastWriteThroughput:0
RealWrittenBytes:0
RealWriteThroughput:0
当前玩家的连接数量:0
当前地图的线程个数：8
当前地图的个数:38
当前数据库执行队列数:0
当前发送队列缓存的对象数量:0
totalMemory：884473856, use ：645538336, free ：238935520DirectMemory：1827143680, 恢复 ：1
当前时间 ：2026-08-19 00:46:29send keng：-1, sheng ：4194304
decode keng：-1, sheng ：2097152
world keng：3, sheng ：1048576

2026-08-19 00:46:34.682 INFO [pool-6-thread-3][:] - /****************流量统计******************/
LastReadBytes:0
LastReadThroughput:0
LastWrittenBytes:0
LastWriteThroughput:0
RealWrittenBytes:0
RealWriteThroughput:0
当前玩家的连接数量:0
当前地图的线程个数：8
当前地图的个数:38
当前数据库执行队列数:0
当前发送队列缓存的对象数量:0
totalMemory：884473856, use ：647887248, free ：236586608DirectMemory：1827143680, 恢复 ：1
当前时间 ：2026-08-19 00:46:34send keng：-1, sheng ：4194304
decode keng：-1, sheng ：2097152
world keng：3, sheng ：1048576

2026-08-19 00:46:39.682 INFO [pool-6-thread-3][:] - /****************流量统计******************/
LastReadBytes:0
LastReadThroughput:0
LastWrittenBytes:0
LastWriteThroughput:0
RealWrittenBytes:0
RealWriteThroughput:0
当前玩家的连接数量:0
当前地图的线程个数：8
当前地图的个数:38
当前数据库执行队列数:0
当前发送队列缓存的对象数量:0
totalMemory：884473856, use ：649900576, free ：234573280DirectMemory：1827143680, 恢复 ：1
当前时间 ：2026-08-19 00:46:39send keng：-1, sheng ：4194304
decode keng：-1, sheng ：2097152
world keng：3, sheng ：1048576

2026-08-19 00:46:44.682 INFO [pool-6-thread-9][:] - /****************流量统计******************/
LastReadBytes:0
LastReadThroughput:0
LastWrittenBytes:0
LastWriteThroughput:0
RealWrittenBytes:0
RealWriteThroughput:0
当前玩家的连接数量:0
当前地图的线程个数：8
当前地图的个数:38
当前数据库执行队列数:0
当前发送队列缓存的对象数量:0
totalMemory：884473856, use ：656276136, free ：228197720DirectMemory：1827143680, 恢复 ：1
当前时间 ：2026-08-19 00:46:44send keng：-1, sheng ：4194304
decode keng：-1, sheng ：2097152
world keng：3, sheng ：1048576

2026-08-19 00:46:49.682 INFO [pool-6-thread-4][:] - /****************流量统计******************/
LastReadBytes:0
LastReadThroughput:0
LastWrittenBytes:0
LastWriteThroughput:0
RealWrittenBytes:0
RealWriteThroughput:0
当前玩家的连接数量:0
当前地图的线程个数：8
当前地图的个数:38
当前数据库执行队列数:0
当前发送队列缓存的对象数量:0
totalMemory：884473856, use ：657282784, free ：227191072DirectMemory：1827143680, 恢复 ：1
当前时间 ：2026-08-19 00:46:49send keng：-1, sheng ：4194304
decode keng：-1, sheng ：2097152
world keng：3, sheng ：1048576

2026-08-19 00:46:54.682 INFO [pool-6-thread-10][:] - /****************流量统计******************/
LastReadBytes:0
LastReadThroughput:0
LastWrittenBytes:0
LastWriteThroughput:0
RealWrittenBytes:0
RealWriteThroughput:0
当前玩家的连接数量:0
当前地图的线程个数：8
当前地图的个数:38
当前数据库执行队列数:0
当前发送队列缓存的对象数量:0
totalMemory：884473856, use ：657282784, free ：227191072DirectMemory：1827143680, 恢复 ：1
当前时间 ：2026-08-19 00:46:54send keng：-1, sheng ：4194304
decode keng：-1, sheng ：2097152
world keng：3, sheng ：1048576

2026-08-19 00:46:59.682 INFO [pool-6-thread-7][:] - /****************流量统计******************/
LastReadBytes:0
LastReadThroughput:0
LastWrittenBytes:0
LastWriteThroughput:0
RealWrittenBytes:0
RealWriteThroughput:0
当前玩家的连接数量:0
当前地图的线程个数：8
当前地图的个数:38
当前数据库执行队列数:0
当前发送队列缓存的对象数量:0
totalMemory：884473856, use ：660302760, free ：224171096DirectMemory：1827143680, 恢复 ：1
当前时间 ：2026-08-19 00:46:59send keng：-1, sheng ：4194304
decode keng：-1, sheng ：2097152
world keng：3, sheng ：1048576

2026-08-19 00:47:04.682 INFO [pool-6-thread-4][:] - /****************流量统计******************/
LastReadBytes:0
LastReadThroughput:0
LastWrittenBytes:0
LastWriteThroughput:0
RealWrittenBytes:0
RealWriteThroughput:0
当前玩家的连接数量:0
当前地图的线程个数：9
当前地图的个数:47
当前数据库执行队列数:0
当前发送队列缓存的对象数量:0
totalMemory：884473856, use ：667356592, free ：217117264DirectMemory：1827143680, 恢复 ：1
当前时间 ：2026-08-19 00:47:04send keng：-1, sheng ：4194304
decode keng：-1, sheng ：2097152
world keng：3, sheng ：1048576

2026-08-19 00:47:09.682 INFO [pool-6-thread-7][:] - /****************流量统计******************/
LastReadBytes:0
LastReadThroughput:0
LastWrittenBytes:0
LastWriteThroughput:0
RealWrittenBytes:0
RealWriteThroughput:0
当前玩家的连接数量:0
当前地图的线程个数：9
当前地图的个数:47
当前数据库执行队列数:0
当前发送队列缓存的对象数量:0
totalMemory：884473856, use ：669369872, free ：215103984DirectMemory：1827143680, 恢复 ：1
当前时间 ：2026-08-19 00:47:09send keng：-1, sheng ：4194304
decode keng：-1, sheng ：2097152
world keng：3, sheng ：1048576

2026-08-19 00:47:14.685 INFO [pool-6-thread-5][:] - /****************流量统计******************/
LastReadBytes:0
LastReadThroughput:0
LastWrittenBytes:0
LastWriteThroughput:0
RealWrittenBytes:0
RealWriteThroughput:0
当前玩家的连接数量:0
当前地图的线程个数：9
当前地图的个数:47
当前数据库执行队列数:0
当前发送队列缓存的对象数量:0
totalMemory：884473856, use ：671619656, free ：212854200DirectMemory：1827143680, 恢复 ：1
当前时间 ：2026-08-19 00:47:14send keng：-1, sheng ：4194304
decode keng：-1, sheng ：2097152
world keng：3, sheng ：1048576

2026-08-19 00:47:19.682 INFO [pool-6-thread-10][:] - /****************流量统计******************/
LastReadBytes:0
LastReadThroughput:0
LastWrittenBytes:0
LastWriteThroughput:0
RealWrittenBytes:0
RealWriteThroughput:0
当前玩家的连接数量:0
当前地图的线程个数：9
当前地图的个数:47
当前数据库执行队列数:0
当前发送队列缓存的对象数量:0
totalMemory：884473856, use ：676652960, free ：207820896DirectMemory：1827143680, 恢复 ：1
当前时间 ：2026-08-19 00:47:19send keng：-1, sheng ：4194304
decode keng：-1, sheng ：2097152
world keng：3, sheng ：1048576

2026-08-19 00:47:24.682 INFO [pool-6-thread-8][:] - /****************流量统计******************/
LastReadBytes:0
LastReadThroughput:0
LastWrittenBytes:0
LastWriteThroughput:0
RealWrittenBytes:0
RealWriteThroughput:0
当前玩家的连接数量:0
当前地图的线程个数：9
当前地图的个数:47
当前数据库执行队列数:0
当前发送队列缓存的对象数量:0
totalMemory：884473856, use ：677659616, free ：206814240DirectMemory：1827143680, 恢复 ：1
当前时间 ：2026-08-19 00:47:24send keng：-1, sheng ：4194304
decode keng：-1, sheng ：2097152
world keng：3, sheng ：1048576

2026-08-19 00:47:29.682 INFO [pool-6-thread-7][:] - /****************流量统计******************/
LastReadBytes:0
LastReadThroughput:0
LastWrittenBytes:0
LastWriteThroughput:0
RealWrittenBytes:0
RealWriteThroughput:0
当前玩家的连接数量:0
当前地图的线程个数：9
当前地图的个数:47
当前数据库执行队列数:0
当前发送队列缓存的对象数量:0
totalMemory：884473856, use ：679672928, free ：204800928DirectMemory：1827143680, 恢复 ：1
当前时间 ：2026-08-19 00:47:29send keng：-1, sheng ：4194304
decode keng：-1, sheng ：2097152
world keng：3, sheng ：1048576

2026-08-19 00:47:34.682 INFO [pool-6-thread-4][:] - /****************流量统计******************/
LastReadBytes:0
LastReadThroughput:0
LastWrittenBytes:0
LastWriteThroughput:0
RealWrittenBytes:0
RealWriteThroughput:0
当前玩家的连接数量:0
当前地图的线程个数：9
当前地图的个数:47
当前数据库执行队列数:0
当前发送队列缓存的对象数量:0
totalMemory：884473856, use ：681686232, free ：202787624DirectMemory：1827143680, 恢复 ：1
当前时间 ：2026-08-19 00:47:34send keng：-1, sheng ：4194304
decode keng：-1, sheng ：2097152
world keng：3, sheng ：1048576

2026-08-19 00:47:39.682 INFO [pool-6-thread-4][:] - /****************流量统计******************/
LastReadBytes:0
LastReadThroughput:0
LastWrittenBytes:0
LastWriteThroughput:0
RealWrittenBytes:0
RealWriteThroughput:0
当前玩家的连接数量:0
当前地图的线程个数：9
当前地图的个数:47
当前数据库执行队列数:0
当前发送队列缓存的对象数量:0
totalMemory：884473856, use ：684706192, free ：199767664DirectMemory：1827143680, 恢复 ：1
当前时间 ：2026-08-19 00:47:39send keng：-1, sheng ：4194304
decode keng：-1, sheng ：2097152
world keng：3, sheng ：1048576

2026-08-19 00:47:44.682 INFO [pool-6-thread-7][:] - /****************流量统计******************/
LastReadBytes:0
LastReadThroughput:0
LastWrittenBytes:0
LastWriteThroughput:0
RealWrittenBytes:0
RealWriteThroughput:0
当前玩家的连接数量:0
当前地图的线程个数：9
当前地图的个数:47
当前数据库执行队列数:0
当前发送队列缓存的对象数量:0
totalMemory：884473856, use ：687726168, free ：196747688DirectMemory：1827143680, 恢复 ：1
当前时间 ：2026-08-19 00:47:44send keng：-1, sheng ：4194304
decode keng：-1, sheng ：2097152
world keng：3, sheng ：1048576

2026-08-19 00:47:49.682 INFO [pool-6-thread-7][:] - /****************流量统计******************/
LastReadBytes:0
LastReadThroughput:0
LastWrittenBytes:0
LastWriteThroughput:0
RealWrittenBytes:0
RealWriteThroughput:0
当前玩家的连接数量:0
当前地图的线程个数：9
当前地图的个数:47
当前数据库执行队列数:0
当前发送队列缓存的对象数量:0
totalMemory：884473856, use ：687726168, free ：196747688DirectMemory：1827143680, 恢复 ：1
当前时间 ：2026-08-19 00:47:49send keng：-1, sheng ：4194304
decode keng：-1, sheng ：2097152
world keng：3, sheng ：1048576

2026-08-19 00:47:54.682 INFO [pool-6-thread-1][:] - /****************流量统计******************/
LastReadBytes:0
LastReadThroughput:0
LastWrittenBytes:0
LastWriteThroughput:0
RealWrittenBytes:0
RealWriteThroughput:0
当前玩家的连接数量:0
当前地图的线程个数：9
当前地图的个数:47
当前数据库执行队列数:0
当前发送队列缓存的对象数量:0
totalMemory：884473856, use ：692759496, free ：191714360DirectMemory：1827143680, 恢复 ：1
当前时间 ：2026-08-19 00:47:54send keng：-1, sheng ：4194304
decode keng：-1, sheng ：2097152
world keng：3, sheng ：1048576

2026-08-19 00:47:59.682 INFO [pool-6-thread-6][:] - /****************流量统计******************/
LastReadBytes:0
LastReadThroughput:0
LastWrittenBytes:0
LastWriteThroughput:0
RealWrittenBytes:0
RealWriteThroughput:0
当前玩家的连接数量:0
当前地图的线程个数：9
当前地图的个数:47
当前数据库执行队列数:0
当前发送队列缓存的对象数量:0
totalMemory：884473856, use ：693766144, free ：190707712DirectMemory：1827143680, 恢复 ：1
当前时间 ：2026-08-19 00:47:59send keng：-1, sheng ：4194304
decode keng：-1, sheng ：2097152
world keng：3, sheng ：1048576

2026-08-19 00:48:04.682 INFO [pool-6-thread-8][:] - /****************流量统计******************/
LastReadBytes:0
LastReadThroughput:0
LastWrittenBytes:0
LastWriteThroughput:0
RealWrittenBytes:0
RealWriteThroughput:0
当前玩家的连接数量:0
当前地图的线程个数：9
当前地图的个数:47
当前数据库执行队列数:0
当前发送队列缓存的对象数量:0
totalMemory：884473856, use ：695779480, free ：188694376DirectMemory：1827143680, 恢复 ：1
当前时间 ：2026-08-19 00:48:04send keng：-1, sheng ：4194304
decode keng：-1, sheng ：2097152
world keng：3, sheng ：1048576

2026-08-19 00:48:09.682 INFO [pool-6-thread-7][:] - /****************流量统计******************/
LastReadBytes:0
LastReadThroughput:0
LastWrittenBytes:0
LastWriteThroughput:0
RealWrittenBytes:0
RealWriteThroughput:0
当前玩家的连接数量:0
当前地图的线程个数：9
当前地图的个数:47
当前数据库执行队列数:0
当前发送队列缓存的对象数量:0
totalMemory：884473856, use ：696786144, free ：187687712DirectMemory：1827143680, 恢复 ：1
当前时间 ：2026-08-19 00:48:09send keng：-1, sheng ：4194304
decode keng：-1, sheng ：2097152
world keng：3, sheng ：1048576

2026-08-19 00:48:14.682 INFO [pool-6-thread-8][:] - /****************流量统计******************/
LastReadBytes:0
LastReadThroughput:0
LastWrittenBytes:0
LastWriteThroughput:0
RealWrittenBytes:0
RealWriteThroughput:0
当前玩家的连接数量:0
当前地图的线程个数：9
当前地图的个数:47
当前数据库执行队列数:0
当前发送队列缓存的对象数量:0
totalMemory：884473856, use ：698903264, free ：185570592DirectMemory：1827143680, 恢复 ：1
当前时间 ：2026-08-19 00:48:14send keng：-1, sheng ：4194304
decode keng：-1, sheng ：2097152
world keng：3, sheng ：1048576

2026-08-19 00:48:19.682 INFO [pool-6-thread-9][:] - /****************流量统计******************/
LastReadBytes:0
LastReadThroughput:0
LastWrittenBytes:0
LastWriteThroughput:0
RealWrittenBytes:0
RealWriteThroughput:0
当前玩家的连接数量:0
当前地图的线程个数：9
当前地图的个数:47
当前数据库执行队列数:0
当前发送队列缓存的对象数量:0
totalMemory：934281216, use ：484767144, free ：449514072DirectMemory：1827143680, 恢复 ：1
当前时间 ：2026-08-19 00:48:19send keng：-1, sheng ：4194304
decode keng：-1, sheng ：2097152
world keng：3, sheng ：1048576

2026-08-19 00:48:24.682 INFO [pool-6-thread-4][:] - /****************流量统计******************/
LastReadBytes:0
LastReadThroughput:0
LastWrittenBytes:0
LastWriteThroughput:0
RealWrittenBytes:0
RealWriteThroughput:0
当前玩家的连接数量:0
当前地图的线程个数：9
当前地图的个数:47
当前数据库执行队列数:0
当前发送队列缓存的对象数量:0
totalMemory：934281216, use ：485270584, free ：449010632DirectMemory：1827143680, 恢复 ：1
当前时间 ：2026-08-19 00:48:24send keng：-1, sheng ：4194304
decode keng：-1, sheng ：2097152
world keng：3, sheng ：1048576

2026-08-19 00:48:29.682 INFO [pool-6-thread-10][:] - /****************流量统计******************/
LastReadBytes:0
LastReadThroughput:0
LastWrittenBytes:0
LastWriteThroughput:0
RealWrittenBytes:0
RealWriteThroughput:0
当前玩家的连接数量:0
当前地图的线程个数：9
当前地图的个数:47
当前数据库执行队列数:0
当前发送队列缓存的对象数量:0
totalMemory：934281216, use ：490132856, free ：444148360DirectMemory：1827143680, 恢复 ：1
当前时间 ：2026-08-19 00:48:29send keng：-1, sheng ：4194304
decode keng：-1, sheng ：2097152
world keng：3, sheng ：1048576

2026-08-19 00:48:34.682 INFO [pool-6-thread-1][:] - /****************流量统计******************/
LastReadBytes:0
LastReadThroughput:0
LastWrittenBytes:0
LastWriteThroughput:0
RealWrittenBytes:0
RealWriteThroughput:0
当前玩家的连接数量:0
当前地图的线程个数：9
当前地图的个数:47
当前数据库执行队列数:0
当前发送队列缓存的对象数量:0
totalMemory：934281216, use ：492616048, free ：441665168DirectMemory：1827143680, 恢复 ：1
当前时间 ：2026-08-19 00:48:34send keng：-1, sheng ：4194304
decode keng：-1, sheng ：2097152
world keng：3, sheng ：1048576

2026-08-19 00:48:39.682 INFO [pool-6-thread-8][:] - /****************流量统计******************/
LastReadBytes:0
LastReadThroughput:0
LastWrittenBytes:0
LastWriteThroughput:0
RealWrittenBytes:0
RealWriteThroughput:0
当前玩家的连接数量:0
当前地图的线程个数：9
当前地图的个数:47
当前数据库执行队列数:0
当前发送队列缓存的对象数量:0
totalMemory：934281216, use ：495324096, free ：438957120DirectMemory：1827143680, 恢复 ：1
当前时间 ：2026-08-19 00:48:39send keng：-1, sheng ：4194304
decode keng：-1, sheng ：2097152
world keng：3, sheng ：1048576

2026-08-19 00:48:44.682 INFO [pool-6-thread-4][:] - /****************流量统计******************/
LastReadBytes:0
LastReadThroughput:0
LastWrittenBytes:0
LastWriteThroughput:0
RealWrittenBytes:0
RealWriteThroughput:0
当前玩家的连接数量:0
当前地图的线程个数：9
当前地图的个数:47
当前数据库执行队列数:0
当前发送队列缓存的对象数量:0
totalMemory：934281216, use ：500011928, free ：434269288DirectMemory：1827143680, 恢复 ：1
当前时间 ：2026-08-19 00:48:44send keng：-1, sheng ：4194304
decode keng：-1, sheng ：2097152
world keng：3, sheng ：1048576

2026-08-19 00:48:49.682 INFO [pool-6-thread-10][:] - /****************流量统计******************/
LastReadBytes:0
LastReadThroughput:0
LastWrittenBytes:0
LastWriteThroughput:0
RealWrittenBytes:0
RealWriteThroughput:0
当前玩家的连接数量:0
当前地图的线程个数：9
当前地图的个数:47
当前数据库执行队列数:0
当前发送队列缓存的对象数量:0
totalMemory：934281216, use ：502709832, free ：431571384DirectMemory：1827143680, 恢复 ：1
当前时间 ：2026-08-19 00:48:49send keng：-1, sheng ：4194304
decode keng：-1, sheng ：2097152
world keng：3, sheng ：1048576

2026-08-19 00:48:54.689 INFO [pool-6-thread-9][:] - /****************流量统计******************/
LastReadBytes:0
LastReadThroughput:0
LastWrittenBytes:0
LastWriteThroughput:0
RealWrittenBytes:0
RealWriteThroughput:0
当前玩家的连接数量:0
当前地图的线程个数：9
当前地图的个数:47
当前数据库执行队列数:0
当前发送队列缓存的对象数量:0
totalMemory：934281216, use ：504864136, free ：429417080DirectMemory：1827143680, 恢复 ：1
当前时间 ：2026-08-19 00:48:54send keng：-1, sheng ：4194304
decode keng：-1, sheng ：2097152
world keng：3, sheng ：1048576

2026-08-19 00:48:59.682 INFO [pool-6-thread-7][:] - /****************流量统计******************/
LastReadBytes:0
LastReadThroughput:0
LastWrittenBytes:0
LastWriteThroughput:0
RealWrittenBytes:0
RealWriteThroughput:0
当前玩家的连接数量:0
当前地图的线程个数：9
当前地图的个数:47
当前数据库执行队列数:0
当前发送队列缓存的对象数量:0
totalMemory：934281216, use ：510229816, free ：424051400DirectMemory：1827143680, 恢复 ：1
当前时间 ：2026-08-19 00:48:59send keng：-1, sheng ：4194304
decode keng：-1, sheng ：2097152
world keng：3, sheng ：1048576

2026-08-19 00:49:04.683 INFO [pool-6-thread-8][:] - /****************流量统计******************/
LastReadBytes:0
LastReadThroughput:0
LastWrittenBytes:0
LastWriteThroughput:0
RealWrittenBytes:0
RealWriteThroughput:0
当前玩家的连接数量:0
当前地图的线程个数：9
当前地图的个数:47
当前数据库执行队列数:0
当前发送队列缓存的对象数量:0
totalMemory：934281216, use ：512509264, free ：421771952DirectMemory：1827143680, 恢复 ：1
当前时间 ：2026-08-19 00:49:04send keng：-1, sheng ：4194304
decode keng：-1, sheng ：2097152
world keng：3, sheng ：1048576

2026-08-19 00:49:09.682 INFO [pool-6-thread-6][:] - /****************流量统计******************/
LastReadBytes:0
LastReadThroughput:0
LastWrittenBytes:0
LastWriteThroughput:0
RealWrittenBytes:0
RealWriteThroughput:0
当前玩家的连接数量:0
当前地图的线程个数：9
当前地图的个数:47
当前数据库执行队列数:0
当前发送队列缓存的对象数量:0
totalMemory：934281216, use ：516264272, free ：418016944DirectMemory：1827143680, 恢复 ：1
当前时间 ：2026-08-19 00:49:09send keng：-1, sheng ：4194304
decode keng：-1, sheng ：2097152
world keng：3, sheng ：1048576

2026-08-19 00:49:14.682 INFO [pool-6-thread-5][:] - /****************流量统计******************/
LastReadBytes:0
LastReadThroughput:0
LastWrittenBytes:0
LastWriteThroughput:0
RealWrittenBytes:0
RealWriteThroughput:0
当前玩家的连接数量:0
当前地图的线程个数：9
当前地图的个数:47
当前数据库执行队列数:0
当前发送队列缓存的对象数量:0
totalMemory：934281216, use ：518425064, free ：415856152DirectMemory：1827143680, 恢复 ：1
当前时间 ：2026-08-19 00:49:14send keng：-1, sheng ：4194304
decode keng：-1, sheng ：2097152
world keng：3, sheng ：1048576

2026-08-19 00:49:19.682 INFO [pool-6-thread-1][:] - /****************流量统计******************/
LastReadBytes:0
LastReadThroughput:0
LastWrittenBytes:0
LastWriteThroughput:0
RealWrittenBytes:0
RealWriteThroughput:0
当前玩家的连接数量:0
当前地图的线程个数：9
当前地图的个数:47
当前数据库执行队列数:0
当前发送队列缓存的对象数量:0
totalMemory：934281216, use ：521775480, free ：412505736DirectMemory：1827143680, 恢复 ：1
当前时间 ：2026-08-19 00:49:19send keng：-1, sheng ：4194304
decode keng：-1, sheng ：2097152
world keng：3, sheng ：1048576

2026-08-19 00:49:24.682 INFO [pool-6-thread-9][:] - /****************流量统计******************/
LastReadBytes:0
LastReadThroughput:0
LastWrittenBytes:0
LastWriteThroughput:0
RealWrittenBytes:0
RealWriteThroughput:0
当前玩家的连接数量:0
当前地图的线程个数：9
当前地图的个数:47
当前数据库执行队列数:0
当前发送队列缓存的对象数量:0
totalMemory：934281216, use ：523929816, free ：410351400DirectMemory：1827143680, 恢复 ：1
当前时间 ：2026-08-19 00:49:24send keng：-1, sheng ：4194304
decode keng：-1, sheng ：2097152
world keng：3, sheng ：1048576

2026-08-19 00:49:29.682 INFO [pool-6-thread-4][:] - /****************流量统计******************/
LastReadBytes:0
LastReadThroughput:0
LastWrittenBytes:0
LastWriteThroughput:0
RealWrittenBytes:0
RealWriteThroughput:0
当前玩家的连接数量:0
当前地图的线程个数：9
当前地图的个数:47
当前数据库执行队列数:0
当前发送队列缓存的对象数量:0
totalMemory：934281216, use ：529184832, free ：405096384DirectMemory：1827143680, 恢复 ：1
当前时间 ：2026-08-19 00:49:29send keng：-1, sheng ：4194304
decode keng：-1, sheng ：2097152
world keng：3, sheng ：1048576

2026-08-19 00:49:34.682 INFO [pool-6-thread-2][:] - /****************流量统计******************/
LastReadBytes:0
LastReadThroughput:0
LastWrittenBytes:0
LastWriteThroughput:0
RealWrittenBytes:0
RealWriteThroughput:0
当前玩家的连接数量:0
当前地图的线程个数：9
当前地图的个数:47
当前数据库执行队列数:0
当前发送队列缓存的对象数量:0
totalMemory：934281216, use ：532416360, free ：401864856DirectMemory：1827143680, 恢复 ：1
当前时间 ：2026-08-19 00:49:34send keng：-1, sheng ：4194304
decode keng：-1, sheng ：2097152
world keng：3, sheng ：1048576

2026-08-19 00:49:39.682 INFO [pool-6-thread-4][:] - /****************流量统计******************/
LastReadBytes:0
LastReadThroughput:0
LastWrittenBytes:0
LastWriteThroughput:0
RealWrittenBytes:0
RealWriteThroughput:0
当前玩家的连接数量:0
当前地图的线程个数：9
当前地图的个数:47
当前数据库执行队列数:0
当前发送队列缓存的对象数量:0
totalMemory：934281216, use ：535657848, free ：398623368DirectMemory：1827143680, 恢复 ：1
当前时间 ：2026-08-19 00:49:39send keng：-1, sheng ：4194304
decode keng：-1, sheng ：2097152
world keng：3, sheng ：1048576

2026-08-19 00:49:44.682 INFO [pool-6-thread-4][:] - /****************流量统计******************/
LastReadBytes:0
LastReadThroughput:0
LastWrittenBytes:0
LastWriteThroughput:0
RealWrittenBytes:0
RealWriteThroughput:0
当前玩家的连接数量:0
当前地图的线程个数：9
当前地图的个数:47
当前数据库执行队列数:0
当前发送队列缓存的对象数量:0
totalMemory：934281216, use ：539402768, free ：394878448DirectMemory：1827143680, 恢复 ：1
当前时间 ：2026-08-19 00:49:44send keng：-1, sheng ：4194304
decode keng：-1, sheng ：2097152
world keng：3, sheng ：1048576

2026-08-19 00:49:49.682 INFO [pool-6-thread-9][:] - /****************流量统计******************/
LastReadBytes:0
LastReadThroughput:0
LastWrittenBytes:0
LastWriteThroughput:0
RealWrittenBytes:0
RealWriteThroughput:0
当前玩家的连接数量:0
当前地图的线程个数：9
当前地图的个数:47
当前数据库执行队列数:0
当前发送队列缓存的对象数量:0
totalMemory：934281216, use ：542654424, free ：391626792DirectMemory：1827143680, 恢复 ：1
当前时间 ：2026-08-19 00:49:49send keng：-1, sheng ：4194304
decode keng：-1, sheng ：2097152
world keng：3, sheng ：1048576

2026-08-19 00:49:54.682 INFO [pool-6-thread-6][:] - /****************流量统计******************/
LastReadBytes:0
LastReadThroughput:0
LastWrittenBytes:0
LastWriteThroughput:0
RealWrittenBytes:0
RealWriteThroughput:0
当前玩家的连接数量:0
当前地图的线程个数：9
当前地图的个数:47
当前数据库执行队列数:0
当前发送队列缓存的对象数量:0
totalMemory：934281216, use ：543896960, free ：390384256DirectMemory：1827143680, 恢复 ：1
当前时间 ：2026-08-19 00:49:54send keng：-1, sheng ：4194304
decode keng：-1, sheng ：2097152
world keng：3, sheng ：1048576

2026-08-19 00:49:59.682 INFO [pool-6-thread-7][:] - /****************流量统计******************/
LastReadBytes:0
LastReadThroughput:0
LastWrittenBytes:0
LastWriteThroughput:0
RealWrittenBytes:0
RealWriteThroughput:0
当前玩家的连接数量:0
当前地图的线程个数：9
当前地图的个数:47
当前数据库执行队列数:0
当前发送队列缓存的对象数量:0
totalMemory：934281216, use ：547661992, free ：386619224DirectMemory：1827143680, 恢复 ：1
当前时间 ：2026-08-19 00:49:59send keng：-1, sheng ：4194304
decode keng：-1, sheng ：2097152
world keng：3, sheng ：1048576

2026-08-19 00:50:04.682 INFO [pool-6-thread-6][:] - /****************流量统计******************/
LastReadBytes:0
LastReadThroughput:0
LastWrittenBytes:0
LastWriteThroughput:0
RealWrittenBytes:0
RealWriteThroughput:0
当前玩家的连接数量:0
当前地图的线程个数：9
当前地图的个数:47
当前数据库执行队列数:0
当前发送队列缓存的对象数量:0
totalMemory：934281216, use ：551880032, free ：382401184DirectMemory：1827143680, 恢复 ：1
当前时间 ：2026-08-19 00:50:04send keng：-1, sheng ：4194304
decode keng：-1, sheng ：2097152
world keng：3, sheng ：1048576

2026-08-19 00:50:09.682 INFO [pool-6-thread-9][:] - /****************流量统计******************/
LastReadBytes:0
LastReadThroughput:0
LastWrittenBytes:0
LastWriteThroughput:0
RealWrittenBytes:0
RealWriteThroughput:0
当前玩家的连接数量:0
当前地图的线程个数：9
当前地图的个数:47
当前数据库执行队列数:0
当前发送队列缓存的对象数量:0
totalMemory：934281216, use ：555101432, free ：379179784DirectMemory：1827143680, 恢复 ：1
当前时间 ：2026-08-19 00:50:09send keng：-1, sheng ：4194304
decode keng：-1, sheng ：2097152
world keng：3, sheng ：1048576

2026-08-19 00:50:14.682 INFO [pool-6-thread-10][:] - /****************流量统计******************/
LastReadBytes:0
LastReadThroughput:0
LastWrittenBytes:0
LastWriteThroughput:0
RealWrittenBytes:0
RealWriteThroughput:0
当前玩家的连接数量:0
当前地图的线程个数：9
当前地图的个数:47
当前数据库执行队列数:0
当前发送队列缓存的对象数量:0
totalMemory：934281216, use ：557255728, free ：377025488DirectMemory：1827143680, 恢复 ：1
当前时间 ：2026-08-19 00:50:14send keng：-1, sheng ：4194304
decode keng：-1, sheng ：2097152
world keng：3, sheng ：1048576

2026-08-19 00:50:19.682 INFO [pool-6-thread-9][:] - /****************流量统计******************/
LastReadBytes:0
LastReadThroughput:0
LastWrittenBytes:0
LastWriteThroughput:0
RealWrittenBytes:0
RealWriteThroughput:0
当前玩家的连接数量:0
当前地图的线程个数：9
当前地图的个数:47
当前数据库执行队列数:0
当前发送队列缓存的对象数量:0
totalMemory：934281216, use ：560596072, free ：373685144DirectMemory：1827143680, 恢复 ：1
当前时间 ：2026-08-19 00:50:19send keng：-1, sheng ：4194304
decode keng：-1, sheng ：2097152
world keng：3, sheng ：1048576

2026-08-19 00:50:24.682 INFO [pool-6-thread-8][:] - /****************流量统计******************/
LastReadBytes:0
LastReadThroughput:0
LastWrittenBytes:0
LastWriteThroughput:0
RealWrittenBytes:0
RealWriteThroughput:0
当前玩家的连接数量:0
当前地图的线程个数：9
当前地图的个数:47
当前数据库执行队列数:0
当前发送队列缓存的对象数量:0
totalMemory：934281216, use ：563827544, free ：370453672DirectMemory：1827143680, 恢复 ：1
当前时间 ：2026-08-19 00:50:24send keng：-1, sheng ：4194304
decode keng：-1, sheng ：2097152
world keng：3, sheng ：1048576

2026-08-19 00:50:29.682 INFO [pool-6-thread-6][:] - /****************流量统计******************/
LastReadBytes:0
LastReadThroughput:0
LastWrittenBytes:0
LastWriteThroughput:0
RealWrittenBytes:0
RealWriteThroughput:0
当前玩家的连接数量:0
当前地图的线程个数：9
当前地图的个数:47
当前数据库执行队列数:0
当前发送队列缓存的对象数量:0
totalMemory：934281216, use ：567048968, free ：367232248DirectMemory：1827143680, 恢复 ：1
当前时间 ：2026-08-19 00:50:29send keng：-1, sheng ：4194304
decode keng：-1, sheng ：2097152
world keng：3, sheng ：1048576

2026-08-19 00:50:34.682 INFO [pool-6-thread-9][:] - /****************流量统计******************/
LastReadBytes:0
LastReadThroughput:0
LastWrittenBytes:0
LastWriteThroughput:0
RealWrittenBytes:0
RealWriteThroughput:0
当前玩家的连接数量:0
当前地图的线程个数：9
当前地图的个数:47
当前数据库执行队列数:0
当前发送队列缓存的对象数量:0
totalMemory：934281216, use ：569213352, free ：365067864DirectMemory：1827143680, 恢复 ：1
当前时间 ：2026-08-19 00:50:34send keng：-1, sheng ：4194304
decode keng：-1, sheng ：2097152
world keng：3, sheng ：1048576

2026-08-19 00:50:39.682 INFO [pool-6-thread-4][:] - /****************流量统计******************/
LastReadBytes:0
LastReadThroughput:0
LastWrittenBytes:0
LastWriteThroughput:0
RealWrittenBytes:0
RealWriteThroughput:0
当前玩家的连接数量:0
当前地图的线程个数：9
当前地图的个数:47
当前数据库执行队列数:0
当前发送队列缓存的对象数量:0
totalMemory：934281216, use ：572434800, free ：361846416DirectMemory：1827143680, 恢复 ：1
当前时间 ：2026-08-19 00:50:39send keng：-1, sheng ：4194304
decode keng：-1, sheng ：2097152
world keng：3, sheng ：1048576

2026-08-19 00:50:44.682 INFO [pool-6-thread-8][:] - /****************流量统计******************/
LastReadBytes:0
LastReadThroughput:0
LastWrittenBytes:0
LastWriteThroughput:0
RealWrittenBytes:0
RealWriteThroughput:0
当前玩家的连接数量:0
当前地图的线程个数：9
当前地图的个数:47
当前数据库执行队列数:0
当前发送队列缓存的对象数量:0
totalMemory：934281216, use ：577845168, free ：356436048DirectMemory：1827143680, 恢复 ：1
当前时间 ：2026-08-19 00:50:44send keng：-1, sheng ：4194304
decode keng：-1, sheng ：2097152
world keng：3, sheng ：1048576

2026-08-19 00:50:49.682 INFO [pool-6-thread-1][:] - /****************流量统计******************/
LastReadBytes:0
LastReadThroughput:0
LastWrittenBytes:0
LastWriteThroughput:0
RealWrittenBytes:0
RealWriteThroughput:0
当前玩家的连接数量:0
当前地图的线程个数：9
当前地图的个数:47
当前数据库执行队列数:0
当前发送队列缓存的对象数量:0
totalMemory：934281216, use ：580543104, free ：353738112DirectMemory：1827143680, 恢复 ：1
当前时间 ：2026-08-19 00:50:49send keng：-1, sheng ：4194304
decode keng：-1, sheng ：2097152
world keng：3, sheng ：1048576

2026-08-19 00:50:54.682 INFO [pool-6-thread-9][:] - /****************流量统计******************/
LastReadBytes:0
LastReadThroughput:0
LastWrittenBytes:0
LastWriteThroughput:0
RealWrittenBytes:0
RealWriteThroughput:0
当前玩家的连接数量:0
当前地图的线程个数：9
当前地图的个数:47
当前数据库执行队列数:0
当前发送队列缓存的对象数量:0
totalMemory：934281216, use ：582697448, free ：351583768DirectMemory：1827143680, 恢复 ：1
当前时间 ：2026-08-19 00:50:54send keng：-1, sheng ：4194304
decode keng：-1, sheng ：2097152
world keng：3, sheng ：1048576

2026-08-19 00:50:59.682 INFO [pool-6-thread-5][:] - /****************流量统计******************/
LastReadBytes:0
LastReadThroughput:0
LastWrittenBytes:0
LastWriteThroughput:0
RealWrittenBytes:0
RealWriteThroughput:0
当前玩家的连接数量:0
当前地图的线程个数：9
当前地图的个数:47
当前数据库执行队列数:0
当前发送队列缓存的对象数量:0
totalMemory：934281216, use ：586996104, free ：347285112DirectMemory：1827143680, 恢复 ：1
当前时间 ：2026-08-19 00:50:59send keng：-1, sheng ：4194304
decode keng：-1, sheng ：2097152
world keng：3, sheng ：1048576

2026-08-19 00:51:04.682 INFO [pool-6-thread-4][:] - /****************流量统计******************/
LastReadBytes:0
LastReadThroughput:0
LastWrittenBytes:0
LastWriteThroughput:0
RealWrittenBytes:0
RealWriteThroughput:0
当前玩家的连接数量:0
当前地图的线程个数：9
当前地图的个数:47
当前数据库执行队列数:0
当前发送队列缓存的对象数量:0
totalMemory：934281216, use ：589693984, free ：344587232DirectMemory：1827143680, 恢复 ：1
当前时间 ：2026-08-19 00:51:04send keng：-1, sheng ：4194304
decode keng：-1, sheng ：2097152
world keng：3, sheng ：1048576

2026-08-19 00:51:09.682 INFO [pool-6-thread-1][:] - /****************流量统计******************/
LastReadBytes:0
LastReadThroughput:0
LastWrittenBytes:0
LastWriteThroughput:0
RealWrittenBytes:0
RealWriteThroughput:0
当前玩家的连接数量:0
当前地图的线程个数：9
当前地图的个数:47
当前数据库执行队列数:0
当前发送队列缓存的对象数量:0
totalMemory：934281216, use ：592391928, free ：341889288DirectMemory：1827143680, 恢复 ：1
当前时间 ：2026-08-19 00:51:09send keng：-1, sheng ：4194304
decode keng：-1, sheng ：2097152
world keng：3, sheng ：1048576

2026-08-19 00:51:14.682 INFO [pool-6-thread-6][:] - /****************流量统计******************/
LastReadBytes:0
LastReadThroughput:0
LastWrittenBytes:0
LastWriteThroughput:0
RealWrittenBytes:0
RealWriteThroughput:0
当前玩家的连接数量:0
当前地图的线程个数：9
当前地图的个数:47
当前数据库执行队列数:0
当前发送队列缓存的对象数量:0
totalMemory：934281216, use ：596146968, free ：338134248DirectMemory：1827143680, 恢复 ：1
当前时间 ：2026-08-19 00:51:14send keng：-1, sheng ：4194304
decode keng：-1, sheng ：2097152
world keng：3, sheng ：1048576

2026-08-19 00:51:19.682 INFO [pool-6-thread-6][:] - /****************流量统计******************/
LastReadBytes:0
LastReadThroughput:0
LastWrittenBytes:0
LastWriteThroughput:0
RealWrittenBytes:0
RealWriteThroughput:0
当前玩家的连接数量:0
当前地图的线程个数：9
当前地图的个数:47
当前数据库执行队列数:0
当前发送队列缓存的对象数量:0
totalMemory：934281216, use ：599497352, free ：334783864DirectMemory：1827143680, 恢复 ：1
当前时间 ：2026-08-19 00:51:19send keng：-1, sheng ：4194304
decode keng：-1, sheng ：2097152
world keng：3, sheng ：1048576

2026-08-19 00:51:24.682 INFO [pool-6-thread-5][:] - /****************流量统计******************/
LastReadBytes:0
LastReadThroughput:0
LastWrittenBytes:0
LastWriteThroughput:0
RealWrittenBytes:0
RealWriteThroughput:0
当前玩家的连接数量:0
当前地图的线程个数：9
当前地图的个数:47
当前数据库执行队列数:0
当前发送队列缓存的对象数量:0
totalMemory：934281216, use ：601651608, free ：332629608DirectMemory：1827143680, 恢复 ：1
当前时间 ：2026-08-19 00:51:24send keng：-1, sheng ：4194304
decode keng：-1, sheng ：2097152
world keng：3, sheng ：1048576

2026-08-19 00:51:29.682 INFO [pool-6-thread-4][:] - /****************流量统计******************/
LastReadBytes:0
LastReadThroughput:0
LastWrittenBytes:0
LastWriteThroughput:0
RealWrittenBytes:0
RealWriteThroughput:0
当前玩家的连接数量:0
当前地图的线程个数：9
当前地图的个数:47
当前数据库执行队列数:0
当前发送队列缓存的对象数量:0
totalMemory：934281216, use ：604893184, free ：329388032DirectMemory：1827143680, 恢复 ：1
当前时间 ：2026-08-19 00:51:29send keng：-1, sheng ：4194304
decode keng：-1, sheng ：2097152
world keng：3, sheng ：1048576

2026-08-19 00:51:34.682 INFO [pool-6-thread-5][:] - /****************流量统计******************/
LastReadBytes:0
LastReadThroughput:0
LastWrittenBytes:0
LastWriteThroughput:0
RealWrittenBytes:0
RealWriteThroughput:0
当前玩家的连接数量:0
当前地图的线程个数：9
当前地图的个数:47
当前数据库执行队列数:0
当前发送队列缓存的对象数量:0
totalMemory：934281216, use ：607746432, free ：326534784DirectMemory：1827143680, 恢复 ：1
当前时间 ：2026-08-19 00:51:34send keng：-1, sheng ：4194304
decode keng：-1, sheng ：2097152
world keng：3, sheng ：1048576

2026-08-19 00:51:39.682 INFO [pool-6-thread-4][:] - /****************流量统计******************/
LastReadBytes:0
LastReadThroughput:0
LastWrittenBytes:0
LastWriteThroughput:0
RealWrittenBytes:0
RealWriteThroughput:0
当前玩家的连接数量:0
当前地图的线程个数：9
当前地图的个数:47
当前数据库执行队列数:0
当前发送队列缓存的对象数量:0
totalMemory：934281216, use ：609900760, free ：324380456DirectMemory：1827143680, 恢复 ：1
当前时间 ：2026-08-19 00:51:39send keng：-1, sheng ：4194304
decode keng：-1, sheng ：2097152
world keng：3, sheng ：1048576

2026-08-19 00:51:44.682 INFO [pool-6-thread-9][:] - /****************流量统计******************/
LastReadBytes:0
LastReadThroughput:0
LastWrittenBytes:0
LastWriteThroughput:0
RealWrittenBytes:0
RealWriteThroughput:0
当前玩家的连接数量:0
当前地图的线程个数：9
当前地图的个数:47
当前数据库执行队列数:0
当前发送队列缓存的对象数量:0
totalMemory：934281216, use ：613665768, free ：320615448DirectMemory：1827143680, 恢复 ：1
当前时间 ：2026-08-19 00:51:44send keng：-1, sheng ：4194304
decode keng：-1, sheng ：2097152
world keng：3, sheng ：1048576

2026-08-19 00:51:49.682 INFO [pool-6-thread-8][:] - /****************流量统计******************/
LastReadBytes:0
LastReadThroughput:0
LastWrittenBytes:0
LastWriteThroughput:0
RealWrittenBytes:0
RealWriteThroughput:0
当前玩家的连接数量:0
当前地图的线程个数：9
当前地图的个数:47
当前数据库执行队列数:0
当前发送队列缓存的对象数量:0
totalMemory：934281216, use ：616293240, free ：317987976DirectMemory：1827143680, 恢复 ：1
当前时间 ：2026-08-19 00:51:49send keng：-1, sheng ：4194304
decode keng：-1, sheng ：2097152
world keng：3, sheng ：1048576

2026-08-19 00:51:54.701 INFO [pool-6-thread-7][:] - /****************流量统计******************/
LastReadBytes:0
LastReadThroughput:0
LastWrittenBytes:0
LastWriteThroughput:0
RealWrittenBytes:0
RealWriteThroughput:0
当前玩家的连接数量:0
当前地图的线程个数：9
当前地图的个数:47
当前数据库执行队列数:0
当前发送队列缓存的对象数量:0
totalMemory：934281216, use ：620068264, free ：314212952DirectMemory：1827143680, 恢复 ：1
当前时间 ：2026-08-19 00:51:54send keng：-1, sheng ：4194304
decode keng：-1, sheng ：2097152
world keng：3, sheng ：1048576

2026-08-19 00:51:59.682 INFO [pool-6-thread-1][:] - /****************流量统计******************/
LastReadBytes:0
LastReadThroughput:0
LastWrittenBytes:0
LastWriteThroughput:0
RealWrittenBytes:0
RealWriteThroughput:0
当前玩家的连接数量:0
当前地图的线程个数：9
当前地图的个数:47
当前数据库执行队列数:0
当前发送队列缓存的对象数量:0
totalMemory：934281216, use ：625303120, free ：308978096DirectMemory：1827143680, 恢复 ：1
当前时间 ：2026-08-19 00:51:59send keng：-1, sheng ：4194304
decode keng：-1, sheng ：2097152
world keng：3, sheng ：1048576

2026-08-19 00:52:04.682 INFO [pool-6-thread-3][:] - /****************流量统计******************/
LastReadBytes:0
LastReadThroughput:0
LastWrittenBytes:0
LastWriteThroughput:0
RealWrittenBytes:0
RealWriteThroughput:0
当前玩家的连接数量:0
当前地图的线程个数：9
当前地图的个数:47
当前数据库执行队列数:0
当前发送队列缓存的对象数量:0
totalMemory：934281216, use ：629611696, free ：304669520DirectMemory：1827143680, 恢复 ：1
当前时间 ：2026-08-19 00:52:04send keng：-1, sheng ：4194304
decode keng：-1, sheng ：2097152
world keng：3, sheng ：1048576

2026-08-19 00:52:09.682 INFO [pool-6-thread-8][:] - /****************流量统计******************/
LastReadBytes:0
LastReadThroughput:0
LastWrittenBytes:0
LastWriteThroughput:0
RealWrittenBytes:0
RealWriteThroughput:0
当前玩家的连接数量:0
当前地图的线程个数：9
当前地图的个数:47
当前数据库执行队列数:0
当前发送队列缓存的对象数量:0
totalMemory：934281216, use ：632279424, free ：302001792DirectMemory：1827143680, 恢复 ：1
当前时间 ：2026-08-19 00:52:09send keng：-1, sheng ：4194304
decode keng：-1, sheng ：2097152
world keng：3, sheng ：1048576

2026-08-19 00:52:14.683 INFO [pool-6-thread-7][:] - /****************流量统计******************/
LastReadBytes:0
LastReadThroughput:0
LastWrittenBytes:0
LastWriteThroughput:0
RealWrittenBytes:0
RealWriteThroughput:0
当前玩家的连接数量:0
当前地图的线程个数：9
当前地图的个数:47
当前数据库执行队列数:0
当前发送队列缓存的对象数量:0
totalMemory：934281216, use ：634977336, free ：299303880DirectMemory：1827143680, 恢复 ：1
当前时间 ：2026-08-19 00:52:14send keng：-1, sheng ：4194304
decode keng：-1, sheng ：2097152
world keng：3, sheng ：1048576

2026-08-19 00:52:19.682 INFO [pool-6-thread-9][:] - /****************流量统计******************/
LastReadBytes:0
LastReadThroughput:0
LastWrittenBytes:0
LastWriteThroughput:0
RealWrittenBytes:0
RealWriteThroughput:0
当前玩家的连接数量:0
当前地图的线程个数：9
当前地图的个数:47
当前数据库执行队列数:0
当前发送队列缓存的对象数量:0
totalMemory：934281216, use ：637250584, free ：297030632DirectMemory：1827143680, 恢复 ：1
当前时间 ：2026-08-19 00:52:19send keng：-1, sheng ：4194304
decode keng：-1, sheng ：2097152
world keng：3, sheng ：1048576

2026-08-19 00:52:24.682 INFO [pool-6-thread-5][:] - /****************流量统计******************/
LastReadBytes:0
LastReadThroughput:0
LastWrittenBytes:0
LastWriteThroughput:0
RealWrittenBytes:0
RealWriteThroughput:0
当前玩家的连接数量:0
当前地图的线程个数：9
当前地图的个数:47
当前数据库执行队列数:0
当前发送队列缓存的对象数量:0
totalMemory：934281216, use ：640627392, free ：293653824DirectMemory：1827143680, 恢复 ：1
当前时间 ：2026-08-19 00:52:24send keng：-1, sheng ：4194304
decode keng：-1, sheng ：2097152
world keng：3, sheng ：1048576

2026-08-19 00:52:29.682 INFO [pool-6-thread-8][:] - /****************流量统计******************/
LastReadBytes:0
LastReadThroughput:0
LastWrittenBytes:0
LastWriteThroughput:0
RealWrittenBytes:0
RealWriteThroughput:0
当前玩家的连接数量:0
当前地图的线程个数：9
当前地图的个数:47
当前数据库执行队列数:0
当前发送队列缓存的对象数量:0
totalMemory：934281216, use ：643325352, free ：290955864DirectMemory：1827143680, 恢复 ：1
当前时间 ：2026-08-19 00:52:29send keng：-1, sheng ：4194304
decode keng：-1, sheng ：2097152
world keng：3, sheng ：1048576

2026-08-19 00:52:34.682 INFO [pool-6-thread-9][:] - /****************流量统计******************/
LastReadBytes:0
LastReadThroughput:0
LastWrittenBytes:0
LastWriteThroughput:0
RealWrittenBytes:0
RealWriteThroughput:0
当前玩家的连接数量:0
当前地图的线程个数：9
当前地图的个数:47
当前数据库执行队列数:0
当前发送队列缓存的对象数量:0
totalMemory：934281216, use ：647100456, free ：287180760DirectMemory：1827143680, 恢复 ：1
当前时间 ：2026-08-19 00:52:34send keng：-1, sheng ：4194304
decode keng：-1, sheng ：2097152
world keng：3, sheng ：1048576

2026-08-19 00:52:39.682 INFO [pool-6-thread-1][:] - /****************流量统计******************/
LastReadBytes:0
LastReadThroughput:0
LastWrittenBytes:0
LastWriteThroughput:0
RealWrittenBytes:0
RealWriteThroughput:0
当前玩家的连接数量:0
当前地图的线程个数：9
当前地图的个数:47
当前数据库执行队列数:0
当前发送队列缓存的对象数量:0
totalMemory：934281216, use ：648721232, free ：285559984DirectMemory：1827143680, 恢复 ：1
当前时间 ：2026-08-19 00:52:39send keng：-1, sheng ：4194304
decode keng：-1, sheng ：2097152
world keng：3, sheng ：1048576

2026-08-19 00:52:44.683 INFO [pool-6-thread-5][:] - /****************流量统计******************/
LastReadBytes:0
LastReadThroughput:0
LastWrittenBytes:0
LastWriteThroughput:0
RealWrittenBytes:0
RealWriteThroughput:0
当前玩家的连接数量:0
当前地图的线程个数：9
当前地图的个数:47
当前数据库执行队列数:0
当前发送队列缓存的对象数量:0
totalMemory：934281216, use ：653009720, free ：281271496DirectMemory：1827143680, 恢复 ：1
当前时间 ：2026-08-19 00:52:44send keng：-1, sheng ：4194304
decode keng：-1, sheng ：2097152
world keng：3, sheng ：1048576

2026-08-19 00:52:49.682 INFO [pool-6-thread-2][:] - /****************流量统计******************/
LastReadBytes:0
LastReadThroughput:0
LastWrittenBytes:0
LastWriteThroughput:0
RealWrittenBytes:0
RealWriteThroughput:0
当前玩家的连接数量:0
当前地图的线程个数：9
当前地图的个数:47
当前数据库执行队列数:0
当前发送队列缓存的对象数量:0
totalMemory：934281216, use ：655727760, free ：278553456DirectMemory：1827143680, 恢复 ：1
当前时间 ：2026-08-19 00:52:49send keng：-1, sheng ：4194304
decode keng：-1, sheng ：2097152
world keng：3, sheng ：1048576

2026-08-19 00:52:54.682 INFO [pool-6-thread-2][:] - /****************流量统计******************/
LastReadBytes:0
LastReadThroughput:0
LastWrittenBytes:0
LastWriteThroughput:0
RealWrittenBytes:0
RealWriteThroughput:0
当前玩家的连接数量:0
当前地图的线程个数：9
当前地图的个数:47
当前数据库执行队列数:0
当前发送队列缓存的对象数量:0
totalMemory：934281216, use ：657872056, free ：276409160DirectMemory：1827143680, 恢复 ：1
当前时间 ：2026-08-19 00:52:54send keng：-1, sheng ：4194304
decode keng：-1, sheng ：2097152
world keng：3, sheng ：1048576

2026-08-19 00:52:59.682 INFO [pool-6-thread-1][:] - /****************流量统计******************/
LastReadBytes:0
LastReadThroughput:0
LastWrittenBytes:0
LastWriteThroughput:0
RealWrittenBytes:0
RealWriteThroughput:0
当前玩家的连接数量:0
当前地图的线程个数：9
当前地图的个数:47
当前数据库执行队列数:0
当前发送队列缓存的对象数量:0
totalMemory：934281216, use ：661657088, free ：272624128DirectMemory：1827143680, 恢复 ：1
当前时间 ：2026-08-19 00:52:59send keng：-1, sheng ：4194304
decode keng：-1, sheng ：2097152
world keng：3, sheng ：1048576

2026-08-19 00:53:04.682 INFO [pool-6-thread-5][:] - /****************流量统计******************/
LastReadBytes:0
LastReadThroughput:0
LastWrittenBytes:0
LastWriteThroughput:0
RealWrittenBytes:0
RealWriteThroughput:0
当前玩家的连接数量:0
当前地图的线程个数：9
当前地图的个数:47
当前数据库执行队列数:0
当前发送队列缓存的对象数量:0
totalMemory：934281216, use ：665814640, free ：268466576DirectMemory：1827143680, 恢复 ：1
当前时间 ：2026-08-19 00:53:04send keng：-1, sheng ：4194304
decode keng：-1, sheng ：2097152
world keng：3, sheng ：1048576

2026-08-19 00:53:09.682 INFO [pool-6-thread-4][:] - /****************流量统计******************/
LastReadBytes:0
LastReadThroughput:0
LastWrittenBytes:0
LastWriteThroughput:0
RealWrittenBytes:0
RealWriteThroughput:0
当前玩家的连接数量:0
当前地图的线程个数：9
当前地图的个数:47
当前数据库执行队列数:0
当前发送队列缓存的对象数量:0
totalMemory：934281216, use ：669589704, free ：264691512DirectMemory：1827143680, 恢复 ：1
当前时间 ：2026-08-19 00:53:09send keng：-1, sheng ：4194304
decode keng：-1, sheng ：2097152
world keng：3, sheng ：1048576

2026-08-19 00:53:14.683 INFO [pool-6-thread-10][:] - /****************流量统计******************/
LastReadBytes:0
LastReadThroughput:0
LastWrittenBytes:0
LastWriteThroughput:0
RealWrittenBytes:0
RealWriteThroughput:0
当前玩家的连接数量:0
当前地图的线程个数：9
当前地图的个数:47
当前数据库执行队列数:0
当前发送队列缓存的对象数量:0
totalMemory：934281216, use ：673912768, free ：260368448DirectMemory：1827143680, 恢复 ：1
当前时间 ：2026-08-19 00:53:14send keng：-1, sheng ：4194304
decode keng：-1, sheng ：2097152
world keng：3, sheng ：1048576

2026-08-19 00:53:19.682 INFO [pool-6-thread-9][:] - /****************流量统计******************/
LastReadBytes:0
LastReadThroughput:0
LastWrittenBytes:0
LastWriteThroughput:0
RealWrittenBytes:0
RealWriteThroughput:0
当前玩家的连接数量:0
当前地图的线程个数：9
当前地图的个数:47
当前数据库执行队列数:0
当前发送队列缓存的对象数量:0
totalMemory：934281216, use ：677263176, free ：257018040DirectMemory：1827143680, 恢复 ：1
当前时间 ：2026-08-19 00:53:19send keng：-1, sheng ：4194304
decode keng：-1, sheng ：2097152
world keng：3, sheng ：1048576

2026-08-19 00:53:24.683 INFO [pool-6-thread-7][:] - /****************流量统计******************/
LastReadBytes:0
LastReadThroughput:0
LastWrittenBytes:0
LastWriteThroughput:0
RealWrittenBytes:0
RealWriteThroughput:0
当前玩家的连接数量:0
当前地图的线程个数：9
当前地图的个数:47
当前数据库执行队列数:0
当前发送队列缓存的对象数量:0
totalMemory：934281216, use ：678873944, free ：255407272DirectMemory：1827143680, 恢复 ：1
当前时间 ：2026-08-19 00:53:24send keng：-1, sheng ：4194304
decode keng：-1, sheng ：2097152
world keng：3, sheng ：1048576

2026-08-19 00:53:29.682 INFO [pool-6-thread-4][:] - /****************流量统计******************/
LastReadBytes:0
LastReadThroughput:0
LastWrittenBytes:0
LastWriteThroughput:0
RealWrittenBytes:0
RealWriteThroughput:0
当前玩家的连接数量:0
当前地图的线程个数：9
当前地图的个数:47
当前数据库执行队列数:0
当前发送队列缓存的对象数量:0
totalMemory：934281216, use ：684259656, free ：250021560DirectMemory：1827143680, 恢复 ：1
当前时间 ：2026-08-19 00:53:29send keng：-1, sheng ：4194304
decode keng：-1, sheng ：2097152
world keng：3, sheng ：1048576

2026-08-19 00:53:34.682 INFO [pool-6-thread-6][:] - /****************流量统计******************/
LastReadBytes:0
LastReadThroughput:0
LastWrittenBytes:0
LastWriteThroughput:0
RealWrittenBytes:0
RealWriteThroughput:0
当前玩家的连接数量:0
当前地图的线程个数：9
当前地图的个数:47
当前数据库执行队列数:0
当前发送队列缓存的对象数量:0
totalMemory：934281216, use ：686413960, free ：247867256DirectMemory：1827143680, 恢复 ：1
当前时间 ：2026-08-19 00:53:34send keng：-1, sheng ：4194304
decode keng：-1, sheng ：2097152
world keng：3, sheng ：1048576

2026-08-19 00:53:39.682 INFO [pool-6-thread-6][:] - /****************流量统计******************/
LastReadBytes:0
LastReadThroughput:0
LastWrittenBytes:0
LastWriteThroughput:0
RealWrittenBytes:0
RealWriteThroughput:0
当前玩家的连接数量:0
当前地图的线程个数：9
当前地图的个数:47
当前数据库执行队列数:0
当前发送队列缓存的对象数量:0
totalMemory：934281216, use ：689595064, free ：244686152DirectMemory：1827143680, 恢复 ：1
当前时间 ：2026-08-19 00:53:39send keng：-1, sheng ：4194304
decode keng：-1, sheng ：2097152
world keng：3, sheng ：1048576

2026-08-19 00:53:44.682 INFO [pool-6-thread-9][:] - /****************流量统计******************/
LastReadBytes:0
LastReadThroughput:0
LastWrittenBytes:0
LastWriteThroughput:0
RealWrittenBytes:0
RealWriteThroughput:0
当前玩家的连接数量:0
当前地图的线程个数：9
当前地图的个数:47
当前数据库执行队列数:0
当前发送队列缓存的对象数量:0
totalMemory：934281216, use ：692816464, free ：241464752DirectMemory：1827143680, 恢复 ：1
当前时间 ：2026-08-19 00:53:44send keng：-1, sheng ：4194304
decode keng：-1, sheng ：2097152
world keng：3, sheng ：1048576

2026-08-19 00:53:49.682 INFO [pool-6-thread-3][:] - /****************流量统计******************/
LastReadBytes:0
LastReadThroughput:0
LastWrittenBytes:0
LastWriteThroughput:0
RealWrittenBytes:0
RealWriteThroughput:0
当前玩家的连接数量:0
当前地图的线程个数：9
当前地图的个数:47
当前数据库执行队列数:0
当前发送队列缓存的对象数量:0
totalMemory：934281216, use ：694970792, free ：239310424DirectMemory：1827143680, 恢复 ：1
当前时间 ：2026-08-19 00:53:49send keng：-1, sheng ：4194304
decode keng：-1, sheng ：2097152
world keng：3, sheng ：1048576

2026-08-19 00:53:54.682 INFO [pool-6-thread-8][:] - /****************流量统计******************/
LastReadBytes:0
LastReadThroughput:0
LastWrittenBytes:0
LastWriteThroughput:0
RealWrittenBytes:0
RealWriteThroughput:0
当前玩家的连接数量:0
当前地图的线程个数：9
当前地图的个数:47
当前数据库执行队列数:0
当前发送队列缓存的对象数量:0
totalMemory：934281216, use ：698212336, free ：236068880DirectMemory：1827143680, 恢复 ：1
当前时间 ：2026-08-19 00:53:54send keng：-1, sheng ：4194304
decode keng：-1, sheng ：2097152
world keng：3, sheng ：1048576

2026-08-19 00:53:59.682 INFO [pool-6-thread-3][:] - /****************流量统计******************/
LastReadBytes:0
LastReadThroughput:0
LastWrittenBytes:0
LastWriteThroughput:0
RealWrittenBytes:0
RealWriteThroughput:0
当前玩家的连接数量:0
当前地图的线程个数：9
当前地图的个数:47
当前数据库执行队列数:0
当前发送队列缓存的对象数量:0
totalMemory：934281216, use ：700890144, free ：233391072DirectMemory：1827143680, 恢复 ：1
当前时间 ：2026-08-19 00:53:59send keng：-1, sheng ：4194304
decode keng：-1, sheng ：2097152
world keng：3, sheng ：1048576

2026-08-19 00:54:04.682 INFO [pool-6-thread-7][:] - /****************流量统计******************/
LastReadBytes:0
LastReadThroughput:0
LastWrittenBytes:0
LastWriteThroughput:0
RealWrittenBytes:0
RealWriteThroughput:0
当前玩家的连接数量:0
当前地图的线程个数：9
当前地图的个数:47
当前数据库执行队列数:0
当前发送队列缓存的对象数量:0
totalMemory：934281216, use ：705364248, free ：228916968DirectMemory：1827143680, 恢复 ：1
当前时间 ：2026-08-19 00:54:04send keng：-1, sheng ：4194304
decode keng：-1, sheng ：2097152
world keng：3, sheng ：1048576

2026-08-19 00:54:09.683 INFO [pool-6-thread-4][:] - /****************流量统计******************/
LastReadBytes:0
LastReadThroughput:0
LastWrittenBytes:0
LastWriteThroughput:0
RealWrittenBytes:0
RealWriteThroughput:0
当前玩家的连接数量:0
当前地图的线程个数：9
当前地图的个数:47
当前数据库执行队列数:0
当前发送队列缓存的对象数量:0
totalMemory：934281216, use ：706995048, free ：227286168DirectMemory：1827143680, 恢复 ：1
当前时间 ：2026-08-19 00:54:09send keng：-1, sheng ：4194304
decode keng：-1, sheng ：2097152
world keng：3, sheng ：1048576

2026-08-19 00:54:14.682 INFO [pool-6-thread-7][:] - /****************流量统计******************/
LastReadBytes:0
LastReadThroughput:0
LastWrittenBytes:0
LastWriteThroughput:0
RealWrittenBytes:0
RealWriteThroughput:0
当前玩家的连接数量:0
当前地图的线程个数：9
当前地图的个数:47
当前数据库执行队列数:0
当前发送队列缓存的对象数量:0
totalMemory：934281216, use ：708595664, free ：225685552DirectMemory：1827143680, 恢复 ：1
当前时间 ：2026-08-19 00:54:14send keng：-1, sheng ：4194304
decode keng：-1, sheng ：2097152
world keng：3, sheng ：1048576

2026-08-19 00:54:19.682 INFO [pool-6-thread-6][:] - /****************流量统计******************/
LastReadBytes:0
LastReadThroughput:0
LastWrittenBytes:0
LastWriteThroughput:0
RealWrittenBytes:0
RealWriteThroughput:0
当前玩家的连接数量:0
当前地图的线程个数：9
当前地图的个数:47
当前数据库执行队列数:0
当前发送队列缓存的对象数量:0
totalMemory：934281216, use ：713023280, free ：221257936DirectMemory：1827143680, 恢复 ：1
当前时间 ：2026-08-19 00:54:19send keng：-1, sheng ：4194304
decode keng：-1, sheng ：2097152
world keng：3, sheng ：1048576

2026-08-19 00:54:24.689 INFO [pool-6-thread-10][:] - /****************流量统计******************/
LastReadBytes:0
LastReadThroughput:0
LastWrittenBytes:0
LastWriteThroughput:0
RealWrittenBytes:0
RealWriteThroughput:0
当前玩家的连接数量:0
当前地图的线程个数：9
当前地图的个数:47
当前数据库执行队列数:0
当前发送队列缓存的对象数量:0
totalMemory：934281216, use ：717180944, free ：217100272DirectMemory：1827143680, 恢复 ：1
当前时间 ：2026-08-19 00:54:24send keng：-1, sheng ：4194304
decode keng：-1, sheng ：2097152
world keng：3, sheng ：1048576

2026-08-19 00:54:29.682 INFO [pool-6-thread-6][:] - /****************流量统计******************/
LastReadBytes:0
LastReadThroughput:0
LastWrittenBytes:0
LastWriteThroughput:0
RealWrittenBytes:0
RealWriteThroughput:0
当前玩家的连接数量:0
当前地图的线程个数：9
当前地图的个数:47
当前数据库执行队列数:0
当前发送队列缓存的对象数量:0
totalMemory：934281216, use ：720412416, free ：213868800DirectMemory：1827143680, 恢复 ：1
当前时间 ：2026-08-19 00:54:29send keng：-1, sheng ：4194304
decode keng：-1, sheng ：2097152
world keng：3, sheng ：1048576

2026-08-19 00:54:34.682 INFO [pool-6-thread-10][:] - /****************流量统计******************/
LastReadBytes:0
LastReadThroughput:0
LastWrittenBytes:0
LastWriteThroughput:0
RealWrittenBytes:0
RealWriteThroughput:0
当前玩家的连接数量:0
当前地图的线程个数：9
当前地图的个数:47
当前数据库执行队列数:0
当前发送队列缓存的对象数量:0
totalMemory：934281216, use ：723643904, free ：210637312DirectMemory：1827143680, 恢复 ：1
当前时间 ：2026-08-19 00:54:34send keng：-1, sheng ：4194304
decode keng：-1, sheng ：2097152
world keng：3, sheng ：1048576

2026-08-19 00:54:39.682 INFO [pool-6-thread-5][:] - /****************流量统计******************/
LastReadBytes:0
LastReadThroughput:0
LastWrittenBytes:0
LastWriteThroughput:0
RealWrittenBytes:0
RealWriteThroughput:0
当前玩家的连接数量:0
当前地图的线程个数：9
当前地图的个数:47
当前数据库执行队列数:0
当前发送队列缓存的对象数量:0
totalMemory：934281216, use ：725808344, free ：208472872DirectMemory：1827143680, 恢复 ：1
当前时间 ：2026-08-19 00:54:39send keng：-1, sheng ：4194304
decode keng：-1, sheng ：2097152
world keng：3, sheng ：1048576

2026-08-19 00:54:44.682 INFO [pool-6-thread-1][:] - /****************流量统计******************/
LastReadBytes:0
LastReadThroughput:0
LastWrittenBytes:0
LastWriteThroughput:0
RealWrittenBytes:0
RealWriteThroughput:0
当前玩家的连接数量:0
当前地图的线程个数：9
当前地图的个数:47
当前数据库执行队列数:0
当前发送队列缓存的对象数量:0
totalMemory：934281216, use ：727962648, free ：206318568DirectMemory：1827143680, 恢复 ：1
当前时间 ：2026-08-19 00:54:44send keng：-1, sheng ：4194304
decode keng：-1, sheng ：2097152
world keng：3, sheng ：1048576

2026-08-19 00:54:49.682 INFO [pool-6-thread-8][:] - /****************流量统计******************/
LastReadBytes:0
LastReadThroughput:0
LastWrittenBytes:0
LastWriteThroughput:0
RealWrittenBytes:0
RealWriteThroughput:0
当前玩家的连接数量:0
当前地图的线程个数：9
当前地图的个数:47
当前数据库执行队列数:0
当前发送队列缓存的对象数量:0
totalMemory：934281216, use ：730670720, free ：203610496DirectMemory：1827143680, 恢复 ：1
当前时间 ：2026-08-19 00:54:49send keng：-1, sheng ：4194304
decode keng：-1, sheng ：2097152
world keng：3, sheng ：1048576

2026-08-19 00:54:54.682 INFO [pool-6-thread-7][:] - /****************流量统计******************/
LastReadBytes:0
LastReadThroughput:0
LastWrittenBytes:0
LastWriteThroughput:0
RealWrittenBytes:0
RealWriteThroughput:0
当前玩家的连接数量:0
当前地图的线程个数：9
当前地图的个数:47
当前数据库执行队列数:0
当前发送队列缓存的对象数量:0
totalMemory：934281216, use ：734037424, free ：200243792DirectMemory：1827143680, 恢复 ：1
当前时间 ：2026-08-19 00:54:54send keng：-1, sheng ：4194304
decode keng：-1, sheng ：2097152
world keng：3, sheng ：1048576

2026-08-19 00:54:59.682 INFO [pool-6-thread-2][:] - /****************流量统计******************/
LastReadBytes:0
LastReadThroughput:0
LastWrittenBytes:0
LastWriteThroughput:0
RealWrittenBytes:0
RealWriteThroughput:0
当前玩家的连接数量:0
当前地图的线程个数：9
当前地图的个数:47
当前数据库执行队列数:0
当前发送队列缓存的对象数量:0
totalMemory：934281216, use ：736725224, free ：197555992DirectMemory：1827143680, 恢复 ：1
当前时间 ：2026-08-19 00:54:59send keng：-1, sheng ：4194304
decode keng：-1, sheng ：2097152
world keng：3, sheng ：1048576

2026-08-19 00:55:04.682 INFO [pool-6-thread-8][:] - /****************流量统计******************/
LastReadBytes:0
LastReadThroughput:0
LastWrittenBytes:0
LastWriteThroughput:0
RealWrittenBytes:0
RealWriteThroughput:0
当前玩家的连接数量:0
当前地图的线程个数：9
当前地图的个数:47
当前数据库执行队列数:0
当前发送队列缓存的对象数量:0
totalMemory：934281216, use ：740520472, free ：193760744DirectMemory：1827143680, 恢复 ：1
当前时间 ：2026-08-19 00:55:04send keng：-1, sheng ：4194304
decode keng：-1, sheng ：2097152
world keng：3, sheng ：1048576

2026-08-19 00:55:09.683 INFO [pool-6-thread-8][:] - /****************流量统计******************/
LastReadBytes:0
LastReadThroughput:0
LastWrittenBytes:0
LastWriteThroughput:0
RealWrittenBytes:0
RealWriteThroughput:0
当前玩家的连接数量:0
当前地图的线程个数：9
当前地图的个数:47
当前数据库执行队列数:0
当前发送队列缓存的对象数量:0
totalMemory：934281216, use ：742111024, free ：192170192DirectMemory：1827143680, 恢复 ：1
当前时间 ：2026-08-19 00:55:09send keng：-1, sheng ：4194304
decode keng：-1, sheng ：2097152
world keng：3, sheng ：1048576

2026-08-19 00:55:14.682 INFO [pool-6-thread-2][:] - /****************流量统计******************/
LastReadBytes:0
LastReadThroughput:0
LastWrittenBytes:0
LastWriteThroughput:0
RealWrittenBytes:0
RealWriteThroughput:0
当前玩家的连接数量:0
当前地图的线程个数：9
当前地图的个数:47
当前数据库执行队列数:0
当前发送队列缓存的对象数量:0
totalMemory：934281216, use ：746429728, free ：187851488DirectMemory：1827143680, 恢复 ：1
当前时间 ：2026-08-19 00:55:14send keng：-1, sheng ：4194304
decode keng：-1, sheng ：2097152
world keng：3, sheng ：1048576

2026-08-19 00:55:19.682 INFO [pool-6-thread-8][:] - /****************流量统计******************/
LastReadBytes:0
LastReadThroughput:0
LastWrittenBytes:0
LastWriteThroughput:0
RealWrittenBytes:0
RealWriteThroughput:0
当前玩家的连接数量:0
当前地图的线程个数：9
当前地图的个数:47
当前数据库执行队列数:0
当前发送队列缓存的对象数量:0
totalMemory：934281216, use ：748159344, free ：186121872DirectMemory：1827143680, 恢复 ：1
当前时间 ：2026-08-19 00:55:19send keng：-1, sheng ：4194304
decode keng：-1, sheng ：2097152
world keng：3, sheng ：1048576

2026-08-19 00:55:24.682 INFO [pool-6-thread-1][:] - /****************流量统计******************/
LastReadBytes:0
LastReadThroughput:0
LastWrittenBytes:0
LastWriteThroughput:0
RealWrittenBytes:0
RealWriteThroughput:0
当前玩家的连接数量:0
当前地图的线程个数：9
当前地图的个数:47
当前数据库执行队列数:0
当前发送队列缓存的对象数量:0
totalMemory：934281216, use ：752397536, free ：181883680DirectMemory：1827143680, 恢复 ：1
当前时间 ：2026-08-19 00:55:24send keng：-1, sheng ：4194304
decode keng：-1, sheng ：2097152
world keng：3, sheng ：1048576

2026-08-19 00:55:29.682 INFO [pool-6-thread-5][:] - /****************流量统计******************/
LastReadBytes:0
LastReadThroughput:0
LastWrittenBytes:0
LastWriteThroughput:0
RealWrittenBytes:0
RealWriteThroughput:0
当前玩家的连接数量:0
当前地图的线程个数：9
当前地图的个数:47
当前数据库执行队列数:0
当前发送队列缓存的对象数量:0
totalMemory：934281216, use ：755639112, free ：178642104DirectMemory：1827143680, 恢复 ：1
当前时间 ：2026-08-19 00:55:29send keng：-1, sheng ：4194304
decode keng：-1, sheng ：2097152
world keng：3, sheng ：1048576

2026-08-19 00:55:34.682 INFO [pool-6-thread-2][:] - /****************流量统计******************/
LastReadBytes:0
LastReadThroughput:0
LastWrittenBytes:0
LastWriteThroughput:0
RealWrittenBytes:0
RealWriteThroughput:0
当前玩家的连接数量:0
当前地图的线程个数：9
当前地图的个数:47
当前数据库执行队列数:0
当前发送队列缓存的对象数量:0
totalMemory：934281216, use ：758337032, free ：175944184DirectMemory：1827143680, 恢复 ：1
当前时间 ：2026-08-19 00:55:34send keng：-1, sheng ：4194304
decode keng：-1, sheng ：2097152
world keng：3, sheng ：1048576

2026-08-19 00:55:39.682 INFO [pool-6-thread-7][:] - /****************流量统计******************/
LastReadBytes:0
LastReadThroughput:0
LastWrittenBytes:0
LastWriteThroughput:0
RealWrittenBytes:0
RealWriteThroughput:0
当前玩家的连接数量:0
当前地图的线程个数：9
当前地图的个数:47
当前数据库执行队列数:0
当前发送队列缓存的对象数量:0
totalMemory：934281216, use ：761951112, free ：172330104DirectMemory：1827143680, 恢复 ：1
当前时间 ：2026-08-19 00:55:39send keng：-1, sheng ：4194304
decode keng：-1, sheng ：2097152
world keng：3, sheng ：1048576

2026-08-19 00:55:44.682 INFO [pool-6-thread-3][:] - /****************流量统计******************/
LastReadBytes:0
LastReadThroughput:0
LastWrittenBytes:0
LastWriteThroughput:0
RealWrittenBytes:0
RealWriteThroughput:0
当前玩家的连接数量:0
当前地图的线程个数：9
当前地图的个数:47
当前数据库执行队列数:0
当前发送队列缓存的对象数量:0
totalMemory：934281216, use ：765891568, free ：168389648DirectMemory：1827143680, 恢复 ：1
当前时间 ：2026-08-19 00:55:44send keng：-1, sheng ：4194304
decode keng：-1, sheng ：2097152
world keng：3, sheng ：1048576

2026-08-19 00:55:49.683 INFO [pool-6-thread-1][:] - /****************流量统计******************/
LastReadBytes:0
LastReadThroughput:0
LastWrittenBytes:0
LastWriteThroughput:0
RealWrittenBytes:0
RealWriteThroughput:0
当前玩家的连接数量:0
当前地图的线程个数：9
当前地图的个数:47
当前数据库执行队列数:0
当前发送队列缓存的对象数量:0
totalMemory：934281216, use ：768559272, free ：165721944DirectMemory：1827143680, 恢复 ：1
当前时间 ：2026-08-19 00:55:49send keng：-1, sheng ：4194304
decode keng：-1, sheng ：2097152
world keng：3, sheng ：1048576

2026-08-19 00:55:54.683 INFO [pool-6-thread-10][:] - /****************流量统计******************/
LastReadBytes:0
LastReadThroughput:0
LastWrittenBytes:0
LastWriteThroughput:0
RealWrittenBytes:0
RealWriteThroughput:0
当前玩家的连接数量:0
当前地图的线程个数：9
当前地图的个数:47
当前数据库执行队列数:0
当前发送队列缓存的对象数量:0
totalMemory：934281216, use ：772344456, free ：161936760DirectMemory：1827143680, 恢复 ：1
当前时间 ：2026-08-19 00:55:54send keng：-1, sheng ：4194304
decode keng：-1, sheng ：2097152
world keng：3, sheng ：1048576

2026-08-19 00:55:59.682 INFO [pool-6-thread-8][:] - /****************流量统计******************/
LastReadBytes:0
LastReadThroughput:0
LastWrittenBytes:0
LastWriteThroughput:0
RealWrittenBytes:0
RealWriteThroughput:0
当前玩家的连接数量:0
当前地图的线程个数：9
当前地图的个数:47
当前数据库执行队列数:0
当前发送队列缓存的对象数量:0
totalMemory：934281216, use ：773965248, free ：160315968DirectMemory：1827143680, 恢复 ：1
当前时间 ：2026-08-19 00:55:59send keng：-1, sheng ：4194304
decode keng：-1, sheng ：2097152
world keng：3, sheng ：1048576

2026-08-19 00:56:04.682 INFO [pool-6-thread-4][:] - /****************流量统计******************/
LastReadBytes:0
LastReadThroughput:0
LastWrittenBytes:0
LastWriteThroughput:0
RealWrittenBytes:0
RealWriteThroughput:0
当前玩家的连接数量:0
当前地图的线程个数：9
当前地图的个数:47
当前数据库执行队列数:0
当前发送队列缓存的对象数量:0
totalMemory：934281216, use ：776664064, free ：157617152DirectMemory：1827143680, 恢复 ：1
当前时间 ：2026-08-19 00:56:04send keng：-1, sheng ：4194304
decode keng：-1, sheng ：2097152
world keng：3, sheng ：1048576

2026-08-19 00:56:09.682 INFO [pool-6-thread-8][:] - /****************流量统计******************/
LastReadBytes:0
LastReadThroughput:0
LastWrittenBytes:0
LastWriteThroughput:0
RealWrittenBytes:0
RealWriteThroughput:0
当前玩家的连接数量:0
当前地图的线程个数：9
当前地图的个数:47
当前数据库执行队列数:0
当前发送队列缓存的对象数量:0
totalMemory：934281216, use ：779362016, free ：154919200DirectMemory：1827143680, 恢复 ：1
当前时间 ：2026-08-19 00:56:09send keng：-1, sheng ：4194304
decode keng：-1, sheng ：2097152
world keng：3, sheng ：1048576

2026-08-19 00:56:14.685 INFO [pool-6-thread-5][:] - /****************流量统计******************/
LastReadBytes:0
LastReadThroughput:0
LastWrittenBytes:0
LastWriteThroughput:0
RealWrittenBytes:0
RealWriteThroughput:0
当前玩家的连接数量:0
当前地图的线程个数：9
当前地图的个数:47
当前数据库执行队列数:0
当前发送队列缓存的对象数量:0
totalMemory：934281216, use ：783147160, free ：151134056DirectMemory：1827143680, 恢复 ：1
当前时间 ：2026-08-19 00:56:14send keng：-1, sheng ：4194304
decode keng：-1, sheng ：2097152
world keng：3, sheng ：1048576

2026-08-19 00:56:19.682 INFO [pool-6-thread-9][:] - /****************流量统计******************/
LastReadBytes:0
LastReadThroughput:0
LastWrittenBytes:0
LastWriteThroughput:0
RealWrittenBytes:0
RealWriteThroughput:0
当前玩家的连接数量:0
当前地图的线程个数：9
当前地图的个数:47
当前数据库执行队列数:0
当前发送队列缓存的对象数量:0
totalMemory：934281216, use ：785400224, free ：148880992DirectMemory：1827143680, 恢复 ：1
当前时间 ：2026-08-19 00:56:19send keng：-1, sheng ：4194304
decode keng：-1, sheng ：2097152
world keng：3, sheng ：1048576

2026-08-19 00:56:24.682 INFO [pool-6-thread-9][:] - /****************流量统计******************/
LastReadBytes:0
LastReadThroughput:0
LastWrittenBytes:0
LastWriteThroughput:0
RealWrittenBytes:0
RealWriteThroughput:0
当前玩家的连接数量:0
当前地图的线程个数：9
当前地图的个数:47
当前数据库执行队列数:0
当前发送队列缓存的对象数量:0
totalMemory：934281216, use ：787554528, free ：146726688DirectMemory：1827143680, 恢复 ：1
当前时间 ：2026-08-19 00:56:24send keng：-1, sheng ：4194304
decode keng：-1, sheng ：2097152
world keng：3, sheng ：1048576

2026-08-19 00:56:29.682 INFO [pool-6-thread-7][:] - /****************流量统计******************/
LastReadBytes:0
LastReadThroughput:0
LastWrittenBytes:0
LastWriteThroughput:0
RealWrittenBytes:0
RealWriteThroughput:0
当前玩家的连接数量:0
当前地图的线程个数：9
当前地图的个数:47
当前数据库执行队列数:0
当前发送队列缓存的对象数量:0
totalMemory：934281216, use ：792386696, free ：141894520DirectMemory：1827143680, 恢复 ：1
当前时间 ：2026-08-19 00:56:29send keng：-1, sheng ：4194304
decode keng：-1, sheng ：2097152
world keng：3, sheng ：1048576

2026-08-19 00:56:34.682 INFO [pool-6-thread-10][:] - /****************流量统计******************/
LastReadBytes:0
LastReadThroughput:0
LastWrittenBytes:0
LastWriteThroughput:0
RealWrittenBytes:0
RealWriteThroughput:0
当前玩家的连接数量:0
当前地图的线程个数：9
当前地图的个数:47
当前数据库执行队列数:0
当前发送队列缓存的对象数量:0
totalMemory：934281216, use ：794541000, free ：139740216DirectMemory：1827143680, 恢复 ：1
当前时间 ：2026-08-19 00:56:34send keng：-1, sheng ：4194304
decode keng：-1, sheng ：2097152
world keng：3, sheng ：1048576

2026-08-19 00:56:39.682 INFO [pool-6-thread-7][:] - /****************流量统计******************/
LastReadBytes:0
LastReadThroughput:0
LastWrittenBytes:0
LastWriteThroughput:0
RealWrittenBytes:0
RealWriteThroughput:0
当前玩家的连接数量:0
当前地图的线程个数：9
当前地图的个数:47
当前数据库执行队列数:0
当前发送队列缓存的对象数量:0
totalMemory：961544192, use ：450568440, free ：510975752DirectMemory：1827143680, 恢复 ：1
当前时间 ：2026-08-19 00:56:39send keng：-1, sheng ：4194304
decode keng：-1, sheng ：2097152
world keng：3, sheng ：1048576

2026-08-19 00:56:44.682 INFO [pool-6-thread-5][:] - /****************流量统计******************/
LastReadBytes:0
LastReadThroughput:0
LastWrittenBytes:0
LastWriteThroughput:0
RealWrittenBytes:0
RealWriteThroughput:0
当前玩家的连接数量:0
当前地图的线程个数：9
当前地图的个数:47
当前数据库执行队列数:0
当前发送队列缓存的对象数量:0
totalMemory：961544192, use ：452853312, free ：508690880DirectMemory：1827143680, 恢复 ：1
当前时间 ：2026-08-19 00:56:44send keng：-1, sheng ：4194304
decode keng：-1, sheng ：2097152
world keng：3, sheng ：1048576

2026-08-19 00:56:49.682 INFO [pool-6-thread-5][:] - /****************流量统计******************/
LastReadBytes:0
LastReadThroughput:0
LastWrittenBytes:0
LastWriteThroughput:0
RealWrittenBytes:0
RealWriteThroughput:0
当前玩家的连接数量:0
当前地图的线程个数：9
当前地图的个数:47
当前数据库执行队列数:0
当前发送队列缓存的对象数量:0
totalMemory：961544192, use ：456977800, free ：504566392DirectMemory：1827143680, 恢复 ：1
当前时间 ：2026-08-19 00:56:49send keng：-1, sheng ：4194304
decode keng：-1, sheng ：2097152
world keng：3, sheng ：1048576

2026-08-19 00:56:54.683 INFO [pool-6-thread-7][:] - /****************流量统计******************/
LastReadBytes:0
LastReadThroughput:0
LastWrittenBytes:0
LastWriteThroughput:0
RealWrittenBytes:0
RealWriteThroughput:0
当前玩家的连接数量:0
当前地图的线程个数：9
当前地图的个数:47
当前数据库执行队列数:0
当前发送队列缓存的对象数量:0
totalMemory：961544192, use ：458030264, free ：503513928DirectMemory：1827143680, 恢复 ：1
当前时间 ：2026-08-19 00:56:54send keng：-1, sheng ：4194304
decode keng：-1, sheng ：2097152
world keng：3, sheng ：1048576

2026-08-19 00:56:59.682 INFO [pool-6-thread-3][:] - /****************流量统计******************/
LastReadBytes:0
LastReadThroughput:0
LastWrittenBytes:0
LastWriteThroughput:0
RealWrittenBytes:0
RealWriteThroughput:0
当前玩家的连接数量:0
当前地图的线程个数：9
当前地图的个数:47
当前数据库执行队列数:0
当前发送队列缓存的对象数量:0
totalMemory：961544192, use ：460698672, free ：500845520DirectMemory：1827143680, 恢复 ：1
当前时间 ：2026-08-19 00:56:59send keng：-1, sheng ：4194304
decode keng：-1, sheng ：2097152
world keng：3, sheng ：1048576

2026-08-19 00:57:04.684 INFO [pool-6-thread-10][:] - /****************流量统计******************/
LastReadBytes:0
LastReadThroughput:0
LastWrittenBytes:0
LastWriteThroughput:0
RealWrittenBytes:0
RealWriteThroughput:0
当前玩家的连接数量:0
当前地图的线程个数：9
当前地图的个数:47
当前数据库执行队列数:0
当前发送队列缓存的对象数量:0
totalMemory：961544192, use ：464675168, free ：496869024DirectMemory：1827143680, 恢复 ：1
当前时间 ：2026-08-19 00:57:04send keng：-1, sheng ：4194304
decode keng：-1, sheng ：2097152
world keng：3, sheng ：1048576

2026-08-19 00:57:09.682 INFO [pool-6-thread-3][:] - /****************流量统计******************/
LastReadBytes:0
LastReadThroughput:0
LastWrittenBytes:0
LastWriteThroughput:0
RealWrittenBytes:0
RealWriteThroughput:0
当前玩家的连接数量:0
当前地图的线程个数：9
当前地图的个数:47
当前数据库执行队列数:0
当前发送队列缓存的对象数量:0
totalMemory：961544192, use ：467225616, free ：494318576DirectMemory：1827143680, 恢复 ：1
当前时间 ：2026-08-19 00:57:09send keng：-1, sheng ：4194304
decode keng：-1, sheng ：2097152
world keng：3, sheng ：1048576

2026-08-19 00:57:14.682 INFO [pool-6-thread-1][:] - /****************流量统计******************/
LastReadBytes:0
LastReadThroughput:0
LastWrittenBytes:0
LastWriteThroughput:0
RealWrittenBytes:0
RealWriteThroughput:0
当前玩家的连接数量:0
当前地图的线程个数：9
当前地图的个数:47
当前数据库执行队列数:0
当前发送队列缓存的对象数量:0
totalMemory：961544192, use ：471229752, free ：490314440DirectMemory：1827143680, 恢复 ：1
当前时间 ：2026-08-19 00:57:14send keng：-1, sheng ：4194304
decode keng：-1, sheng ：2097152
world keng：3, sheng ：1048576

2026-08-19 00:57:19.682 INFO [pool-6-thread-9][:] - /****************流量统计******************/
LastReadBytes:0
LastReadThroughput:0
LastWrittenBytes:0
LastWriteThroughput:0
RealWrittenBytes:0
RealWriteThroughput:0
当前玩家的连接数量:0
当前地图的线程个数：9
当前地图的个数:47
当前数据库执行队列数:0
当前发送队列缓存的对象数量:0
totalMemory：961544192, use ：473536736, free ：488007456DirectMemory：1827143680, 恢复 ：1
当前时间 ：2026-08-19 00:57:19send keng：-1, sheng ：4194304
decode keng：-1, sheng ：2097152
world keng：3, sheng ：1048576

2026-08-19 00:57:24.682 INFO [pool-6-thread-5][:] - /****************流量统计******************/
LastReadBytes:0
LastReadThroughput:0
LastWrittenBytes:0
LastWriteThroughput:0
RealWrittenBytes:0
RealWriteThroughput:0
当前玩家的连接数量:0
当前地图的线程个数：9
当前地图的个数:47
当前数据库执行队列数:0
当前发送队列缓存的对象数量:0
totalMemory：961544192, use ：477728632, free ：483815560DirectMemory：1827143680, 恢复 ：1
当前时间 ：2026-08-19 00:57:24send keng：-1, sheng ：4194304
decode keng：-1, sheng ：2097152
world keng：3, sheng ：1048576

2026-08-19 00:57:29.682 INFO [pool-6-thread-4][:] - /****************流量统计******************/
LastReadBytes:0
LastReadThroughput:0
LastWrittenBytes:0
LastWriteThroughput:0
RealWrittenBytes:0
RealWriteThroughput:0
当前玩家的连接数量:0
当前地图的线程个数：9
当前地图的个数:47
当前数据库执行队列数:0
当前发送队列缓存的对象数量:0
totalMemory：961544192, use ：479323176, free ：482221016DirectMemory：1827143680, 恢复 ：1
当前时间 ：2026-08-19 00:57:29send keng：-1, sheng ：4194304
decode keng：-1, sheng ：2097152
world keng：3, sheng ：1048576

2026-08-19 00:57:34.687 INFO [pool-6-thread-3][:] - /****************流量统计******************/
LastReadBytes:0
LastReadThroughput:0
LastWrittenBytes:0
LastWriteThroughput:0
RealWrittenBytes:0
RealWriteThroughput:0
当前玩家的连接数量:0
当前地图的线程个数：9
当前地图的个数:47
当前数据库执行队列数:0
当前发送队列缓存的对象数量:0
totalMemory：961544192, use ：486048704, free ：475495488DirectMemory：1827143680, 恢复 ：1
当前时间 ：2026-08-19 00:57:34send keng：-1, sheng ：4194304
decode keng：-1, sheng ：2097152
world keng：3, sheng ：1048576

2026-08-19 00:57:39.682 INFO [pool-6-thread-7][:] - /****************流量统计******************/
LastReadBytes:0
LastReadThroughput:0
LastWrittenBytes:0
LastWriteThroughput:0
RealWrittenBytes:0
RealWriteThroughput:0
当前玩家的连接数量:0
当前地图的线程个数：9
当前地图的个数:47
当前数据库执行队列数:0
当前发送队列缓存的对象数量:0
totalMemory：961544192, use ：488047280, free ：473496912DirectMemory：1827143680, 恢复 ：1
当前时间 ：2026-08-19 00:57:39send keng：-1, sheng ：4194304
decode keng：-1, sheng ：2097152
world keng：3, sheng ：1048576

2026-08-19 00:57:44.684 INFO [pool-6-thread-9][:] - /****************流量统计******************/
LastReadBytes:0
LastReadThroughput:0
LastWrittenBytes:0
LastWriteThroughput:0
RealWrittenBytes:0
RealWriteThroughput:0
当前玩家的连接数量:0
当前地图的线程个数：9
当前地图的个数:47
当前数据库执行队列数:0
当前发送队列缓存的对象数量:0
totalMemory：961544192, use ：490061968, free ：471482224DirectMemory：1827143680, 恢复 ：1
当前时间 ：2026-08-19 00:57:44send keng：-1, sheng ：4194304
decode keng：-1, sheng ：2097152
world keng：3, sheng ：1048576

2026-08-19 00:57:49.682 INFO [pool-6-thread-1][:] - /****************流量统计******************/
LastReadBytes:0
LastReadThroughput:0
LastWrittenBytes:0
LastWriteThroughput:0
RealWrittenBytes:0
RealWriteThroughput:0
当前玩家的连接数量:0
当前地图的线程个数：9
当前地图的个数:47
当前数据库执行队列数:0
当前发送队列缓存的对象数量:0
totalMemory：961544192, use ：494082560, free ：467461632DirectMemory：1827143680, 恢复 ：1
当前时间 ：2026-08-19 00:57:49send keng：-1, sheng ：4194304
decode keng：-1, sheng ：2097152
world keng：3, sheng ：1048576

2026-08-19 00:57:54.682 INFO [pool-6-thread-9][:] - /****************流量统计******************/
LastReadBytes:0
LastReadThroughput:0
LastWrittenBytes:0
LastWriteThroughput:0
RealWrittenBytes:0
RealWriteThroughput:0
当前玩家的连接数量:0
当前地图的线程个数：9
当前地图的个数:47
当前数据库执行队列数:0
当前发送队列缓存的对象数量:0
totalMemory：961544192, use ：496892264, free ：464651928DirectMemory：1827143680, 恢复 ：1
当前时间 ：2026-08-19 00:57:54send keng：-1, sheng ：4194304
decode keng：-1, sheng ：2097152
world keng：3, sheng ：1048576

2026-08-19 00:57:59.682 INFO [pool-6-thread-4][:] - /****************流量统计******************/
LastReadBytes:0
LastReadThroughput:0
LastWrittenBytes:0
LastWriteThroughput:0
RealWrittenBytes:0
RealWriteThroughput:0
当前玩家的连接数量:0
当前地图的线程个数：9
当前地图的个数:47
当前数据库执行队列数:0
当前发送队列缓存的对象数量:0
totalMemory：961544192, use ：499557448, free ：461986744DirectMemory：1827143680, 恢复 ：1
当前时间 ：2026-08-19 00:57:59send keng：-1, sheng ：4194304
decode keng：-1, sheng ：2097152
world keng：3, sheng ：1048576

2026-08-19 00:58:04.682 INFO [pool-6-thread-10][:] - /****************流量统计******************/
LastReadBytes:0
LastReadThroughput:0
LastWrittenBytes:0
LastWriteThroughput:0
RealWrittenBytes:0
RealWriteThroughput:0
当前玩家的连接数量:0
当前地图的线程个数：9
当前地图的个数:47
当前数据库执行队列数:0
当前发送队列缓存的对象数量:0
totalMemory：961544192, use ：503120824, free ：458423368DirectMemory：1827143680, 恢复 ：1
当前时间 ：2026-08-19 00:58:04send keng：-1, sheng ：4194304
decode keng：-1, sheng ：2097152
world keng：3, sheng ：1048576

2026-08-19 00:58:09.682 INFO [pool-6-thread-5][:] - /****************流量统计******************/
LastReadBytes:0
LastReadThroughput:0
LastWrittenBytes:0
LastWriteThroughput:0
RealWrittenBytes:0
RealWriteThroughput:0
当前玩家的连接数量:0
当前地图的线程个数：9
当前地图的个数:47
当前数据库执行队列数:0
当前发送队列缓存的对象数量:0
totalMemory：961544192, use ：507252448, free ：454291744DirectMemory：1827143680, 恢复 ：1
当前时间 ：2026-08-19 00:58:09send keng：-1, sheng ：4194304
decode keng：-1, sheng ：2097152
world keng：3, sheng ：1048576

2026-08-19 00:58:14.682 INFO [pool-6-thread-9][:] - /****************流量统计******************/
LastReadBytes:0
LastReadThroughput:0
LastWrittenBytes:0
LastWriteThroughput:0
RealWrittenBytes:0
RealWriteThroughput:0
当前玩家的连接数量:0
当前地图的线程个数：9
当前地图的个数:47
当前数据库执行队列数:0
当前发送队列缓存的对象数量:0
totalMemory：961544192, use ：510756488, free ：450787704DirectMemory：1827143680, 恢复 ：1
当前时间 ：2026-08-19 00:58:14send keng：-1, sheng ：4194304
decode keng：-1, sheng ：2097152
world keng：3, sheng ：1048576

2026-08-19 00:58:19.682 INFO [pool-6-thread-3][:] - /****************流量统计******************/
LastReadBytes:0
LastReadThroughput:0
LastWrittenBytes:0
LastWriteThroughput:0
RealWrittenBytes:0
RealWriteThroughput:0
当前玩家的连接数量:0
当前地图的线程个数：9
当前地图的个数:47
当前数据库执行队列数:0
当前发送队列缓存的对象数量:0
totalMemory：961544192, use ：512960952, free ：448583240DirectMemory：1827143680, 恢复 ：1
当前时间 ：2026-08-19 00:58:19send keng：-1, sheng ：4194304
decode keng：-1, sheng ：2097152
world keng：3, sheng ：1048576

2026-08-19 00:58:24.682 INFO [pool-6-thread-1][:] - /****************流量统计******************/
LastReadBytes:0
LastReadThroughput:0
LastWrittenBytes:0
LastWriteThroughput:0
RealWrittenBytes:0
RealWriteThroughput:0
当前玩家的连接数量:0
当前地图的线程个数：9
当前地图的个数:47
当前数据库执行队列数:0
当前发送队列缓存的对象数量:0
totalMemory：961544192, use ：514968120, free ：446576072DirectMemory：1827143680, 恢复 ：1
当前时间 ：2026-08-19 00:58:24send keng：-1, sheng ：4194304
decode keng：-1, sheng ：2097152
world keng：3, sheng ：1048576

2026-08-19 00:58:29.682 INFO [pool-6-thread-4][:] - /****************流量统计******************/
LastReadBytes:0
LastReadThroughput:0
LastWrittenBytes:0
LastWriteThroughput:0
RealWrittenBytes:0
RealWriteThroughput:0
当前玩家的连接数量:0
当前地图的线程个数：9
当前地图的个数:47
当前数据库执行队列数:0
当前发送队列缓存的对象数量:0
totalMemory：961544192, use ：519667824, free ：441876368DirectMemory：1827143680, 恢复 ：1
当前时间 ：2026-08-19 00:58:29send keng：-1, sheng ：4194304
decode keng：-1, sheng ：2097152
world keng：3, sheng ：1048576

2026-08-19 00:58:34.682 INFO [pool-6-thread-6][:] - /****************流量统计******************/
LastReadBytes:0
LastReadThroughput:0
LastWrittenBytes:0
LastWriteThroughput:0
RealWrittenBytes:0
RealWriteThroughput:0
当前玩家的连接数量:0
当前地图的线程个数：9
当前地图的个数:47
当前数据库执行队列数:0
当前发送队列缓存的对象数量:0
totalMemory：961544192, use ：522722736, free ：438821456DirectMemory：1827143680, 恢复 ：1
当前时间 ：2026-08-19 00:58:34send keng：-1, sheng ：4194304
decode keng：-1, sheng ：2097152
world keng：3, sheng ：1048576

2026-08-19 00:58:39.682 INFO [pool-6-thread-2][:] - /****************流量统计******************/
LastReadBytes:0
LastReadThroughput:0
LastWrittenBytes:0
LastWriteThroughput:0
RealWrittenBytes:0
RealWriteThroughput:0
当前玩家的连接数量:0
当前地图的线程个数：9
当前地图的个数:47
当前数据库执行队列数:0
当前发送队列缓存的对象数量:0
totalMemory：961544192, use ：526889184, free ：434655008DirectMemory：1827143680, 恢复 ：1
当前时间 ：2026-08-19 00:58:39send keng：-1, sheng ：4194304
decode keng：-1, sheng ：2097152
world keng：3, sheng ：1048576

2026-08-19 00:58:44.682 INFO [pool-6-thread-6][:] - /****************流量统计******************/
LastReadBytes:0
LastReadThroughput:0
LastWrittenBytes:0
LastWriteThroughput:0
RealWrittenBytes:0
RealWriteThroughput:0
当前玩家的连接数量:0
当前地图的线程个数：9
当前地图的个数:47
当前数据库执行队列数:0
当前发送队列缓存的对象数量:0
totalMemory：961544192, use ：529011032, free ：432533160DirectMemory：1827143680, 恢复 ：1
当前时间 ：2026-08-19 00:58:44send keng：-1, sheng ：4194304
decode keng：-1, sheng ：2097152
world keng：3, sheng ：1048576

2026-08-19 00:58:49.682 INFO [pool-6-thread-7][:] - /****************流量统计******************/
LastReadBytes:0
LastReadThroughput:0
LastWrittenBytes:0
LastWriteThroughput:0
RealWrittenBytes:0
RealWriteThroughput:0
当前玩家的连接数量:0
当前地图的线程个数：9
当前地图的个数:47
当前数据库执行队列数:0
当前发送队列缓存的对象数量:0
totalMemory：961544192, use ：532617768, free ：428926424DirectMemory：1827143680, 恢复 ：1
当前时间 ：2026-08-19 00:58:49send keng：-1, sheng ：4194304
decode keng：-1, sheng ：2097152
world keng：3, sheng ：1048576

2026-08-19 00:58:54.682 INFO [pool-6-thread-9][:] - /****************流量统计******************/
LastReadBytes:0
LastReadThroughput:0
LastWrittenBytes:0
LastWriteThroughput:0
RealWrittenBytes:0
RealWriteThroughput:0
当前玩家的连接数量:0
当前地图的线程个数：9
当前地图的个数:47
当前数据库执行队列数:0
当前发送队列缓存的对象数量:0
totalMemory：961544192, use ：534081544, free ：427462648DirectMemory：1827143680, 恢复 ：1
当前时间 ：2026-08-19 00:58:54send keng：-1, sheng ：4194304
decode keng：-1, sheng ：2097152
world keng：3, sheng ：1048576

2026-08-19 00:58:59.682 INFO [pool-6-thread-9][:] - /****************流量统计******************/
LastReadBytes:0
LastReadThroughput:0
LastWrittenBytes:0
LastWriteThroughput:0
RealWrittenBytes:0
RealWriteThroughput:0
当前玩家的连接数量:0
当前地图的线程个数：9
当前地图的个数:47
当前数据库执行队列数:0
当前发送队列缓存的对象数量:0
totalMemory：961544192, use ：537725152, free ：423819040DirectMemory：1827143680, 恢复 ：1
当前时间 ：2026-08-19 00:58:59send keng：-1, sheng ：4194304
decode keng：-1, sheng ：2097152
world keng：3, sheng ：1048576

2026-08-19 00:59:04.683 INFO [pool-6-thread-8][:] - /****************流量统计******************/
LastReadBytes:0
LastReadThroughput:0
LastWrittenBytes:0
LastWriteThroughput:0
RealWrittenBytes:0
RealWriteThroughput:0
当前玩家的连接数量:0
当前地图的线程个数：9
当前地图的个数:47
当前数据库执行队列数:0
当前发送队列缓存的对象数量:0
totalMemory：961544192, use ：540937824, free ：420606368DirectMemory：1827143680, 恢复 ：1
当前时间 ：2026-08-19 00:59:04send keng：-1, sheng ：4194304
decode keng：-1, sheng ：2097152
world keng：3, sheng ：1048576

2026-08-19 00:59:09.682 INFO [pool-6-thread-7][:] - /****************流量统计******************/
LastReadBytes:0
LastReadThroughput:0
LastWrittenBytes:0
LastWriteThroughput:0
RealWrittenBytes:0
RealWriteThroughput:0
当前玩家的连接数量:0
当前地图的线程个数：9
当前地图的个数:47
当前数据库执行队列数:0
当前发送队列缓存的对象数量:0
totalMemory：961544192, use ：543604152, free ：417940040DirectMemory：1827143680, 恢复 ：1
当前时间 ：2026-08-19 00:59:09send keng：-1, sheng ：4194304
decode keng：-1, sheng ：2097152
world keng：3, sheng ：1048576

2026-08-19 00:59:14.682 INFO [pool-6-thread-9][:] - /****************流量统计******************/
LastReadBytes:0
LastReadThroughput:0
LastWrittenBytes:0
LastWriteThroughput:0
RealWrittenBytes:0
RealWriteThroughput:0
当前玩家的连接数量:0
当前地图的线程个数：9
当前地图的个数:47
当前数据库执行队列数:0
当前发送队列缓存的对象数量:0
totalMemory：961544192, use ：547536640, free ：414007552DirectMemory：1827143680, 恢复 ：1
当前时间 ：2026-08-19 00:59:14send keng：-1, sheng ：4194304
decode keng：-1, sheng ：2097152
world keng：3, sheng ：1048576

2026-08-19 00:59:19.682 INFO [pool-6-thread-10][:] - /****************流量统计******************/
LastReadBytes:0
LastReadThroughput:0
LastWrittenBytes:0
LastWriteThroughput:0
RealWrittenBytes:0
RealWriteThroughput:0
当前玩家的连接数量:0
当前地图的线程个数：9
当前地图的个数:47
当前数据库执行队列数:0
当前发送队列缓存的对象数量:0
totalMemory：961544192, use ：551104936, free ：410439256DirectMemory：1827143680, 恢复 ：1
当前时间 ：2026-08-19 00:59:19send keng：-1, sheng ：4194304
decode keng：-1, sheng ：2097152
world keng：3, sheng ：1048576

2026-08-19 00:59:24.682 INFO [pool-6-thread-7][:] - /****************流量统计******************/
LastReadBytes:0
LastReadThroughput:0
LastWrittenBytes:0
LastWriteThroughput:0
RealWrittenBytes:0
RealWriteThroughput:0
当前玩家的连接数量:0
当前地图的线程个数：9
当前地图的个数:47
当前数据库执行队列数:0
当前发送队列缓存的对象数量:0
totalMemory：961544192, use ：554174936, free ：407369256DirectMemory：1827143680, 恢复 ：1
当前时间 ：2026-08-19 00:59:24send keng：-1, sheng ：4194304
decode keng：-1, sheng ：2097152
world keng：3, sheng ：1048576

2026-08-19 00:59:29.682 INFO [pool-6-thread-5][:] - /****************流量统计******************/
LastReadBytes:0
LastReadThroughput:0
LastWrittenBytes:0
LastWriteThroughput:0
RealWrittenBytes:0
RealWriteThroughput:0
当前玩家的连接数量:0
当前地图的线程个数：9
当前地图的个数:47
当前数据库执行队列数:0
当前发送队列缓存的对象数量:0
totalMemory：961544192, use ：558714984, free ：402829208DirectMemory：1827143680, 恢复 ：1
当前时间 ：2026-08-19 00:59:29send keng：-1, sheng ：4194304
decode keng：-1, sheng ：2097152
world keng：3, sheng ：1048576

2026-08-19 00:59:34.682 INFO [pool-6-thread-10][:] - /****************流量统计******************/
LastReadBytes:0
LastReadThroughput:0
LastWrittenBytes:0
LastWriteThroughput:0
RealWrittenBytes:0
RealWriteThroughput:0
当前玩家的连接数量:0
当前地图的线程个数：9
当前地图的个数:47
当前数据库执行队列数:0
当前发送队列缓存的对象数量:0
totalMemory：961544192, use ：561260080, free ：400284112DirectMemory：1827143680, 恢复 ：1
当前时间 ：2026-08-19 00:59:34send keng：-1, sheng ：4194304
decode keng：-1, sheng ：2097152
world keng：3, sheng ：1048576

2026-08-19 00:59:39.682 INFO [pool-6-thread-3][:] - /****************流量统计******************/
LastReadBytes:0
LastReadThroughput:0
LastWrittenBytes:0
LastWriteThroughput:0
RealWrittenBytes:0
RealWriteThroughput:0
当前玩家的连接数量:0
当前地图的线程个数：9
当前地图的个数:47
当前数据库执行队列数:0
当前发送队列缓存的对象数量:0
totalMemory：961544192, use ：565002944, free ：396541248DirectMemory：1827143680, 恢复 ：1
当前时间 ：2026-08-19 00:59:39send keng：-1, sheng ：4194304
decode keng：-1, sheng ：2097152
world keng：3, sheng ：1048576

2026-08-19 00:59:44.701 INFO [pool-6-thread-5][:] - /****************流量统计******************/
LastReadBytes:0
LastReadThroughput:0
LastWrittenBytes:0
LastWriteThroughput:0
RealWrittenBytes:0
RealWriteThroughput:0
当前玩家的连接数量:0
当前地图的线程个数：9
当前地图的个数:47
当前数据库执行队列数:0
当前发送队列缓存的对象数量:0
totalMemory：961544192, use ：567039200, free ：394504992DirectMemory：1827143680, 恢复 ：1
当前时间 ：2026-08-19 00:59:44send keng：-1, sheng ：4194304
decode keng：-1, sheng ：2097152
world keng：3, sheng ：1048576

2026-08-19 00:59:49.682 INFO [pool-6-thread-8][:] - /****************流量统计******************/
LastReadBytes:0
LastReadThroughput:0
LastWrittenBytes:0
LastWriteThroughput:0
RealWrittenBytes:0
RealWriteThroughput:0
当前玩家的连接数量:0
当前地图的线程个数：9
当前地图的个数:47
当前数据库执行队列数:0
当前发送队列缓存的对象数量:0
totalMemory：961544192, use ：569151376, free ：392392816DirectMemory：1827143680, 恢复 ：1
当前时间 ：2026-08-19 00:59:49send keng：-1, sheng ：4194304
decode keng：-1, sheng ：2097152
world keng：3, sheng ：1048576

2026-08-19 00:59:54.682 INFO [pool-6-thread-9][:] - /****************流量统计******************/
LastReadBytes:0
LastReadThroughput:0
LastWrittenBytes:0
LastWriteThroughput:0
RealWrittenBytes:0
RealWriteThroughput:0
当前玩家的连接数量:0
当前地图的线程个数：9
当前地图的个数:47
当前数据库执行队列数:0
当前发送队列缓存的对象数量:0
totalMemory：961544192, use ：573965984, free ：387578208DirectMemory：1827143680, 恢复 ：1
当前时间 ：2026-08-19 00:59:54send keng：-1, sheng ：4194304
decode keng：-1, sheng ：2097152
world keng：3, sheng ：1048576

2026-08-19 00:59:59.682 INFO [pool-6-thread-2][:] - /****************流量统计******************/
LastReadBytes:0
LastReadThroughput:0
LastWrittenBytes:0
LastWriteThroughput:0
RealWrittenBytes:0
RealWriteThroughput:0
当前玩家的连接数量:0
当前地图的线程个数：9
当前地图的个数:47
当前数据库执行队列数:0
当前发送队列缓存的对象数量:0
totalMemory：961544192, use ：575337336, free ：386206856DirectMemory：1827143680, 恢复 ：1
当前时间 ：2026-08-19 00:59:59send keng：-1, sheng ：4194304
decode keng：-1, sheng ：2097152
world keng：3, sheng ：1048576

