2026-08-18 10:10:57.966 ERROR [nioEventLoopGroup-5-3][HttpChannelImpl.java:109] - unknow getRequestPath: [/bad-request]
2026-08-18 10:10:57.967 INFO [nioEventLoopGroup-5-3][HttpChannelImpl.java:130] - back http result success!
2026-08-18 10:10:59.353 ERROR [nioEventLoopGroup-5-4][HttpChannelImpl.java:109] - unknow getRequestPath: [/robots.txt]
2026-08-18 10:10:59.354 INFO [nioEventLoopGroup-5-4][HttpChannelImpl.java:130] - back http result success!
2026-08-18 10:11:01.060 ERROR [nioEventLoopGroup-5-5][HttpChannelImpl.java:109] - unknow getRequestPath: [/favicon.ico]
2026-08-18 10:11:01.061 INFO [nioEventLoopGroup-5-5][HttpChannelImpl.java:130] - back http result success!
2026-08-18 10:11:09.930 ERROR [nioEventLoopGroup-5-6][HttpChannelImpl.java:109] - unknow getRequestPath: [/bad-request]
2026-08-18 10:11:09.931 INFO [nioEventLoopGroup-5-6][HttpChannelImpl.java:130] - back http result success!
2026-08-18 10:11:10.503 ERROR [nioEventLoopGroup-5-7][HttpChannelImpl.java:109] - unknow getRequestPath: [/g2y1jq5617y1ro]
2026-08-18 10:11:10.504 INFO [nioEventLoopGroup-5-7][HttpChannelImpl.java:130] - back http result success!
2026-08-18 10:11:11.403 ERROR [nioEventLoopGroup-5-8][HttpChannelImpl.java:109] - unknow getRequestPath: [/favicon.ico]
2026-08-18 10:11:11.403 INFO [nioEventLoopGroup-5-8][HttpChannelImpl.java:130] - back http result success!
2026-08-18 10:12:01.165 ERROR [nioEventLoopGroup-5-1][HttpChannelImpl.java:109] - unknow getRequestPath: [/bad-request]
2026-08-18 10:12:01.166 INFO [nioEventLoopGroup-5-1][HttpChannelImpl.java:130] - back http result success!
2026-08-18 10:12:05.009 ERROR [nioEventLoopGroup-5-2][HttpChannelImpl.java:109] - unknow getRequestPath: [/]
2026-08-18 10:12:05.012 INFO [nioEventLoopGroup-5-2][HttpChannelImpl.java:130] - back http result success!
2026-08-18 10:12:07.070 ERROR [nioEventLoopGroup-5-3][HttpChannelImpl.java:109] - unknow getRequestPath: [*]
2026-08-18 10:12:07.071 INFO [nioEventLoopGroup-5-3][HttpChannelImpl.java:130] - back http result success!
2026-08-18 10:12:07.072 ERROR [nioEventLoopGroup-5-3][HttpChannelImpl.java:109] - unknow getRequestPath: [/bad-request]
2026-08-18 10:12:07.073 INFO [nioEventLoopGroup-5-3][HttpChannelImpl.java:130] - back http result success!
2026-08-18 10:12:10.139 ERROR [nioEventLoopGroup-5-4][HttpChannelImpl.java:109] - unknow getRequestPath: [/favicon.ico]
2026-08-18 10:12:10.140 INFO [nioEventLoopGroup-5-4][HttpChannelImpl.java:130] - back http result success!
2026-08-18 10:14:08.474 ERROR [nioEventLoopGroup-5-5][HttpChannelImpl.java:109] - unknow getRequestPath: [/bad-request]
2026-08-18 10:14:08.475 INFO [nioEventLoopGroup-5-5][HttpChannelImpl.java:130] - back http result success!
2026-08-18 10:14:10.902 ERROR [nioEventLoopGroup-5-6][HttpChannelImpl.java:109] - unknow getRequestPath: [/robots.txt]
2026-08-18 10:14:10.903 INFO [nioEventLoopGroup-5-6][HttpChannelImpl.java:130] - back http result success!
2026-08-18 10:14:13.875 ERROR [nioEventLoopGroup-5-7][HttpChannelImpl.java:109] - unknow getRequestPath: [/favicon.ico]
2026-08-18 10:14:13.876 INFO [nioEventLoopGroup-5-7][HttpChannelImpl.java:130] - back http result success!
2026-08-18 10:14:16.154 ERROR [nioEventLoopGroup-5-8][HttpChannelImpl.java:109] - unknow getRequestPath: [/bad-request]
2026-08-18 10:14:16.155 INFO [nioEventLoopGroup-5-8][HttpChannelImpl.java:130] - back http result success!
2026-08-18 10:14:18.333 ERROR [nioEventLoopGroup-5-1][HttpChannelImpl.java:109] - unknow getRequestPath: [/oko31npz4f2gyaho04]
2026-08-18 10:14:18.334 INFO [nioEventLoopGroup-5-1][HttpChannelImpl.java:130] - back http result success!
2026-08-18 10:14:25.395 ERROR [nioEventLoopGroup-5-2][HttpChannelImpl.java:109] - unknow getRequestPath: [/favicon.ico]
2026-08-18 10:14:25.397 INFO [nioEventLoopGroup-5-2][HttpChannelImpl.java:130] - back http result success!
2026-08-18 10:33:23.151 ERROR [nioEventLoopGroup-3-5][ClientHandlerAdapter.java:68] - /109.205.211.94:62538 Удалённое соединение закрыто ClientHandlerAdapter!
2026-08-18 10:33:33.143 INFO [nioEventLoopGroup-3-5][ClientHandlerAdapter.java:58] - /109.205.211.94:62538 Соединение закрыто!
