2026-08-16 10:49:42.349 ERROR [nioEventLoopGroup-5-6][HttpChannelImpl.java:109] - unknow getRequestPath: [/]
2026-08-16 10:49:42.349 INFO [nioEventLoopGroup-5-6][HttpChannelImpl.java:130] - back http result success!
2026-08-16 10:49:46.321 ERROR [nioEventLoopGroup-5-7][HttpChannelImpl.java:109] - unknow getRequestPath: [/bad-request]
2026-08-16 10:49:46.323 INFO [nioEventLoopGroup-5-7][HttpChannelImpl.java:130] - back http result success!
2026-08-16 10:49:46.914 ERROR [nioEventLoopGroup-5-8][HttpChannelImpl.java:109] - unknow getRequestPath: [/]
2026-08-16 10:49:46.915 INFO [nioEventLoopGroup-5-8][HttpChannelImpl.java:130] - back http result success!
2026-08-16 10:49:47.484 ERROR [nioEventLoopGroup-5-1][HttpChannelImpl.java:109] - unknow getRequestPath: [*]
2026-08-16 10:49:47.485 INFO [nioEventLoopGroup-5-1][HttpChannelImpl.java:130] - back http result success!
2026-08-16 10:49:47.486 ERROR [nioEventLoopGroup-5-1][HttpChannelImpl.java:109] - unknow getRequestPath: [/bad-request]
2026-08-16 10:49:47.487 INFO [nioEventLoopGroup-5-1][HttpChannelImpl.java:130] - back http result success!
2026-08-16 10:49:48.135 ERROR [nioEventLoopGroup-5-2][HttpChannelImpl.java:109] - unknow getRequestPath: [/favicon.ico]
2026-08-16 10:49:48.136 INFO [nioEventLoopGroup-5-2][HttpChannelImpl.java:130] - back http result success!
2026-08-16 10:49:53.853 ERROR [nioEventLoopGroup-5-3][HttpChannelImpl.java:109] - unknow getRequestPath: [/bad-request]
2026-08-16 10:49:53.854 INFO [nioEventLoopGroup-5-3][HttpChannelImpl.java:130] - back http result success!
2026-08-16 10:49:54.976 ERROR [nioEventLoopGroup-5-4][HttpChannelImpl.java:109] - unknow getRequestPath: [/wiki]
2026-08-16 10:49:54.977 INFO [nioEventLoopGroup-5-4][HttpChannelImpl.java:130] - back http result success!
2026-08-16 10:49:56.382 ERROR [nioEventLoopGroup-5-5][HttpChannelImpl.java:109] - unknow getRequestPath: [/favicon.ico]
2026-08-16 10:49:56.382 INFO [nioEventLoopGroup-5-5][HttpChannelImpl.java:130] - back http result success!
2026-08-16 10:49:58.925 ERROR [nioEventLoopGroup-5-6][HttpChannelImpl.java:109] - unknow getRequestPath: [/bad-request]
2026-08-16 10:49:58.925 INFO [nioEventLoopGroup-5-6][HttpChannelImpl.java:130] - back http result success!
2026-08-16 10:50:09.304 ERROR [nioEventLoopGroup-5-7][HttpChannelImpl.java:109] - unknow getRequestPath: [/fhaxw0yew68x]
2026-08-16 10:50:09.305 INFO [nioEventLoopGroup-5-7][HttpChannelImpl.java:130] - back http result success!
2026-08-16 10:50:10.499 ERROR [nioEventLoopGroup-5-8][HttpChannelImpl.java:109] - unknow getRequestPath: [/favicon.ico]
2026-08-16 10:50:10.500 INFO [nioEventLoopGroup-5-8][HttpChannelImpl.java:130] - back http result success!
