2026-08-19 07:05:35.133 ERROR [nioEventLoopGroup-5-1][HttpChannelImpl.java:109] - unknow getRequestPath: [/bad-request]
2026-08-19 07:05:35.134 INFO [nioEventLoopGroup-5-1][HttpChannelImpl.java:130] - back http result success!
2026-08-19 07:05:38.985 ERROR [nioEventLoopGroup-5-2][HttpChannelImpl.java:109] - unknow getRequestPath: [/]
2026-08-19 07:05:38.986 INFO [nioEventLoopGroup-5-2][HttpChannelImpl.java:130] - back http result success!
2026-08-19 07:05:42.037 ERROR [nioEventLoopGroup-5-3][HttpChannelImpl.java:109] - unknow getRequestPath: [*]
2026-08-19 07:05:42.038 INFO [nioEventLoopGroup-5-3][HttpChannelImpl.java:130] - back http result success!
2026-08-19 07:05:42.039 ERROR [nioEventLoopGroup-5-3][HttpChannelImpl.java:109] - unknow getRequestPath: [/bad-request]
2026-08-19 07:05:42.039 INFO [nioEventLoopGroup-5-3][HttpChannelImpl.java:130] - back http result success!
2026-08-19 07:05:44.430 ERROR [nioEventLoopGroup-5-4][HttpChannelImpl.java:109] - unknow getRequestPath: [/favicon.ico]
2026-08-19 07:05:44.431 INFO [nioEventLoopGroup-5-4][HttpChannelImpl.java:130] - back http result success!
2026-08-19 07:06:12.541 ERROR [nioEventLoopGroup-5-5][HttpChannelImpl.java:109] - unknow getRequestPath: [/bad-request]
2026-08-19 07:06:12.542 INFO [nioEventLoopGroup-5-5][HttpChannelImpl.java:130] - back http result success!
2026-08-19 07:06:14.282 ERROR [nioEventLoopGroup-5-6][HttpChannelImpl.java:109] - unknow getRequestPath: [/login]
2026-08-19 07:06:14.283 INFO [nioEventLoopGroup-5-6][HttpChannelImpl.java:130] - back http result success!
2026-08-19 07:06:20.259 ERROR [nioEventLoopGroup-5-7][HttpChannelImpl.java:109] - unknow getRequestPath: [/favicon.ico]
2026-08-19 07:06:20.259 INFO [nioEventLoopGroup-5-7][HttpChannelImpl.java:130] - back http result success!
2026-08-19 07:06:23.553 ERROR [nioEventLoopGroup-5-8][HttpChannelImpl.java:109] - unknow getRequestPath: [/bad-request]
2026-08-19 07:06:23.554 INFO [nioEventLoopGroup-5-8][HttpChannelImpl.java:130] - back http result success!
2026-08-19 07:06:25.416 ERROR [nioEventLoopGroup-5-1][HttpChannelImpl.java:109] - unknow getRequestPath: [/vlxq28er_6bm6259]
2026-08-19 07:06:25.417 INFO [nioEventLoopGroup-5-1][HttpChannelImpl.java:130] - back http result success!
2026-08-19 07:06:29.000 ERROR [nioEventLoopGroup-5-2][HttpChannelImpl.java:109] - unknow getRequestPath: [/favicon.ico]
2026-08-19 07:06:29.001 INFO [nioEventLoopGroup-5-2][HttpChannelImpl.java:130] - back http result success!
