2026-08-16 07:10:34.882 ERROR [nioEventLoopGroup-5-5][HttpChannelImpl.java:109] - unknow getRequestPath: [/]
2026-08-16 07:10:34.883 INFO [nioEventLoopGroup-5-5][HttpChannelImpl.java:130] - back http result success!
2026-08-16 07:10:41.680 ERROR [nioEventLoopGroup-5-6][HttpChannelImpl.java:109] - unknow getRequestPath: [/nmaplowercheck1786853441]
2026-08-16 07:10:41.681 INFO [nioEventLoopGroup-5-6][HttpChannelImpl.java:130] - back http result success!
2026-08-16 07:10:41.711 ERROR [nioEventLoopGroup-5-8][HttpChannelImpl.java:109] - unknow getRequestPath: [/sdk]
2026-08-16 07:10:41.712 INFO [nioEventLoopGroup-5-8][HttpChannelImpl.java:130] - back http result success!
2026-08-16 07:10:41.715 ERROR [nioEventLoopGroup-5-1][HttpChannelImpl.java:109] - unknow getRequestPath: [/]
2026-08-16 07:10:41.716 INFO [nioEventLoopGroup-5-1][HttpChannelImpl.java:130] - back http result success!
2026-08-16 07:10:41.717 ERROR [nioEventLoopGroup-5-2][HttpChannelImpl.java:109] - unknow getRequestPath: [/bad-request]
2026-08-16 07:10:41.717 INFO [nioEventLoopGroup-5-2][HttpChannelImpl.java:130] - back http result success!
2026-08-16 07:10:42.342 ERROR [nioEventLoopGroup-5-3][HttpChannelImpl.java:109] - unknow getRequestPath: [/NmapUpperCheck1786853441]
2026-08-16 07:10:42.343 INFO [nioEventLoopGroup-5-3][HttpChannelImpl.java:130] - back http result success!
2026-08-16 07:10:42.984 ERROR [nioEventLoopGroup-5-4][HttpChannelImpl.java:109] - unknow getRequestPath: [/Nmap/folder/check1786853441]
2026-08-16 07:10:42.984 INFO [nioEventLoopGroup-5-4][HttpChannelImpl.java:130] - back http result success!
2026-08-16 07:10:52.017 ERROR [nioEventLoopGroup-5-5][HttpChannelImpl.java:109] - unknow getRequestPath: [/bad-request]
2026-08-16 07:10:52.018 INFO [nioEventLoopGroup-5-5][HttpChannelImpl.java:130] - back http result success!
2026-08-16 07:10:52.559 ERROR [nioEventLoopGroup-5-6][HttpChannelImpl.java:109] - unknow getRequestPath: [/bad-request]
2026-08-16 07:10:52.560 INFO [nioEventLoopGroup-5-6][HttpChannelImpl.java:130] - back http result success!
2026-08-16 07:10:53.037 ERROR [nioEventLoopGroup-5-7][HttpChannelImpl.java:109] - unknow getRequestPath: [/]
2026-08-16 07:10:53.037 INFO [nioEventLoopGroup-5-7][HttpChannelImpl.java:130] - back http result success!
2026-08-16 07:10:53.549 ERROR [nioEventLoopGroup-5-8][HttpChannelImpl.java:109] - unknow getRequestPath: [/]
2026-08-16 07:10:53.550 INFO [nioEventLoopGroup-5-8][HttpChannelImpl.java:130] - back http result success!
2026-08-16 07:12:02.778 ERROR [nioEventLoopGroup-5-1][HttpChannelImpl.java:109] - unknow getRequestPath: [/]
2026-08-16 07:12:02.779 INFO [nioEventLoopGroup-5-1][HttpChannelImpl.java:130] - back http result success!
2026-08-16 07:12:03.258 ERROR [nioEventLoopGroup-5-2][HttpChannelImpl.java:109] - unknow getRequestPath: [/favicon.ico]
2026-08-16 07:12:03.259 INFO [nioEventLoopGroup-5-2][HttpChannelImpl.java:130] - back http result success!
