2026-08-20 12:07:32.662 ERROR [nioEventLoopGroup-5-3][HttpChannelImpl.java:109] - unknow getRequestPath: [/bad-request]
2026-08-20 12:07:32.662 INFO [nioEventLoopGroup-5-3][HttpChannelImpl.java:130] - back http result success!
2026-08-20 12:07:35.091 ERROR [nioEventLoopGroup-5-4][HttpChannelImpl.java:109] - unknow getRequestPath: [/robots.txt]
2026-08-20 12:07:35.094 INFO [nioEventLoopGroup-5-4][HttpChannelImpl.java:130] - back http result success!
2026-08-20 12:07:38.312 ERROR [nioEventLoopGroup-5-5][HttpChannelImpl.java:109] - unknow getRequestPath: [/favicon.ico]
2026-08-20 12:07:38.313 INFO [nioEventLoopGroup-5-5][HttpChannelImpl.java:130] - back http result success!
2026-08-20 12:07:41.938 ERROR [nioEventLoopGroup-5-6][HttpChannelImpl.java:109] - unknow getRequestPath: [/bad-request]
2026-08-20 12:07:41.939 INFO [nioEventLoopGroup-5-6][HttpChannelImpl.java:130] - back http result success!
2026-08-20 12:07:52.525 ERROR [nioEventLoopGroup-5-7][HttpChannelImpl.java:109] - unknow getRequestPath: [/bad-request]
2026-08-20 12:07:52.526 INFO [nioEventLoopGroup-5-7][HttpChannelImpl.java:130] - back http result success!
2026-08-20 12:07:54.775 ERROR [nioEventLoopGroup-5-1][HttpChannelImpl.java:109] - unknow getRequestPath: [/tq7jfu_edzwcd6k61]
2026-08-20 12:07:54.776 INFO [nioEventLoopGroup-5-1][HttpChannelImpl.java:130] - back http result success!
2026-08-20 12:07:54.894 ERROR [nioEventLoopGroup-5-8][HttpChannelImpl.java:109] - unknow getRequestPath: [/security.txt]
2026-08-20 12:07:54.895 INFO [nioEventLoopGroup-5-8][HttpChannelImpl.java:130] - back http result success!
2026-08-20 12:07:55.829 ERROR [nioEventLoopGroup-5-2][HttpChannelImpl.java:109] - unknow getRequestPath: [/favicon.ico]
2026-08-20 12:07:55.830 INFO [nioEventLoopGroup-5-2][HttpChannelImpl.java:130] - back http result success!
2026-08-20 12:07:57.596 ERROR [nioEventLoopGroup-5-3][HttpChannelImpl.java:109] - unknow getRequestPath: [/favicon.ico]
2026-08-20 12:07:57.596 INFO [nioEventLoopGroup-5-3][HttpChannelImpl.java:130] - back http result success!
2026-08-20 12:08:00.963 ERROR [nioEventLoopGroup-5-4][HttpChannelImpl.java:109] - unknow getRequestPath: [/bad-request]
2026-08-20 12:08:00.964 INFO [nioEventLoopGroup-5-4][HttpChannelImpl.java:130] - back http result success!
2026-08-20 12:08:03.307 ERROR [nioEventLoopGroup-5-5][HttpChannelImpl.java:109] - unknow getRequestPath: [/an32e9kjjls4]
2026-08-20 12:08:03.308 INFO [nioEventLoopGroup-5-5][HttpChannelImpl.java:130] - back http result success!
2026-08-20 12:08:04.763 ERROR [nioEventLoopGroup-5-6][HttpChannelImpl.java:109] - unknow getRequestPath: [/favicon.ico]
2026-08-20 12:08:04.763 INFO [nioEventLoopGroup-5-6][HttpChannelImpl.java:130] - back http result success!
2026-08-20 12:08:16.654 ERROR [nioEventLoopGroup-5-7][HttpChannelImpl.java:109] - unknow getRequestPath: [/bad-request]
2026-08-20 12:08:16.655 INFO [nioEventLoopGroup-5-7][HttpChannelImpl.java:130] - back http result success!
2026-08-20 12:08:17.428 ERROR [nioEventLoopGroup-5-8][HttpChannelImpl.java:109] - unknow getRequestPath: [/]
2026-08-20 12:08:17.429 INFO [nioEventLoopGroup-5-8][HttpChannelImpl.java:130] - back http result success!
2026-08-20 12:08:19.045 ERROR [nioEventLoopGroup-5-1][HttpChannelImpl.java:109] - unknow getRequestPath: [*]
2026-08-20 12:08:19.046 INFO [nioEventLoopGroup-5-1][HttpChannelImpl.java:130] - back http result success!
2026-08-20 12:08:19.046 ERROR [nioEventLoopGroup-5-1][HttpChannelImpl.java:109] - unknow getRequestPath: [/bad-request]
2026-08-20 12:08:19.047 INFO [nioEventLoopGroup-5-1][HttpChannelImpl.java:130] - back http result success!
2026-08-20 12:08:21.065 ERROR [nioEventLoopGroup-5-2][HttpChannelImpl.java:109] - unknow getRequestPath: [/favicon.ico]
2026-08-20 12:08:21.065 INFO [nioEventLoopGroup-5-2][HttpChannelImpl.java:130] - back http result success!
2026-08-20 12:08:35.601 ERROR [nioEventLoopGroup-5-3][HttpChannelImpl.java:109] - unknow getRequestPath: [/bad-request]
2026-08-20 12:08:35.602 INFO [nioEventLoopGroup-5-3][HttpChannelImpl.java:130] - back http result success!
2026-08-20 12:08:36.136 ERROR [nioEventLoopGroup-5-4][HttpChannelImpl.java:109] - unknow getRequestPath: [/login]
2026-08-20 12:08:36.136 INFO [nioEventLoopGroup-5-4][HttpChannelImpl.java:130] - back http result success!
2026-08-20 12:08:36.648 ERROR [nioEventLoopGroup-5-5][HttpChannelImpl.java:109] - unknow getRequestPath: [/favicon.ico]
2026-08-20 12:08:36.649 INFO [nioEventLoopGroup-5-5][HttpChannelImpl.java:130] - back http result success!
2026-08-20 12:08:37.037 ERROR [nioEventLoopGroup-5-6][HttpChannelImpl.java:109] - unknow getRequestPath: [/bad-request]
2026-08-20 12:08:37.062 INFO [nioEventLoopGroup-5-6][HttpChannelImpl.java:130] - back http result success!
2026-08-20 12:08:37.470 ERROR [nioEventLoopGroup-5-7][HttpChannelImpl.java:109] - unknow getRequestPath: [/82rsthsqzzys1wuq0]
2026-08-20 12:08:37.471 INFO [nioEventLoopGroup-5-7][HttpChannelImpl.java:130] - back http result success!
2026-08-20 12:08:37.774 ERROR [nioEventLoopGroup-5-8][HttpChannelImpl.java:109] - unknow getRequestPath: [/favicon.ico]
2026-08-20 12:08:37.775 INFO [nioEventLoopGroup-5-8][HttpChannelImpl.java:130] - back http result success!
