2026-07-26 20:26:23.381 INFO [Thread-2][LogService.java:86] - 初始化日志数据库服务
2026-07-26 20:26:23.400 INFO [Thread-2][LogService.java:119] - 启动日志数据库连接池完毕jdbc:mysql://127.0.0.1:3306/tzj_login_log?autoReconnect=true&nullCatalogMeansCurrent=true
2026-07-26 20:26:23.955 INFO [Thread-2][LogService.java:146] - 检测查表LogUser202607
2026-07-26 20:26:23.978 INFO [Thread-2][LogService.java:180] - LogUser202607检查结束
2026-07-26 20:26:23.979 INFO [Thread-2][LogService.java:146] - 检测查表LogUserDoBean
2026-07-26 20:26:23.979 INFO [Thread-2][LogService.java:180] - LogUserDoBean检查结束
2026-07-26 20:26:23.980 INFO [Thread-2][LogService.java:124] - 启动日志线程池完毕
2026-07-26 20:26:23.980 INFO [Thread-2][LogService.java:128] - 初始化日志数据库服务结束
2026-07-26 20:26:23.994 INFO [Thread-2][ScriptAbstractManager.java:420] - Build scriptLoader classpath: [/home/Game-Server/AgentServer/agentserver/AgentServer.jar:bin]
2026-07-26 20:26:24.000 INFO [Thread-2][ScriptAbstractManager.java:400] - 脚本id：1 脚本名：common.LoginUrl
2026-07-26 20:26:24.003 INFO [Thread-2][ScriptAbstractManager.java:400] - 脚本id：3 脚本名：common.biqq.BiQQScript
2026-07-26 20:26:24.004 INFO [Thread-2][ScriptAbstractManager.java:400] - 脚本id：2 脚本名：common.ipfind.IPFinderScript
2026-07-26 20:26:24.743 INFO [Thread-2][IPFinderScript.java:122] - 开始加载ip2region.bytes文件... ...
2026-07-26 20:26:24.908 INFO [Thread-2][IPFinderScript.java:151] - 加载ip2region.bytes文件完成,数据数量:162899
2026-07-26 20:26:25.416 ERROR [nioEventLoopGroup-4-1][SocketServer.java:63] - 登录HTTP服务监听3001失败！退出
2026-07-26 20:26:25.416 ERROR [nioEventLoopGroup-2-1][SocketServer.java:63] - agentserver监听3002失败！退出
2026-07-26 20:26:25.417 ERROR [Thread-6][SocketServer.java:80] - 登录HTTP服务释放监听数组！
2026-07-26 20:28:04.205 INFO [Thread-2][LogService.java:86] - 初始化日志数据库服务
2026-07-26 20:28:04.226 INFO [Thread-2][LogService.java:119] - 启动日志数据库连接池完毕jdbc:mysql://127.0.0.1:3306/tzj_login_log?autoReconnect=true&nullCatalogMeansCurrent=true
2026-07-26 20:28:04.805 INFO [Thread-2][LogService.java:146] - 检测查表LogUser202607
2026-07-26 20:28:04.838 INFO [Thread-2][LogService.java:180] - LogUser202607检查结束
2026-07-26 20:28:04.839 INFO [Thread-2][LogService.java:146] - 检测查表LogUserDoBean
2026-07-26 20:28:04.839 INFO [Thread-2][LogService.java:180] - LogUserDoBean检查结束
2026-07-26 20:28:04.840 INFO [Thread-2][LogService.java:124] - 启动日志线程池完毕
2026-07-26 20:28:04.841 INFO [Thread-2][LogService.java:128] - 初始化日志数据库服务结束
2026-07-26 20:28:04.863 INFO [Thread-2][ScriptAbstractManager.java:420] - Build scriptLoader classpath: [/home/Game-Server/AgentServer/agentserver/AgentServer.jar:bin]
2026-07-26 20:28:04.873 INFO [Thread-2][ScriptAbstractManager.java:400] - 脚本id：1 脚本名：common.LoginUrl
2026-07-26 20:28:04.876 INFO [Thread-2][ScriptAbstractManager.java:400] - 脚本id：3 脚本名：common.biqq.BiQQScript
2026-07-26 20:28:04.877 INFO [Thread-2][ScriptAbstractManager.java:400] - 脚本id：2 脚本名：common.ipfind.IPFinderScript
2026-07-26 20:28:05.567 INFO [Thread-2][IPFinderScript.java:122] - 开始加载ip2region.bytes文件... ...
2026-07-26 20:28:05.739 INFO [Thread-2][IPFinderScript.java:151] - 加载ip2region.bytes文件完成,数据数量:162899
2026-07-26 20:28:06.609 INFO [nioEventLoopGroup-2-1][SocketServer.java:61] - agentserver监听3002成功！
2026-07-26 20:28:06.609 INFO [nioEventLoopGroup-4-1][SocketServer.java:61] - 登录HTTP服务监听3001成功！
