2026-08-23 21:49:56 936 (StatLogServer.java:151) [main:2116]-[ERROR] targetDBClient Test Server — подключение успешно!!!!
2026-08-23 21:49:56 946 (StatLogServer.java:56) [main:2126]-[ERROR] stat log server is start
2026-08-23 21:49:57 582 (BaseTask.java:135) [Thread-2:2762]-[ERROR] pullServerLog end-->serverId:1001 tableName:rechargelog time:268
2026-08-23 21:49:57 628 (BaseTask.java:135) [Thread-1:2808]-[ERROR] pullServerLog end-->serverId:1001 tableName:roleloginlog time:485
2026-08-23 21:49:57 641 (BaseTask.java:135) [Thread-3:2821]-[ERROR] pullServerLog end-->serverId:1001 tableName:rolestate time:356
2026-08-23 21:50:00 615 (BaseTask.java:135) [Thread-2:5795]-[ERROR] pullServerLog end-->serverId:1001 tableName:rechargelog time:27
2026-08-23 21:50:00 895 (BaseTask.java:135) [Thread-3:6075]-[ERROR] pullServerLog end-->serverId:1001 tableName:rolestate time:234
2026-08-23 21:50:00 995 (BaseTask.java:135) [Thread-1:6175]-[ERROR] pullServerLog end-->serverId:1001 tableName:roleloginlog time:270
2026-08-23 21:50:03 631 (BaseTask.java:135) [Thread-2:8811]-[ERROR] pullServerLog end-->serverId:1001 tableName:rechargelog time:8
2026-08-23 21:50:04 057 (BaseTask.java:135) [Thread-3:9237]-[ERROR] pullServerLog end-->serverId:1001 tableName:rolestate time:28
2026-08-23 21:50:04 090 (BaseTask.java:135) [Thread-1:9270]-[ERROR] pullServerLog end-->serverId:1001 tableName:roleloginlog time:88
2026-08-23 21:50:06 675 (BaseTask.java:135) [Thread-2:11855]-[ERROR] pullServerLog end-->serverId:1001 tableName:rechargelog time:34
2026-08-23 21:50:07 084 (BaseTask.java:135) [Thread-3:12264]-[ERROR] pullServerLog end-->serverId:1001 tableName:rolestate time:19
2026-08-23 21:50:07 169 (BaseTask.java:135) [Thread-1:12349]-[ERROR] pullServerLog end-->serverId:1001 tableName:roleloginlog time:69
2026-08-23 21:50:09 702 (BaseTask.java:135) [Thread-2:14882]-[ERROR] pullServerLog end-->serverId:1001 tableName:rechargelog time:12
2026-08-23 21:50:10 119 (BaseTask.java:135) [Thread-3:15299]-[ERROR] pullServerLog end-->serverId:1001 tableName:rolestate time:28
2026-08-23 21:50:10 245 (BaseTask.java:135) [Thread-1:15425]-[ERROR] pullServerLog end-->serverId:1001 tableName:roleloginlog time:69
2026-08-23 21:50:12 741 (BaseTask.java:135) [Thread-2:17921]-[ERROR] pullServerLog end-->serverId:1001 tableName:rechargelog time:19
2026-08-23 21:50:13 190 (BaseTask.java:135) [Thread-3:18370]-[ERROR] pullServerLog end-->serverId:1001 tableName:rolestate time:52
2026-08-23 21:50:13 322 (BaseTask.java:135) [Thread-1:18502]-[ERROR] pullServerLog end-->serverId:1001 tableName:roleloginlog time:71
2026-08-23 21:50:15 778 (BaseTask.java:135) [Thread-2:20958]-[ERROR] pullServerLog end-->serverId:1001 tableName:rechargelog time:17
2026-08-23 21:50:16 253 (BaseTask.java:135) [Thread-3:21433]-[ERROR] pullServerLog end-->serverId:1001 tableName:rolestate time:52
2026-08-23 21:50:16 416 (BaseTask.java:135) [Thread-1:21596]-[ERROR] pullServerLog end-->serverId:1001 tableName:roleloginlog time:72
2026-08-23 21:50:18 806 (BaseTask.java:135) [Thread-2:23986]-[ERROR] pullServerLog end-->serverId:1001 tableName:rechargelog time:13
2026-08-23 21:50:19 326 (BaseTask.java:135) [Thread-3:24506]-[ERROR] pullServerLog end-->serverId:1001 tableName:rolestate time:58
2026-08-23 21:50:19 565 (BaseTask.java:135) [Thread-1:24745]-[ERROR] pullServerLog end-->serverId:1001 tableName:roleloginlog time:125
2026-08-23 21:50:21 864 (BaseTask.java:135) [Thread-2:27044]-[ERROR] pullServerLog end-->serverId:1001 tableName:rechargelog time:29
2026-08-23 21:50:22 365 (BaseTask.java:135) [Thread-3:27545]-[ERROR] pullServerLog end-->serverId:1001 tableName:rolestate time:26
2026-08-23 21:50:22 645 (BaseTask.java:135) [Thread-1:27825]-[ERROR] pullServerLog end-->serverId:1001 tableName:roleloginlog time:67
2026-08-23 21:50:24 886 (BaseTask.java:135) [Thread-2:30066]-[ERROR] pullServerLog end-->serverId:1001 tableName:rechargelog time:11
2026-08-23 21:50:25 398 (BaseTask.java:135) [Thread-3:30578]-[ERROR] pullServerLog end-->serverId:1001 tableName:rolestate time:23
2026-08-23 21:50:25 669 (BaseTask.java:135) [Thread-1:30849]-[ERROR] pullServerLog end-->serverId:1001 tableName:roleloginlog time:21
2026-08-23 21:50:27 896 (BaseTask.java:135) [Thread-2:33076]-[ERROR] pullServerLog end-->serverId:1001 tableName:rechargelog time:3
2026-08-23 21:50:28 438 (BaseTask.java:135) [Thread-3:33618]-[ERROR] pullServerLog end-->serverId:1001 tableName:rolestate time:33
2026-08-23 21:50:28 716 (BaseTask.java:135) [Thread-1:33896]-[ERROR] pullServerLog end-->serverId:1001 tableName:roleloginlog time:43
2026-08-23 21:50:30 914 (BaseTask.java:135) [Thread-2:36094]-[ERROR] pullServerLog end-->serverId:1001 tableName:rechargelog time:9
2026-08-23 21:50:31 464 (BaseTask.java:135) [Thread-3:36644]-[ERROR] pullServerLog end-->serverId:1001 tableName:rolestate time:12
2026-08-23 21:50:31 824 (BaseTask.java:135) [Thread-1:37004]-[ERROR] pullServerLog end-->serverId:1001 tableName:roleloginlog time:94
2026-08-23 21:50:33 926 (BaseTask.java:135) [Thread-2:39106]-[ERROR] pullServerLog end-->serverId:1001 tableName:rechargelog time:7
2026-08-23 21:50:34 490 (BaseTask.java:135) [Thread-3:39670]-[ERROR] pullServerLog end-->serverId:1001 tableName:rolestate time:21
2026-08-23 21:50:34 868 (BaseTask.java:135) [Thread-1:40048]-[ERROR] pullServerLog end-->serverId:1001 tableName:roleloginlog time:38
2026-08-23 21:50:36 939 (BaseTask.java:135) [Thread-2:42119]-[ERROR] pullServerLog end-->serverId:1001 tableName:rechargelog time:10
2026-08-23 21:50:37 508 (BaseTask.java:135) [Thread-3:42688]-[ERROR] pullServerLog end-->serverId:1001 tableName:rolestate time:14
2026-08-23 21:50:37 900 (BaseTask.java:135) [Thread-1:43080]-[ERROR] pullServerLog end-->serverId:1001 tableName:roleloginlog time:26
2026-08-23 21:50:39 961 (BaseTask.java:135) [Thread-2:45141]-[ERROR] pullServerLog end-->serverId:1001 tableName:rechargelog time:14
2026-08-23 21:50:40 534 (BaseTask.java:135) [Thread-3:45714]-[ERROR] pullServerLog end-->serverId:1001 tableName:rolestate time:21
2026-08-23 21:50:40 972 (BaseTask.java:135) [Thread-1:46152]-[ERROR] pullServerLog end-->serverId:1001 tableName:roleloginlog time:68
2026-08-23 21:50:42 986 (BaseTask.java:135) [Thread-2:48166]-[ERROR] pullServerLog end-->serverId:1001 tableName:rechargelog time:12
2026-08-23 21:50:43 590 (BaseTask.java:135) [Thread-3:48770]-[ERROR] pullServerLog end-->serverId:1001 tableName:rolestate time:46
2026-08-23 21:50:44 057 (BaseTask.java:135) [Thread-1:49237]-[ERROR] pullServerLog end-->serverId:1001 tableName:roleloginlog time:55
2026-08-23 21:50:46 012 (BaseTask.java:135) [Thread-2:51192]-[ERROR] pullServerLog end-->serverId:1001 tableName:rechargelog time:14
2026-08-23 21:50:46 613 (BaseTask.java:135) [Thread-3:51793]-[ERROR] pullServerLog end-->serverId:1001 tableName:rolestate time:18
2026-08-23 21:50:47 100 (BaseTask.java:135) [Thread-1:52280]-[ERROR] pullServerLog end-->serverId:1001 tableName:roleloginlog time:38
2026-08-23 21:50:49 018 (BaseTask.java:135) [Thread-2:54198]-[ERROR] pullServerLog end-->serverId:1001 tableName:rechargelog time:3
2026-08-23 21:50:49 631 (BaseTask.java:135) [Thread-3:54811]-[ERROR] pullServerLog end-->serverId:1001 tableName:rolestate time:15
2026-08-23 21:50:50 125 (BaseTask.java:135) [Thread-1:55305]-[ERROR] pullServerLog end-->serverId:1001 tableName:roleloginlog time:22
2026-08-23 21:50:52 040 (BaseTask.java:135) [Thread-2:57220]-[ERROR] pullServerLog end-->serverId:1001 tableName:rechargelog time:14
2026-08-23 21:50:52 714 (BaseTask.java:135) [Thread-3:57894]-[ERROR] pullServerLog end-->serverId:1001 tableName:rolestate time:36
2026-08-23 21:50:53 334 (BaseTask.java:135) [Thread-1:58514]-[ERROR] pullServerLog end-->serverId:1001 tableName:roleloginlog time:200
2026-08-23 21:50:55 056 (BaseTask.java:135) [Thread-2:60236]-[ERROR] pullServerLog end-->serverId:1001 tableName:rechargelog time:7
2026-08-23 21:50:55 728 (BaseTask.java:135) [Thread-3:60908]-[ERROR] pullServerLog end-->serverId:1001 tableName:rolestate time:10
2026-08-23 21:50:56 365 (BaseTask.java:135) [Thread-1:61545]-[ERROR] pullServerLog end-->serverId:1001 tableName:roleloginlog time:22
2026-08-23 21:50:58 070 (BaseTask.java:135) [Thread-2:63250]-[ERROR] pullServerLog end-->serverId:1001 tableName:rechargelog time:10
2026-08-23 21:50:58 763 (BaseTask.java:135) [Thread-3:63943]-[ERROR] pullServerLog end-->serverId:1001 tableName:rolestate time:30
2026-08-23 21:50:59 428 (BaseTask.java:135) [Thread-1:64608]-[ERROR] pullServerLog end-->serverId:1001 tableName:roleloginlog time:37
2026-08-23 21:51:01 082 (BaseTask.java:135) [Thread-2:66262]-[ERROR] pullServerLog end-->serverId:1001 tableName:rechargelog time:2
2026-08-23 21:51:01 838 (BaseTask.java:135) [Thread-3:67018]-[ERROR] pullServerLog end-->serverId:1001 tableName:rolestate time:59
2026-08-23 21:51:02 460 (BaseTask.java:135) [Thread-1:67640]-[ERROR] pullServerLog end-->serverId:1001 tableName:roleloginlog time:29
2026-08-23 21:51:04 088 (BaseTask.java:135) [Thread-2:69268]-[ERROR] pullServerLog end-->serverId:1001 tableName:rechargelog time:3
2026-08-23 21:51:04 854 (BaseTask.java:135) [Thread-3:70034]-[ERROR] pullServerLog end-->serverId:1001 tableName:rolestate time:6
2026-08-23 21:51:05 479 (BaseTask.java:135) [Thread-1:70659]-[ERROR] pullServerLog end-->serverId:1001 tableName:roleloginlog time:15
2026-08-23 21:51:07 108 (BaseTask.java:135) [Thread-2:72288]-[ERROR] pullServerLog end-->serverId:1001 tableName:rechargelog time:7
2026-08-23 21:51:07 908 (BaseTask.java:135) [Thread-3:73088]-[ERROR] pullServerLog end-->serverId:1001 tableName:rolestate time:41
2026-08-23 21:51:08 594 (BaseTask.java:135) [Thread-1:73774]-[ERROR] pullServerLog end-->serverId:1001 tableName:roleloginlog time:104
2026-08-23 21:51:10 120 (BaseTask.java:135) [Thread-2:75300]-[ERROR] pullServerLog end-->serverId:1001 tableName:rechargelog time:2
2026-08-23 21:51:10 938 (BaseTask.java:135) [Thread-3:76118]-[ERROR] pullServerLog end-->serverId:1001 tableName:rolestate time:15
2026-08-23 21:51:11 633 (BaseTask.java:135) [Thread-1:76813]-[ERROR] pullServerLog end-->serverId:1001 tableName:roleloginlog time:35
2026-08-23 21:51:13 128 (BaseTask.java:135) [Thread-2:78308]-[ERROR] pullServerLog end-->serverId:1001 tableName:rechargelog time:3
2026-08-23 21:51:13 950 (BaseTask.java:135) [Thread-3:79130]-[ERROR] pullServerLog end-->serverId:1001 tableName:rolestate time:6
2026-08-23 21:51:14 716 (BaseTask.java:135) [Thread-1:79896]-[ERROR] pullServerLog end-->serverId:1001 tableName:roleloginlog time:76
2026-08-23 21:51:16 133 (BaseTask.java:135) [Thread-2:81313]-[ERROR] pullServerLog end-->serverId:1001 tableName:rechargelog time:3
2026-08-23 21:51:16 960 (BaseTask.java:135) [Thread-3:82140]-[ERROR] pullServerLog end-->serverId:1001 tableName:rolestate time:8
2026-08-23 21:51:17 735 (BaseTask.java:135) [Thread-1:82915]-[ERROR] pullServerLog end-->serverId:1001 tableName:roleloginlog time:16
2026-08-23 21:51:19 147 (BaseTask.java:135) [Thread-2:84327]-[ERROR] pullServerLog end-->serverId:1001 tableName:rechargelog time:6
2026-08-23 21:51:19 985 (BaseTask.java:135) [Thread-3:85165]-[ERROR] pullServerLog end-->serverId:1001 tableName:rolestate time:15
2026-08-23 21:51:20 753 (BaseTask.java:135) [Thread-1:85933]-[ERROR] pullServerLog end-->serverId:1001 tableName:roleloginlog time:15
2026-08-23 21:51:22 155 (BaseTask.java:135) [Thread-2:87335]-[ERROR] pullServerLog end-->serverId:1001 tableName:rechargelog time:3
2026-08-23 21:51:22 995 (BaseTask.java:135) [Thread-3:88175]-[ERROR] pullServerLog end-->serverId:1001 tableName:rolestate time:7
2026-08-23 21:51:23 771 (BaseTask.java:135) [Thread-1:88951]-[ERROR] pullServerLog end-->serverId:1001 tableName:roleloginlog time:16
2026-08-23 21:51:25 162 (BaseTask.java:135) [Thread-2:90342]-[ERROR] pullServerLog end-->serverId:1001 tableName:rechargelog time:4
2026-08-23 21:51:26 003 (BaseTask.java:135) [Thread-3:91183]-[ERROR] pullServerLog end-->serverId:1001 tableName:rolestate time:6
2026-08-23 21:51:26 788 (BaseTask.java:135) [Thread-1:91968]-[ERROR] pullServerLog end-->serverId:1001 tableName:roleloginlog time:14
2026-08-23 21:51:28 167 (BaseTask.java:135) [Thread-2:93347]-[ERROR] pullServerLog end-->serverId:1001 tableName:rechargelog time:3
2026-08-23 21:51:29 037 (BaseTask.java:135) [Thread-3:94217]-[ERROR] pullServerLog end-->serverId:1001 tableName:rolestate time:26
2026-08-23 21:51:29 804 (BaseTask.java:135) [Thread-1:94984]-[ERROR] pullServerLog end-->serverId:1001 tableName:roleloginlog time:13
2026-08-23 21:51:31 171 (BaseTask.java:135) [Thread-2:96351]-[ERROR] pullServerLog end-->serverId:1001 tableName:rechargelog time:2
2026-08-23 21:51:32 049 (BaseTask.java:135) [Thread-3:97229]-[ERROR] pullServerLog end-->serverId:1001 tableName:rolestate time:9
2026-08-23 21:51:32 853 (BaseTask.java:135) [Thread-1:98033]-[ERROR] pullServerLog end-->serverId:1001 tableName:roleloginlog time:39
2026-08-23 21:51:34 177 (BaseTask.java:135) [Thread-2:99357]-[ERROR] pullServerLog end-->serverId:1001 tableName:rechargelog time:3
2026-08-23 21:51:35 079 (BaseTask.java:135) [Thread-3:100259]-[ERROR] pullServerLog end-->serverId:1001 tableName:rolestate time:22
2026-08-23 21:51:35 876 (BaseTask.java:135) [Thread-1:101056]-[ERROR] pullServerLog end-->serverId:1001 tableName:roleloginlog time:20
2026-08-23 21:51:37 186 (BaseTask.java:135) [Thread-2:102366]-[ERROR] pullServerLog end-->serverId:1001 tableName:rechargelog time:6
2026-08-23 21:51:38 094 (BaseTask.java:135) [Thread-3:103274]-[ERROR] pullServerLog end-->serverId:1001 tableName:rolestate time:10
2026-08-23 21:51:38 891 (BaseTask.java:135) [Thread-1:104071]-[ERROR] pullServerLog end-->serverId:1001 tableName:roleloginlog time:12
2026-08-23 21:51:40 191 (BaseTask.java:135) [Thread-2:105371]-[ERROR] pullServerLog end-->serverId:1001 tableName:rechargelog time:3
2026-08-23 21:51:41 102 (BaseTask.java:135) [Thread-3:106282]-[ERROR] pullServerLog end-->serverId:1001 tableName:rolestate time:6
2026-08-23 21:51:41 912 (BaseTask.java:135) [Thread-1:107092]-[ERROR] pullServerLog end-->serverId:1001 tableName:roleloginlog time:17
2026-08-23 21:51:43 213 (BaseTask.java:135) [Thread-2:108393]-[ERROR] pullServerLog end-->serverId:1001 tableName:rechargelog time:16
2026-08-23 21:51:44 143 (BaseTask.java:135) [Thread-3:109323]-[ERROR] pullServerLog end-->serverId:1001 tableName:rolestate time:34
2026-08-23 21:51:44 933 (BaseTask.java:135) [Thread-1:110113]-[ERROR] pullServerLog end-->serverId:1001 tableName:roleloginlog time:19
2026-08-23 21:51:46 218 (BaseTask.java:135) [Thread-2:111398]-[ERROR] pullServerLog end-->serverId:1001 tableName:rechargelog time:2
2026-08-23 21:51:47 157 (BaseTask.java:135) [Thread-3:112337]-[ERROR] pullServerLog end-->serverId:1001 tableName:rolestate time:7
2026-08-23 21:51:47 951 (BaseTask.java:135) [Thread-1:113131]-[ERROR] pullServerLog end-->serverId:1001 tableName:roleloginlog time:14
2026-08-23 21:51:49 223 (BaseTask.java:135) [Thread-2:114403]-[ERROR] pullServerLog end-->serverId:1001 tableName:rechargelog time:3
2026-08-23 21:51:50 165 (BaseTask.java:135) [Thread-3:115345]-[ERROR] pullServerLog end-->serverId:1001 tableName:rolestate time:6
2026-08-23 21:51:51 025 (BaseTask.java:135) [Thread-1:116205]-[ERROR] pullServerLog end-->serverId:1001 tableName:roleloginlog time:49
2026-08-23 21:51:52 237 (BaseTask.java:135) [Thread-2:117417]-[ERROR] pullServerLog end-->serverId:1001 tableName:rechargelog time:9
2026-08-23 21:51:53 174 (BaseTask.java:135) [Thread-3:118354]-[ERROR] pullServerLog end-->serverId:1001 tableName:rolestate time:5
2026-08-23 21:51:54 044 (BaseTask.java:135) [Thread-1:119224]-[ERROR] pullServerLog end-->serverId:1001 tableName:roleloginlog time:16
2026-08-23 21:51:55 241 (BaseTask.java:135) [Thread-2:120421]-[ERROR] pullServerLog end-->serverId:1001 tableName:rechargelog time:2
2026-08-23 21:51:56 182 (BaseTask.java:135) [Thread-3:121362]-[ERROR] pullServerLog end-->serverId:1001 tableName:rolestate time:5
2026-08-23 21:51:57 116 (BaseTask.java:135) [Thread-1:122296]-[ERROR] pullServerLog end-->serverId:1001 tableName:roleloginlog time:61
2026-08-23 21:51:58 246 (BaseTask.java:135) [Thread-2:123426]-[ERROR] pullServerLog end-->serverId:1001 tableName:rechargelog time:2
2026-08-23 21:51:59 212 (BaseTask.java:135) [Thread-3:124392]-[ERROR] pullServerLog end-->serverId:1001 tableName:rolestate time:26
2026-08-23 21:52:00 130 (BaseTask.java:135) [Thread-1:125310]-[ERROR] pullServerLog end-->serverId:1001 tableName:roleloginlog time:11
2026-08-23 21:52:01 251 (BaseTask.java:135) [Thread-2:126431]-[ERROR] pullServerLog end-->serverId:1001 tableName:rechargelog time:3
2026-08-23 21:52:02 221 (BaseTask.java:135) [Thread-3:127401]-[ERROR] pullServerLog end-->serverId:1001 tableName:rolestate time:6
2026-08-23 21:52:03 157 (BaseTask.java:135) [Thread-1:128337]-[ERROR] pullServerLog end-->serverId:1001 tableName:roleloginlog time:14
2026-08-23 21:52:04 255 (BaseTask.java:135) [Thread-2:129435]-[ERROR] pullServerLog end-->serverId:1001 tableName:rechargelog time:2
2026-08-23 21:52:05 229 (BaseTask.java:135) [Thread-3:130409]-[ERROR] pullServerLog end-->serverId:1001 tableName:rolestate time:6
2026-08-23 21:52:06 173 (BaseTask.java:135) [Thread-1:131353]-[ERROR] pullServerLog end-->serverId:1001 tableName:roleloginlog time:14
2026-08-23 21:52:07 260 (BaseTask.java:135) [Thread-2:132440]-[ERROR] pullServerLog end-->serverId:1001 tableName:rechargelog time:2
2026-08-23 21:52:08 239 (BaseTask.java:135) [Thread-3:133419]-[ERROR] pullServerLog end-->serverId:1001 tableName:rolestate time:8
2026-08-23 21:52:09 193 (BaseTask.java:135) [Thread-1:134373]-[ERROR] pullServerLog end-->serverId:1001 tableName:roleloginlog time:16
2026-08-23 21:52:10 264 (BaseTask.java:135) [Thread-2:135444]-[ERROR] pullServerLog end-->serverId:1001 tableName:rechargelog time:2
2026-08-23 21:52:11 263 (BaseTask.java:135) [Thread-3:136443]-[ERROR] pullServerLog end-->serverId:1001 tableName:rolestate time:15
2026-08-23 21:52:12 293 (BaseTask.java:135) [Thread-1:137473]-[ERROR] pullServerLog end-->serverId:1001 tableName:roleloginlog time:75
2026-08-23 21:52:13 277 (BaseTask.java:135) [Thread-2:138457]-[ERROR] pullServerLog end-->serverId:1001 tableName:rechargelog time:8
2026-08-23 21:52:14 299 (BaseTask.java:135) [Thread-3:139479]-[ERROR] pullServerLog end-->serverId:1001 tableName:rolestate time:30
2026-08-23 21:52:15 310 (BaseTask.java:135) [Thread-1:140490]-[ERROR] pullServerLog end-->serverId:1001 tableName:roleloginlog time:11
2026-08-23 21:52:16 282 (BaseTask.java:135) [Thread-2:141462]-[ERROR] pullServerLog end-->serverId:1001 tableName:rechargelog time:3
2026-08-23 21:52:17 320 (BaseTask.java:135) [Thread-3:142500]-[ERROR] pullServerLog end-->serverId:1001 tableName:rolestate time:15
2026-08-23 21:52:18 384 (BaseTask.java:135) [Thread-1:143564]-[ERROR] pullServerLog end-->serverId:1001 tableName:roleloginlog time:59
2026-08-23 21:52:19 297 (BaseTask.java:135) [Thread-2:144477]-[ERROR] pullServerLog end-->serverId:1001 tableName:rechargelog time:5
2026-08-23 21:52:20 355 (BaseTask.java:135) [Thread-3:145535]-[ERROR] pullServerLog end-->serverId:1001 tableName:rolestate time:27
2026-08-23 21:52:21 424 (BaseTask.java:135) [Thread-1:146604]-[ERROR] pullServerLog end-->serverId:1001 tableName:roleloginlog time:35
2026-08-23 21:52:22 306 (BaseTask.java:135) [Thread-2:147486]-[ERROR] pullServerLog end-->serverId:1001 tableName:rechargelog time:4
